[ ,
  { difficulty: 20,
    desiredTime: 15,
    types: { dmc: 1, fire: 8, gtunic: 1, selfsynergy: 0 },
    subtypes: 
     { bosskey: 2.25,
       compass: 4,
       hearts3: 0.5,
       hearts4: 1,
       hovers: 0.25,
       map: 2,
       songs5: 1.25,
       wallet: 0.5 },
    rowtypes: { bottle: 0.5, hookshot: 0.5, ms: 100 },
    name: 'Free all 9 gorons in Fire Temple',
    id: 'free-all-9-gorons-in-fire-temple',
    time: 14.75,
    goal: 
     { difficulty: 20,
       id: 'free-all-9-gorons-in-fire-temple',
       jp: '炎の神殿で９人のゴロンを全員救う',
       name: 'Free all 9 gorons in Fire Temple',
       rowtypes: [Object],
       skill: 0.25,
       subtypes: [Object],
       time: 14.75,
       types: [Object] },
    synergy: 6.25 },
  { difficulty: 22,
    desiredTime: 16.5,
    types: 
     { childtrade: 2.75,
       hearts3: 16,
       hearts4: 3,
       inchearts: 100,
       saria: 3,
       selfsynergy: -3 },
    subtypes: undefined,
    rowtypes: { bottle: 0, hookshot: 1, ms: 10 },
    name: '9 Hearts',
    id: '9-hearts',
    time: 17,
    goal: 
     { difficulty: 23,
       id: '9-hearts',
       jp: 'ハート9つ',
       name: '9 Hearts',
       rowtypes: [Object],
       skill: 1,
       time: 17,
       types: [Object] },
    synergy: 1.5 },
  { difficulty: 4,
    desiredTime: 3,
    types: { beans: 3, childreset: 0.5, incbeans: 100, selfsynergy: 0 },
    subtypes: { child2: 3, wallet: 0.25 },
    rowtypes: { bottle: 0, hookshot: 0, ms: 0 },
    name: '5 Magic Beans',
    id: '5-magic-beans',
    time: 2.5,
    goal: 
     { difficulty: 3,
       id: '5-magic-beans',
       jp: '魔法のマメ5つ以上',
       name: '5 Magic Beans',
       rowtypes: [Object],
       skill: 0,
       subtypes: [Object],
       time: 2.5,
       types: [Object] },
    synergy: 0.75 },
  { difficulty: 11,
    desiredTime: 8.25,
    types: { selfsynergy: 0, wallet: 5 },
    subtypes: { bulletbag: 100, childchu: -2.5 },
    rowtypes: { bottle: 100, hookshot: 2, ms: 7 },
    name: '500 Rupees',
    id: '500-rupees',
    time: 8.25,
    goal: 
     { difficulty: 11,
       id: '500-rupees',
       jp: '500ルピー',
       name: '500 Rupees',
       rowtypes: [Object],
       skill: 0.25,
       subtypes: [Object],
       time: 8.25,
       types: [Object] },
    synergy: 0 },
  { difficulty: 8,
    desiredTime: 6,
    types: { lonlon: 4, selfsynergy: 0 },
    subtypes: 
     { bottleslot: 3,
       childreset: 1,
       czl: 2,
       poachers: -100,
       songs4: 1.75,
       wallet: 0.5 },
    rowtypes: { bottle: 0, hookshot: 0, ms: 0 },
    name: 'Epona\'s Song',
    id: 'epona-s-song',
    time: 6.75,
    goal: 
     { difficulty: 9,
       id: 'epona-s-song',
       jp: 'エポナの歌',
       name: 'Epona\'s Song',
       rowtypes: [Object],
       skill: 0,
       subtypes: [Object],
       time: 6.75,
       types: [Object] },
    synergy: 0.25 },
  { difficulty: 14,
    desiredTime: 10.5,
    types: { incsongs: 100, poachers: 4.25, selfsynergy: 0, songs5: 8.75 },
    subtypes: 
     { aganon: 0.25,
       bosskey: 1.5,
       childchu: -2.5,
       hearts3: 1.5,
       wallet: 0.75 },
    rowtypes: { bottle: 100, hookshot: 0.5, ms: 100 },
    name: '9 Songs',
    id: '9-songs',
    time: 11.5,
    goal: 
     { difficulty: 15,
       id: '9-songs',
       jp: '歌9つ以上',
       name: '9 Songs',
       rowtypes: [Object],
       skill: 0,
       subtypes: [Object],
       time: 11.5,
       types: [Object] },
    synergy: 5.5 },
  { difficulty: 6,
    desiredTime: 4.5,
    types: { poachers: 4.25, selfsynergy: 0 },
    subtypes: { aganon: 0.25, childchu: -2.5, hearts3: 1 },
    rowtypes: { bottle: 100, hookshot: 0.5, ms: 5 },
    name: 'Blue Potion',
    id: 'blue-potion',
    time: 4.5,
    goal: 
     { difficulty: 6,
       id: 'blue-potion',
       jp: '青いクスリ',
       name: 'Blue Potion',
       rowtypes: [Object],
       skill: 0,
       subtypes: [Object],
       time: 4.5,
       types: [Object] },
    synergy: 5.5 },
  { difficulty: 18,
    desiredTime: 13.5,
    types: { dmc: 1, fire: 10, forest: 2, gtunic: 1.75, selfsynergy: 0 },
    subtypes: 
     { bosskey: 2,
       compass: 4,
       hearts3: 2.5,
       hearts4: 2,
       hovers: 0.25,
       lightarrow: 3,
       map: 2,
       pg: 1,
       songs5: 2.5,
       wallet: 0.25 },
    rowtypes: { bottle: 0.5, hookshot: 0.5, ms: 100 },
    name: 'Fire Medallion',
    id: 'fire-medallion',
    time: 14.25,
    goal: 
     { difficulty: 19,
       id: 'fire-medallion',
       jp: '炎のメダル',
       name: 'Fire Medallion',
       rowtypes: [Object],
       skill: 0.25,
       subtypes: [Object],
       time: 14.25,
       types: [Object] },
    synergy: 5.75 },
  { difficulty: 25,
    desiredTime: 18.75,
    types: 
     { childchu: 0,
       childreset: 1.25,
       childtrade: 2.75,
       chuczl: 2,
       czl: 5,
       saria: 5,
       selfsynergy: -1,
       strength: 100 },
    subtypes: 
     { bombbag: 100,
       bulletbag: 100,
       cganon: 2,
       hearts3: 3,
       hearts4: 1,
       songs4: 3,
       wallet: 0.5 },
    rowtypes: { bottle: 100, hookshot: 0, ms: 100 },
    name: 'Green Gauntlets',
    id: 'green-gauntlets',
    time: 17.75,
    goal: 
     { difficulty: 24,
       id: 'green-gauntlets',
       jp: '緑のグローブ',
       name: 'Green Gauntlets',
       rowtypes: [Object],
       skill: 0,
       subtypes: [Object],
       time: 17.75,
       types: [Object] },
    synergy: 1 },
  { difficulty: 2,
    desiredTime: 1.5,
    types: { gtunic: 1.75, inctunic: 100, selfsynergy: 0 },
    subtypes: { bosskey: 0.5, songs5: 0.25 },
    rowtypes: { bottle: 0, hookshot: 0, ms: 100 },
    name: 'Goron Tunic',
    id: 'goron-tunic',
    time: 1.75,
    goal: 
     { difficulty: 2,
       id: 'goron-tunic',
       jp: 'ゴロンの服',
       name: 'Goron Tunic',
       rowtypes: [Object],
       skill: 0,
       subtypes: [Object],
       time: 1.75,
       types: [Object] },
    synergy: 0 },
  { difficulty: 23,
    desiredTime: 17.25,
    types: 
     { bothzl: -4.25,
       czl: 4.25,
       fortress: 3,
       hovers: 3,
       poachers: 4.25,
       quiver: 1.5,
       selfsynergy: 0,
       spirit: 5 },
    subtypes: 
     { aganon: 0.25,
       bosskey: 2,
       bosskey2: 4,
       childchu: -2.5,
       chuczl: 2,
       compass: 4,
       hearts3: 1,
       hearts4: 0.25,
       map: 3,
       songs5: 1,
       wallet: 1 },
    rowtypes: { bottle: 100, hookshot: 100, ms: 5 },
    name: 'Map & Compass in Spirit Temple',
    id: 'map-compass-in-spirit-temple',
    time: 17.75,
    goal: 
     { difficulty: 24,
       id: 'map-compass-in-spirit-temple',
       jp: '魂の神殿のマップとコンパス',
       name: 'Map & Compass in Spirit Temple',
       rowtypes: [Object],
       skill: 1,
       subtypes: [Object],
       time: 17.75,
       types: [Object] },
    synergy: 0 },
  { difficulty: 5,
    desiredTime: 3.75,
    types: { fortress: 1.5, selfsynergy: 0 },
    subtypes: 
     { bosskey: 1,
       hearts3: 1.5,
       hearts4: 0.5,
       hovers: 0.25,
       map: 1,
       wallet: 0.25 },
    rowtypes: { bottle: 0, hookshot: 0, ms: 0 },
    name: 'Both Gerudo Valley HPs',
    id: 'both-gerudo-valley-hps',
    time: 3.5,
    goal: 
     { difficulty: 5,
       id: 'both-gerudo-valley-hps',
       jp: 'ゲルドの谷のハートのかけら2つ',
       name: 'Both Gerudo Valley HPs',
       rowtypes: [Object],
       skill: 0,
       subtypes: [Object],
       time: 3.5,
       types: [Object] },
    synergy: 6.75 },
  { difficulty: 12,
    desiredTime: 9,
    types: 
     { forest: 3,
       fortress: 3,
       gtg: 1,
       incforest: 100,
       meg: 4.25,
       quiver: 4.5,
       selfsynergy: 0 },
    subtypes: 
     { bosskey: 2,
       bosskey2: 5,
       childchu: -2.5,
       compass: 2,
       hearts4: 1,
       hovers: 1,
       map: 4,
       songs5: 1.75,
       wallet: 0.5 },
    rowtypes: { bottle: 0.5, hookshot: 100, ms: 100 },
    name: 'Defeat Amy (Green Poe)',
    id: 'defeat-amy-green-poe-',
    time: 9.25,
    goal: 
     { difficulty: 12,
       id: 'defeat-amy-green-poe-',
       jp: 'エイミー撃破(緑のポウ)ｴ',
       name: 'Defeat Amy (Green Poe)',
       rowtypes: [Object],
       skill: 0,
       subtypes: [Object],
       time: 9.25,
       types: [Object] },
    synergy: 5.25 },
  { difficulty: 9,
    desiredTime: 6.75,
    types: { childchu: 0, lonlon: 1.75, selfsynergy: 0 },
    subtypes: { hearts4: 0.25, jabu: 4.75, wallet: 2.5 },
    rowtypes: { bottle: 0, hookshot: 0, ms: 0 },
    name: 'All 4 Lon-Lon Ranch area Skulltulas',
    id: 'all-4-lon-lon-ranch-area-skulltulas',
    time: 7.75,
    goal: 
     { difficulty: 10,
       id: 'all-4-lon-lon-ranch-area-skulltulas',
       jp: 'ロンロン牧場エリアの黄金のスタルチュラ4匹',
       name: 'All 4 Lon-Lon Ranch area Skulltulas',
       rowtypes: [Object],
       skill: 0.5,
       subtypes: [Object],
       time: 7.75,
       types: [Object] },
    synergy: 3.25 },
  { difficulty: 16,
    desiredTime: 12,
    types: 
     { fountain: 2,
       ice: 1.5,
       inclhskull: 100,
       irons: 2,
       selfsynergy: 0,
       water: 1 },
    subtypes: 
     { bottleslot: 2,
       child2: 3,
       compass: 4,
       hearts3: 1,
       hearts4: 0.25,
       hovers: 0.5,
       map: 4,
       wallet: 3 },
    rowtypes: { bottle: 100, hookshot: 100, ms: 100 },
    name: 'All 5 Lake Hylia Skulltulas',
    id: 'all-5-lake-hylia-skulltulas',
    time: 12.5,
    goal: 
     { difficulty: 17,
       id: 'all-5-lake-hylia-skulltulas',
       jp: 'ハイリア湖畔エリアの黄金のスタルチュラ5匹',
       name: 'All 5 Lake Hylia Skulltulas',
       rowtypes: [Object],
       skill: 0.5,
       subtypes: [Object],
       time: 12.5,
       types: [Object] },
    synergy: 5 },
  { difficulty: 7,
    desiredTime: 5.25,
    types: { hearts3: 7, inchearts: 100, selfsynergy: -1 },
    subtypes: undefined,
    rowtypes: { bottle: 0, hookshot: 0, ms: 2 },
    name: '6 Hearts',
    id: '6-hearts',
    time: 6.25,
    goal: 
     { difficulty: 8,
       id: '6-hearts',
       jp: 'ハート6つ',
       name: '6 Hearts',
       rowtypes: [Object],
       skill: 0.25,
       time: 6.25,
       types: [Object] },
    synergy: 6.5 },
  { difficulty: 19,
    desiredTime: 14.25,
    types: { fortress: 2.5, hovers: 3, selfsynergy: 0, spirit: 5 },
    subtypes: 
     { bosskey: 2,
       bosskey2: 5,
       compass: 2.5,
       hearts4: 0.5,
       map: 3,
       songs5: 1,
       wallet: 2.5 },
    rowtypes: { bottle: 0.5, hookshot: 100, ms: 4 },
    name: 'All 5 Skulltulas in Spirit Temple',
    id: 'all-5-skulltulas-in-spirit-temple',
    time: 14.75,
    goal: 
     { difficulty: 20,
       id: 'all-5-skulltulas-in-spirit-temple',
       jp: '魂の神殿の黄金のスタルチュラ5匹',
       name: 'All 5 Skulltulas in Spirit Temple',
       rowtypes: [Object],
       skill: 0.75,
       subtypes: [Object],
       time: 14.75,
       types: [Object] },
    synergy: 2.75 },
  { difficulty: 21,
    desiredTime: 15.75,
    types: 
     { bothzl: -4.25,
       czl: 4.25,
       hovers: 3,
       poachers: 4.25,
       selfsynergy: 0,
       shadow: 8 },
    subtypes: 
     { bosskey: 3.5,
       bosskey2: 6,
       childchu: -2.5,
       chuczl: 2,
       compass: 1,
       hearts3: 2,
       hearts4: 1,
       wallet: 1.5 },
    rowtypes: { bottle: 0, hookshot: 100, ms: 100 },
    name: 'Obtain all 5 Small Keys in Shadow Temple',
    id: 'obtain-all-5-small-keys-in-shadow-temple',
    time: 15.25,
    goal: 
     { difficulty: 20,
       id: 'obtain-all-5-small-keys-in-shadow-temple',
       jp: '闇の神殿の小さな鍵５つ取得',
       name: 'Obtain all 5 Small Keys in Shadow Temple',
       rowtypes: [Object],
       skill: 0.25,
       subtypes: [Object],
       time: 15.25,
       types: [Object] },
    synergy: 6 },
  { difficulty: 3,
    desiredTime: 2.25,
    types: { dc: 1, selfsynergy: 0 },
    subtypes: { compass: 1.75, map: 1 },
    rowtypes: { bottle: 0, hookshot: 0, ms: 0 },
    name: 'Map & Compass in Dodongo\'s Cavern',
    id: 'map-compass-in-dodongo-s-cavern',
    time: 2,
    goal: 
     { difficulty: 3,
       id: 'map-compass-in-dodongo-s-cavern',
       jp: 'ドドンゴの洞窟のマップとコンパス',
       name: 'Map & Compass in Dodongo\'s Cavern',
       rowtypes: [Object],
       skill: 0,
       subtypes: [Object],
       time: 2,
       types: [Object] },
    synergy: 5.75 },
  { difficulty: 15,
    desiredTime: 11.25,
    types: 
     { dc: 2,
       ice: 1.5,
       incwskull: 100,
       irons: 2,
       longshot: 2,
       selfsynergy: 0,
       water: 3 },
    subtypes: 
     { aganon: 0.25,
       bbprize: -4,
       childchu: -2.5,
       compass: 2.5,
       hearts3: 1.5,
       hearts4: 2.5,
       hovers: 0.25,
       map: 2.5,
       wallet: 1.5 },
    rowtypes: { bottle: 100, hookshot: 100, ms: 6 },
    name: '3 Skulltulas in Water Temple',
    id: '3-skulltulas-in-water-temple',
    time: 11.25,
    goal: 
     { difficulty: 15,
       id: '3-skulltulas-in-water-temple',
       jp: '水の神殿の黄金のスタルチュラ3匹以上',
       name: '3 Skulltulas in Water Temple',
       rowtypes: [Object],
       skill: 0.25,
       subtypes: [Object],
       time: 11.25,
       types: [Object] },
    synergy: 0.5 },
  { difficulty: 1,
    desiredTime: 0.75,
    types: { forest: 0.25, selfsynergy: 0 },
    subtypes: undefined,
    rowtypes: { bottle: 0, hookshot: 0, ms: 0.5 },
    name: 'Defeat a Skull Kid',
    id: 'defeat-a-skull-kid',
    time: 0.75,
    goal: 
     { difficulty: 1,
       id: 'defeat-a-skull-kid',
       jp: 'スタルキッド撃破',
       name: 'Defeat a Skull Kid',
       rowtypes: [Object],
       skill: 0,
       time: 0.75,
       types: [Object] },
    synergy: 1 },
  { difficulty: 13,
    desiredTime: 9.75,
    types: 
     { claimcheck: 10,
       forest: 4,
       hovers: 2,
       incforest: 100,
       meg: 4.25,
       selfsynergy: 0 },
    subtypes: 
     { bosskey: 4.25,
       bosskey2: 5.75,
       compass: 3.5,
       hearts4: 1,
       lightarrow: 3,
       map: 2.5,
       quiver: 4.5,
       songs5: 1.75,
       wallet: 1 },
    rowtypes: { bottle: 0.5, hookshot: 100, ms: 100 },
    name: 'Forest Temple Boss Key',
    id: 'forest-temple-boss-key',
    time: 10.75,
    goal: 
     { difficulty: 14,
       id: 'forest-temple-boss-key',
       jp: '森の神殿のボス部屋の鍵',
       name: 'Forest Temple Boss Key',
       rowtypes: [Object],
       skill: 0.25,
       subtypes: [Object],
       time: 10.75,
       types: [Object] },
    synergy: 6.5 },
  { difficulty: 10,
    desiredTime: 7.5,
    types: { dc: 2, longshot: 4, selfsynergy: 0, water: 3 },
    subtypes: 
     { bbprize: -6,
       compass: 3.5,
       hearts4: 1,
       hovers: 0.5,
       map: 3.5,
       poachers: 1.25,
       wallet: 0.25 },
    rowtypes: { bottle: 100, hookshot: 100, ms: 10 },
    name: 'Defeat Dark Link',
    id: 'defeat-dark-link',
    time: 7,
    goal: 
     { difficulty: 9,
       id: 'defeat-dark-link',
       jp: 'ダークリンク撃破',
       name: 'Defeat Dark Link',
       rowtypes: [Object],
       skill: 0.25,
       subtypes: [Object],
       time: 7,
       types: [Object] },
    synergy: 2 },
  { difficulty: 17,
    desiredTime: 12.75,
    types: 
     { dmc: 1,
       endon: -1,
       fire: 10,
       forest: 2,
       gtunic: 1.75,
       selfsynergy: 0 },
    subtypes: 
     { aganon: 2,
       bosskey: 2,
       compass: 4,
       hearts3: 2.5,
       hearts4: 2,
       hovers: 0.25,
       lightarrow: 3,
       map: 2.5,
       pg: 1,
       songs5: 1.25,
       wallet: 0.25 },
    rowtypes: { bottle: 100, hookshot: 0.25, ms: 100 },
    name: 'Beat the Fire Temple',
    id: 'beat-the-fire-temple',
    time: 13.25,
    goal: 
     { difficulty: 18,
       id: 'beat-the-fire-temple',
       jp: '炎の神殿クリア',
       name: 'Beat the Fire Temple',
       rowtypes: [Object],
       skill: 0.25,
       subtypes: [Object],
       time: 13.25,
       types: [Object] },
    synergy: 3.5 },
  { difficulty: 24,
    desiredTime: 18,
    types: 
     { aganon: 3,
       bganon: -3,
       cganon: 3,
       endon: -0.5,
       fortress: 2.5,
       gtg: 1,
       hovers: 3,
       selfsynergy: 0,
       spirit: 4 },
    subtypes: 
     { bosskey: 7.25,
       bosskey2: 5,
       childtrade: 1.5,
       compass: 1,
       czl: 1.5,
       hearts3: 2,
       hearts4: 1.5,
       map: 3,
       songs5: 1,
       wallet: 1 },
    rowtypes: { bottle: 100, hookshot: 100, ms: 8 },
    name: 'Defeat 4 Different Iron Knuckles',
    id: 'defeat-4-different-iron-knuckles',
    time: 17,
    goal: 
     { difficulty: 23,
       id: 'defeat-4-different-iron-knuckles',
       jp: 'アイアンナックを4体撃破',
       name: 'Defeat 4 Different Iron Knuckles',
       rowtypes: [Object],
       skill: 0.5,
       subtypes: [Object],
       time: 17,
       types: [Object] },
    synergy: 1 },
  meta: { iterations: 2 } ]
