[ ,
  { difficulty: 20,
    desiredTime: 15,
    types: 
     { fortress: 2.5,
       fountain: 1.5,
       gtg: 1,
       gtunic: 1.75,
       hovers: 3,
       incshield: 100,
       inctunic: 100,
       selfsynergy: 0,
       spirit: 3.5 },
    subtypes: 
     { bosskey: 3.25,
       bosskey2: 5,
       compass: 2.5,
       dmc: 0.25,
       hearts3: 0.5,
       hearts4: 0.5,
       map: 4.5,
       songs5: 1,
       wallet: 1 },
    rowtypes: { bottle: 0.5, hookshot: 100, ms: 100 },
    name: '3 Shields & 3 Tunics',
    id: '3-shields-3-tunics',
    time: 15,
    goal: 
     { difficulty: 20,
       id: '3-shields-3-tunics',
       jp: '盾3種、服3種',
       name: '3 Shields & 3 Tunics',
       rowtypes: [Object],
       skill: 0.5,
       subtypes: [Object],
       time: 15,
       types: [Object] },
    synergy: 5.25 },
  { difficulty: 2,
    desiredTime: 1.5,
    types: { dmc: 2, selfsynergy: 0 },
    subtypes: { bosskey: 1, hearts3: 1.5, hovers: 0.25, songs5: 1.5 },
    rowtypes: { bottle: 0, hookshot: 0, ms: 1 },
    name: 'Both heart pieces in Death Mountain Crater',
    id: 'both-heart-pieces-in-death-mountain-crater',
    time: 2,
    goal: 
     { difficulty: 3,
       id: 'both-heart-pieces-in-death-mountain-crater',
       jp: 'デスマウンテン火口のハートのかけら２つ',
       name: 'Both heart pieces in Death Mountain Crater',
       rowtypes: [Object],
       skill: 0,
       subtypes: [Object],
       time: 2,
       types: [Object] },
    synergy: 5 },
  { difficulty: 24,
    desiredTime: 18,
    types: { compass: 22, hovers: 3, selfsynergy: -3 },
    subtypes: 
     { bosskey2: 2,
       hearts3: 1.5,
       hearts4: 2,
       map: 22,
       poachers: 1.25,
       wallet: 1 },
    rowtypes: { bottle: 0.5, hookshot: 100, ms: 5 },
    name: '7 Compasses',
    id: '7-compasses',
    time: 18.25,
    goal: 
     { difficulty: 24,
       id: '7-compasses',
       jp: 'コンパス7つ',
       name: '7 Compasses',
       rowtypes: [Object],
       skill: 1,
       subtypes: [Object],
       time: 18.25,
       types: [Object] },
    synergy: 0 },
  { difficulty: 6,
    desiredTime: 4.5,
    types: { childchu: 0, selfsynergy: 0 },
    subtypes: { wallet: 1.5 },
    rowtypes: { bottle: 0, hookshot: 0, ms: 0 },
    name: 'All 3 Skulltulas in Bottom of the Well',
    id: 'all-3-skulltulas-in-bottom-of-the-well',
    time: 3.5,
    goal: 
     { difficulty: 5,
       id: 'all-3-skulltulas-in-bottom-of-the-well',
       jp: '井戸の底の黄金のスタルチュラ3匹',
       name: 'All 3 Skulltulas in Bottom of the Well',
       rowtypes: [Object],
       skill: 0.25,
       subtypes: [Object],
       time: 3.5,
       types: [Object] },
    synergy: 7 },
  { difficulty: 13,
    desiredTime: 9.75,
    types: { childchu: 0, fountain: 2, selfsynergy: 0 },
    subtypes: 
     { childreset: 1.25,
       compass: 2,
       hearts3: 1,
       jabu: 0.5,
       map: 2,
       wallet: 4 },
    rowtypes: { bottle: 0, hookshot: 100, ms: 100 },
    name: 'All 8 Zora\'s Domain area Skulltulas',
    id: 'all-8-zora-s-domain-area-skulltulas',
    time: 10.5,
    goal: 
     { difficulty: 14,
       id: 'all-8-zora-s-domain-area-skulltulas',
       jp: 'ゾーラの里エリアの黄金のスタルチュラ8匹',
       name: 'All 8 Zora\'s Domain area Skulltulas',
       rowtypes: [Object],
       skill: 0.5,
       subtypes: [Object],
       time: 10.5,
       types: [Object] },
    synergy: 5 },
  { difficulty: 9,
    desiredTime: 6.75,
    types: { lonlon: 4, selfsynergy: 0 },
    subtypes: 
     { bottleslot: 4.5,
       childreset: 1,
       czl: 2,
       songs4: 0.5,
       wallet: 0.5 },
    rowtypes: { bottle: 0, hookshot: 0, ms: 0 },
    name: 'Milk',
    id: 'milk',
    time: 6.25,
    goal: 
     { difficulty: 8,
       id: 'milk',
       jp: 'ロンロン牛乳',
       name: 'Milk',
       rowtypes: [Object],
       skill: 0,
       subtypes: [Object],
       time: 6.25,
       types: [Object] },
    synergy: 1.25 },
  { difficulty: 11,
    desiredTime: 8.25,
    types: 
     { firearrow: 8,
       fortress: 3,
       gtg: 1,
       quiver: 4.5,
       selfsynergy: 0,
       water: 1.5 },
    subtypes: { bosskey: 2, childchu: -2.5, map: 3, poachers: 1.5, wallet: 0.25 },
    rowtypes: { bottle: 100, hookshot: 0.5, ms: 100 },
    name: 'Fire Arrows',
    id: 'fire-arrows',
    time: 8.5,
    goal: 
     { difficulty: 11,
       id: 'fire-arrows',
       jp: '炎の矢',
       name: 'Fire Arrows',
       rowtypes: [Object],
       skill: 0.5,
       subtypes: [Object],
       time: 8.5,
       types: [Object] },
    synergy: 0 },
  { difficulty: 18,
    desiredTime: 13.5,
    types: 
     { childtrade: 1,
       hearts3: 13,
       hearts4: 2,
       inchearts: 100,
       saria: 1,
       selfsynergy: -3 },
    subtypes: undefined,
    rowtypes: { bottle: 0, hookshot: 1, ms: 6 },
    name: '8 Hearts',
    id: '8-hearts',
    time: 12.75,
    goal: 
     { difficulty: 17,
       id: '8-hearts',
       jp: 'ハート8つ',
       name: '8 Hearts',
       rowtypes: [Object],
       skill: 0.75,
       time: 12.75,
       types: [Object] },
    synergy: 0.5 },
  { difficulty: 5,
    desiredTime: 3.75,
    types: 
     { fountain: 1.5,
       gtunic: 1.75,
       incsword: 100,
       inctunic: 100,
       selfsynergy: 0,
       swords: 3 },
    subtypes: 
     { bosskey: 0.25,
       bulletbag: -3,
       childchu: -1,
       compass: 1,
       dmc: 0.25,
       hearts3: 0.5,
       wallet: 0.5 },
    rowtypes: { bottle: 100, hookshot: 0, ms: 100 },
    name: '3 Swords & 3 Tunics',
    id: '3-swords-3-tunics',
    time: 4.25,
    goal: 
     { difficulty: 6,
       id: '3-swords-3-tunics',
       jp: '剣3種、服3種',
       name: '3 Swords & 3 Tunics',
       rowtypes: [Object],
       skill: 0,
       subtypes: [Object],
       time: 4.25,
       types: [Object] },
    synergy: 0 },
  { difficulty: 22,
    desiredTime: 16.5,
    types: { childchu: 0, hovers: 3, map: 20, selfsynergy: -3 },
    subtypes: 
     { bosskey2: 2,
       claimcheck: 6,
       compass: 20,
       hearts3: 1,
       hearts4: 2.5,
       poachers: 1.25,
       songs5: 1.5,
       wallet: 0.75 },
    rowtypes: { bottle: 0.5, hookshot: 1, ms: 4 },
    name: '7 Maps',
    id: '7-maps',
    time: 16,
    goal: 
     { difficulty: 21,
       id: '7-maps',
       jp: 'マップ7つ',
       name: '7 Maps',
       rowtypes: [Object],
       skill: 0.5,
       subtypes: [Object],
       time: 16,
       types: [Object] },
    synergy: 6 },
  { difficulty: 3,
    desiredTime: 2.25,
    types: { hearts3: 4, inchearts: 100, selfsynergy: -1 },
    subtypes: undefined,
    rowtypes: { bottle: 0, hookshot: 0, ms: 1 },
    name: '5 Hearts',
    id: '5-hearts',
    time: 2.5,
    goal: 
     { difficulty: 3,
       id: '5-hearts',
       jp: 'ハート5つ',
       name: '5 Hearts',
       rowtypes: [Object],
       skill: 0,
       time: 2.5,
       types: [Object] },
    synergy: 2.75 },
  { difficulty: 25,
    desiredTime: 18.75,
    types: 
     { childchu: 0,
       childreset: 1.25,
       childtrade: 2.75,
       chuczl: 2,
       czl: 5,
       saria: 5,
       selfsynergy: -1,
       strength: 100 },
    subtypes: 
     { bombbag: 100,
       bulletbag: 100,
       cganon: 2,
       hearts3: 3,
       hearts4: 1,
       songs4: 3,
       wallet: 0.5 },
    rowtypes: { bottle: 100, hookshot: 0, ms: 100 },
    name: 'Green Gauntlets',
    id: 'green-gauntlets',
    time: 17.75,
    goal: 
     { difficulty: 24,
       id: 'green-gauntlets',
       jp: '緑のグローブ',
       name: 'Green Gauntlets',
       rowtypes: [Object],
       skill: 0,
       subtypes: [Object],
       time: 17.75,
       types: [Object] },
    synergy: 1 },
  { difficulty: 7,
    desiredTime: 5.25,
    types: { incsongs: 100, poachers: 4.25, selfsynergy: 0, songs5: 1.25 },
    subtypes: { aganon: 0.25, childchu: -2.5, hearts3: 1.5, wallet: 0.25 },
    rowtypes: { bottle: 100, hookshot: 0.5, ms: 100 },
    name: '6 Songs',
    id: '6-songs',
    time: 5.5,
    goal: 
     { difficulty: 7,
       id: '6-songs',
       jp: '歌6つ以上',
       name: '6 Songs',
       rowtypes: [Object],
       skill: 0,
       subtypes: [Object],
       time: 5.5,
       types: [Object] },
    synergy: 0 },
  { difficulty: 14,
    desiredTime: 10.5,
    types: { dc: 2, deku: 3, fountain: 2, selfsynergy: 0 },
    subtypes: { compass: 4, hearts4: 1.5, jabu: 3, map: 4, wallet: 2 },
    rowtypes: { bottle: 0, hookshot: 0.5, ms: 0 },
    name: '1 Skulltula from each Child Dungeon',
    id: '1-skulltula-from-each-child-dungeon',
    time: 10.25,
    goal: 
     { difficulty: 14,
       id: '1-skulltula-from-each-child-dungeon',
       jp: '全ての子供ダンジョンからスタルチュラ最低1匹ずつ',
       name: '1 Skulltula from each Child Dungeon',
       rowtypes: [Object],
       skill: 0.5,
       subtypes: [Object],
       time: 10.25,
       types: [Object] },
    synergy: 1.5 },
  { difficulty: 16,
    desiredTime: 12,
    types: 
     { fortress: 2.5,
       hovers: 3,
       incshield: 100,
       selfsynergy: 0,
       spirit: 3.5 },
    subtypes: 
     { bosskey: 3,
       bosskey2: 5,
       compass: 1,
       hearts3: 0.5,
       hearts4: 0.5,
       map: 3 },
    rowtypes: { bottle: 0, hookshot: 100, ms: 6 },
    name: '3 Shields',
    id: '3-shields',
    time: 11.75,
    goal: 
     { difficulty: 16,
       id: '3-shields',
       jp: '盾3種',
       name: '3 Shields',
       rowtypes: [Object],
       skill: 0.5,
       subtypes: [Object],
       time: 11.75,
       types: [Object] },
    synergy: 0.5 },
  { difficulty: 12,
    desiredTime: 9,
    types: { forest: 0.5, selfsynergy: 0 },
    subtypes: { wallet: 5 },
    rowtypes: { bottle: 0, hookshot: 100, ms: 10 },
    name: 'Stone of Agony',
    id: 'stone-of-agony',
    time: 8.25,
    goal: 
     { difficulty: 11,
       id: 'stone-of-agony',
       jp: 'もだえ石',
       name: 'Stone of Agony',
       rowtypes: [Object],
       skill: 0.5,
       subtypes: [Object],
       time: 8.25,
       types: [Object] },
    synergy: 2 },
  { difficulty: 19,
    desiredTime: 14.25,
    types: { fortress: 2.5, hovers: 3, selfsynergy: 0, spirit: 5 },
    subtypes: 
     { bosskey: 2,
       bosskey2: 5,
       compass: 2.5,
       hearts4: 0.5,
       map: 3,
       songs5: 1,
       wallet: 2.5 },
    rowtypes: { bottle: 0.5, hookshot: 100, ms: 4 },
    name: 'All 5 Skulltulas in Spirit Temple',
    id: 'all-5-skulltulas-in-spirit-temple',
    time: 14.75,
    goal: 
     { difficulty: 20,
       id: 'all-5-skulltulas-in-spirit-temple',
       jp: '魂の神殿の黄金のスタルチュラ5匹',
       name: 'All 5 Skulltulas in Spirit Temple',
       rowtypes: [Object],
       skill: 0.75,
       subtypes: [Object],
       time: 14.75,
       types: [Object] },
    synergy: 0 },
  { difficulty: 1,
    desiredTime: 0.75,
    types: { fountain: 1.5, inctunic: 100, selfsynergy: 0 },
    subtypes: { compass: 1.5, hearts3: 0.5, map: 1.5, wallet: 0.25 },
    rowtypes: { bottle: 0, hookshot: 0, ms: 100 },
    name: 'Zora Tunic',
    id: 'zora-tunic',
    time: 1.5,
    goal: 
     { difficulty: 2,
       id: 'zora-tunic',
       jp: 'ゾーラの服',
       name: 'Zora Tunic',
       rowtypes: [Object],
       skill: 0,
       subtypes: [Object],
       time: 1.5,
       types: [Object] },
    synergy: 6.5 },
  { difficulty: 23,
    desiredTime: 17.25,
    types: 
     { childtrade: 2.75,
       hearts3: 16,
       hearts4: 3,
       inchearts: 100,
       saria: 3,
       selfsynergy: -3 },
    subtypes: undefined,
    rowtypes: { bottle: 0, hookshot: 1, ms: 10 },
    name: '9 Hearts',
    id: '9-hearts',
    time: 17,
    goal: 
     { difficulty: 23,
       id: '9-hearts',
       jp: 'ハート9つ',
       name: '9 Hearts',
       rowtypes: [Object],
       skill: 1,
       time: 17,
       types: [Object] },
    synergy: 0.25 },
  { difficulty: 10,
    desiredTime: 7.5,
    types: { incsongs: 100, poachers: 4.25, selfsynergy: 0, songs5: 5.5 },
    subtypes: 
     { aganon: 0.25,
       bosskey: 1.5,
       childchu: -2.5,
       hearts3: 1.5,
       wallet: 0.5 },
    rowtypes: { bottle: 100, hookshot: 0.5, ms: 100 },
    name: '8 Songs',
    id: '8-songs',
    time: 8.5,
    goal: 
     { difficulty: 11,
       id: '8-songs',
       jp: '歌8つ以上',
       name: '8 Songs',
       rowtypes: [Object],
       skill: 0,
       subtypes: [Object],
       time: 8.5,
       types: [Object] },
    synergy: 5.25 },
  { difficulty: 21,
    desiredTime: 15.75,
    types: 
     { bothzl: -4.25,
       czl: 4.25,
       dc: 2,
       ice: 1.5,
       incwskull: 100,
       irons: 2,
       longshot: 4,
       poachers: 4.25,
       selfsynergy: 0,
       water: 4 },
    subtypes: 
     { aganon: 0.25,
       bbprize: -6,
       bosskey: 3.75,
       childchu: -2.5,
       chuczl: 2,
       compass: 3.5,
       hearts3: 1.5,
       hearts4: 2.5,
       hovers: 0.5,
       map: 3.5,
       spirit: -1,
       wallet: 2.5 },
    rowtypes: { bottle: 100, hookshot: 100, ms: 100 },
    name: 'All 5 Skulltulas in Water Temple',
    id: 'all-5-skulltulas-in-water-temple',
    time: 16.5,
    goal: 
     { difficulty: 22,
       id: 'all-5-skulltulas-in-water-temple',
       jp: '水の神殿の黄金のスタルチュラ5匹',
       name: 'All 5 Skulltulas in Water Temple',
       rowtypes: [Object],
       skill: 0.75,
       subtypes: [Object],
       time: 16.5,
       types: [Object] },
    synergy: 2.75 },
  { difficulty: 8,
    desiredTime: 6,
    types: { dc: 3, fortress: 2, incdodongo: 100, kd: 2, selfsynergy: 0 },
    subtypes: { compass: 2, hearts3: 3, hearts4: 1, map: 2, wallet: 0.5 },
    rowtypes: { bottle: 0.5, hookshot: 0, ms: 1 },
    name: 'Beat Dodongo\'s Cavern',
    id: 'beat-dodongo-s-cavern',
    time: 6.25,
    goal: 
     { difficulty: 8,
       id: 'beat-dodongo-s-cavern',
       jp: 'ドドンゴの洞窟クリア',
       name: 'Beat Dodongo\'s Cavern',
       rowtypes: [Object],
       skill: 0.25,
       subtypes: [Object],
       time: 6.25,
       types: [Object] },
    synergy: 1.25 },
  { difficulty: 15,
    desiredTime: 11.25,
    types: { dmc: 1, fire: 4.75, gtunic: 1, selfsynergy: 0 },
    subtypes: 
     { bosskey: 2,
       compass: 2,
       hearts3: 0.5,
       hearts4: 1,
       hovers: 0.25,
       map: 3,
       songs5: 1.25,
       wallet: 2.5 },
    rowtypes: { bottle: 0, hookshot: 100, ms: 100 },
    name: 'All 5 Skulltulas in Fire Temple',
    id: 'all-5-skulltulas-in-fire-temple',
    time: 11.5,
    goal: 
     { difficulty: 15,
       id: 'all-5-skulltulas-in-fire-temple',
       jp: '炎の神殿の黄金のスタルチュラ5匹',
       name: 'All 5 Skulltulas in Fire Temple',
       rowtypes: [Object],
       skill: 0.5,
       subtypes: [Object],
       time: 11.5,
       types: [Object] },
    synergy: 5.25 },
  { difficulty: 17,
    desiredTime: 12.75,
    types: 
     { endon: -0.5,
       fortress: 2.5,
       gtg: 1,
       hovers: 3,
       selfsynergy: 0,
       spirit: 8 },
    subtypes: 
     { bosskey: 6,
       bosskey2: 6,
       compass: 1,
       hearts4: 0.25,
       map: 3,
       songs5: 1,
       wallet: 0.5 },
    rowtypes: { bottle: 0.5, hookshot: 100, ms: 100 },
    name: 'Defeat Nabooru-Knuckle',
    id: 'defeat-nabooru-knuckle',
    time: 13,
    goal: 
     { difficulty: 17,
       id: 'defeat-nabooru-knuckle',
       jp: 'アイアンナック(ナボール)撃破',
       name: 'Defeat Nabooru-Knuckle',
       rowtypes: [Object],
       skill: 1,
       subtypes: [Object],
       time: 13,
       types: [Object] },
    synergy: 2.75 },
  { difficulty: 4,
    desiredTime: 3,
    types: { beans: 3, childreset: 0.5, incbeans: 100, selfsynergy: 0 },
    subtypes: { child2: 3, wallet: 0.25 },
    rowtypes: { bottle: 0, hookshot: 0, ms: 0 },
    name: '5 Magic Beans',
    id: '5-magic-beans',
    time: 2.5,
    goal: 
     { difficulty: 3,
       id: '5-magic-beans',
       jp: '魔法のマメ5つ以上',
       name: '5 Magic Beans',
       rowtypes: [Object],
       skill: 0,
       subtypes: [Object],
       time: 2.5,
       types: [Object] },
    synergy: 5.75 },
  meta: { iterations: 1 } ]
