[ ,
  { difficulty: 5,
    desiredTime: 3.75,
    types: { deku: 2.5, selfsynergy: 0 },
    subtypes: { bulletbag: 1, compass: 2, czl: 3, hearts4: 1, map: 2 },
    rowtypes: { bottle: 0, hookshot: 0, ms: 0 },
    name: 'Fairy Slingshot',
    id: 'fairy-slingshot',
    time: 4,
    goal: 
     { difficulty: 5,
       id: 'fairy-slingshot',
       jp: '妖精のパチンコ',
       name: 'Fairy Slingshot',
       rowtypes: [Object],
       skill: 0,
       subtypes: [Object],
       time: 4,
       types: [Object] },
    synergy: 3 },
  { difficulty: 7,
    desiredTime: 5.25,
    types: { childreset: 1.25, forest: 1, saria: 0.25, selfsynergy: 0 },
    subtypes: { songs5: 1, wallet: 2 },
    rowtypes: { bottle: 100, hookshot: 2, ms: 100 },
    name: 'All 4 Lost Woods area Skulltulas',
    id: 'all-4-lost-woods-area-skulltulas',
    time: 5.25,
    goal: 
     { difficulty: 7,
       id: 'all-4-lost-woods-area-skulltulas',
       jp: '迷いの森エリアの黄金のスタルチュラ4匹',
       name: 'All 4 Lost Woods area Skulltulas',
       rowtypes: [Object],
       skill: 0,
       subtypes: [Object],
       time: 5.25,
       types: [Object] },
    synergy: 5.25 },
  { difficulty: 14,
    desiredTime: 10.5,
    types: { dc: 2, deku: 3, fountain: 2, selfsynergy: 0 },
    subtypes: { compass: 4, hearts4: 1.5, jabu: 3, map: 4, wallet: 2 },
    rowtypes: { bottle: 0, hookshot: 0.5, ms: 0 },
    name: '1 Skulltula from each Child Dungeon',
    id: '1-skulltula-from-each-child-dungeon',
    time: 10.25,
    goal: 
     { difficulty: 14,
       id: '1-skulltula-from-each-child-dungeon',
       jp: '全ての子供ダンジョンからスタルチュラ最低1匹ずつ',
       name: '1 Skulltula from each Child Dungeon',
       rowtypes: [Object],
       skill: 0.5,
       subtypes: [Object],
       time: 10.25,
       types: [Object] },
    synergy: 6.5 },
  { difficulty: 21,
    desiredTime: 15.75,
    types: { fortress: 2.5, hovers: 3, selfsynergy: 0, spirit: 5 },
    subtypes: 
     { bosskey: 2,
       bosskey2: 5,
       compass: 2.5,
       hearts4: 0.5,
       map: 3,
       songs5: 1,
       wallet: 2.5 },
    rowtypes: { bottle: 0.5, hookshot: 100, ms: 4 },
    name: 'All 5 Skulltulas in Spirit Temple',
    id: 'all-5-skulltulas-in-spirit-temple',
    time: 14.75,
    goal: 
     { difficulty: 20,
       id: 'all-5-skulltulas-in-spirit-temple',
       jp: '魂の神殿の黄金のスタルチュラ5匹',
       name: 'All 5 Skulltulas in Spirit Temple',
       rowtypes: [Object],
       skill: 0.75,
       subtypes: [Object],
       time: 14.75,
       types: [Object] },
    synergy: 5.75 },
  { difficulty: 18,
    desiredTime: 13.5,
    types: 
     { dmc: 1,
       endon: -0.5,
       fire: 9,
       forest: 1,
       gtunic: 1.75,
       selfsynergy: 0 },
    subtypes: 
     { aganon: 1,
       bosskey: 2,
       compass: 4,
       hearts3: 3.5,
       hearts4: 2,
       hovers: 0.25,
       lightarrow: 3.5,
       map: 2.5,
       pg: 1,
       songs5: 1.25,
       wallet: 0.25 },
    rowtypes: { bottle: 100, hookshot: 0.25, ms: 100 },
    name: 'Defeat Volvagia',
    id: 'defeat-volvagia',
    time: 12.5,
    goal: 
     { difficulty: 17,
       id: 'defeat-volvagia',
       jp: 'ヴァルバジア撃破',
       name: 'Defeat Volvagia',
       rowtypes: [Object],
       skill: 0.25,
       subtypes: [Object],
       time: 12.5,
       types: [Object] },
    synergy: 6.75 },
  { difficulty: 24,
    desiredTime: 18,
    types: 
     { childchu: 0,
       childreset: 1.25,
       childtrade: 2.75,
       chuczl: 2,
       czl: 5,
       saria: 3,
       selfsynergy: -1 },
    subtypes: 
     { cganon: 2,
       child2: 2.5,
       hearts3: 4.5,
       hearts4: 1.5,
       songs4: 3,
       wallet: 0.25 },
    rowtypes: { bottle: 0, hookshot: 0, ms: 0 },
    name: 'Both heart pieces in Lost Woods',
    id: 'both-heart-pieces-in-lost-woods',
    time: 17,
    goal: 
     { difficulty: 23,
       id: 'both-heart-pieces-in-lost-woods',
       jp: '迷いの森のハートのかけら２つ',
       name: 'Both heart pieces in Lost Woods',
       rowtypes: [Object],
       skill: 0,
       subtypes: [Object],
       time: 17,
       types: [Object] },
    synergy: 1 },
  { difficulty: 16,
    desiredTime: 12,
    types: 
     { endon: -0.5,
       fortress: 2.5,
       gtg: 1,
       hovers: 3,
       selfsynergy: 0,
       spirit: 8 },
    subtypes: 
     { bosskey: 6,
       bosskey2: 6,
       compass: 1,
       hearts4: 0.25,
       map: 3,
       songs5: 1,
       wallet: 0.5 },
    rowtypes: { bottle: 0.5, hookshot: 100, ms: 100 },
    name: 'Defeat Nabooru-Knuckle',
    id: 'defeat-nabooru-knuckle',
    time: 13,
    goal: 
     { difficulty: 17,
       id: 'defeat-nabooru-knuckle',
       jp: 'アイアンナック(ナボール)撃破',
       name: 'Defeat Nabooru-Knuckle',
       rowtypes: [Object],
       skill: 1,
       subtypes: [Object],
       time: 13,
       types: [Object] },
    synergy: 4.75 },
  { difficulty: 3,
    desiredTime: 2.25,
    types: { beans: 3, childreset: 0.5, incbeans: 100, selfsynergy: 0 },
    subtypes: { child2: 3, wallet: 0.25 },
    rowtypes: { bottle: 0, hookshot: 0, ms: 0 },
    name: '5 Magic Beans',
    id: '5-magic-beans',
    time: 2.5,
    goal: 
     { difficulty: 3,
       id: '5-magic-beans',
       jp: '魔法のマメ5つ以上',
       name: '5 Magic Beans',
       rowtypes: [Object],
       skill: 0,
       subtypes: [Object],
       time: 2.5,
       types: [Object] },
    synergy: 6.5 },
  { difficulty: 10,
    desiredTime: 7.5,
    types: { gtg: 1, selfsynergy: 0, water: 3 },
    subtypes: { compass: 3, hearts4: 1, map: 3, poachers: 1.25 },
    rowtypes: { bottle: 0, hookshot: 0, ms: 1 },
    name: 'Map & Compass in Water Temple',
    id: 'map-compass-in-water-temple',
    time: 7,
    goal: 
     { difficulty: 9,
       id: 'map-compass-in-water-temple',
       jp: '水の神殿のマップとコンパス',
       name: 'Map & Compass in Water Temple',
       rowtypes: [Object],
       skill: 0.5,
       subtypes: [Object],
       time: 7,
       types: [Object] },
    synergy: 5.75 },
  { difficulty: 12,
    desiredTime: 9,
    types: { forest: 0.5, selfsynergy: 0 },
    subtypes: { wallet: 5 },
    rowtypes: { bottle: 0, hookshot: 100, ms: 10 },
    name: 'Stone of Agony',
    id: 'stone-of-agony',
    time: 8.25,
    goal: 
     { difficulty: 11,
       id: 'stone-of-agony',
       jp: 'もだえ石',
       name: 'Stone of Agony',
       rowtypes: [Object],
       skill: 0.5,
       subtypes: [Object],
       time: 8.25,
       types: [Object] },
    synergy: 4.5 },
  { difficulty: 8,
    desiredTime: 6,
    types: { childchu: 0, selfsynergy: 0 },
    subtypes: { wallet: 4 },
    rowtypes: { bottle: 100, hookshot: 1.5, ms: 100 },
    name: 'All 8 Kakariko area Skulltulas',
    id: 'all-8-kakariko-area-skulltulas',
    time: 6.25,
    goal: 
     { difficulty: 8,
       id: 'all-8-kakariko-area-skulltulas',
       jp: 'カカリコ村エリアの黄金のスタルチュラ8匹',
       name: 'All 8 Kakariko area Skulltulas',
       rowtypes: [Object],
       skill: 0.25,
       subtypes: [Object],
       time: 6.25,
       types: [Object] },
    synergy: 2 },
  { difficulty: 15,
    desiredTime: 11.25,
    types: { childchu: 0, endon: -0.25, fountain: 2, jabu: 8, selfsynergy: 0 },
    subtypes: 
     { child2: 2,
       childreset: 1.25,
       compass: 2.5,
       hearts3: 4,
       hearts4: 1,
       map: 3,
       wallet: 0.5 },
    rowtypes: { bottle: 0, hookshot: 0, ms: 0 },
    name: 'Defeat Barinade',
    id: 'defeat-barinade',
    time: 11,
    goal: 
     { difficulty: 15,
       id: 'defeat-barinade',
       jp: 'バリネード撃破',
       name: 'Defeat Barinade',
       rowtypes: [Object],
       skill: 0.25,
       subtypes: [Object],
       time: 11,
       types: [Object] },
    synergy: 6 },
  { difficulty: 22,
    desiredTime: 16.5,
    types: 
     { bothzl: -4.25,
       czl: 4.25,
       dc: 2,
       ice: 1.5,
       incwskull: 100,
       irons: 2,
       longshot: 4,
       poachers: 4.25,
       selfsynergy: 0,
       water: 4 },
    subtypes: 
     { aganon: 0.25,
       bbprize: -6,
       bosskey: 3.75,
       childchu: -2.5,
       chuczl: 2,
       compass: 3.5,
       hearts3: 1.5,
       hearts4: 2.5,
       hovers: 0.5,
       map: 3.5,
       spirit: -1,
       wallet: 2.5 },
    rowtypes: { bottle: 100, hookshot: 100, ms: 100 },
    name: 'All 5 Skulltulas in Water Temple',
    id: 'all-5-skulltulas-in-water-temple',
    time: 16.5,
    goal: 
     { difficulty: 22,
       id: 'all-5-skulltulas-in-water-temple',
       jp: '水の神殿の黄金のスタルチュラ5匹',
       name: 'All 5 Skulltulas in Water Temple',
       rowtypes: [Object],
       skill: 0.75,
       subtypes: [Object],
       time: 16.5,
       types: [Object] },
    synergy: 0 },
  { difficulty: 19,
    desiredTime: 14.25,
    types: 
     { beans: 15,
       childtrade: 6.5,
       czl: 2.5,
       fortress: 3,
       gerudo: 7,
       incctrade: 100,
       saria: 3,
       selfsynergy: 0 },
    subtypes: { bosskey: 2.5, hearts4: 0.5, map: 2.5, wallet: 0.25 },
    rowtypes: { bottle: 100, hookshot: 0.75, ms: 7 },
    name: 'Spooky Mask',
    id: 'spooky-mask',
    time: 13.5,
    goal: 
     { difficulty: 18,
       id: 'spooky-mask',
       jp: 'こわそなお面',
       name: 'Spooky Mask',
       rowtypes: [Object],
       skill: 0.5,
       subtypes: [Object],
       time: 13.5,
       types: [Object] },
    synergy: 1.5 },
  { difficulty: 1,
    desiredTime: 0.75,
    types: { forest: 0.25, selfsynergy: 0 },
    subtypes: undefined,
    rowtypes: { bottle: 0, hookshot: 0, ms: 0.5 },
    name: 'Defeat a Skull Kid',
    id: 'defeat-a-skull-kid',
    time: 0.75,
    goal: 
     { difficulty: 1,
       id: 'defeat-a-skull-kid',
       jp: 'スタルキッド撃破',
       name: 'Defeat a Skull Kid',
       rowtypes: [Object],
       skill: 0,
       time: 0.75,
       types: [Object] },
    synergy: 3.25 },
  { difficulty: 17,
    desiredTime: 12.75,
    types: 
     { fountain: 2,
       ice: 1.5,
       inclhskull: 100,
       irons: 2,
       selfsynergy: 0,
       water: 1 },
    subtypes: 
     { bottleslot: 2,
       child2: 3,
       compass: 4,
       hearts3: 1,
       hearts4: 0.25,
       hovers: 0.5,
       map: 4,
       wallet: 3 },
    rowtypes: { bottle: 100, hookshot: 100, ms: 100 },
    name: 'All 5 Lake Hylia Skulltulas',
    id: 'all-5-lake-hylia-skulltulas',
    time: 12.5,
    goal: 
     { difficulty: 17,
       id: 'all-5-lake-hylia-skulltulas',
       jp: 'ハイリア湖畔エリアの黄金のスタルチュラ5匹',
       name: 'All 5 Lake Hylia Skulltulas',
       rowtypes: [Object],
       skill: 0.5,
       subtypes: [Object],
       time: 12.5,
       types: [Object] },
    synergy: 2.25 },
  { difficulty: 4,
    desiredTime: 3,
    types: { fountain: 2, ice: 1.5, selfsynergy: 0 },
    subtypes: { compass: 3, hearts3: 1.5, map: 3, wallet: 1 },
    rowtypes: { bottle: 0, hookshot: 0, ms: 1 },
    name: 'Ice Cavern Heart Piece',
    id: 'ice-cavern-heart-piece',
    time: 3.5,
    goal: 
     { difficulty: 5,
       id: 'ice-cavern-heart-piece',
       jp: '氷の洞窟のハートのかけら',
       name: 'Ice Cavern Heart Piece',
       rowtypes: [Object],
       skill: 0,
       subtypes: [Object],
       time: 3.5,
       types: [Object] },
    synergy: 4.25 },
  { difficulty: 6,
    desiredTime: 4.5,
    types: { poachers: 4.25, selfsynergy: 0 },
    subtypes: { aganon: 0.25, childchu: -2.5, hearts3: 1 },
    rowtypes: { bottle: 100, hookshot: 0.5, ms: 5 },
    name: 'Blue Potion',
    id: 'blue-potion',
    time: 4.5,
    goal: 
     { difficulty: 6,
       id: 'blue-potion',
       jp: '青いクスリ',
       name: 'Blue Potion',
       rowtypes: [Object],
       skill: 0,
       subtypes: [Object],
       time: 4.5,
       types: [Object] },
    synergy: 4.25 },
  { difficulty: 13,
    desiredTime: 9.75,
    types: { childchu: 0, fountain: 2, selfsynergy: 0 },
    subtypes: 
     { childreset: 1.25,
       compass: 2,
       hearts3: 1,
       jabu: 0.5,
       map: 2,
       wallet: 4 },
    rowtypes: { bottle: 0, hookshot: 100, ms: 100 },
    name: 'All 8 Zora\'s Domain area Skulltulas',
    id: 'all-8-zora-s-domain-area-skulltulas',
    time: 10.5,
    goal: 
     { difficulty: 14,
       id: 'all-8-zora-s-domain-area-skulltulas',
       jp: 'ゾーラの里エリアの黄金のスタルチュラ8匹',
       name: 'All 8 Zora\'s Domain area Skulltulas',
       rowtypes: [Object],
       skill: 0.5,
       subtypes: [Object],
       time: 10.5,
       types: [Object] },
    synergy: 0 },
  { difficulty: 25,
    desiredTime: 18.75,
    types: 
     { endon: -1,
       fortress: 2.5,
       gtg: 1,
       hovers: 3,
       legitlacs: 100,
       selfsynergy: 0,
       spirit: 8 },
    subtypes: 
     { bosskey: 6,
       bosskey2: 6,
       compass: 1,
       hearts3: 3,
       hearts4: 1.5,
       map: 3,
       songs5: 1,
       wallet: 0.5 },
    rowtypes: { bottle: 0.5, hookshot: 100, ms: 100 },
    name: 'Defeat Twinrova',
    id: 'defeat-twinrova',
    time: 19,
    goal: 
     { difficulty: 25,
       id: 'defeat-twinrova',
       jp: 'ツインローバ撃破',
       name: 'Defeat Twinrova',
       rowtypes: [Object],
       skill: 1,
       subtypes: [Object],
       time: 19,
       types: [Object] },
    synergy: 0 },
  { difficulty: 11,
    desiredTime: 8.25,
    types: { fortress: 2.5, gerudo: 6, selfsynergy: 0 },
    subtypes: { bosskey: 2.5, hearts4: 0.25, hovers: 0.5, map: 2.5, wallet: 0.5 },
    rowtypes: { bottle: 0, hookshot: 0.75, ms: 2.5 },
    name: 'Gerudo\'s Card',
    id: 'gerudo-s-card',
    time: 9,
    goal: 
     { difficulty: 12,
       id: 'gerudo-s-card',
       jp: 'ゲルドの会員証',
       name: 'Gerudo\'s Card',
       rowtypes: [Object],
       skill: 0,
       subtypes: [Object],
       time: 9,
       types: [Object] },
    synergy: 6 },
  { difficulty: 23,
    desiredTime: 17.25,
    types: 
     { dmc: 1,
       fire: 1.5,
       forest: 2.75,
       fortress: 2.5,
       gtg: 1,
       hovers: 3,
       selfsynergy: -3,
       shadow: 2,
       spirit: 3,
       water: 3 },
    subtypes: 
     { bosskey: 4,
       bosskey2: 3,
       childchu: -2.5,
       compass: 6,
       hearts3: 1,
       hearts4: 2.25,
       map: 6,
       songs5: 5,
       wallet: 4.5 },
    rowtypes: { bottle: 0.5, hookshot: 100, ms: 100 },
    name: '1 Skulltula from each Adult Dungeon',
    id: '1-skulltula-from-each-adult-dungeon',
    time: 18,
    goal: 
     { difficulty: 24,
       id: '1-skulltula-from-each-adult-dungeon',
       jp: '全ての大人ダンジョンからスタルチュラ最低1匹ずつ',
       name: '1 Skulltula from each Adult Dungeon',
       rowtypes: [Object],
       skill: 1,
       subtypes: [Object],
       time: 18,
       types: [Object] },
    synergy: 0 },
  { difficulty: 20,
    desiredTime: 15,
    types: { dmc: 1, fire: 8, gtunic: 1, selfsynergy: 0 },
    subtypes: 
     { bosskey: 2.25,
       compass: 4,
       hearts3: 0.5,
       hearts4: 1,
       hovers: 0.25,
       map: 2,
       songs5: 1.25,
       wallet: 0.5 },
    rowtypes: { bottle: 0.5, hookshot: 0.5, ms: 100 },
    name: 'Free all 9 gorons in Fire Temple',
    id: 'free-all-9-gorons-in-fire-temple',
    time: 14.75,
    goal: 
     { difficulty: 20,
       id: 'free-all-9-gorons-in-fire-temple',
       jp: '炎の神殿で９人のゴロンを全員救う',
       name: 'Free all 9 gorons in Fire Temple',
       rowtypes: [Object],
       skill: 0.25,
       subtypes: [Object],
       time: 14.75,
       types: [Object] },
    synergy: 6.75 },
  { difficulty: 2,
    desiredTime: 1.5,
    types: { selfsynergy: 0 },
    subtypes: undefined,
    rowtypes: { bottle: 100, hookshot: 0, ms: 0 },
    name: 'Bottled Fairy',
    id: 'bottled-fairy',
    time: 0.5,
    goal: 
     { difficulty: 1,
       id: 'bottled-fairy',
       jp: 'ビン(妖精)',
       name: 'Bottled Fairy',
       rowtypes: [Object],
       skill: 0,
       time: 0.5,
       types: [Object] },
    synergy: 1.5 },
  { difficulty: 9,
    desiredTime: 6.75,
    types: 
     { aganon: 3,
       bganon: -3,
       cganon: 3,
       endon: -0.5,
       incshtrial: 100,
       selfsynergy: 0,
       strength: 100 },
    subtypes: { bombbag: 100, bosskey: 2.5, hovers: 1, wallet: 0.25 },
    rowtypes: { bottle: 100, hookshot: 2.5, ms: 0 },
    name: 'Golden Gauntlets',
    id: 'golden-gauntlets',
    time: 5.75,
    goal: 
     { difficulty: 8,
       id: 'golden-gauntlets',
       jp: '金のグローブ',
       name: 'Golden Gauntlets',
       rowtypes: [Object],
       skill: 0.75,
       subtypes: [Object],
       time: 5.75,
       types: [Object] },
    synergy: 1.25 },
  meta: { iterations: 1 } ]
