[ ,
  { difficulty: 10,
    desiredTime: 7.5,
    types: { incsongs: 100, poachers: 4.25, selfsynergy: 0, songs5: 5.5 },
    subtypes: 
     { aganon: 0.25,
       bosskey: 1.5,
       childchu: -2.5,
       hearts3: 1.5,
       wallet: 0.5 },
    rowtypes: { bottle: 100, hookshot: 0.5, ms: 100 },
    name: '8 Songs',
    id: '8-songs',
    time: 8.5,
    goal: 
     { difficulty: 11,
       id: '8-songs',
       jp: '歌8つ以上',
       name: '8 Songs',
       rowtypes: [Object],
       skill: 0,
       subtypes: [Object],
       time: 8.5,
       types: [Object] },
    synergy: 0.5 },
  { difficulty: 12,
    desiredTime: 9,
    types: { childchu: 0, dmc: 2, selfsynergy: 0 },
    subtypes: { child2: 3, czl: 0.5, hearts3: 0.5, wallet: 4 },
    rowtypes: { bottle: 100, hookshot: 0.25, ms: 100 },
    name: 'All 8 Death Mountain area Skulltulas',
    id: 'all-8-death-mountain-area-skulltulas',
    time: 8.25,
    goal: 
     { difficulty: 11,
       id: 'all-8-death-mountain-area-skulltulas',
       jp: 'デスマウンテンエリアの黄金のスタルチュラ8匹',
       name: 'All 8 Death Mountain area Skulltulas',
       rowtypes: [Object],
       skill: 0,
       subtypes: [Object],
       time: 8.25,
       types: [Object] },
    synergy: 6.5 },
  { difficulty: 19,
    desiredTime: 14.25,
    types: { forest: 3, hovers: 2, incforest: 100, meg: 8.75, selfsynergy: 0 },
    subtypes: 
     { bosskey2: 3,
       compass: 4,
       hearts3: 0.25,
       hearts4: 1,
       map: 2.5,
       quiver: 4.5,
       songs5: 1.75,
       wallet: 1 },
    rowtypes: { bottle: 0.5, hookshot: 100, ms: 100 },
    name: 'Defeat Meg (purple Poe)',
    id: 'defeat-meg-purple-poe-',
    time: 14.25,
    goal: 
     { difficulty: 19,
       id: 'defeat-meg-purple-poe-',
       jp: 'メグ撃破(紫のポウ)',
       name: 'Defeat Meg (purple Poe)',
       rowtypes: [Object],
       skill: 0.25,
       subtypes: [Object],
       time: 14.25,
       types: [Object] },
    synergy: 4.5 },
  { difficulty: 21,
    desiredTime: 15.75,
    types: 
     { bothzl: -4.25,
       czl: 4.25,
       dc: 2,
       ice: 1.5,
       incwskull: 100,
       irons: 2,
       longshot: 4,
       poachers: 4.25,
       selfsynergy: 0,
       water: 4 },
    subtypes: 
     { aganon: 0.25,
       bbprize: -6,
       bosskey: 3.75,
       childchu: -2.5,
       chuczl: 2,
       compass: 3.5,
       hearts3: 1.5,
       hearts4: 2.5,
       hovers: 0.5,
       map: 3.5,
       spirit: -1,
       wallet: 2.5 },
    rowtypes: { bottle: 100, hookshot: 100, ms: 100 },
    name: 'All 5 Skulltulas in Water Temple',
    id: 'all-5-skulltulas-in-water-temple',
    time: 16.5,
    goal: 
     { difficulty: 22,
       id: 'all-5-skulltulas-in-water-temple',
       jp: '水の神殿の黄金のスタルチュラ5匹',
       name: 'All 5 Skulltulas in Water Temple',
       rowtypes: [Object],
       skill: 0.75,
       subtypes: [Object],
       time: 16.5,
       types: [Object] },
    synergy: 5.25 },
  { difficulty: 3,
    desiredTime: 2.25,
    types: { bombbag: 100, quiver: 0.5, selfsynergy: 0 },
    subtypes: { childchu: -2.5 },
    rowtypes: { bottle: 100, hookshot: 0, ms: 100 },
    name: 'Quiver (40)',
    id: 'quiver-40-',
    time: 1.5,
    goal: 
     { difficulty: 2,
       id: 'quiver-40-',
       jp: '矢立て(40)',
       name: 'Quiver (40)',
       rowtypes: [Object],
       skill: 0,
       subtypes: [Object],
       time: 1.5,
       types: [Object] },
    synergy: 0.75 },
  { difficulty: 24,
    desiredTime: 18,
    types: { compass: 22, hovers: 3, selfsynergy: -3 },
    subtypes: 
     { bosskey2: 2,
       hearts3: 1.5,
       hearts4: 2,
       map: 22,
       poachers: 1.25,
       wallet: 1 },
    rowtypes: { bottle: 0.5, hookshot: 100, ms: 5 },
    name: '7 Compasses',
    id: '7-compasses',
    time: 18.25,
    goal: 
     { difficulty: 24,
       id: '7-compasses',
       jp: 'コンパス7つ',
       name: '7 Compasses',
       rowtypes: [Object],
       skill: 1,
       subtypes: [Object],
       time: 18.25,
       types: [Object] },
    synergy: 0 },
  { difficulty: 1,
    desiredTime: 0.75,
    types: { incsword: 100, selfsynergy: 0, swords: 3 },
    subtypes: { bulletbag: -3 },
    rowtypes: { bottle: 100, hookshot: 0, ms: 100 },
    name: 'Giant\'s Knife',
    id: 'giant-s-knife',
    time: 1,
    goal: 
     { difficulty: 1,
       id: 'giant-s-knife',
       jp: '巨人のナイフ',
       name: 'Giant\'s Knife',
       rowtypes: [Object],
       skill: 0,
       subtypes: [Object],
       time: 1,
       types: [Object] },
    synergy: 6.5 },
  { difficulty: 8,
    desiredTime: 6,
    types: { endon: -0.5, hovers: 1, incwboss: 100, selfsynergy: 0, water: 7 },
    subtypes: { compass: 2.5, hearts3: 3, hearts4: 1, map: 2.5, poachers: 1.25 },
    rowtypes: { bottle: 0, hookshot: 100, ms: 1 },
    name: 'Defeat Morpha',
    id: 'defeat-morpha',
    time: 5.75,
    goal: 
     { difficulty: 8,
       id: 'defeat-morpha',
       jp: 'モーファ撃破',
       name: 'Defeat Morpha',
       rowtypes: [Object],
       skill: 0.25,
       subtypes: [Object],
       time: 5.75,
       types: [Object] },
    synergy: 6 },
  { difficulty: 15,
    desiredTime: 11.25,
    types: { dmc: 1, fire: 8, gtunic: 1, selfsynergy: 0 },
    subtypes: 
     { bosskey: 2,
       compass: 4,
       hovers: 0.25,
       map: 2.5,
       songs5: 1.25,
       wallet: 0.5 },
    rowtypes: { bottle: 0.5, hookshot: 0.25, ms: 100 },
    name: 'Defeat both Flare Dancers',
    id: 'defeat-both-flare-dancers',
    time: 10.75,
    goal: 
     { difficulty: 14,
       id: 'defeat-both-flare-dancers',
       jp: 'フレアダンサー2体撃破',
       name: 'Defeat both Flare Dancers',
       rowtypes: [Object],
       skill: 0.25,
       subtypes: [Object],
       time: 10.75,
       types: [Object] },
    synergy: 1.5 },
  { difficulty: 17,
    desiredTime: 12.75,
    types: 
     { endon: -1,
       fortress: 2,
       inclacs: 100,
       legitlacs: 100,
       lightarrow: 6.5,
       poachers: 4.25,
       selfsynergy: 0 },
    subtypes: 
     { aganon: 1,
       bosskey: 3,
       bosskey2: 6,
       childchu: -2.5,
       hearts3: 1.5,
       hearts4: 0.75,
       hovers: 0.25,
       map: 3,
       quiver: 4.5,
       wallet: 0.25 },
    rowtypes: { bottle: 100, hookshot: 0.5, ms: 100 },
    name: 'Light Arrows',
    id: 'light-arrows',
    time: 13.5,
    goal: 
     { difficulty: 18,
       id: 'light-arrows',
       jp: '光の矢',
       name: 'Light Arrows',
       rowtypes: [Object],
       skill: 0,
       subtypes: [Object],
       time: 13.5,
       types: [Object] },
    synergy: 6.5 },
  { difficulty: 13,
    desiredTime: 9.75,
    types: { childchu: 0, fountain: 2, jabu: 5, selfsynergy: 0 },
    subtypes: 
     { child2: 2,
       childreset: 1.25,
       compass: 4,
       hearts3: 1,
       hearts4: 1,
       hovers: 0.5,
       map: 3,
       wallet: 0.5 },
    rowtypes: { bottle: 0, hookshot: 0, ms: 0 },
    name: 'Map & Compass in Jabu-Jabu',
    id: 'map-compass-in-jabu-jabu',
    time: 9.75,
    goal: 
     { difficulty: 13,
       id: 'map-compass-in-jabu-jabu',
       jp: 'ジャブジャブ様のお腹のマップとコンパス',
       name: 'Map & Compass in Jabu-Jabu',
       rowtypes: [Object],
       skill: 0,
       subtypes: [Object],
       time: 9.75,
       types: [Object] },
    synergy: 6.5 },
  { difficulty: 20,
    desiredTime: 15,
    types: 
     { bothzl: -4.25,
       czl: 4.25,
       dmc: 1,
       endon: -0.25,
       fortress: 2.5,
       hovers: 2,
       magic: 2,
       poachers: 4.25,
       selfsynergy: 0,
       spirit: 2 },
    subtypes: 
     { aganon: 0.25,
       bosskey: 2,
       bottleslot: 4,
       childchu: -2.5,
       chuczl: 2,
       compass: 2.5,
       hearts3: 1,
       hearts4: 0.25,
       map: 2,
       wallet: 0.5 },
    rowtypes: { bottle: 100, hookshot: 2.5, ms: 4 },
    name: 'Nayru\'s Love',
    id: 'nayru-s-love',
    time: 15.5,
    goal: 
     { difficulty: 21,
       id: 'nayru-s-love',
       jp: 'ネールの愛',
       name: 'Nayru\'s Love',
       rowtypes: [Object],
       skill: 0.25,
       subtypes: [Object],
       time: 15.5,
       types: [Object] },
    synergy: 4.25 },
  { difficulty: 22,
    desiredTime: 16.5,
    types: 
     { child2: 5,
       dins: 1,
       endon: 0,
       forest: 3,
       hovers: 3,
       incfboss: 100,
       pg: 2.25,
       selfsynergy: 0 },
    subtypes: 
     { bosskey2: 2,
       compass: 1,
       hearts3: 3,
       hearts4: 1,
       map: 2,
       songs4: 1.5,
       songs5: 2,
       wallet: 2.75 },
    rowtypes: { bottle: 100, hookshot: 100, ms: 100 },
    name: 'All 4 Market area Skulltulas',
    id: 'all-4-market-area-skulltulas',
    time: 17,
    goal: 
     { difficulty: 23,
       id: 'all-4-market-area-skulltulas',
       jp: '城下町エリアの黄金のスタルチュラ4匹',
       name: 'All 4 Market area Skulltulas',
       rowtypes: [Object],
       skill: 0.5,
       subtypes: [Object],
       time: 17,
       types: [Object] },
    synergy: 0 },
  { difficulty: 4,
    desiredTime: 3,
    types: { fortress: 3, gtg: 1, incarrows: 100, selfsynergy: 0 },
    subtypes: 
     { bosskey: 3.5,
       hearts3: 0.5,
       hearts4: 0.25,
       hovers: 0.5,
       kd: 2,
       map: 3,
       quiver: 4.5,
       wallet: 0.25 },
    rowtypes: { bottle: 0, hookshot: 1, ms: 0 },
    name: 'Ice Arrows',
    id: 'ice-arrows',
    time: 4,
    goal: 
     { difficulty: 5,
       id: 'ice-arrows',
       jp: '氷の矢',
       name: 'Ice Arrows',
       rowtypes: [Object],
       skill: 0.25,
       subtypes: [Object],
       time: 4,
       types: [Object] },
    synergy: 2.25 },
  { difficulty: 6,
    desiredTime: 4.5,
    types: 
     { aganon: 3,
       bganon: -3,
       bosskey: 6.75,
       cganon: 3,
       incbk: 100,
       selfsynergy: -2 },
    subtypes: { compass: 2, hearts3: 1, hearts4: 1, map: 3 },
    rowtypes: { bottle: 0.5, hookshot: 2, ms: 100 },
    name: '2 Boss Keys',
    id: '2-boss-keys',
    time: 4.75,
    goal: 
     { difficulty: 6,
       id: '2-boss-keys',
       jp: 'ボス部屋の鍵2つ',
       name: '2 Boss Keys',
       rowtypes: [Object],
       skill: 0,
       subtypes: [Object],
       time: 4.75,
       types: [Object] },
    synergy: 6.5 },
  { difficulty: 2,
    desiredTime: 1.5,
    types: { selfsynergy: 0, sticks: 100 },
    subtypes: { bulletbag: 100, childchu: -0.5 },
    rowtypes: { bottle: 100, hookshot: 0, ms: 2 },
    name: 'Exactly 30 Deku Sticks',
    id: 'exactly-30-deku-sticks',
    time: 1.5,
    goal: 
     { difficulty: 2,
       id: 'exactly-30-deku-sticks',
       jp: 'デクの棒30本',
       name: 'Exactly 30 Deku Sticks',
       rowtypes: [Object],
       skill: 0,
       subtypes: [Object],
       time: 1.5,
       types: [Object] },
    synergy: 6.25 },
  { difficulty: 9,
    desiredTime: 6.75,
    types: { childchu: 0, fortress: 2, selfsynergy: 0 },
    subtypes: 
     { bosskey: 1.5,
       child2: 1.5,
       hearts3: 0.5,
       hearts4: 0.25,
       hovers: 0.25,
       jabu: 0.5,
       map: 1.5,
       wallet: 2 },
    rowtypes: { bottle: 100, hookshot: 2, ms: 100 },
    name: 'All 4 Gerudo Valley area Skulltulas',
    id: 'all-4-gerudo-valley-area-skulltulas',
    time: 7,
    goal: 
     { difficulty: 9,
       id: 'all-4-gerudo-valley-area-skulltulas',
       jp: 'ゲルドの谷エリアの黄金のスタルチュラ4匹',
       name: 'All 4 Gerudo Valley area Skulltulas',
       rowtypes: [Object],
       skill: 0.25,
       subtypes: [Object],
       time: 7,
       types: [Object] },
    synergy: 6.25 },
  { difficulty: 11,
    desiredTime: 8.25,
    types: { dmc: 1, fire: 5, gtunic: 1, selfsynergy: 0 },
    subtypes: 
     { bosskey: 2,
       compass: 4,
       hearts3: 0.5,
       hovers: 0.25,
       map: 3,
       songs5: 1.25,
       wallet: 0.25 },
    rowtypes: { bottle: 0.5, hookshot: 0.25, ms: 4 },
    name: 'Map & Compass in Fire Temple',
    id: 'map-compass-in-fire-temple',
    time: 9,
    goal: 
     { difficulty: 12,
       id: 'map-compass-in-fire-temple',
       jp: '炎の神殿のマップとコンパス',
       name: 'Map & Compass in Fire Temple',
       rowtypes: [Object],
       skill: 0,
       subtypes: [Object],
       time: 9,
       types: [Object] },
    synergy: 5.75 },
  { difficulty: 18,
    desiredTime: 13.5,
    types: 
     { bothzl: -4.25,
       czl: 4.25,
       fortress: 3,
       hovers: 3,
       inclacs: 100,
       legitlacs: 100,
       lightarrow: 7,
       poachers: 4.25,
       selfsynergy: 0,
       spirit: 5 },
    subtypes: 
     { aganon: 1,
       bosskey: 6,
       bosskey2: 5.75,
       childchu: -2.5,
       chuczl: 2,
       compass: 1,
       hearts3: 1,
       hearts4: 0.75,
       map: 4.5,
       wallet: 0.25 },
    rowtypes: { bottle: 100, hookshot: 0, ms: 8 },
    name: 'Spirit Temple Boss Key',
    id: 'spirit-temple-boss-key',
    time: 14.5,
    goal: 
     { difficulty: 19,
       id: 'spirit-temple-boss-key',
       jp: '魂の神殿のボス部屋の鍵',
       name: 'Spirit Temple Boss Key',
       rowtypes: [Object],
       skill: 0,
       subtypes: [Object],
       time: 14.5,
       types: [Object] },
    synergy: 6.75 },
  { difficulty: 25,
    desiredTime: 18.75,
    types: 
     { fortress: 2.5,
       gtg: 1,
       hovers: 3,
       incboot: 100,
       incshield: 100,
       incsword: 100,
       inctunic: 100,
       selfsynergy: -1,
       spirit: 3.5,
       swords: 3 },
    subtypes: 
     { bosskey: 3.25,
       bosskey2: 5,
       compass: 4,
       hearts3: 1.5,
       hearts4: 0.75,
       map: 6,
       songs4: 1.5,
       songs5: 1,
       wallet: 1.5 },
    rowtypes: { bottle: 100, hookshot: 100, ms: 100 },
    name: '3 Swords, Tunics, Boots, and Shields',
    id: '3-swords-tunics-boots-and-shields',
    time: 19,
    goal: 
     { difficulty: 25,
       id: '3-swords-tunics-boots-and-shields',
       jp: '剣3種、服3種、靴3種、盾3種',
       name: '3 Swords, Tunics, Boots, and Shields',
       rowtypes: [Object],
       skill: 0.75,
       subtypes: [Object],
       time: 19,
       types: [Object] },
    synergy: 0 },
  { difficulty: 16,
    desiredTime: 12,
    types: 
     { fountain: 2,
       ice: 1.5,
       inclhskull: 100,
       irons: 2,
       selfsynergy: 0,
       water: 1 },
    subtypes: 
     { bottleslot: 2,
       child2: 3,
       compass: 4,
       hearts3: 1,
       hearts4: 0.25,
       hovers: 0.5,
       map: 4,
       wallet: 3 },
    rowtypes: { bottle: 100, hookshot: 100, ms: 100 },
    name: 'All 5 Lake Hylia Skulltulas',
    id: 'all-5-lake-hylia-skulltulas',
    time: 12.5,
    goal: 
     { difficulty: 17,
       id: 'all-5-lake-hylia-skulltulas',
       jp: 'ハイリア湖畔エリアの黄金のスタルチュラ5匹',
       name: 'All 5 Lake Hylia Skulltulas',
       rowtypes: [Object],
       skill: 0.5,
       subtypes: [Object],
       time: 12.5,
       types: [Object] },
    synergy: 3 },
  { difficulty: 23,
    desiredTime: 17.25,
    types: 
     { dc: 2,
       dmc: 1,
       fire: 1,
       forest: 2.75,
       fortress: 2.5,
       gtg: 1,
       hovers: 3,
       selfsynergy: -3,
       shadow: 2,
       spirit: 3,
       water: 2 },
    subtypes: 
     { bosskey: 4,
       bosskey2: 3,
       compass: 6,
       hearts3: 0.5,
       hearts4: 2.25,
       map: 6,
       songs5: 5,
       wallet: 4.5 },
    rowtypes: { bottle: 0.5, hookshot: 100, ms: 100 },
    name: '1 unused small key in each Adult Dungeon',
    id: '1-unused-small-key-in-each-adult-dungeon',
    time: 16.25,
    goal: 
     { difficulty: 22,
       id: '1-unused-small-key-in-each-adult-dungeon',
       jp: '全ての大人のダンジョンから未使用の鍵最低１つずつ',
       name: '1 unused small key in each Adult Dungeon',
       rowtypes: [Object],
       skill: 0.75,
       subtypes: [Object],
       time: 16.25,
       types: [Object] },
    synergy: 1 },
  { difficulty: 5,
    desiredTime: 3.75,
    types: 
     { aganon: 2.5,
       bganon: -2.5,
       cganon: 2.5,
       fountain: 2,
       ice: 1.5,
       selfsynergy: 0 },
    subtypes: { bosskey: 2.5, compass: 3, hearts3: 1, map: 3, wallet: 0.75 },
    rowtypes: { bottle: 100, hookshot: 0, ms: 0 },
    name: 'Blue Fire',
    id: 'blue-fire',
    time: 3.5,
    goal: 
     { difficulty: 5,
       id: 'blue-fire',
       jp: '青い炎',
       name: 'Blue Fire',
       rowtypes: [Object],
       skill: 0,
       subtypes: [Object],
       time: 3.5,
       types: [Object] },
    synergy: 4.75 },
  { difficulty: 7,
    desiredTime: 5.25,
    types: { childreset: 1.25, forest: 1, saria: 0.25, selfsynergy: 0 },
    subtypes: { songs5: 1, wallet: 2 },
    rowtypes: { bottle: 100, hookshot: 2, ms: 100 },
    name: 'All 4 Lost Woods area Skulltulas',
    id: 'all-4-lost-woods-area-skulltulas',
    time: 5.25,
    goal: 
     { difficulty: 7,
       id: 'all-4-lost-woods-area-skulltulas',
       jp: '迷いの森エリアの黄金のスタルチュラ4匹',
       name: 'All 4 Lost Woods area Skulltulas',
       rowtypes: [Object],
       skill: 0,
       subtypes: [Object],
       time: 5.25,
       types: [Object] },
    synergy: 7 },
  { difficulty: 14,
    desiredTime: 10.5,
    types: { childchu: 0, fountain: 2, selfsynergy: 0 },
    subtypes: 
     { childreset: 1.25,
       compass: 2,
       hearts3: 1,
       jabu: 0.5,
       map: 2,
       wallet: 4 },
    rowtypes: { bottle: 0, hookshot: 100, ms: 100 },
    name: 'All 8 Zora\'s Domain area Skulltulas',
    id: 'all-8-zora-s-domain-area-skulltulas',
    time: 10.5,
    goal: 
     { difficulty: 14,
       id: 'all-8-zora-s-domain-area-skulltulas',
       jp: 'ゾーラの里エリアの黄金のスタルチュラ8匹',
       name: 'All 8 Zora\'s Domain area Skulltulas',
       rowtypes: [Object],
       skill: 0.5,
       subtypes: [Object],
       time: 10.5,
       types: [Object] },
    synergy: 4 },
  meta: { iterations: 1 } ]
