[ ,
  { difficulty: 15,
    desiredTime: 11.25,
    types: 
     { fortress: 2.5,
       hovers: 3,
       incshield: 100,
       selfsynergy: 0,
       spirit: 3.5 },
    subtypes: 
     { bosskey: 3,
       bosskey2: 5,
       compass: 1,
       hearts3: 0.5,
       hearts4: 0.5,
       map: 3 },
    rowtypes: { bottle: 0, hookshot: 100, ms: 6 },
    name: '3 Shields',
    id: '3-shields',
    time: 11.75,
    goal: 
     { difficulty: 16,
       id: '3-shields',
       jp: '盾3種',
       name: '3 Shields',
       rowtypes: [Object],
       skill: 0.5,
       subtypes: [Object],
       time: 11.75,
       types: [Object] },
    synergy: 2.75 },
  { difficulty: 17,
    desiredTime: 12.75,
    types: 
     { fountain: 2,
       ice: 1.5,
       inclhskull: 100,
       irons: 2,
       selfsynergy: 0,
       water: 1 },
    subtypes: 
     { bottleslot: 2,
       child2: 3,
       compass: 4,
       hearts3: 1,
       hearts4: 0.25,
       hovers: 0.5,
       map: 4,
       wallet: 3 },
    rowtypes: { bottle: 100, hookshot: 100, ms: 100 },
    name: 'All 5 Lake Hylia Skulltulas',
    id: 'all-5-lake-hylia-skulltulas',
    time: 12.5,
    goal: 
     { difficulty: 17,
       id: 'all-5-lake-hylia-skulltulas',
       jp: 'ハイリア湖畔エリアの黄金のスタルチュラ5匹',
       name: 'All 5 Lake Hylia Skulltulas',
       rowtypes: [Object],
       skill: 0.5,
       subtypes: [Object],
       time: 12.5,
       types: [Object] },
    synergy: 2 },
  { difficulty: 4,
    desiredTime: 3,
    types: { fountain: 2, ice: 1.5, selfsynergy: 0 },
    subtypes: { compass: 3, hearts3: 1.5, map: 3, wallet: 1 },
    rowtypes: { bottle: 0, hookshot: 0, ms: 1 },
    name: 'Ice Cavern Heart Piece',
    id: 'ice-cavern-heart-piece',
    time: 3.5,
    goal: 
     { difficulty: 5,
       id: 'ice-cavern-heart-piece',
       jp: '氷の洞窟のハートのかけら',
       name: 'Ice Cavern Heart Piece',
       rowtypes: [Object],
       skill: 0,
       subtypes: [Object],
       time: 3.5,
       types: [Object] },
    synergy: 5 },
  { difficulty: 21,
    desiredTime: 15.75,
    types: 
     { childchu: 0,
       childreset: 1.25,
       childtrade: 2.75,
       chuczl: 2,
       czl: 5,
       saria: 3,
       selfsynergy: -1 },
    subtypes: 
     { cganon: 2,
       child2: 2.5,
       hearts3: 4.5,
       hearts4: 1.5,
       songs4: 3,
       wallet: 0.25 },
    rowtypes: { bottle: 0, hookshot: 0, ms: 0 },
    name: 'Both heart pieces in Lost Woods',
    id: 'both-heart-pieces-in-lost-woods',
    time: 17,
    goal: 
     { difficulty: 23,
       id: 'both-heart-pieces-in-lost-woods',
       jp: '迷いの森のハートのかけら２つ',
       name: 'Both heart pieces in Lost Woods',
       rowtypes: [Object],
       skill: 0,
       subtypes: [Object],
       time: 17,
       types: [Object] },
    synergy: 2.75 },
  { difficulty: 8,
    desiredTime: 6,
    types: { dc: 3, fortress: 2, incdodongo: 100, kd: 2, selfsynergy: 0 },
    subtypes: { compass: 2, hearts3: 3, hearts4: 1, map: 2, wallet: 0.5 },
    rowtypes: { bottle: 0.5, hookshot: 0, ms: 1 },
    name: 'Beat Dodongo\'s Cavern',
    id: 'beat-dodongo-s-cavern',
    time: 6.25,
    goal: 
     { difficulty: 8,
       id: 'beat-dodongo-s-cavern',
       jp: 'ドドンゴの洞窟クリア',
       name: 'Beat Dodongo\'s Cavern',
       rowtypes: [Object],
       skill: 0.25,
       subtypes: [Object],
       time: 6.25,
       types: [Object] },
    synergy: 6.5 },
  { difficulty: 24,
    desiredTime: 18,
    types: 
     { aganon: 3,
       bothzl: -4.25,
       czl: 4.25,
       dins: 3,
       dmc: 1,
       endon: -0.5,
       firearrow: 8,
       fortress: 2,
       hovers: 1.5,
       lightarrow: 10,
       magic: 2,
       poachers: 4.25,
       selfsynergy: 0 },
    subtypes: 
     { bosskey: 1,
       childchu: -2.5,
       chuczl: 2,
       gtunic: 0.25,
       hearts3: 1,
       hearts4: 0.5,
       songs5: 1 },
    rowtypes: { bottle: 100, hookshot: 100, ms: 6 },
    name: 'Get to the end of Forest Trial',
    id: 'get-to-the-end-of-forest-trial',
    time: 18.5,
    goal: 
     { difficulty: 25,
       id: 'get-to-the-end-of-forest-trial',
       jp: '森の結界の最後の部屋に到達',
       name: 'Get to the end of Forest Trial',
       rowtypes: [Object],
       skill: 0.5,
       subtypes: [Object],
       time: 18.5,
       types: [Object] },
    synergy: 0 },
  { difficulty: 6,
    desiredTime: 4.5,
    types: { dc: 2, selfsynergy: 0 },
    subtypes: { compass: 2, hearts4: 1, map: 2, wallet: 0.5 },
    rowtypes: { bottle: 0, hookshot: 0, ms: 1 },
    name: 'Defeat all Lizalfos in Dodongo\'s Cavern',
    id: 'defeat-all-lizalfos-in-dodongo-s-cavern',
    time: 4.5,
    goal: 
     { difficulty: 6,
       id: 'defeat-all-lizalfos-in-dodongo-s-cavern',
       jp: 'ドドンゴの洞窟のリザルフォス全て撃破',
       name: 'Defeat all Lizalfos in Dodongo\'s Cavern',
       rowtypes: [Object],
       skill: 0,
       subtypes: [Object],
       time: 4.5,
       types: [Object] },
    synergy: 4.75 },
  { difficulty: 13,
    desiredTime: 9.75,
    types: 
     { endon: -0.5,
       fortress: 3,
       gtg: 3,
       incgtgkey: 100,
       selfsynergy: 0 },
    subtypes: { bosskey: 3, hearts4: 0.25, hovers: 0.75, map: 3, wallet: 0.5 },
    rowtypes: { bottle: 100, hookshot: 100, ms: 3 },
    name: '7 different unused keys in Gerudo Training Grounds',
    id: '7-different-unused-keys-in-gerudo-training-grounds',
    time: 8.75,
    goal: 
     { difficulty: 12,
       id: '7-different-unused-keys-in-gerudo-training-grounds',
       jp: 'ゲルドの修練場の未使用の鍵7つ(増殖禁止)',
       name: '7 different unused keys in Gerudo Training Grounds',
       rowtypes: [Object],
       skill: 0.5,
       subtypes: [Object],
       time: 8.75,
       types: [Object] },
    synergy: 5.25 },
  { difficulty: 20,
    desiredTime: 15,
    types: { dmc: 1, fire: 8, gtunic: 1, selfsynergy: 0 },
    subtypes: 
     { bosskey: 2.25,
       compass: 4,
       hearts3: 0.5,
       hearts4: 1,
       hovers: 0.25,
       map: 2,
       songs5: 1.25,
       wallet: 0.5 },
    rowtypes: { bottle: 0.5, hookshot: 0.5, ms: 100 },
    name: 'Free all 9 gorons in Fire Temple',
    id: 'free-all-9-gorons-in-fire-temple',
    time: 14.75,
    goal: 
     { difficulty: 20,
       id: 'free-all-9-gorons-in-fire-temple',
       jp: '炎の神殿で９人のゴロンを全員救う',
       name: 'Free all 9 gorons in Fire Temple',
       rowtypes: [Object],
       skill: 0.25,
       subtypes: [Object],
       time: 14.75,
       types: [Object] },
    synergy: 6.75 },
  { difficulty: 2,
    desiredTime: 1.5,
    types: { gtunic: 1.75, inctunic: 100, selfsynergy: 0 },
    subtypes: { bosskey: 0.5, songs5: 0.25 },
    rowtypes: { bottle: 0, hookshot: 0, ms: 100 },
    name: 'Goron Tunic',
    id: 'goron-tunic',
    time: 1.75,
    goal: 
     { difficulty: 2,
       id: 'goron-tunic',
       jp: 'ゴロンの服',
       name: 'Goron Tunic',
       rowtypes: [Object],
       skill: 0,
       subtypes: [Object],
       time: 1.75,
       types: [Object] },
    synergy: 2.25 },
  { difficulty: 18,
    desiredTime: 13.5,
    types: { forest: 3, hovers: 2, incforest: 100, meg: 5, selfsynergy: 0 },
    subtypes: 
     { bosskey: 2,
       bosskey2: 6,
       compass: 4,
       hearts4: 1,
       map: 3,
       quiver: 4.5,
       songs5: 1.75,
       wallet: 1 },
    rowtypes: { bottle: 0.5, hookshot: 100, ms: 100 },
    name: 'Obtain all 5 Small Keys in Forest Temple',
    id: 'obtain-all-5-small-keys-in-forest-temple',
    time: 12.75,
    goal: 
     { difficulty: 17,
       id: 'obtain-all-5-small-keys-in-forest-temple',
       jp: '森の神殿の小さな鍵の宝箱を5つ全て開ける',
       name: 'Obtain all 5 Small Keys in Forest Temple',
       rowtypes: [Object],
       skill: 0.25,
       subtypes: [Object],
       time: 12.75,
       types: [Object] },
    synergy: 5.25 },
  { difficulty: 5,
    desiredTime: 3.75,
    types: { childreset: 1, lonlon: 1.75, selfsynergy: 0 },
    subtypes: { hearts3: 0.75, hearts4: 0.25 },
    rowtypes: { bottle: 0, hookshot: 0, ms: 0 },
    name: 'Lon Lon Ranch HP',
    id: 'lon-lon-ranch-hp',
    time: 3.5,
    goal: 
     { difficulty: 5,
       id: 'lon-lon-ranch-hp',
       jp: 'ロンロン牧場のハートのかけら',
       name: 'Lon Lon Ranch HP',
       rowtypes: [Object],
       skill: 0,
       subtypes: [Object],
       time: 3.5,
       types: [Object] },
    synergy: 6.75 },
  { difficulty: 22,
    desiredTime: 16.5,
    types: 
     { bothzl: -4.25,
       czl: 4.25,
       hovers: 3,
       poachers: 4.25,
       selfsynergy: 0,
       shadow: 8 },
    subtypes: 
     { aganon: 0.25,
       bosskey: 3.5,
       bosskey2: 6,
       childchu: -2.5,
       chuczl: 2,
       compass: 1,
       hearts3: 2,
       hearts4: 1,
       wallet: 2.5 },
    rowtypes: { bottle: 100, hookshot: 100, ms: 100 },
    name: 'All 5 Skulltulas in Shadow Temple',
    id: 'all-5-skulltulas-in-shadow-temple',
    time: 16.25,
    goal: 
     { difficulty: 22,
       id: 'all-5-skulltulas-in-shadow-temple',
       jp: '闇の神殿の黄金のスタルチュラ5匹',
       name: 'All 5 Skulltulas in Shadow Temple',
       rowtypes: [Object],
       skill: 0.25,
       subtypes: [Object],
       time: 16.25,
       types: [Object] },
    synergy: 0.25 },
  { difficulty: 9,
    desiredTime: 6.75,
    types: { childchu: 0, fountain: 2, gtg: 1, jabu: 3, selfsynergy: 0 },
    subtypes: 
     { childreset: 0.5,
       compass: 2,
       hearts3: 2,
       hearts4: 1,
       wallet: 2.25 },
    rowtypes: { bottle: 0, hookshot: 0, ms: 0 },
    name: 'All 4 Skulltulas in Jabu-Jabu',
    id: 'all-4-skulltulas-in-jabu-jabu',
    time: 7.5,
    goal: 
     { difficulty: 10,
       id: 'all-4-skulltulas-in-jabu-jabu',
       jp: 'ジャブジャブ様のお腹の黄金のスタルチュラ4匹',
       name: 'All 4 Skulltulas in Jabu-Jabu',
       rowtypes: [Object],
       skill: 0.5,
       subtypes: [Object],
       time: 7.5,
       types: [Object] },
    synergy: 6.25 },
  { difficulty: 11,
    desiredTime: 8.25,
    types: { selfsynergy: 0, wallet: 5 },
    subtypes: { bulletbag: 100, childchu: -2.5 },
    rowtypes: { bottle: 100, hookshot: 2, ms: 7 },
    name: '500 Rupees',
    id: '500-rupees',
    time: 8.25,
    goal: 
     { difficulty: 11,
       id: '500-rupees',
       jp: '500ルピー',
       name: '500 Rupees',
       rowtypes: [Object],
       skill: 0.25,
       subtypes: [Object],
       time: 8.25,
       types: [Object] },
    synergy: 6.5 },
  { difficulty: 7,
    desiredTime: 5.25,
    types: { fountain: 2, ice: 1.5, irons: 0.5, selfsynergy: 0 },
    subtypes: { compass: 3, hearts3: 1, hovers: 0.5, map: 3, wallet: 1.75 },
    rowtypes: { bottle: 0, hookshot: 1.5, ms: 1 },
    name: 'All 3 Skulltulas in Ice Cavern',
    id: 'all-3-skulltulas-in-ice-cavern',
    time: 4.25,
    goal: 
     { difficulty: 6,
       id: 'all-3-skulltulas-in-ice-cavern',
       jp: '氷の洞窟の黄金のスタルチュラ3匹',
       name: 'All 3 Skulltulas in Ice Cavern',
       rowtypes: [Object],
       skill: 0.25,
       subtypes: [Object],
       time: 4.25,
       types: [Object] },
    synergy: 6.75 },
  { difficulty: 14,
    desiredTime: 10.5,
    types: 
     { bothzl: -4.25,
       czl: 4.25,
       dmc: 1,
       magic: 2,
       poachers: 4.25,
       selfsynergy: 0 },
    subtypes: 
     { aganon: 0.5,
       childchu: -2.5,
       chuczl: 2,
       gtunic: 0.25,
       hearts3: 1.5,
       wallet: 0.25 },
    rowtypes: { bottle: 100, hookshot: 0.5, ms: 100 },
    name: 'Double Defense',
    id: 'double-defense',
    time: 10,
    goal: 
     { difficulty: 13,
       id: 'double-defense',
       jp: '防御力2倍',
       name: 'Double Defense',
       rowtypes: [Object],
       skill: 0,
       subtypes: [Object],
       time: 10,
       types: [Object] },
    synergy: 5 },
  { difficulty: 16,
    desiredTime: 12,
    types: 
     { dmc: 1,
       endon: -0.5,
       fire: 9,
       forest: 1,
       gtunic: 1.75,
       selfsynergy: 0 },
    subtypes: 
     { aganon: 1,
       bosskey: 2,
       compass: 4,
       hearts3: 3.5,
       hearts4: 2,
       hovers: 0.25,
       lightarrow: 3.5,
       map: 2.5,
       pg: 1,
       songs5: 1.25,
       wallet: 0.25 },
    rowtypes: { bottle: 100, hookshot: 0.25, ms: 100 },
    name: 'Defeat Volvagia',
    id: 'defeat-volvagia',
    time: 12.5,
    goal: 
     { difficulty: 17,
       id: 'defeat-volvagia',
       jp: 'ヴァルバジア撃破',
       name: 'Defeat Volvagia',
       rowtypes: [Object],
       skill: 0.25,
       subtypes: [Object],
       time: 12.5,
       types: [Object] },
    synergy: 5.25 },
  { difficulty: 3,
    desiredTime: 2.25,
    types: { fountain: 1, selfsynergy: 0 },
    subtypes: { bottleslot: 4, strength: 100, wallet: 100 },
    rowtypes: { bottle: 0, hookshot: 0, ms: 0 },
    name: 'Silver Scale',
    id: 'silver-scale',
    time: 3,
    goal: 
     { difficulty: 4,
       id: 'silver-scale',
       jp: '銀のウロコ',
       name: 'Silver Scale',
       rowtypes: [Object],
       skill: 0,
       subtypes: [Object],
       time: 3,
       types: [Object] },
    synergy: 4 },
  { difficulty: 25,
    desiredTime: 18.75,
    types: 
     { endon: -1,
       fortress: 2.5,
       gtg: 1,
       hovers: 3,
       legitlacs: 100,
       selfsynergy: -1,
       spirit: 8 },
    subtypes: 
     { bosskey: 6,
       bosskey2: 6,
       compass: 1,
       hearts3: 3,
       hearts4: 1.5,
       map: 3,
       songs5: 1,
       wallet: 0.5 },
    rowtypes: { bottle: 1, hookshot: 100, ms: 100 },
    name: 'Beat the Spirit Temple',
    id: 'beat-the-spirit-temple',
    time: 19,
    goal: 
     { difficulty: 25,
       id: 'beat-the-spirit-temple',
       jp: '魂の神殿クリア',
       name: 'Beat the Spirit Temple',
       rowtypes: [Object],
       skill: 1,
       subtypes: [Object],
       time: 19,
       types: [Object] },
    synergy: 0 },
  { difficulty: 1,
    desiredTime: 0.75,
    types: { selfsynergy: 0, sticks: 100 },
    subtypes: undefined,
    rowtypes: { bottle: 1, hookshot: 0, ms: 1 },
    name: 'Exactly 20 Deku Sticks',
    id: 'exactly-20-deku-sticks',
    time: 0.75,
    goal: 
     { difficulty: 1,
       id: 'exactly-20-deku-sticks',
       jp: 'デクの棒20本',
       name: 'Exactly 20 Deku Sticks',
       rowtypes: [Object],
       skill: 0,
       time: 0.75,
       types: [Object] },
    synergy: 6.75 },
  { difficulty: 23,
    desiredTime: 17.25,
    types: 
     { childtrade: 2.75,
       hearts3: 16,
       hearts4: 3,
       inchearts: 100,
       saria: 3,
       selfsynergy: -3 },
    subtypes: undefined,
    rowtypes: { bottle: 0, hookshot: 1, ms: 10 },
    name: '9 Hearts',
    id: '9-hearts',
    time: 17,
    goal: 
     { difficulty: 23,
       id: '9-hearts',
       jp: 'ハート9つ',
       name: '9 Hearts',
       rowtypes: [Object],
       skill: 1,
       time: 17,
       types: [Object] },
    synergy: 0.25 },
  { difficulty: 10,
    desiredTime: 7.5,
    types: { incsongs: 100, poachers: 4.25, selfsynergy: 0, songs5: 5.5 },
    subtypes: 
     { aganon: 0.25,
       bosskey: 1.5,
       childchu: -2.5,
       hearts3: 1.5,
       wallet: 0.5 },
    rowtypes: { bottle: 100, hookshot: 0.5, ms: 100 },
    name: '8 Songs',
    id: '8-songs',
    time: 8.5,
    goal: 
     { difficulty: 11,
       id: '8-songs',
       jp: '歌8つ以上',
       name: '8 Songs',
       rowtypes: [Object],
       skill: 0,
       subtypes: [Object],
       time: 8.5,
       types: [Object] },
    synergy: 7 },
  { difficulty: 12,
    desiredTime: 9,
    types: 
     { deku: 2,
       endon: -0.25,
       hovers: 3,
       legitlacs: 100,
       selfsynergy: 0,
       shadow: 5 },
    subtypes: { bosskey2: 2, hearts3: 3, hearts4: 1, wallet: 0.25 },
    rowtypes: { bottle: 100, hookshot: 100, ms: 5 },
    name: 'Defeat Bongo-Bongo',
    id: 'defeat-bongo-bongo',
    time: 8.75,
    goal: 
     { difficulty: 12,
       id: 'defeat-bongo-bongo',
       jp: 'ボンゴボンゴ撃破',
       name: 'Defeat Bongo-Bongo',
       rowtypes: [Object],
       skill: 0.75,
       subtypes: [Object],
       time: 8.75,
       types: [Object] },
    synergy: 4.75 },
  { difficulty: 19,
    desiredTime: 14.25,
    types: { forest: 3, hovers: 2, incforest: 100, meg: 8.75, selfsynergy: 0 },
    subtypes: 
     { bosskey2: 3,
       compass: 4,
       hearts3: 0.25,
       hearts4: 1,
       map: 2.5,
       quiver: 4.5,
       songs5: 1.75,
       wallet: 1 },
    rowtypes: { bottle: 0.5, hookshot: 100, ms: 100 },
    name: 'Defeat Meg (purple Poe)',
    id: 'defeat-meg-purple-poe-',
    time: 14.25,
    goal: 
     { difficulty: 19,
       id: 'defeat-meg-purple-poe-',
       jp: 'メグ撃破(紫のポウ)',
       name: 'Defeat Meg (purple Poe)',
       rowtypes: [Object],
       skill: 0.25,
       subtypes: [Object],
       time: 14.25,
       types: [Object] },
    synergy: 4.75 },
  meta: { iterations: 1 } ]
