[ ,
  { difficulty: 25,
    desiredTime: 18.75,
    types: 
     { childchu: 0,
       childreset: 1.25,
       childtrade: 2.75,
       chuczl: 2,
       czl: 5,
       saria: 5,
       selfsynergy: -1,
       strength: 100 },
    subtypes: 
     { bombbag: 100,
       bulletbag: 100,
       cganon: 2,
       hearts3: 3,
       hearts4: 1,
       songs4: 3,
       wallet: 0.5 },
    rowtypes: { bottle: 100, hookshot: 0, ms: 100 },
    name: 'Green Gauntlets',
    id: 'green-gauntlets',
    time: 17.75,
    goal: 
     { difficulty: 24,
       id: 'green-gauntlets',
       jp: '緑のグローブ',
       name: 'Green Gauntlets',
       rowtypes: [Object],
       skill: 0,
       subtypes: [Object],
       time: 17.75,
       types: [Object] },
    synergy: 1 },
  { difficulty: 12,
    desiredTime: 9,
    types: 
     { endon: -0.5,
       fortress: 3,
       gtg: 3,
       incgtgkey: 100,
       selfsynergy: 0 },
    subtypes: { bosskey: 3, hearts4: 0.25, hovers: 0.75, map: 3, wallet: 0.5 },
    rowtypes: { bottle: 100, hookshot: 100, ms: 3 },
    name: '7 different unused keys in Gerudo Training Grounds',
    id: '7-different-unused-keys-in-gerudo-training-grounds',
    time: 8.75,
    goal: 
     { difficulty: 12,
       id: '7-different-unused-keys-in-gerudo-training-grounds',
       jp: 'ゲルドの修練場の未使用の鍵7つ(増殖禁止)',
       name: '7 different unused keys in Gerudo Training Grounds',
       rowtypes: [Object],
       skill: 0.5,
       subtypes: [Object],
       time: 8.75,
       types: [Object] },
    synergy: 5.5 },
  { difficulty: 9,
    desiredTime: 6.75,
    types: { hovers: 3, selfsynergy: 0 },
    subtypes: 
     { dmc: 1,
       firearrow: 1,
       gtunic: 0.25,
       hearts4: 0.5,
       magic: 2,
       wallet: 1 },
    rowtypes: { bottle: 0, hookshot: 2, ms: 6 },
    name: 'Both Hyrule Field area Skulltulas',
    id: 'both-hyrule-field-area-skulltulas',
    time: 7.5,
    goal: 
     { difficulty: 10,
       id: 'both-hyrule-field-area-skulltulas',
       jp: 'ハイラル平原エリアの黄金ノスタルチュラ2匹',
       name: 'Both Hyrule Field area Skulltulas',
       rowtypes: [Object],
       skill: 1,
       subtypes: [Object],
       time: 7.5,
       types: [Object] },
    synergy: 5.25 },
  { difficulty: 1,
    desiredTime: 0.75,
    types: { selfsynergy: 0, sticks: 100 },
    subtypes: { bulletbag: 100, childchu: -0.5 },
    rowtypes: { bottle: 100, hookshot: 0, ms: 2 },
    name: 'Exactly 30 Deku Sticks',
    id: 'exactly-30-deku-sticks',
    time: 1.5,
    goal: 
     { difficulty: 2,
       id: 'exactly-30-deku-sticks',
       jp: 'デクの棒30本',
       name: 'Exactly 30 Deku Sticks',
       rowtypes: [Object],
       skill: 0,
       subtypes: [Object],
       time: 1.5,
       types: [Object] },
    synergy: 4.75 },
  { difficulty: 18,
    desiredTime: 13.5,
    types: { forest: 3, hovers: 2, incforest: 100, meg: 8.75, selfsynergy: 0 },
    subtypes: 
     { bosskey2: 3,
       compass: 4,
       hearts3: 0.25,
       hearts4: 1,
       map: 2.5,
       quiver: 4.5,
       songs5: 1.75,
       wallet: 1 },
    rowtypes: { bottle: 0.5, hookshot: 100, ms: 100 },
    name: 'Defeat Meg (purple Poe)',
    id: 'defeat-meg-purple-poe-',
    time: 14.25,
    goal: 
     { difficulty: 19,
       id: 'defeat-meg-purple-poe-',
       jp: 'メグ撃破(紫のポウ)',
       name: 'Defeat Meg (purple Poe)',
       rowtypes: [Object],
       skill: 0.25,
       subtypes: [Object],
       time: 14.25,
       types: [Object] },
    synergy: 1 },
  { difficulty: 4,
    desiredTime: 3,
    types: { dc: 3, endon: -0.5, incdodongo: 100, kd: 2, selfsynergy: 0 },
    subtypes: { compass: 2, hearts3: 3, hearts4: 1, map: 2, wallet: 0.5 },
    rowtypes: { bottle: 0.5, hookshot: 0, ms: 1 },
    name: 'Defeat King Dodongo',
    id: 'defeat-king-dodongo',
    time: 4,
    goal: 
     { difficulty: 5,
       id: 'defeat-king-dodongo',
       jp: 'キングドドンゴ撃破',
       name: 'Defeat King Dodongo',
       rowtypes: [Object],
       skill: 0,
       subtypes: [Object],
       time: 4,
       types: [Object] },
    synergy: 7 },
  { difficulty: 16,
    desiredTime: 12,
    types: { compass: 10, hovers: 3, selfsynergy: -3 },
    subtypes: { bosskey2: 2, hearts3: 1.5, hearts4: 1, map: 10, wallet: 1 },
    rowtypes: { bottle: 0, hookshot: 0.5, ms: 2 },
    name: '5 Compasses',
    id: '5-compasses',
    time: 11.25,
    goal: 
     { difficulty: 15,
       id: '5-compasses',
       jp: 'コンパス5つ',
       name: '5 Compasses',
       rowtypes: [Object],
       skill: 0.25,
       subtypes: [Object],
       time: 11.25,
       types: [Object] },
    synergy: 4 },
  { difficulty: 23,
    desiredTime: 17.25,
    types: 
     { childtrade: 2.75,
       hearts3: 16,
       hearts4: 3,
       inchearts: 100,
       saria: 3,
       selfsynergy: -3 },
    subtypes: undefined,
    rowtypes: { bottle: 0, hookshot: 1, ms: 10 },
    name: '9 Hearts',
    id: '9-hearts',
    time: 17,
    goal: 
     { difficulty: 23,
       id: '9-hearts',
       jp: 'ハート9つ',
       name: '9 Hearts',
       rowtypes: [Object],
       skill: 1,
       time: 17,
       types: [Object] },
    synergy: 0.25 },
  { difficulty: 15,
    desiredTime: 11.25,
    types: 
     { endon: -1,
       fortress: 3,
       hovers: 3,
       selfsynergy: 0,
       spirit: 3.25,
       strength: 100 },
    subtypes: 
     { bombbag: 100,
       bosskey: 3,
       bosskey2: 4.5,
       compass: 1,
       hearts3: 0.5,
       hearts4: 0.25,
       map: 3,
       songs5: 1,
       wallet: 0.75 },
    rowtypes: { bottle: 0.5, hookshot: 100, ms: 3.5 },
    name: 'Silver Gauntlets',
    id: 'silver-gauntlets',
    time: 11,
    goal: 
     { difficulty: 15,
       id: 'silver-gauntlets',
       jp: '銀のグローブ',
       name: 'Silver Gauntlets',
       rowtypes: [Object],
       skill: 0.5,
       subtypes: [Object],
       time: 11,
       types: [Object] },
    synergy: 4.75 },
  { difficulty: 7,
    desiredTime: 5.25,
    types: { beans: 6, childreset: 0.5, incbeans: 100, selfsynergy: 0 },
    subtypes: { child2: 3, gerudo: 0.5, wallet: 0.25 },
    rowtypes: { bottle: 0, hookshot: 0, ms: 0 },
    name: '7 Magic Beans',
    id: '7-magic-beans',
    time: 6.25,
    goal: 
     { difficulty: 8,
       id: '7-magic-beans',
       jp: '魔法のマメ7つ以上',
       name: '7 Magic Beans',
       rowtypes: [Object],
       skill: 0.25,
       subtypes: [Object],
       time: 6.25,
       types: [Object] },
    synergy: 7 },
  { difficulty: 13,
    desiredTime: 9.75,
    types: { childchu: 0, fountain: 2, selfsynergy: 0 },
    subtypes: 
     { childreset: 1.25,
       compass: 2,
       hearts3: 1,
       jabu: 0.5,
       map: 2,
       wallet: 4 },
    rowtypes: { bottle: 0, hookshot: 100, ms: 100 },
    name: 'All 8 Zora\'s Domain area Skulltulas',
    id: 'all-8-zora-s-domain-area-skulltulas',
    time: 10.5,
    goal: 
     { difficulty: 14,
       id: 'all-8-zora-s-domain-area-skulltulas',
       jp: 'ゾーラの里エリアの黄金のスタルチュラ8匹',
       name: 'All 8 Zora\'s Domain area Skulltulas',
       rowtypes: [Object],
       skill: 0.5,
       subtypes: [Object],
       time: 10.5,
       types: [Object] },
    synergy: 6.75 },
  { difficulty: 10,
    desiredTime: 7.5,
    types: { childchu: 0, fountain: 2, gtg: 1, jabu: 3, selfsynergy: 0 },
    subtypes: 
     { childreset: 0.5,
       compass: 2,
       hearts3: 2,
       hearts4: 1,
       wallet: 2.25 },
    rowtypes: { bottle: 0, hookshot: 0, ms: 0 },
    name: 'All 4 Skulltulas in Jabu-Jabu',
    id: 'all-4-skulltulas-in-jabu-jabu',
    time: 7.5,
    goal: 
     { difficulty: 10,
       id: 'all-4-skulltulas-in-jabu-jabu',
       jp: 'ジャブジャブ様のお腹の黄金のスタルチュラ4匹',
       name: 'All 4 Skulltulas in Jabu-Jabu',
       rowtypes: [Object],
       skill: 0.5,
       subtypes: [Object],
       time: 7.5,
       types: [Object] },
    synergy: 2 },
  { difficulty: 2,
    desiredTime: 1.5,
    types: { dmc: 0.75, selfsynergy: 0 },
    subtypes: { bosskey: 1.5, gtunic: 0.25, hearts3: 0.5, songs5: 1.25 },
    rowtypes: { bottle: 0, hookshot: 0.25, ms: 100 },
    name: 'Bolero of Fire',
    id: 'bolero-of-fire',
    time: 1.5,
    goal: 
     { difficulty: 2,
       id: 'bolero-of-fire',
       jp: '炎のボレロ',
       name: 'Bolero of Fire',
       rowtypes: [Object],
       skill: 0,
       subtypes: [Object],
       time: 1.5,
       types: [Object] },
    synergy: 0.25 },
  { difficulty: 19,
    desiredTime: 14.25,
    types: 
     { endon: -1,
       fortress: 2,
       inclacs: 100,
       legitlacs: 100,
       lightarrow: 6.5,
       poachers: 4.25,
       selfsynergy: 0 },
    subtypes: 
     { aganon: 1,
       bosskey: 3,
       bosskey2: 6,
       childchu: -2.5,
       hearts3: 1.5,
       hearts4: 0.75,
       hovers: 0.25,
       map: 3,
       quiver: 4.5,
       wallet: 0.25 },
    rowtypes: { bottle: 100, hookshot: 0.5, ms: 100 },
    name: 'Light Arrows',
    id: 'light-arrows',
    time: 13.5,
    goal: 
     { difficulty: 18,
       id: 'light-arrows',
       jp: '光の矢',
       name: 'Light Arrows',
       rowtypes: [Object],
       skill: 0,
       subtypes: [Object],
       time: 13.5,
       types: [Object] },
    synergy: 6.75 },
  { difficulty: 21,
    desiredTime: 15.75,
    types: 
     { dc: 2,
       dmc: 1,
       fire: 1,
       forest: 2.75,
       fortress: 2.5,
       gtg: 1,
       hovers: 3,
       selfsynergy: -3,
       shadow: 2,
       spirit: 3,
       water: 2 },
    subtypes: 
     { bosskey: 4,
       bosskey2: 3,
       compass: 6,
       hearts3: 0.5,
       hearts4: 2.25,
       map: 6,
       songs5: 5,
       wallet: 4.5 },
    rowtypes: { bottle: 0.5, hookshot: 100, ms: 100 },
    name: '1 unused small key in each Adult Dungeon',
    id: '1-unused-small-key-in-each-adult-dungeon',
    time: 16.25,
    goal: 
     { difficulty: 22,
       id: '1-unused-small-key-in-each-adult-dungeon',
       jp: '全ての大人のダンジョンから未使用の鍵最低１つずつ',
       name: '1 unused small key in each Adult Dungeon',
       rowtypes: [Object],
       skill: 0.75,
       subtypes: [Object],
       time: 16.25,
       types: [Object] },
    synergy: 1.25 },
  { difficulty: 17,
    desiredTime: 12.75,
    types: 
     { endon: -0.5,
       fountain: 2,
       gtunic: 1.75,
       hovers: 3,
       ice: 1.5,
       incboot: 100,
       inctunic: 100,
       irons: 2,
       selfsynergy: 0 },
    subtypes: 
     { bosskey: 0.25,
       compass: 3,
       dmc: 0.25,
       hearts3: 1,
       hearts4: 0.25,
       map: 3,
       songs4: 1.5,
       wallet: 1 },
    rowtypes: { bottle: 0, hookshot: 0.5, ms: 100 },
    name: '3 Tunics & 3 Boots',
    id: '3-tunics-3-boots',
    time: 11.75,
    goal: 
     { difficulty: 16,
       id: '3-tunics-3-boots',
       jp: '服3種、靴3種',
       name: '3 Tunics & 3 Boots',
       rowtypes: [Object],
       skill: 0.25,
       subtypes: [Object],
       time: 11.75,
       types: [Object] },
    synergy: 5.75 },
  { difficulty: 24,
    desiredTime: 18,
    types: 
     { aganon: 3,
       bothzl: -4.25,
       czl: 4.25,
       dins: 3,
       dmc: 1,
       endon: -0.5,
       firearrow: 8,
       fortress: 2,
       hovers: 1.5,
       lightarrow: 10,
       magic: 2,
       poachers: 4.25,
       selfsynergy: 0 },
    subtypes: 
     { bosskey: 1,
       childchu: -2.5,
       chuczl: 2,
       gtunic: 0.25,
       hearts3: 1,
       hearts4: 0.5,
       songs5: 1 },
    rowtypes: { bottle: 100, hookshot: 100, ms: 6 },
    name: 'Get to the end of Forest Trial',
    id: 'get-to-the-end-of-forest-trial',
    time: 18.5,
    goal: 
     { difficulty: 25,
       id: 'get-to-the-end-of-forest-trial',
       jp: '森の結界の最後の部屋に到達',
       name: 'Get to the end of Forest Trial',
       rowtypes: [Object],
       skill: 0.5,
       subtypes: [Object],
       time: 18.5,
       types: [Object] },
    synergy: 0 },
  { difficulty: 11,
    desiredTime: 8.25,
    types: 
     { deku: 2,
       endon: -0.25,
       hovers: 3,
       legitlacs: 100,
       selfsynergy: 0,
       shadow: 5 },
    subtypes: { bosskey2: 2, hearts3: 3, hearts4: 1, wallet: 0.25 },
    rowtypes: { bottle: 100, hookshot: 100, ms: 5 },
    name: 'Defeat Bongo-Bongo',
    id: 'defeat-bongo-bongo',
    time: 8.75,
    goal: 
     { difficulty: 12,
       id: 'defeat-bongo-bongo',
       jp: 'ボンゴボンゴ撃破',
       name: 'Defeat Bongo-Bongo',
       rowtypes: [Object],
       skill: 0.75,
       subtypes: [Object],
       time: 8.75,
       types: [Object] },
    synergy: 4 },
  { difficulty: 8,
    desiredTime: 6,
    types: { forest: 3, meg: 1, selfsynergy: 0 },
    subtypes: 
     { bosskey2: 5,
       compass: 1,
       hearts4: 1,
       hovers: 0.5,
       map: 2.75,
       songs5: 1.75,
       wallet: 2.75 },
    rowtypes: { bottle: 100, hookshot: 100, ms: 5 },
    name: 'All 5 Skulltulas in Forest Temple',
    id: 'all-5-skulltulas-in-forest-temple',
    time: 6.75,
    goal: 
     { difficulty: 9,
       id: 'all-5-skulltulas-in-forest-temple',
       jp: '森の神殿の黄金のスタルチュラ5匹',
       name: 'All 5 Skulltulas in Forest Temple',
       rowtypes: [Object],
       skill: 0.25,
       subtypes: [Object],
       time: 6.75,
       types: [Object] },
    synergy: 2.75 },
  { difficulty: 5,
    desiredTime: 3.75,
    types: { childreset: 1, lonlon: 1.75, selfsynergy: 0 },
    subtypes: { hearts3: 0.75, hearts4: 0.25 },
    rowtypes: { bottle: 0, hookshot: 0, ms: 0 },
    name: 'Lon Lon Ranch HP',
    id: 'lon-lon-ranch-hp',
    time: 3.5,
    goal: 
     { difficulty: 5,
       id: 'lon-lon-ranch-hp',
       jp: 'ロンロン牧場のハートのかけら',
       name: 'Lon Lon Ranch HP',
       rowtypes: [Object],
       skill: 0,
       subtypes: [Object],
       time: 3.5,
       types: [Object] },
    synergy: 4.25 },
  { difficulty: 6,
    desiredTime: 4.5,
    types: { fountain: 2, ice: 1.5, irons: 0.5, selfsynergy: 0 },
    subtypes: { compass: 3, hearts3: 1, hovers: 0.5, map: 3, wallet: 1.75 },
    rowtypes: { bottle: 0, hookshot: 1.5, ms: 1 },
    name: 'All 3 Skulltulas in Ice Cavern',
    id: 'all-3-skulltulas-in-ice-cavern',
    time: 4.25,
    goal: 
     { difficulty: 6,
       id: 'all-3-skulltulas-in-ice-cavern',
       jp: '氷の洞窟の黄金のスタルチュラ3匹',
       name: 'All 3 Skulltulas in Ice Cavern',
       rowtypes: [Object],
       skill: 0.25,
       subtypes: [Object],
       time: 4.25,
       types: [Object] },
    synergy: 5.5 },
  { difficulty: 3,
    desiredTime: 2.25,
    types: { fountain: 1.5, inctunic: 100, selfsynergy: 0 },
    subtypes: { compass: 1.5, hearts3: 0.5, map: 1.5, wallet: 0.25 },
    rowtypes: { bottle: 0, hookshot: 0, ms: 100 },
    name: 'Zora Tunic',
    id: 'zora-tunic',
    time: 1.5,
    goal: 
     { difficulty: 2,
       id: 'zora-tunic',
       jp: 'ゾーラの服',
       name: 'Zora Tunic',
       rowtypes: [Object],
       skill: 0,
       subtypes: [Object],
       time: 1.5,
       types: [Object] },
    synergy: 3.5 },
  { difficulty: 20,
    desiredTime: 15,
    types: 
     { beans: 10,
       bombbag: 100,
       fortress: 3,
       gerudo: 7,
       quiver: 1,
       selfsynergy: 0 },
    subtypes: 
     { bosskey: 2.5,
       childchu: -2.5,
       hearts4: 0.5,
       map: 2,
       wallet: 0.25 },
    rowtypes: { bottle: 100, hookshot: 0, ms: 100 },
    name: 'Quiver (50)',
    id: 'quiver-50-',
    time: 15,
    goal: 
     { difficulty: 20,
       id: 'quiver-50-',
       jp: '矢立て(50)',
       name: 'Quiver (50)',
       rowtypes: [Object],
       skill: 0.5,
       subtypes: [Object],
       time: 15,
       types: [Object] },
    synergy: 3.5 },
  { difficulty: 22,
    desiredTime: 16.5,
    types: 
     { child2: 5,
       dins: 1,
       endon: 0,
       forest: 3,
       hovers: 3,
       incfboss: 100,
       pg: 2.25,
       selfsynergy: 0 },
    subtypes: 
     { bosskey2: 2,
       compass: 1,
       hearts3: 3,
       hearts4: 1,
       map: 2,
       songs4: 1.5,
       songs5: 2,
       wallet: 2.75 },
    rowtypes: { bottle: 100, hookshot: 100, ms: 100 },
    name: 'All 4 Market area Skulltulas',
    id: 'all-4-market-area-skulltulas',
    time: 17,
    goal: 
     { difficulty: 23,
       id: 'all-4-market-area-skulltulas',
       jp: '城下町エリアの黄金のスタルチュラ4匹',
       name: 'All 4 Market area Skulltulas',
       rowtypes: [Object],
       skill: 0.5,
       subtypes: [Object],
       time: 17,
       types: [Object] },
    synergy: 5.5 },
  { difficulty: 14,
    desiredTime: 10.5,
    types: 
     { bothzl: -4.25,
       czl: 4.25,
       dmc: 1,
       fountain: 2,
       magic: 2,
       poachers: 4.25,
       selfsynergy: 0 },
    subtypes: 
     { aganon: 0.25,
       childchu: -2.5,
       chuczl: 2,
       compass: 2,
       gtunic: 0.25,
       hearts3: 2.5,
       map: 2,
       wallet: 0.5 },
    rowtypes: { bottle: 0, hookshot: 0.5, ms: 3 },
    name: 'Farore\'s Wind',
    id: 'farore-s-wind',
    time: 11.5,
    goal: 
     { difficulty: 15,
       id: 'farore-s-wind',
       jp: 'フロルの風',
       name: 'Farore\'s Wind',
       rowtypes: [Object],
       skill: 0,
       subtypes: [Object],
       time: 11.5,
       types: [Object] },
    synergy: 3.5 },
  meta: { iterations: 1 } ]
