[ ,
  { difficulty: 10,
    desiredTime: 7.5,
    types: { childchu: 0, lonlon: 1.75, selfsynergy: 0 },
    subtypes: { hearts4: 0.25, jabu: 4.75, wallet: 2.5 },
    rowtypes: { bottle: 0, hookshot: 0, ms: 0 },
    name: 'All 4 Lon-Lon Ranch area Skulltulas',
    id: 'all-4-lon-lon-ranch-area-skulltulas',
    time: 7.75,
    goal: 
     { difficulty: 10,
       id: 'all-4-lon-lon-ranch-area-skulltulas',
       jp: 'ロンロン牧場エリアの黄金のスタルチュラ4匹',
       name: 'All 4 Lon-Lon Ranch area Skulltulas',
       rowtypes: [Object],
       skill: 0.5,
       subtypes: [Object],
       time: 7.75,
       types: [Object] },
    synergy: 5.5 },
  { difficulty: 12,
    desiredTime: 9,
    types: { hearts3: 10, hearts4: 0.5, inchearts: 100, selfsynergy: -3 },
    subtypes: undefined,
    rowtypes: { bottle: 0, hookshot: 0.5, ms: 4 },
    name: '7 Hearts',
    id: '7-hearts',
    time: 8.5,
    goal: 
     { difficulty: 11,
       id: '7-hearts',
       jp: 'ハート7つ',
       name: '7 Hearts',
       rowtypes: [Object],
       skill: 0.5,
       time: 8.5,
       types: [Object] },
    synergy: 3.75 },
  { difficulty: 19,
    desiredTime: 14.25,
    types: { forest: 3, hovers: 2, incforest: 100, meg: 8.75, selfsynergy: 0 },
    subtypes: 
     { bosskey2: 3,
       compass: 4,
       hearts3: 0.25,
       hearts4: 1,
       map: 2.5,
       quiver: 4.5,
       songs5: 1.75,
       wallet: 1 },
    rowtypes: { bottle: 0.5, hookshot: 100, ms: 100 },
    name: 'Defeat Meg (purple Poe)',
    id: 'defeat-meg-purple-poe-',
    time: 14.25,
    goal: 
     { difficulty: 19,
       id: 'defeat-meg-purple-poe-',
       jp: 'メグ撃破(紫のポウ)',
       name: 'Defeat Meg (purple Poe)',
       rowtypes: [Object],
       skill: 0.25,
       subtypes: [Object],
       time: 14.25,
       types: [Object] },
    synergy: 5.5 },
  { difficulty: 1,
    desiredTime: 0.75,
    types: { bulletbag: 100, selfsynergy: 0 },
    subtypes: { hearts4: 1 },
    rowtypes: { bottle: 0, hookshot: 0, ms: 0 },
    name: 'Bullet Bag (50)',
    id: 'bullet-bag-50-',
    time: 0.5,
    goal: 
     { difficulty: 1,
       id: 'bullet-bag-50-',
       jp: 'デクのタネ袋(50)',
       name: 'Bullet Bag (50)',
       rowtypes: [Object],
       skill: 0,
       subtypes: [Object],
       time: 0.5,
       types: [Object] },
    synergy: 4.75 },
  { difficulty: 23,
    desiredTime: 17.25,
    types: 
     { aganon: 3,
       bganon: -3,
       cganon: 3,
       endon: -0.5,
       fortress: 2.5,
       gtg: 1,
       hovers: 3,
       selfsynergy: 0,
       spirit: 4 },
    subtypes: 
     { bosskey: 7.25,
       bosskey2: 5,
       childtrade: 1.5,
       compass: 1,
       czl: 1.5,
       hearts3: 2,
       hearts4: 1.5,
       map: 3,
       songs5: 1,
       wallet: 1 },
    rowtypes: { bottle: 100, hookshot: 100, ms: 8 },
    name: 'Defeat 4 Different Iron Knuckles',
    id: 'defeat-4-different-iron-knuckles',
    time: 17,
    goal: 
     { difficulty: 23,
       id: 'defeat-4-different-iron-knuckles',
       jp: 'アイアンナックを4体撃破',
       name: 'Defeat 4 Different Iron Knuckles',
       rowtypes: [Object],
       skill: 0.5,
       subtypes: [Object],
       time: 17,
       types: [Object] },
    synergy: 0.25 },
  { difficulty: 4,
    desiredTime: 3,
    types: { dmc: 2, selfsynergy: 0 },
    subtypes: { bosskey: 1, hearts3: 1.5, hovers: 0.25, songs5: 1.5 },
    rowtypes: { bottle: 0, hookshot: 0, ms: 1 },
    name: 'Both heart pieces in Death Mountain Crater',
    id: 'both-heart-pieces-in-death-mountain-crater',
    time: 2,
    goal: 
     { difficulty: 3,
       id: 'both-heart-pieces-in-death-mountain-crater',
       jp: 'デスマウンテン火口のハートのかけら２つ',
       name: 'Both heart pieces in Death Mountain Crater',
       rowtypes: [Object],
       skill: 0,
       subtypes: [Object],
       time: 2,
       types: [Object] },
    synergy: 2.25 },
  { difficulty: 21,
    desiredTime: 15.75,
    types: { dmc: 1, fire: 8, gtunic: 1, selfsynergy: 0 },
    subtypes: 
     { bosskey: 2.25,
       compass: 4,
       hearts3: 0.5,
       hearts4: 1,
       hovers: 0.25,
       map: 2,
       songs5: 1.25,
       wallet: 0.5 },
    rowtypes: { bottle: 0.5, hookshot: 0.5, ms: 100 },
    name: 'Free all 9 gorons in Fire Temple',
    id: 'free-all-9-gorons-in-fire-temple',
    time: 14.75,
    goal: 
     { difficulty: 20,
       id: 'free-all-9-gorons-in-fire-temple',
       jp: '炎の神殿で９人のゴロンを全員救う',
       name: 'Free all 9 gorons in Fire Temple',
       rowtypes: [Object],
       skill: 0.25,
       subtypes: [Object],
       time: 14.75,
       types: [Object] },
    synergy: 5.75 },
  { difficulty: 8,
    desiredTime: 6,
    types: { selfsynergy: -2, wallet: 8 },
    subtypes: undefined,
    rowtypes: { bottle: 1, hookshot: 2, ms: 6 },
    name: '15 Different Skulltulas',
    id: '15-different-skulltulas',
    time: 6.5,
    goal: 
     { difficulty: 9,
       id: '15-different-skulltulas',
       jp: 'スタルチュラのしるし15個(増殖禁止)',
       name: '15 Different Skulltulas',
       rowtypes: [Object],
       skill: 0.5,
       time: 6.5,
       types: [Object] },
    synergy: 5 },
  { difficulty: 15,
    desiredTime: 11.25,
    types: { childchu: 0, fortress: 2.5, selfsynergy: 0, spirit: 2.5 },
    subtypes: 
     { bosskey: 2,
       bosskey2: 4,
       child2: 5,
       childreset: 1.25,
       hearts4: 0.25,
       map: 1.5,
       songs5: 3,
       wallet: 2.25 },
    rowtypes: { bottle: 100, hookshot: 100, ms: 100 },
    name: 'All 4 Wasteland/ Colossus area Skulltulas',
    id: 'all-4-wasteland-colossus-area-skulltulas',
    time: 12,
    goal: 
     { difficulty: 16,
       id: 'all-4-wasteland-colossus-area-skulltulas',
       jp: '幻影の砂漠・巨大邪神像エリアの黄金のスタルチュラ4匹',
       name: 'All 4 Wasteland/ Colossus area Skulltulas',
       rowtypes: [Object],
       skill: 0.25,
       subtypes: [Object],
       time: 12,
       types: [Object] },
    synergy: 5.5 },
  { difficulty: 17,
    desiredTime: 12.75,
    types: 
     { childtrade: 1,
       hearts3: 13,
       hearts4: 2,
       inchearts: 100,
       saria: 1,
       selfsynergy: -3 },
    subtypes: undefined,
    rowtypes: { bottle: 0, hookshot: 1, ms: 6 },
    name: '8 Hearts',
    id: '8-hearts',
    time: 12.75,
    goal: 
     { difficulty: 17,
       id: '8-hearts',
       jp: 'ハート8つ',
       name: '8 Hearts',
       rowtypes: [Object],
       skill: 0.75,
       time: 12.75,
       types: [Object] },
    synergy: 5.5 },
  { difficulty: 13,
    desiredTime: 9.75,
    types: { childchu: 0, fountain: 2, gtg: 1, jabu: 3, selfsynergy: 0 },
    subtypes: { compass: 2, hearts3: 0.5, wallet: 0.75 },
    rowtypes: { bottle: 0, hookshot: 0.5, ms: 0 },
    name: 'Defeat Big Octo',
    id: 'defeat-big-octo',
    time: 9,
    goal: 
     { difficulty: 12,
       id: 'defeat-big-octo',
       jp: '大オクタ撃破',
       name: 'Defeat Big Octo',
       rowtypes: [Object],
       skill: 0.5,
       subtypes: [Object],
       time: 9,
       types: [Object] },
    synergy: 5 },
  { difficulty: 20,
    desiredTime: 15,
    types: 
     { beans: 10,
       bombbag: 100,
       fortress: 3,
       gerudo: 7,
       quiver: 1,
       selfsynergy: 0 },
    subtypes: 
     { bosskey: 2.5,
       childchu: -2.5,
       hearts4: 0.5,
       map: 2,
       wallet: 0.25 },
    rowtypes: { bottle: 100, hookshot: 0, ms: 100 },
    name: 'Quiver (50)',
    id: 'quiver-50-',
    time: 15,
    goal: 
     { difficulty: 20,
       id: 'quiver-50-',
       jp: '矢立て(50)',
       name: 'Quiver (50)',
       rowtypes: [Object],
       skill: 0.5,
       subtypes: [Object],
       time: 15,
       types: [Object] },
    synergy: 6.25 },
  { difficulty: 2,
    desiredTime: 1.5,
    types: { selfsynergy: 0 },
    subtypes: undefined,
    rowtypes: { bottle: 100, hookshot: 0, ms: 0 },
    name: 'Bottled Fairy',
    id: 'bottled-fairy',
    time: 0.5,
    goal: 
     { difficulty: 1,
       id: 'bottled-fairy',
       jp: 'ビン(妖精)',
       name: 'Bottled Fairy',
       rowtypes: [Object],
       skill: 0,
       time: 0.5,
       types: [Object] },
    synergy: 2 },
  { difficulty: 24,
    desiredTime: 18,
    types: 
     { aganon: 3,
       bothzl: -4.25,
       czl: 4.25,
       dins: 3,
       dmc: 1,
       endon: -0.5,
       firearrow: 8,
       fortress: 2,
       hovers: 1.5,
       lightarrow: 10,
       magic: 2,
       poachers: 4.25,
       selfsynergy: 0 },
    subtypes: 
     { bosskey: 1,
       childchu: -2.5,
       chuczl: 2,
       gtunic: 0.25,
       hearts3: 1,
       hearts4: 0.5,
       songs5: 1 },
    rowtypes: { bottle: 100, hookshot: 100, ms: 6 },
    name: 'Get to the end of Forest Trial',
    id: 'get-to-the-end-of-forest-trial',
    time: 18.5,
    goal: 
     { difficulty: 25,
       id: 'get-to-the-end-of-forest-trial',
       jp: '森の結界の最後の部屋に到達',
       name: 'Get to the end of Forest Trial',
       rowtypes: [Object],
       skill: 0.5,
       subtypes: [Object],
       time: 18.5,
       types: [Object] },
    synergy: 0 },
  { difficulty: 6,
    desiredTime: 4.5,
    types: { deku: 2.5, selfsynergy: 0 },
    subtypes: { bulletbag: 1, compass: 2, czl: 3, hearts4: 1, map: 2 },
    rowtypes: { bottle: 0, hookshot: 0, ms: 0 },
    name: 'Fairy Slingshot',
    id: 'fairy-slingshot',
    time: 4,
    goal: 
     { difficulty: 5,
       id: 'fairy-slingshot',
       jp: '妖精のパチンコ',
       name: 'Fairy Slingshot',
       rowtypes: [Object],
       skill: 0,
       subtypes: [Object],
       time: 4,
       types: [Object] },
    synergy: 6.25 },
  { difficulty: 22,
    desiredTime: 16.5,
    types: 
     { dc: 2,
       dmc: 1,
       fire: 1,
       forest: 2.75,
       fortress: 2.5,
       gtg: 1,
       hovers: 3,
       selfsynergy: -3,
       shadow: 2,
       spirit: 3,
       water: 2 },
    subtypes: 
     { bosskey: 4,
       bosskey2: 3,
       compass: 6,
       hearts3: 0.5,
       hearts4: 2.25,
       map: 6,
       songs5: 5,
       wallet: 4.5 },
    rowtypes: { bottle: 0.5, hookshot: 100, ms: 100 },
    name: '1 unused small key in each Adult Dungeon',
    id: '1-unused-small-key-in-each-adult-dungeon',
    time: 16.25,
    goal: 
     { difficulty: 22,
       id: '1-unused-small-key-in-each-adult-dungeon',
       jp: '全ての大人のダンジョンから未使用の鍵最低１つずつ',
       name: '1 unused small key in each Adult Dungeon',
       rowtypes: [Object],
       skill: 0.75,
       subtypes: [Object],
       time: 16.25,
       types: [Object] },
    synergy: 6.75 },
  { difficulty: 9,
    desiredTime: 6.75,
    types: 
     { fortress: 2,
       inclacs: 100,
       poachers: 4,
       selfsynergy: 0,
       water: 6.5 },
    subtypes: { childchu: -2.5, hearts3: 3, hearts4: 1, hovers: 0.5, map: 1 },
    rowtypes: { bottle: 100, hookshot: 0.5, ms: 1.5 },
    name: 'Water Medallion',
    id: 'water-medallion',
    time: 6.5,
    goal: 
     { difficulty: 9,
       id: 'water-medallion',
       jp: '水のメダル',
       name: 'Water Medallion',
       rowtypes: [Object],
       skill: 0,
       subtypes: [Object],
       time: 6.5,
       types: [Object] },
    synergy: 6 },
  { difficulty: 11,
    desiredTime: 8.25,
    types: { childchu: 0, dmc: 2, selfsynergy: 0 },
    subtypes: { child2: 3, czl: 0.5, hearts3: 0.5, wallet: 4 },
    rowtypes: { bottle: 100, hookshot: 0.25, ms: 100 },
    name: 'All 8 Death Mountain area Skulltulas',
    id: 'all-8-death-mountain-area-skulltulas',
    time: 8.25,
    goal: 
     { difficulty: 11,
       id: 'all-8-death-mountain-area-skulltulas',
       jp: 'デスマウンテンエリアの黄金のスタルチュラ8匹',
       name: 'All 8 Death Mountain area Skulltulas',
       rowtypes: [Object],
       skill: 0,
       subtypes: [Object],
       time: 8.25,
       types: [Object] },
    synergy: 7 },
  { difficulty: 18,
    desiredTime: 13.5,
    types: { forest: 3, hovers: 2, incforest: 100, meg: 5, selfsynergy: 0 },
    subtypes: 
     { bosskey: 2,
       bosskey2: 6,
       compass: 4,
       hearts4: 1,
       map: 3,
       quiver: 4.5,
       songs5: 1.75,
       wallet: 1 },
    rowtypes: { bottle: 0.5, hookshot: 100, ms: 100 },
    name: 'Obtain all 5 Small Keys in Forest Temple',
    id: 'obtain-all-5-small-keys-in-forest-temple',
    time: 12.75,
    goal: 
     { difficulty: 17,
       id: 'obtain-all-5-small-keys-in-forest-temple',
       jp: '森の神殿の小さな鍵の宝箱を5つ全て開ける',
       name: 'Obtain all 5 Small Keys in Forest Temple',
       rowtypes: [Object],
       skill: 0.25,
       subtypes: [Object],
       time: 12.75,
       types: [Object] },
    synergy: 4.5 },
  { difficulty: 5,
    desiredTime: 3.75,
    types: { selfsynergy: 0 },
    subtypes: undefined,
    rowtypes: { bottle: 0, hookshot: 0, ms: 100 },
    name: 'Cow in House',
    id: 'cow-in-house',
    time: 4.5,
    goal: 
     { difficulty: 6,
       id: 'cow-in-house',
       jp: '牛(リンクの家)',
       name: 'Cow in House',
       rowtypes: [Object],
       skill: 0,
       time: 4.5,
       types: [Object] },
    synergy: 4.75 },
  { difficulty: 16,
    desiredTime: 12,
    types: 
     { dmc: 1,
       endon: -0.5,
       fire: 9,
       forest: 1,
       gtunic: 1.75,
       selfsynergy: 0 },
    subtypes: 
     { aganon: 1,
       bosskey: 2,
       compass: 4,
       hearts3: 3.5,
       hearts4: 2,
       hovers: 0.25,
       lightarrow: 3.5,
       map: 2.5,
       pg: 1,
       songs5: 1.25,
       wallet: 0.25 },
    rowtypes: { bottle: 100, hookshot: 0.25, ms: 100 },
    name: 'Defeat Volvagia',
    id: 'defeat-volvagia',
    time: 12.5,
    goal: 
     { difficulty: 17,
       id: 'defeat-volvagia',
       jp: 'ヴァルバジア撃破',
       name: 'Defeat Volvagia',
       rowtypes: [Object],
       skill: 0.25,
       subtypes: [Object],
       time: 12.5,
       types: [Object] },
    synergy: 5.75 },
  { difficulty: 3,
    desiredTime: 2.25,
    types: { fountain: 1, selfsynergy: 0 },
    subtypes: { bottleslot: 4, strength: 100, wallet: 100 },
    rowtypes: { bottle: 0, hookshot: 0, ms: 0 },
    name: 'Silver Scale',
    id: 'silver-scale',
    time: 3,
    goal: 
     { difficulty: 4,
       id: 'silver-scale',
       jp: '銀のウロコ',
       name: 'Silver Scale',
       rowtypes: [Object],
       skill: 0,
       subtypes: [Object],
       time: 3,
       types: [Object] },
    synergy: 7 },
  { difficulty: 25,
    desiredTime: 18.75,
    types: 
     { bothzl: -4.25,
       czl: 4.25,
       fortress: 3,
       hovers: 3,
       poachers: 4.25,
       quiver: 1.5,
       selfsynergy: 0,
       spirit: 5 },
    subtypes: 
     { aganon: 0.25,
       bosskey: 2,
       bosskey2: 4,
       childchu: -2.5,
       chuczl: 2,
       compass: 4,
       hearts3: 1,
       hearts4: 0.25,
       map: 3,
       songs5: 1,
       wallet: 1 },
    rowtypes: { bottle: 100, hookshot: 100, ms: 5 },
    name: 'Map & Compass in Spirit Temple',
    id: 'map-compass-in-spirit-temple',
    time: 17.75,
    goal: 
     { difficulty: 24,
       id: 'map-compass-in-spirit-temple',
       jp: '魂の神殿のマップとコンパス',
       name: 'Map & Compass in Spirit Temple',
       rowtypes: [Object],
       skill: 1,
       subtypes: [Object],
       time: 17.75,
       types: [Object] },
    synergy: 1 },
  { difficulty: 7,
    desiredTime: 5.25,
    types: { hearts3: 7, inchearts: 100, selfsynergy: -1 },
    subtypes: undefined,
    rowtypes: { bottle: 0, hookshot: 0, ms: 2 },
    name: '6 Hearts',
    id: '6-hearts',
    time: 6.25,
    goal: 
     { difficulty: 8,
       id: '6-hearts',
       jp: 'ハート6つ',
       name: '6 Hearts',
       rowtypes: [Object],
       skill: 0.25,
       time: 6.25,
       types: [Object] },
    synergy: 7 },
  { difficulty: 14,
    desiredTime: 10.5,
    types: { hovers: 3, selfsynergy: 0, shadow: 6 },
    subtypes: { bosskey2: 2, compass: 1, wallet: 2 },
    rowtypes: { bottle: 0, hookshot: 100, ms: 100 },
    name: '4 Skulltulas in Shadow Temple',
    id: '4-skulltulas-in-shadow-temple',
    time: 9.75,
    goal: 
     { difficulty: 13,
       id: '4-skulltulas-in-shadow-temple',
       jp: '闇の神殿の黄金のスタルチュラ4匹以上',
       name: '4 Skulltulas in Shadow Temple',
       rowtypes: [Object],
       skill: 0.25,
       subtypes: [Object],
       time: 9.75,
       types: [Object] },
    synergy: 4.75 },
  meta: { iterations: 1 } ]
