[ ,
  { difficulty: 20,
    desiredTime: 15,
    types: { forest: 3, hovers: 2, incforest: 100, meg: 8.75, selfsynergy: 0 },
    subtypes: 
     { bosskey2: 3,
       compass: 4,
       hearts3: 0.25,
       hearts4: 1,
       map: 2.5,
       quiver: 4.5,
       songs5: 1.75,
       wallet: 1 },
    rowtypes: { bottle: 0.5, hookshot: 100, ms: 100 },
    name: 'Defeat Meg (purple Poe)',
    id: 'defeat-meg-purple-poe-',
    time: 14.25,
    goal: 
     { difficulty: 19,
       id: 'defeat-meg-purple-poe-',
       jp: 'メグ撃破(紫のポウ)',
       name: 'Defeat Meg (purple Poe)',
       rowtypes: [Object],
       skill: 0.25,
       subtypes: [Object],
       time: 14.25,
       types: [Object] },
    synergy: 6 },
  { difficulty: 12,
    desiredTime: 9,
    types: { childchu: 0, fountain: 2, gtg: 1, jabu: 3, selfsynergy: 0 },
    subtypes: { compass: 2, hearts3: 0.5, wallet: 0.75 },
    rowtypes: { bottle: 0, hookshot: 0.5, ms: 0 },
    name: 'Defeat Big Octo',
    id: 'defeat-big-octo',
    time: 9,
    goal: 
     { difficulty: 12,
       id: 'defeat-big-octo',
       jp: '大オクタ撃破',
       name: 'Defeat Big Octo',
       rowtypes: [Object],
       skill: 0.5,
       subtypes: [Object],
       time: 9,
       types: [Object] },
    synergy: 6.75 },
  { difficulty: 4,
    desiredTime: 3,
    types: { fortress: 1.5, selfsynergy: 0 },
    subtypes: 
     { bosskey: 1,
       hearts3: 1.5,
       hearts4: 0.5,
       hovers: 0.25,
       map: 1,
       wallet: 0.25 },
    rowtypes: { bottle: 0, hookshot: 0, ms: 0 },
    name: 'Both Gerudo Valley HPs',
    id: 'both-gerudo-valley-hps',
    time: 3.5,
    goal: 
     { difficulty: 5,
       id: 'both-gerudo-valley-hps',
       jp: 'ゲルドの谷のハートのかけら2つ',
       name: 'Both Gerudo Valley HPs',
       rowtypes: [Object],
       skill: 0,
       subtypes: [Object],
       time: 3.5,
       types: [Object] },
    synergy: 6.75 },
  { difficulty: 6,
    desiredTime: 4.5,
    types: { childreset: 1, lonlon: 1.75, selfsynergy: 0 },
    subtypes: { hearts3: 0.75, hearts4: 0.25 },
    rowtypes: { bottle: 0, hookshot: 0, ms: 0 },
    name: 'Lon Lon Ranch HP',
    id: 'lon-lon-ranch-hp',
    time: 3.5,
    goal: 
     { difficulty: 5,
       id: 'lon-lon-ranch-hp',
       jp: 'ロンロン牧場のハートのかけら',
       name: 'Lon Lon Ranch HP',
       rowtypes: [Object],
       skill: 0,
       subtypes: [Object],
       time: 3.5,
       types: [Object] },
    synergy: 7 },
  { difficulty: 23,
    desiredTime: 17.25,
    types: 
     { child2: 5,
       dins: 1,
       endon: 0,
       forest: 3,
       hovers: 3,
       incfboss: 100,
       pg: 2.25,
       selfsynergy: 0 },
    subtypes: 
     { bosskey2: 2,
       compass: 1,
       hearts3: 3,
       hearts4: 1,
       map: 2,
       songs4: 1.5,
       songs5: 2,
       wallet: 2.75 },
    rowtypes: { bottle: 100, hookshot: 100, ms: 100 },
    name: 'All 4 Market area Skulltulas',
    id: 'all-4-market-area-skulltulas',
    time: 17,
    goal: 
     { difficulty: 23,
       id: 'all-4-market-area-skulltulas',
       jp: '城下町エリアの黄金のスタルチュラ4匹',
       name: 'All 4 Market area Skulltulas',
       rowtypes: [Object],
       skill: 0.5,
       subtypes: [Object],
       time: 17,
       types: [Object] },
    synergy: 0.25 },
  { difficulty: 9,
    desiredTime: 6.75,
    types: { lonlon: 4, selfsynergy: 0 },
    subtypes: 
     { bottleslot: 4.5,
       childreset: 1,
       czl: 2,
       songs4: 0.5,
       wallet: 0.5 },
    rowtypes: { bottle: 0, hookshot: 0, ms: 0 },
    name: 'Milk',
    id: 'milk',
    time: 6.25,
    goal: 
     { difficulty: 8,
       id: 'milk',
       jp: 'ロンロン牛乳',
       name: 'Milk',
       rowtypes: [Object],
       skill: 0,
       subtypes: [Object],
       time: 6.25,
       types: [Object] },
    synergy: 6.25 },
  { difficulty: 21,
    desiredTime: 15.75,
    types: 
     { bothzl: -4.25,
       czl: 4.25,
       dc: 2,
       ice: 1.5,
       incwskull: 100,
       irons: 2,
       longshot: 4,
       poachers: 4.25,
       selfsynergy: 0,
       water: 4 },
    subtypes: 
     { aganon: 0.25,
       bbprize: -6,
       bosskey: 3.75,
       childchu: -2.5,
       chuczl: 2,
       compass: 3.5,
       hearts3: 1.5,
       hearts4: 2.5,
       hovers: 0.5,
       map: 3.5,
       spirit: -1,
       wallet: 2.5 },
    rowtypes: { bottle: 100, hookshot: 100, ms: 100 },
    name: 'All 5 Skulltulas in Water Temple',
    id: 'all-5-skulltulas-in-water-temple',
    time: 16.5,
    goal: 
     { difficulty: 22,
       id: 'all-5-skulltulas-in-water-temple',
       jp: '水の神殿の黄金のスタルチュラ5匹',
       name: 'All 5 Skulltulas in Water Temple',
       rowtypes: [Object],
       skill: 0.75,
       subtypes: [Object],
       time: 16.5,
       types: [Object] },
    synergy: 5.75 },
  { difficulty: 18,
    desiredTime: 13.5,
    types: { dmc: 1, fire: 10, forest: 2, gtunic: 1.75, selfsynergy: 0 },
    subtypes: 
     { bosskey: 2,
       compass: 4,
       hearts3: 2.5,
       hearts4: 2,
       hovers: 0.25,
       lightarrow: 3,
       map: 2,
       pg: 1,
       songs5: 2.5,
       wallet: 0.25 },
    rowtypes: { bottle: 0.5, hookshot: 0.5, ms: 100 },
    name: 'Fire Medallion',
    id: 'fire-medallion',
    time: 14.25,
    goal: 
     { difficulty: 19,
       id: 'fire-medallion',
       jp: '炎のメダル',
       name: 'Fire Medallion',
       rowtypes: [Object],
       skill: 0.25,
       subtypes: [Object],
       time: 14.25,
       types: [Object] },
    synergy: 1 },
  { difficulty: 15,
    desiredTime: 11.25,
    types: 
     { endon: -1,
       fortress: 3,
       hovers: 3,
       selfsynergy: 0,
       spirit: 3.25,
       strength: 100 },
    subtypes: 
     { bombbag: 100,
       bosskey: 3,
       bosskey2: 4.5,
       compass: 1,
       hearts3: 0.5,
       hearts4: 0.25,
       map: 3,
       songs5: 1,
       wallet: 0.75 },
    rowtypes: { bottle: 0.5, hookshot: 100, ms: 3.5 },
    name: 'Silver Gauntlets',
    id: 'silver-gauntlets',
    time: 11,
    goal: 
     { difficulty: 15,
       id: 'silver-gauntlets',
       jp: '銀のグローブ',
       name: 'Silver Gauntlets',
       rowtypes: [Object],
       skill: 0.5,
       subtypes: [Object],
       time: 11,
       types: [Object] },
    synergy: 6 },
  { difficulty: 2,
    desiredTime: 1.5,
    types: { selfsynergy: 0, sticks: 100 },
    subtypes: { bulletbag: 100, childchu: -0.5 },
    rowtypes: { bottle: 100, hookshot: 0, ms: 2 },
    name: 'Exactly 30 Deku Sticks',
    id: 'exactly-30-deku-sticks',
    time: 1.5,
    goal: 
     { difficulty: 2,
       id: 'exactly-30-deku-sticks',
       jp: 'デクの棒30本',
       name: 'Exactly 30 Deku Sticks',
       rowtypes: [Object],
       skill: 0,
       subtypes: [Object],
       time: 1.5,
       types: [Object] },
    synergy: 6.25 },
  { difficulty: 13,
    desiredTime: 9.75,
    types: 
     { endon: -0.25,
       fortress: 3,
       gtg: 5,
       incgtgkey: 100,
       quiver: 4.5,
       selfsynergy: 0 },
    subtypes: 
     { bosskey: 3,
       bulletbag: 100,
       childchu: -2.5,
       hearts4: 0.25,
       hovers: 0.75,
       map: 3,
       wallet: 0.25 },
    rowtypes: { bottle: 100, hookshot: 100, ms: 100 },
    name: '8 different unused keys in Gerudo Training Grounds',
    id: '8-different-unused-keys-in-gerudo-training-grounds',
    time: 10.25,
    goal: 
     { difficulty: 14,
       id: '8-different-unused-keys-in-gerudo-training-grounds',
       jp: 'ゲルドの修練場の未使用の鍵8つ(増殖禁止)',
       name: '8 different unused keys in Gerudo Training Grounds',
       rowtypes: [Object],
       skill: 0.5,
       subtypes: [Object],
       time: 10.25,
       types: [Object] },
    synergy: 5.75 },
  { difficulty: 5,
    desiredTime: 3.75,
    types: { selfsynergy: 0 },
    subtypes: { bottleslot: 4.5, jabu: 1.5, wallet: 0.5 },
    rowtypes: { bottle: 0, hookshot: 0, ms: 0 },
    name: 'Ruto\'s Letter',
    id: 'ruto-s-letter',
    time: 4.5,
    goal: 
     { difficulty: 6,
       id: 'ruto-s-letter',
       jp: 'ルトの手紙',
       name: 'Ruto\'s Letter',
       rowtypes: [Object],
       skill: 0,
       subtypes: [Object],
       time: 4.5,
       types: [Object] },
    synergy: 5.5 },
  { difficulty: 7,
    desiredTime: 5.25,
    types: { incbeans: 100, selfsynergy: 0, wallet: 5 },
    subtypes: { bulletbag: 100, childchu: -2.5 },
    rowtypes: { bottle: 100, hookshot: 2, ms: 6 },
    name: 'Giant\'s Wallet',
    id: 'giant-s-wallet',
    time: 6.25,
    goal: 
     { difficulty: 8,
       id: 'giant-s-wallet',
       jp: '巨人のサイフ',
       name: 'Giant\'s Wallet',
       rowtypes: [Object],
       skill: 0.25,
       subtypes: [Object],
       time: 6.25,
       types: [Object] },
    synergy: 2 },
  { difficulty: 24,
    desiredTime: 18,
    types: 
     { bothzl: -4.25,
       childtrade: 2.75,
       czl: 4.25,
       dmc: 1,
       endon: -0.25,
       fortress: 2.5,
       fountain: 2,
       hovers: 2,
       magic: 2,
       poachers: 4.25,
       selfsynergy: -0.5,
       spirit: 2 },
    subtypes: 
     { aganon: 0.25,
       bosskey: 3,
       bottleslot: 4,
       child2: 5.5,
       childchu: -2.5,
       chuczl: 2,
       compass: 4,
       gtunic: 0.25,
       hearts3: 2.25,
       hearts4: 0.5,
       map: 4,
       wallet: 0.75 },
    rowtypes: { bottle: 100, hookshot: 1, ms: 4 },
    name: 'Two Fairy Spells',
    id: 'two-fairy-spells',
    time: 19,
    goal: 
     { difficulty: 25,
       id: 'two-fairy-spells',
       jp: '魔法のアイテム２つ',
       name: 'Two Fairy Spells',
       rowtypes: [Object],
       skill: 0.25,
       subtypes: [Object],
       time: 19,
       types: [Object] },
    synergy: 0 },
  { difficulty: 16,
    desiredTime: 12,
    types: 
     { childchu: 0,
       fortress: 2.5,
       gtg: 1,
       hovers: 3,
       selfsynergy: 0,
       spirit: 3.25,
       strength: 100 },
    subtypes: 
     { bombbag: 100,
       bosskey: 3,
       bosskey2: 5,
       bulletbag: 100,
       compass: 1,
       hearts3: 0.25,
       hearts4: 0.5,
       map: 3,
       songs5: 1,
       wallet: 0.75 },
    rowtypes: { bottle: 100, hookshot: 100, ms: 100 },
    name: 'Blue Gauntlets',
    id: 'blue-gauntlets',
    time: 13,
    goal: 
     { difficulty: 17,
       id: 'blue-gauntlets',
       jp: '青のグローブ',
       name: 'Blue Gauntlets',
       rowtypes: [Object],
       skill: 0.5,
       subtypes: [Object],
       time: 13,
       types: [Object] },
    synergy: 5.75 },
  { difficulty: 22,
    desiredTime: 16.5,
    types: 
     { childtrade: 2.75,
       hearts3: 16,
       hearts4: 3,
       inchearts: 100,
       saria: 3,
       selfsynergy: -3 },
    subtypes: undefined,
    rowtypes: { bottle: 0, hookshot: 1, ms: 10 },
    name: '9 Hearts',
    id: '9-hearts',
    time: 17,
    goal: 
     { difficulty: 23,
       id: '9-hearts',
       jp: 'ハート9つ',
       name: '9 Hearts',
       rowtypes: [Object],
       skill: 1,
       time: 17,
       types: [Object] },
    synergy: 4.25 },
  { difficulty: 19,
    desiredTime: 14.25,
    types: { dmc: 1, fire: 8, gtunic: 1, selfsynergy: 0 },
    subtypes: 
     { bosskey: 2.25,
       compass: 4,
       hearts3: 0.5,
       hearts4: 1,
       hovers: 0.25,
       map: 2,
       songs5: 1.25,
       wallet: 0.5 },
    rowtypes: { bottle: 0.5, hookshot: 0.5, ms: 100 },
    name: 'Free all 9 gorons in Fire Temple',
    id: 'free-all-9-gorons-in-fire-temple',
    time: 14.75,
    goal: 
     { difficulty: 20,
       id: 'free-all-9-gorons-in-fire-temple',
       jp: '炎の神殿で９人のゴロンを全員救う',
       name: 'Free all 9 gorons in Fire Temple',
       rowtypes: [Object],
       skill: 0.25,
       subtypes: [Object],
       time: 14.75,
       types: [Object] },
    synergy: 6.5 },
  { difficulty: 11,
    desiredTime: 8.25,
    types: 
     { endon: -0.5,
       fountain: 2,
       hovers: 3,
       ice: 1.5,
       incboot: 100,
       irons: 2,
       selfsynergy: 0 },
    subtypes: 
     { compass: 3,
       hearts3: 1,
       hearts4: 0.25,
       map: 3,
       songs4: 1.5,
       wallet: 1 },
    rowtypes: { bottle: 0, hookshot: 0.5, ms: 1.5 },
    name: '3 Boots',
    id: '3-boots',
    time: 8.5,
    goal: 
     { difficulty: 11,
       id: '3-boots',
       jp: '靴3種',
       name: '3 Boots',
       rowtypes: [Object],
       skill: 0.25,
       subtypes: [Object],
       time: 8.5,
       types: [Object] },
    synergy: 2.75 },
  { difficulty: 3,
    desiredTime: 2.25,
    types: { dc: 1, selfsynergy: 0 },
    subtypes: { compass: 1.75, map: 1 },
    rowtypes: { bottle: 0, hookshot: 0, ms: 0 },
    name: 'Map & Compass in Dodongo\'s Cavern',
    id: 'map-compass-in-dodongo-s-cavern',
    time: 2,
    goal: 
     { difficulty: 3,
       id: 'map-compass-in-dodongo-s-cavern',
       jp: 'ドドンゴの洞窟のマップとコンパス',
       name: 'Map & Compass in Dodongo\'s Cavern',
       rowtypes: [Object],
       skill: 0,
       subtypes: [Object],
       time: 2,
       types: [Object] },
    synergy: 5.25 },
  { difficulty: 10,
    desiredTime: 7.5,
    types: 
     { endon: -0.25,
       fortress: 3,
       gtg: 5,
       incgtgkey: 100,
       selfsynergy: 0 },
    subtypes: { bosskey: 3, hearts4: 0.25, hovers: 0.5, map: 3, wallet: 0.25 },
    rowtypes: { bottle: 0, hookshot: 1, ms: 0 },
    name: '6 unused keys in Gerudo Training Grounds',
    id: '6-unused-keys-in-gerudo-training-grounds',
    time: 7,
    goal: 
     { difficulty: 9,
       id: '6-unused-keys-in-gerudo-training-grounds',
       jp: 'ゲルドの修練場の未使用の鍵6つ',
       name: '6 unused keys in Gerudo Training Grounds',
       rowtypes: [Object],
       skill: 0.5,
       subtypes: [Object],
       time: 7,
       types: [Object] },
    synergy: 6.75 },
  { difficulty: 1,
    desiredTime: 0.75,
    types: { selfsynergy: 0 },
    subtypes: undefined,
    rowtypes: { bottle: 100, hookshot: 0, ms: 0 },
    name: 'Bottled Fairy',
    id: 'bottled-fairy',
    time: 0.5,
    goal: 
     { difficulty: 1,
       id: 'bottled-fairy',
       jp: 'ビン(妖精)',
       name: 'Bottled Fairy',
       rowtypes: [Object],
       skill: 0,
       time: 0.5,
       types: [Object] },
    synergy: 6.25 },
  { difficulty: 8,
    desiredTime: 6,
    types: { endon: -1, forest: 3, incfboss: 100, pg: 2.25, selfsynergy: 0 },
    subtypes: 
     { bosskey2: 2,
       compass: 1,
       hearts3: 3,
       hearts4: 1,
       map: 2,
       songs5: 1.75,
       wallet: 0.75 },
    rowtypes: { bottle: 0.5, hookshot: 100, ms: 3 },
    name: 'Beat the Forest Temple',
    id: 'beat-the-forest-temple',
    time: 5,
    goal: 
     { difficulty: 7,
       id: 'beat-the-forest-temple',
       jp: '森の神殿クリア',
       name: 'Beat the Forest Temple',
       rowtypes: [Object],
       skill: 0,
       subtypes: [Object],
       time: 5,
       types: [Object] },
    synergy: 0 },
  { difficulty: 25,
    desiredTime: 18.75,
    types: 
     { endon: -1,
       fortress: 2.5,
       gtg: 1,
       hovers: 3,
       legitlacs: 100,
       selfsynergy: -1,
       spirit: 8 },
    subtypes: 
     { bosskey: 6,
       bosskey2: 6,
       compass: 1,
       hearts3: 3,
       hearts4: 1.5,
       map: 3,
       songs5: 1,
       wallet: 0.5 },
    rowtypes: { bottle: 1, hookshot: 100, ms: 100 },
    name: 'Beat the Spirit Temple',
    id: 'beat-the-spirit-temple',
    time: 19,
    goal: 
     { difficulty: 25,
       id: 'beat-the-spirit-temple',
       jp: '魂の神殿クリア',
       name: 'Beat the Spirit Temple',
       rowtypes: [Object],
       skill: 1,
       subtypes: [Object],
       time: 19,
       types: [Object] },
    synergy: 0 },
  { difficulty: 17,
    desiredTime: 12.75,
    types: 
     { dmc: 1,
       endon: -1,
       fire: 10,
       forest: 2,
       gtunic: 1.75,
       selfsynergy: 0 },
    subtypes: 
     { aganon: 2,
       bosskey: 2,
       compass: 4,
       hearts3: 2.5,
       hearts4: 2,
       hovers: 0.25,
       lightarrow: 3,
       map: 2.5,
       pg: 1,
       songs5: 1.25,
       wallet: 0.25 },
    rowtypes: { bottle: 100, hookshot: 0.25, ms: 100 },
    name: 'Beat the Fire Temple',
    id: 'beat-the-fire-temple',
    time: 13.25,
    goal: 
     { difficulty: 18,
       id: 'beat-the-fire-temple',
       jp: '炎の神殿クリア',
       name: 'Beat the Fire Temple',
       rowtypes: [Object],
       skill: 0.25,
       subtypes: [Object],
       time: 13.25,
       types: [Object] },
    synergy: 6.25 },
  { difficulty: 14,
    desiredTime: 10.5,
    types: { childchu: 0, fountain: 2, selfsynergy: 0 },
    subtypes: 
     { childreset: 1.25,
       compass: 2,
       hearts3: 1,
       jabu: 0.5,
       map: 2,
       wallet: 4 },
    rowtypes: { bottle: 0, hookshot: 100, ms: 100 },
    name: 'All 8 Zora\'s Domain area Skulltulas',
    id: 'all-8-zora-s-domain-area-skulltulas',
    time: 10.5,
    goal: 
     { difficulty: 14,
       id: 'all-8-zora-s-domain-area-skulltulas',
       jp: 'ゾーラの里エリアの黄金のスタルチュラ8匹',
       name: 'All 8 Zora\'s Domain area Skulltulas',
       rowtypes: [Object],
       skill: 0.5,
       subtypes: [Object],
       time: 10.5,
       types: [Object] },
    synergy: 2.25 },
  meta: { iterations: 3 } ]
