[ ,
  { difficulty: 5,
    desiredTime: 3.75,
    types: 
     { aganon: 2.5,
       bganon: -2.5,
       cganon: 2.5,
       fountain: 2,
       ice: 1.5,
       selfsynergy: 0 },
    subtypes: { bosskey: 2.5, compass: 3, hearts3: 1, map: 3, wallet: 0.75 },
    rowtypes: { bottle: 100, hookshot: 0, ms: 0 },
    name: 'Blue Fire',
    id: 'blue-fire',
    time: 3.5,
    goal: 
     { difficulty: 5,
       id: 'blue-fire',
       jp: '青い炎',
       name: 'Blue Fire',
       rowtypes: [Object],
       skill: 0,
       subtypes: [Object],
       time: 3.5,
       types: [Object] },
    synergy: 6.75 },
  { difficulty: 22,
    desiredTime: 16.5,
    types: 
     { child2: 5,
       dins: 1,
       endon: 0,
       forest: 3,
       hovers: 3,
       incfboss: 100,
       pg: 2.25,
       selfsynergy: 0 },
    subtypes: 
     { bosskey2: 2,
       compass: 1,
       hearts3: 3,
       hearts4: 1,
       map: 2,
       songs4: 1.5,
       songs5: 2,
       wallet: 2.75 },
    rowtypes: { bottle: 100, hookshot: 100, ms: 100 },
    name: 'All 4 Market area Skulltulas',
    id: 'all-4-market-area-skulltulas',
    time: 17,
    goal: 
     { difficulty: 23,
       id: 'all-4-market-area-skulltulas',
       jp: '城下町エリアの黄金のスタルチュラ4匹',
       name: 'All 4 Market area Skulltulas',
       rowtypes: [Object],
       skill: 0.5,
       subtypes: [Object],
       time: 17,
       types: [Object] },
    synergy: 5.25 },
  { difficulty: 19,
    desiredTime: 14.25,
    types: 
     { beans: 15,
       childtrade: 6.5,
       czl: 2.5,
       fortress: 3,
       gerudo: 7,
       incctrade: 100,
       saria: 3,
       selfsynergy: 0 },
    subtypes: { bosskey: 2.5, hearts4: 0.5, map: 2.5, wallet: 0.25 },
    rowtypes: { bottle: 100, hookshot: 0.75, ms: 7 },
    name: 'Spooky Mask',
    id: 'spooky-mask',
    time: 13.5,
    goal: 
     { difficulty: 18,
       id: 'spooky-mask',
       jp: 'こわそなお面',
       name: 'Spooky Mask',
       rowtypes: [Object],
       skill: 0.5,
       subtypes: [Object],
       time: 13.5,
       types: [Object] },
    synergy: 4.25 },
  { difficulty: 6,
    desiredTime: 4.5,
    types: { bottleslot: 4.5, selfsynergy: 0 },
    subtypes: { jabu: 1.5 },
    rowtypes: { bottle: 100, hookshot: 0, ms: 0.5 },
    name: 'Fill all 4 Bottle Slots',
    id: 'fill-all-4-bottle-slots',
    time: 5,
    goal: 
     { difficulty: 7,
       id: 'fill-all-4-bottle-slots',
       jp: '4つの空きビンスロットを全て埋める',
       name: 'Fill all 4 Bottle Slots',
       rowtypes: [Object],
       skill: 0,
       subtypes: [Object],
       time: 5,
       types: [Object] },
    synergy: 4.75 },
  { difficulty: 13,
    desiredTime: 9.75,
    types: 
     { bothzl: -4.25,
       czl: 4.25,
       hovers: 1.5,
       poachers: 4.25,
       selfsynergy: 0,
       shadow: 6 },
    subtypes: 
     { aganon: 0.25,
       bosskey: 4.25,
       bosskey2: 5.75,
       childchu: -2.5,
       chuczl: 2,
       compass: 1,
       hearts3: 2.5,
       wallet: 0.25 },
    rowtypes: { bottle: 100, hookshot: 1, ms: 3 },
    name: 'Shadow Temple Boss Key',
    id: 'shadow-temple-boss-key',
    time: 9.25,
    goal: 
     { difficulty: 12,
       id: 'shadow-temple-boss-key',
       jp: '闇の神殿のボス部屋の鍵',
       name: 'Shadow Temple Boss Key',
       rowtypes: [Object],
       skill: 0.25,
       subtypes: [Object],
       time: 9.25,
       types: [Object] },
    synergy: 6.5 },
  { difficulty: 9,
    desiredTime: 6.75,
    types: { lonlon: 4, selfsynergy: 0 },
    subtypes: 
     { bottleslot: 3,
       childreset: 1,
       czl: 2,
       poachers: -100,
       songs4: 1.75,
       wallet: 0.5 },
    rowtypes: { bottle: 0, hookshot: 0, ms: 0 },
    name: 'Epona\'s Song',
    id: 'epona-s-song',
    time: 6.75,
    goal: 
     { difficulty: 9,
       id: 'epona-s-song',
       jp: 'エポナの歌',
       name: 'Epona\'s Song',
       rowtypes: [Object],
       skill: 0,
       subtypes: [Object],
       time: 6.75,
       types: [Object] },
    synergy: 4 },
  { difficulty: 11,
    desiredTime: 8.25,
    types: 
     { endon: -0.5,
       fortress: 3,
       gtg: 3,
       incgtgkey: 100,
       selfsynergy: 0 },
    subtypes: { bosskey: 3, hearts4: 0.25, hovers: 0.75, map: 3, wallet: 0.5 },
    rowtypes: { bottle: 100, hookshot: 100, ms: 3 },
    name: '7 different unused keys in Gerudo Training Grounds',
    id: '7-different-unused-keys-in-gerudo-training-grounds',
    time: 8.75,
    goal: 
     { difficulty: 12,
       id: '7-different-unused-keys-in-gerudo-training-grounds',
       jp: 'ゲルドの修練場の未使用の鍵7つ(増殖禁止)',
       name: '7 different unused keys in Gerudo Training Grounds',
       rowtypes: [Object],
       skill: 0.5,
       subtypes: [Object],
       time: 8.75,
       types: [Object] },
    synergy: 2.5 },
  { difficulty: 3,
    desiredTime: 2.25,
    types: { fountain: 1.5, inctunic: 100, selfsynergy: 0 },
    subtypes: { compass: 1.5, hearts3: 0.5, map: 1.5, wallet: 0.25 },
    rowtypes: { bottle: 0, hookshot: 0, ms: 100 },
    name: 'Zora Tunic',
    id: 'zora-tunic',
    time: 1.5,
    goal: 
     { difficulty: 2,
       id: 'zora-tunic',
       jp: 'ゾーラの服',
       name: 'Zora Tunic',
       rowtypes: [Object],
       skill: 0,
       subtypes: [Object],
       time: 1.5,
       types: [Object] },
    synergy: 1.5 },
  { difficulty: 25,
    desiredTime: 18.75,
    types: 
     { endon: -1,
       fortress: 2.5,
       gtg: 1,
       hovers: 3,
       legitlacs: 100,
       selfsynergy: -1,
       spirit: 8 },
    subtypes: 
     { bosskey: 6,
       bosskey2: 6,
       compass: 1,
       hearts3: 3,
       hearts4: 1.5,
       map: 3,
       songs5: 1,
       wallet: 0.5 },
    rowtypes: { bottle: 1, hookshot: 100, ms: 100 },
    name: 'Beat the Spirit Temple',
    id: 'beat-the-spirit-temple',
    time: 19,
    goal: 
     { difficulty: 25,
       id: 'beat-the-spirit-temple',
       jp: '魂の神殿クリア',
       name: 'Beat the Spirit Temple',
       rowtypes: [Object],
       skill: 1,
       subtypes: [Object],
       time: 19,
       types: [Object] },
    synergy: 0 },
  { difficulty: 17,
    desiredTime: 12.75,
    types: 
     { dmc: 1,
       endon: -1,
       fire: 10,
       forest: 2,
       gtunic: 1.75,
       selfsynergy: 0 },
    subtypes: 
     { aganon: 2,
       bosskey: 2,
       compass: 4,
       hearts3: 2.5,
       hearts4: 2,
       hovers: 0.25,
       lightarrow: 3,
       map: 2.5,
       pg: 1,
       songs5: 1.25,
       wallet: 0.25 },
    rowtypes: { bottle: 100, hookshot: 0.25, ms: 100 },
    name: 'Beat the Fire Temple',
    id: 'beat-the-fire-temple',
    time: 13.25,
    goal: 
     { difficulty: 18,
       id: 'beat-the-fire-temple',
       jp: '炎の神殿クリア',
       name: 'Beat the Fire Temple',
       rowtypes: [Object],
       skill: 0.25,
       subtypes: [Object],
       time: 13.25,
       types: [Object] },
    synergy: 6.25 },
  { difficulty: 23,
    desiredTime: 17.25,
    types: { compass: 22, hovers: 3, selfsynergy: -3 },
    subtypes: 
     { bosskey2: 2,
       hearts3: 1.5,
       hearts4: 2,
       map: 22,
       poachers: 1.25,
       wallet: 1 },
    rowtypes: { bottle: 0.5, hookshot: 100, ms: 5 },
    name: '7 Compasses',
    id: '7-compasses',
    time: 18.25,
    goal: 
     { difficulty: 24,
       id: '7-compasses',
       jp: 'コンパス7つ',
       name: '7 Compasses',
       rowtypes: [Object],
       skill: 1,
       subtypes: [Object],
       time: 18.25,
       types: [Object] },
    synergy: 0 },
  { difficulty: 20,
    desiredTime: 15,
    types: { dmc: 1, fire: 8, gtunic: 1, selfsynergy: 0 },
    subtypes: 
     { bosskey: 2.25,
       compass: 4,
       hearts3: 0.5,
       hearts4: 1,
       hovers: 0.25,
       map: 2,
       songs5: 1.25,
       wallet: 0.5 },
    rowtypes: { bottle: 0.5, hookshot: 0.5, ms: 100 },
    name: 'Free all 9 gorons in Fire Temple',
    id: 'free-all-9-gorons-in-fire-temple',
    time: 14.75,
    goal: 
     { difficulty: 20,
       id: 'free-all-9-gorons-in-fire-temple',
       jp: '炎の神殿で９人のゴロンを全員救う',
       name: 'Free all 9 gorons in Fire Temple',
       rowtypes: [Object],
       skill: 0.25,
       subtypes: [Object],
       time: 14.75,
       types: [Object] },
    synergy: 4.5 },
  { difficulty: 7,
    desiredTime: 5.25,
    types: { dc: 4, selfsynergy: 0 },
    subtypes: 
     { compass: 2,
       hearts3: 1,
       hearts4: 1,
       hovers: 0.25,
       map: 1,
       wallet: 2.5 },
    rowtypes: { bottle: 0, hookshot: 0.25, ms: 1.5 },
    name: 'All 5 Skulltulas in Dodongo\'s Cavern',
    id: 'all-5-skulltulas-in-dodongo-s-cavern',
    time: 5.75,
    goal: 
     { difficulty: 8,
       id: 'all-5-skulltulas-in-dodongo-s-cavern',
       jp: 'ドドンゴの洞窟の黄金のスタルチュラ5匹',
       name: 'All 5 Skulltulas in Dodongo\'s Cavern',
       rowtypes: [Object],
       skill: 0,
       subtypes: [Object],
       time: 5.75,
       types: [Object] },
    synergy: 0 },
  { difficulty: 14,
    desiredTime: 10.5,
    types: { incsongs: 100, poachers: 4.25, selfsynergy: 0, songs5: 8.75 },
    subtypes: 
     { aganon: 0.25,
       bosskey: 1.5,
       childchu: -2.5,
       hearts3: 1.5,
       wallet: 0.75 },
    rowtypes: { bottle: 100, hookshot: 0.5, ms: 100 },
    name: '9 Songs',
    id: '9-songs',
    time: 11.5,
    goal: 
     { difficulty: 15,
       id: '9-songs',
       jp: '歌9つ以上',
       name: '9 Songs',
       rowtypes: [Object],
       skill: 0,
       subtypes: [Object],
       time: 11.5,
       types: [Object] },
    synergy: 1.75 },
  { difficulty: 1,
    desiredTime: 0.75,
    types: { childchu: 0, selfsynergy: 0 },
    subtypes: undefined,
    rowtypes: { bottle: 0, hookshot: 0, ms: 0 },
    name: 'Lens of Truth',
    id: 'lens-of-truth',
    time: 0.25,
    goal: 
     { difficulty: 1,
       id: 'lens-of-truth',
       jp: 'まことのメガネ',
       name: 'Lens of Truth',
       rowtypes: [Object],
       skill: 0,
       time: 0.25,
       types: [Object] },
    synergy: 4.25 },
  { difficulty: 12,
    desiredTime: 9,
    types: { forest: 0.5, selfsynergy: 0 },
    subtypes: { wallet: 5 },
    rowtypes: { bottle: 0, hookshot: 100, ms: 10 },
    name: 'Stone of Agony',
    id: 'stone-of-agony',
    time: 8.25,
    goal: 
     { difficulty: 11,
       id: 'stone-of-agony',
       jp: 'もだえ石',
       name: 'Stone of Agony',
       rowtypes: [Object],
       skill: 0.5,
       subtypes: [Object],
       time: 8.25,
       types: [Object] },
    synergy: 5.25 },
  { difficulty: 4,
    desiredTime: 3,
    types: { fortress: 3, gtg: 1, incarrows: 100, selfsynergy: 0 },
    subtypes: 
     { bosskey: 3.5,
       hearts3: 0.5,
       hearts4: 0.25,
       hovers: 0.5,
       kd: 2,
       map: 3,
       quiver: 4.5,
       wallet: 0.25 },
    rowtypes: { bottle: 0, hookshot: 1, ms: 0 },
    name: 'Ice Arrows',
    id: 'ice-arrows',
    time: 4,
    goal: 
     { difficulty: 5,
       id: 'ice-arrows',
       jp: '氷の矢',
       name: 'Ice Arrows',
       rowtypes: [Object],
       skill: 0.25,
       subtypes: [Object],
       time: 4,
       types: [Object] },
    synergy: 2.75 },
  { difficulty: 21,
    desiredTime: 15.75,
    types: 
     { bothzl: -4.25,
       czl: 4.25,
       hovers: 3,
       poachers: 4.25,
       selfsynergy: 0,
       shadow: 8 },
    subtypes: 
     { aganon: 0.25,
       bosskey: 3.5,
       bosskey2: 6,
       childchu: -2.5,
       chuczl: 2,
       compass: 1,
       hearts3: 2,
       hearts4: 1,
       wallet: 2.5 },
    rowtypes: { bottle: 100, hookshot: 100, ms: 100 },
    name: 'All 5 Skulltulas in Shadow Temple',
    id: 'all-5-skulltulas-in-shadow-temple',
    time: 16.25,
    goal: 
     { difficulty: 22,
       id: 'all-5-skulltulas-in-shadow-temple',
       jp: '闇の神殿の黄金のスタルチュラ5匹',
       name: 'All 5 Skulltulas in Shadow Temple',
       rowtypes: [Object],
       skill: 0.25,
       subtypes: [Object],
       time: 16.25,
       types: [Object] },
    synergy: 3.25 },
  { difficulty: 18,
    desiredTime: 13.5,
    types: { childchu: 0, fountain: 2, jabu: 8, selfsynergy: 0 },
    subtypes: 
     { child2: 3.5,
       childreset: 1.25,
       compass: 2.5,
       hearts3: 4,
       hearts4: 1,
       map: 3,
       wallet: 0.5 },
    rowtypes: { bottle: 0, hookshot: 0, ms: 0 },
    name: 'Beat Jabu-Jabu\'s Belly',
    id: 'beat-jabu-jabu-s-belly',
    time: 12.5,
    goal: 
     { difficulty: 17,
       id: 'beat-jabu-jabu-s-belly',
       jp: 'ジャブジャブ様のお腹クリア',
       name: 'Beat Jabu-Jabu\'s Belly',
       rowtypes: [Object],
       skill: 0.25,
       subtypes: [Object],
       time: 12.5,
       types: [Object] },
    synergy: 1 },
  { difficulty: 10,
    desiredTime: 7.5,
    types: { childchu: 0, fortress: 2, selfsynergy: 0 },
    subtypes: 
     { bosskey: 1.5,
       child2: 1.5,
       hearts3: 0.5,
       hearts4: 0.25,
       hovers: 0.25,
       jabu: 0.5,
       map: 1.5,
       wallet: 2 },
    rowtypes: { bottle: 100, hookshot: 2, ms: 100 },
    name: 'All 4 Gerudo Valley area Skulltulas',
    id: 'all-4-gerudo-valley-area-skulltulas',
    time: 7,
    goal: 
     { difficulty: 9,
       id: 'all-4-gerudo-valley-area-skulltulas',
       jp: 'ゲルドの谷エリアの黄金のスタルチュラ4匹',
       name: 'All 4 Gerudo Valley area Skulltulas',
       rowtypes: [Object],
       skill: 0.25,
       subtypes: [Object],
       time: 7,
       types: [Object] },
    synergy: 7 },
  { difficulty: 16,
    desiredTime: 12,
    types: 
     { dmc: 1,
       endon: -0.5,
       fire: 9,
       forest: 1,
       gtunic: 1.75,
       selfsynergy: 0 },
    subtypes: 
     { aganon: 1,
       bosskey: 2,
       compass: 4,
       hearts3: 3.5,
       hearts4: 2,
       hovers: 0.25,
       lightarrow: 3.5,
       map: 2.5,
       pg: 1,
       songs5: 1.25,
       wallet: 0.25 },
    rowtypes: { bottle: 100, hookshot: 0.25, ms: 100 },
    name: 'Defeat Volvagia',
    id: 'defeat-volvagia',
    time: 12.5,
    goal: 
     { difficulty: 17,
       id: 'defeat-volvagia',
       jp: 'ヴァルバジア撃破',
       name: 'Defeat Volvagia',
       rowtypes: [Object],
       skill: 0.25,
       subtypes: [Object],
       time: 12.5,
       types: [Object] },
    synergy: 0 },
  { difficulty: 8,
    desiredTime: 6,
    types: 
     { aganon: 3,
       bganon: -3,
       cganon: 3,
       endon: -0.5,
       incshtrial: 100,
       selfsynergy: 0,
       strength: 100 },
    subtypes: { bombbag: 100, bosskey: 2.5, hovers: 1, wallet: 0.25 },
    rowtypes: { bottle: 100, hookshot: 2.5, ms: 0 },
    name: 'Golden Gauntlets',
    id: 'golden-gauntlets',
    time: 5.75,
    goal: 
     { difficulty: 8,
       id: 'golden-gauntlets',
       jp: '金のグローブ',
       name: 'Golden Gauntlets',
       rowtypes: [Object],
       skill: 0.75,
       subtypes: [Object],
       time: 5.75,
       types: [Object] },
    synergy: 4 },
  { difficulty: 15,
    desiredTime: 11.25,
    types: 
     { claimcheck: 10,
       forest: 4,
       hovers: 2,
       incforest: 100,
       meg: 4.25,
       selfsynergy: 0 },
    subtypes: 
     { bosskey: 4.25,
       bosskey2: 5.75,
       compass: 3.5,
       hearts4: 1,
       lightarrow: 3,
       map: 2.5,
       quiver: 4.5,
       songs5: 1.75,
       wallet: 1 },
    rowtypes: { bottle: 0.5, hookshot: 100, ms: 100 },
    name: 'Forest Temple Boss Key',
    id: 'forest-temple-boss-key',
    time: 10.75,
    goal: 
     { difficulty: 14,
       id: 'forest-temple-boss-key',
       jp: '森の神殿のボス部屋の鍵',
       name: 'Forest Temple Boss Key',
       rowtypes: [Object],
       skill: 0.25,
       subtypes: [Object],
       time: 10.75,
       types: [Object] },
    synergy: 7 },
  { difficulty: 2,
    desiredTime: 1.5,
    types: { dc: 1, selfsynergy: 0 },
    subtypes: { compass: 1.75, map: 1 },
    rowtypes: { bottle: 0, hookshot: 0, ms: 0 },
    name: 'Map & Compass in Dodongo\'s Cavern',
    id: 'map-compass-in-dodongo-s-cavern',
    time: 2,
    goal: 
     { difficulty: 3,
       id: 'map-compass-in-dodongo-s-cavern',
       jp: 'ドドンゴの洞窟のマップとコンパス',
       name: 'Map & Compass in Dodongo\'s Cavern',
       rowtypes: [Object],
       skill: 0,
       subtypes: [Object],
       time: 2,
       types: [Object] },
    synergy: 6.5 },
  { difficulty: 24,
    desiredTime: 18,
    types: 
     { bothzl: -4.25,
       czl: 4.25,
       fortress: 3,
       hovers: 3,
       poachers: 4.25,
       quiver: 1.5,
       selfsynergy: 0,
       spirit: 5 },
    subtypes: 
     { aganon: 0.25,
       bosskey: 2,
       bosskey2: 4,
       childchu: -2.5,
       chuczl: 2,
       compass: 4,
       hearts3: 1,
       hearts4: 0.25,
       map: 3,
       songs5: 1,
       wallet: 1 },
    rowtypes: { bottle: 100, hookshot: 100, ms: 5 },
    name: 'Map & Compass in Spirit Temple',
    id: 'map-compass-in-spirit-temple',
    time: 17.75,
    goal: 
     { difficulty: 24,
       id: 'map-compass-in-spirit-temple',
       jp: '魂の神殿のマップとコンパス',
       name: 'Map & Compass in Spirit Temple',
       rowtypes: [Object],
       skill: 1,
       subtypes: [Object],
       time: 17.75,
       types: [Object] },
    synergy: 0.25 },
  meta: { iterations: 1 } ]
