[ ,
  { difficulty: 5,
    desiredTime: 3.75,
    types: { selfsynergy: 0 },
    subtypes: undefined,
    rowtypes: { bottle: 0, hookshot: 0, ms: 100 },
    name: 'Cow in House',
    id: 'cow-in-house',
    time: 4.5,
    goal: 
     { difficulty: 6,
       id: 'cow-in-house',
       jp: '牛(リンクの家)',
       name: 'Cow in House',
       rowtypes: [Object],
       skill: 0,
       time: 4.5,
       types: [Object] },
    synergy: 4.75 },
  { difficulty: 12,
    desiredTime: 9,
    types: { forest: 3, hovers: 2, incforest: 100, meg: 4.25, selfsynergy: 0 },
    subtypes: 
     { bosskey: 2,
       bosskey2: 6,
       compass: 3,
       hearts3: 0.25,
       hearts4: 1,
       map: 2.5,
       quiver: 4.5,
       songs5: 1.75,
       wallet: 1 },
    rowtypes: { bottle: 0.5, hookshot: 100, ms: 4 },
    name: 'Fairy Bow',
    id: 'fairy-bow',
    time: 9.25,
    goal: 
     { difficulty: 12,
       id: 'fairy-bow',
       jp: '妖精の弓',
       name: 'Fairy Bow',
       rowtypes: [Object],
       skill: 0.25,
       subtypes: [Object],
       time: 9.25,
       types: [Object] },
    synergy: 5 },
  { difficulty: 19,
    desiredTime: 14.25,
    types: 
     { childchu: 0,
       childtrade: 2.75,
       chuczl: 2,
       czl: 5,
       dins: 3,
       dmc: 1.5,
       magic: 2,
       selfsynergy: 0 },
    subtypes: 
     { cganon: 2,
       child2: 5.5,
       childreset: 1.25,
       compass: 2,
       hearts3: 3.5,
       hearts4: 1,
       map: 2,
       songs4: 1.75,
       wallet: 0.5 },
    rowtypes: { bottle: 0, hookshot: 0, ms: 0 },
    name: 'Din\'s Fire',
    id: 'din-s-fire',
    time: 14.25,
    goal: 
     { difficulty: 19,
       id: 'din-s-fire',
       jp: 'ディンの炎',
       name: 'Din\'s Fire',
       rowtypes: [Object],
       skill: 0,
       subtypes: [Object],
       time: 14.25,
       types: [Object] },
    synergy: 7 },
  { difficulty: 21,
    desiredTime: 15.75,
    types: 
     { aganon: 3,
       endon: -0.5,
       fortress: 2.5,
       gtg: 1,
       hovers: 3,
       quiver: 1.5,
       selfsynergy: 0,
       spirit: 3.5 },
    subtypes: 
     { bosskey: 4.5,
       bosskey2: 5,
       compass: 1,
       hearts3: 0.5,
       hearts4: 0.5,
       map: 3,
       wallet: 1 },
    rowtypes: { bottle: 100, hookshot: 100, ms: 100 },
    name: 'Get to the end of Spirit Trial',
    id: 'get-to-the-end-of-spirit-trial',
    time: 15,
    goal: 
     { difficulty: 20,
       id: 'get-to-the-end-of-spirit-trial',
       jp: '魂の結界の最後の部屋に到達',
       name: 'Get to the end of Spirit Trial',
       rowtypes: [Object],
       skill: 0.75,
       subtypes: [Object],
       time: 15,
       types: [Object] },
    synergy: 5.25 },
  { difficulty: 8,
    desiredTime: 6,
    types: { beans: 6, childreset: 0.5, incbeans: 100, selfsynergy: 0 },
    subtypes: { child2: 3, gerudo: 0.5, wallet: 0.25 },
    rowtypes: { bottle: 0, hookshot: 0, ms: 0 },
    name: '7 Magic Beans',
    id: '7-magic-beans',
    time: 6.25,
    goal: 
     { difficulty: 8,
       id: '7-magic-beans',
       jp: '魔法のマメ7つ以上',
       name: '7 Magic Beans',
       rowtypes: [Object],
       skill: 0.25,
       subtypes: [Object],
       time: 6.25,
       types: [Object] },
    synergy: 6.75 },
  { difficulty: 24,
    desiredTime: 18,
    types: 
     { aganon: 3,
       bganon: -3,
       cganon: 3,
       endon: -0.5,
       fortress: 2.5,
       gtg: 1,
       hovers: 3,
       selfsynergy: 0,
       spirit: 4 },
    subtypes: 
     { bosskey: 7.25,
       bosskey2: 5,
       childtrade: 1.5,
       compass: 1,
       czl: 1.5,
       hearts3: 2,
       hearts4: 1.5,
       map: 3,
       songs5: 1,
       wallet: 1 },
    rowtypes: { bottle: 100, hookshot: 100, ms: 8 },
    name: 'Defeat 4 Different Iron Knuckles',
    id: 'defeat-4-different-iron-knuckles',
    time: 17,
    goal: 
     { difficulty: 23,
       id: 'defeat-4-different-iron-knuckles',
       jp: 'アイアンナックを4体撃破',
       name: 'Defeat 4 Different Iron Knuckles',
       rowtypes: [Object],
       skill: 0.5,
       subtypes: [Object],
       time: 17,
       types: [Object] },
    synergy: 1 },
  { difficulty: 6,
    desiredTime: 4.5,
    types: 
     { endon: -0.25,
       fortress: 3,
       gtg: 2,
       incgtgkey: 100,
       selfsynergy: 0 },
    subtypes: { bosskey: 3, hearts4: 0.25, hovers: 0.5, map: 3, wallet: 0.25 },
    rowtypes: { bottle: 0, hookshot: 1, ms: 0 },
    name: '3 unused keys in Gerudo Training Grounds',
    id: '3-unused-keys-in-gerudo-training-grounds',
    time: 4.5,
    goal: 
     { difficulty: 6,
       id: '3-unused-keys-in-gerudo-training-grounds',
       jp: 'ゲルドの修練場の未使用の鍵3つ',
       name: '3 unused keys in Gerudo Training Grounds',
       rowtypes: [Object],
       skill: 0.25,
       subtypes: [Object],
       time: 4.5,
       types: [Object] },
    synergy: 5.5 },
  { difficulty: 3,
    desiredTime: 2.25,
    types: { forest: 1.75, incforest: 100, selfsynergy: 0 },
    subtypes: { bosskey2: 1.75, lightarrow: -1.5, songs5: 1.75, wallet: 0.5 },
    rowtypes: { bottle: 0, hookshot: 0, ms: 100 },
    name: 'Minuet of Forest',
    id: 'minuet-of-forest',
    time: 1.75,
    goal: 
     { difficulty: 2,
       id: 'minuet-of-forest',
       jp: '森のメヌエット',
       name: 'Minuet of Forest',
       rowtypes: [Object],
       skill: 0,
       subtypes: [Object],
       time: 1.75,
       types: [Object] },
    synergy: 4.5 },
  { difficulty: 15,
    desiredTime: 11.25,
    types: { dc: 2, deku: 3, fountain: 2, selfsynergy: 0 },
    subtypes: { compass: 4, hearts4: 1.5, jabu: 3, map: 4, wallet: 2 },
    rowtypes: { bottle: 0, hookshot: 0.5, ms: 0 },
    name: '1 Skulltula from each Child Dungeon',
    id: '1-skulltula-from-each-child-dungeon',
    time: 10.25,
    goal: 
     { difficulty: 14,
       id: '1-skulltula-from-each-child-dungeon',
       jp: '全ての子供ダンジョンからスタルチュラ最低1匹ずつ',
       name: '1 Skulltula from each Child Dungeon',
       rowtypes: [Object],
       skill: 0.5,
       subtypes: [Object],
       time: 10.25,
       types: [Object] },
    synergy: 7 },
  { difficulty: 17,
    desiredTime: 12.75,
    types: { dmc: 1, fire: 8, gtunic: 1, selfsynergy: 0 },
    subtypes: 
     { bosskey: 2.25,
       compass: 4,
       hearts3: 0.5,
       hearts4: 1,
       hovers: 0.25,
       map: 2,
       songs5: 1.25,
       wallet: 0.5 },
    rowtypes: { bottle: 0.5, hookshot: 0.5, ms: 100 },
    name: 'Free all 9 gorons in Fire Temple',
    id: 'free-all-9-gorons-in-fire-temple',
    time: 14.75,
    goal: 
     { difficulty: 20,
       id: 'free-all-9-gorons-in-fire-temple',
       jp: '炎の神殿で９人のゴロンを全員救う',
       name: 'Free all 9 gorons in Fire Temple',
       rowtypes: [Object],
       skill: 0.25,
       subtypes: [Object],
       time: 14.75,
       types: [Object] },
    synergy: 6.5 },
  { difficulty: 13,
    desiredTime: 9.75,
    types: { dmc: 1, fire: 8, gtunic: 1, selfsynergy: 0 },
    subtypes: 
     { bosskey: 2,
       compass: 4,
       hovers: 0.25,
       map: 2.5,
       songs5: 1.25,
       wallet: 0.5 },
    rowtypes: { bottle: 0.5, hookshot: 0.25, ms: 100 },
    name: 'Defeat both Flare Dancers',
    id: 'defeat-both-flare-dancers',
    time: 10.75,
    goal: 
     { difficulty: 14,
       id: 'defeat-both-flare-dancers',
       jp: 'フレアダンサー2体撃破',
       name: 'Defeat both Flare Dancers',
       rowtypes: [Object],
       skill: 0.25,
       subtypes: [Object],
       time: 10.75,
       types: [Object] },
    synergy: 4.5 },
  { difficulty: 20,
    desiredTime: 15,
    types: 
     { bothzl: -4.25,
       czl: 4.25,
       dmc: 1,
       endon: -0.25,
       fortress: 2.5,
       hovers: 2,
       magic: 2,
       poachers: 4.25,
       selfsynergy: 0,
       spirit: 2 },
    subtypes: 
     { aganon: 0.25,
       bosskey: 2,
       bottleslot: 4,
       childchu: -2.5,
       chuczl: 2,
       compass: 2.5,
       hearts3: 1,
       hearts4: 0.25,
       map: 2,
       wallet: 0.5 },
    rowtypes: { bottle: 100, hookshot: 2.5, ms: 4 },
    name: 'Nayru\'s Love',
    id: 'nayru-s-love',
    time: 15.5,
    goal: 
     { difficulty: 21,
       id: 'nayru-s-love',
       jp: 'ネールの愛',
       name: 'Nayru\'s Love',
       rowtypes: [Object],
       skill: 0.25,
       subtypes: [Object],
       time: 15.5,
       types: [Object] },
    synergy: 4.25 },
  { difficulty: 22,
    desiredTime: 16.5,
    types: 
     { bothzl: -4.25,
       czl: 4.25,
       hovers: 3,
       poachers: 4.25,
       selfsynergy: 0,
       shadow: 8 },
    subtypes: 
     { aganon: 0.25,
       bosskey: 3.5,
       bosskey2: 6,
       childchu: -2.5,
       chuczl: 2,
       compass: 1,
       hearts3: 2,
       hearts4: 1,
       wallet: 2.5 },
    rowtypes: { bottle: 100, hookshot: 100, ms: 100 },
    name: 'All 5 Skulltulas in Shadow Temple',
    id: 'all-5-skulltulas-in-shadow-temple',
    time: 16.25,
    goal: 
     { difficulty: 22,
       id: 'all-5-skulltulas-in-shadow-temple',
       jp: '闇の神殿の黄金のスタルチュラ5匹',
       name: 'All 5 Skulltulas in Shadow Temple',
       rowtypes: [Object],
       skill: 0.25,
       subtypes: [Object],
       time: 16.25,
       types: [Object] },
    synergy: 0.25 },
  { difficulty: 9,
    desiredTime: 6.75,
    types: 
     { bbprize: 100,
       childchu: 0,
       dc: 3,
       fortress: 1,
       gtg: 1,
       incdodongo: 100,
       kd: 3,
       selfsynergy: 0 },
    subtypes: 
     { child2: 3,
       compass: 2,
       hearts3: 3,
       hearts4: 1,
       map: 2,
       wallet: 0.5 },
    rowtypes: { bottle: 0, hookshot: 0, ms: 0 },
    name: 'Win Bombchu Bowling Prize',
    id: 'win-bombchu-bowling-prize',
    time: 6.75,
    goal: 
     { difficulty: 9,
       id: 'win-bombchu-bowling-prize',
       jp: 'ボムチュウボウリングの景品を何か1つ入手',
       name: 'Win Bombchu Bowling Prize',
       rowtypes: [Object],
       skill: 0.5,
       subtypes: [Object],
       time: 6.75,
       types: [Object] },
    synergy: 2.25 },
  { difficulty: 1,
    desiredTime: 0.75,
    types: { childchu: 0, selfsynergy: 0 },
    subtypes: { compass: 1, map: 1 },
    rowtypes: { bottle: 0, hookshot: 0, ms: 0 },
    name: 'Map & Compass in Bottom of the Well',
    id: 'map-compass-in-bottom-of-the-well',
    time: 1,
    goal: 
     { difficulty: 1,
       id: 'map-compass-in-bottom-of-the-well',
       jp: '井戸の底のマップとコンパス',
       name: 'Map & Compass in Bottom of the Well',
       rowtypes: [Object],
       skill: 0,
       subtypes: [Object],
       time: 1,
       types: [Object] },
    synergy: 4.75 },
  { difficulty: 7,
    desiredTime: 5.25,
    types: { aganon: 3, bganon: -3, cganon: 3, endon: -0.5, selfsynergy: 0 },
    subtypes: 
     { bosskey: 4.25,
       childtrade: 1.5,
       czl: 1.5,
       hearts3: 2,
       hearts4: 1,
       wallet: 0.25 },
    rowtypes: { bottle: 100, hookshot: 0, ms: 0 },
    name: 'Ganon\'s Castle Boss Key',
    id: 'ganon-s-castle-boss-key',
    time: 4.25,
    goal: 
     { difficulty: 6,
       id: 'ganon-s-castle-boss-key',
       jp: 'ガノン城のボス部屋の鍵',
       name: 'Ganon\'s Castle Boss Key',
       rowtypes: [Object],
       skill: 0,
       subtypes: [Object],
       time: 4.25,
       types: [Object] },
    synergy: 5.25 },
  { difficulty: 4,
    desiredTime: 3,
    types: { fountain: 2, ice: 1.5, selfsynergy: 0 },
    subtypes: { compass: 3, hearts3: 1.5, map: 3, wallet: 1 },
    rowtypes: { bottle: 0, hookshot: 0, ms: 1 },
    name: 'Ice Cavern Heart Piece',
    id: 'ice-cavern-heart-piece',
    time: 3.5,
    goal: 
     { difficulty: 5,
       id: 'ice-cavern-heart-piece',
       jp: '氷の洞窟のハートのかけら',
       name: 'Ice Cavern Heart Piece',
       rowtypes: [Object],
       skill: 0,
       subtypes: [Object],
       time: 3.5,
       types: [Object] },
    synergy: 2 },
  { difficulty: 11,
    desiredTime: 8.25,
    types: { childchu: 0, fountain: 2, gtg: 1, jabu: 3, selfsynergy: 0 },
    subtypes: { compass: 2, hearts3: 0.5, wallet: 0.75 },
    rowtypes: { bottle: 0, hookshot: 0.5, ms: 0 },
    name: 'Defeat Big Octo',
    id: 'defeat-big-octo',
    time: 9,
    goal: 
     { difficulty: 12,
       id: 'defeat-big-octo',
       jp: '大オクタ撃破',
       name: 'Defeat Big Octo',
       rowtypes: [Object],
       skill: 0.5,
       subtypes: [Object],
       time: 9,
       types: [Object] },
    synergy: 0.25 },
  { difficulty: 18,
    desiredTime: 13.5,
    types: { dmc: 1, fire: 10, forest: 2, gtunic: 1.75, selfsynergy: 0 },
    subtypes: 
     { bosskey: 2,
       compass: 4,
       hearts3: 2.5,
       hearts4: 2,
       hovers: 0.25,
       lightarrow: 3,
       map: 2,
       pg: 1,
       songs5: 2.5,
       wallet: 0.25 },
    rowtypes: { bottle: 0.5, hookshot: 0.5, ms: 100 },
    name: 'Fire Medallion',
    id: 'fire-medallion',
    time: 14.25,
    goal: 
     { difficulty: 19,
       id: 'fire-medallion',
       jp: '炎のメダル',
       name: 'Fire Medallion',
       rowtypes: [Object],
       skill: 0.25,
       subtypes: [Object],
       time: 14.25,
       types: [Object] },
    synergy: 5.5 },
  { difficulty: 25,
    desiredTime: 18.75,
    types: 
     { bothzl: -4.25,
       childtrade: 2.75,
       czl: 4.25,
       dmc: 1,
       endon: -0.25,
       fortress: 2.5,
       fountain: 2,
       hovers: 2,
       magic: 2,
       poachers: 4.25,
       selfsynergy: -0.5,
       spirit: 2 },
    subtypes: 
     { aganon: 0.25,
       bosskey: 3,
       bottleslot: 4,
       child2: 5.5,
       childchu: -2.5,
       chuczl: 2,
       compass: 4,
       gtunic: 0.25,
       hearts3: 2.25,
       hearts4: 0.5,
       map: 4,
       wallet: 0.75 },
    rowtypes: { bottle: 100, hookshot: 1, ms: 4 },
    name: 'Two Fairy Spells',
    id: 'two-fairy-spells',
    time: 19,
    goal: 
     { difficulty: 25,
       id: 'two-fairy-spells',
       jp: '魔法のアイテム２つ',
       name: 'Two Fairy Spells',
       rowtypes: [Object],
       skill: 0.25,
       subtypes: [Object],
       time: 19,
       types: [Object] },
    synergy: 0 },
  { difficulty: 16,
    desiredTime: 12,
    types: 
     { dc: 2,
       ice: 1.5,
       incwskull: 100,
       irons: 2,
       longshot: 2,
       selfsynergy: 0,
       water: 3 },
    subtypes: 
     { aganon: 0.25,
       bbprize: -4,
       childchu: -2.5,
       compass: 2.5,
       hearts3: 1.5,
       hearts4: 2.5,
       hovers: 0.25,
       map: 2.5,
       wallet: 1.5 },
    rowtypes: { bottle: 100, hookshot: 100, ms: 6 },
    name: '3 Skulltulas in Water Temple',
    id: '3-skulltulas-in-water-temple',
    time: 11.25,
    goal: 
     { difficulty: 15,
       id: '3-skulltulas-in-water-temple',
       jp: '水の神殿の黄金のスタルチュラ3匹以上',
       name: '3 Skulltulas in Water Temple',
       rowtypes: [Object],
       skill: 0.25,
       subtypes: [Object],
       time: 11.25,
       types: [Object] },
    synergy: 4 },
  { difficulty: 23,
    desiredTime: 17.25,
    types: 
     { childtrade: 2.75,
       hearts3: 16,
       hearts4: 3,
       inchearts: 100,
       saria: 3,
       selfsynergy: -3 },
    subtypes: undefined,
    rowtypes: { bottle: 0, hookshot: 1, ms: 10 },
    name: '9 Hearts',
    id: '9-hearts',
    time: 17,
    goal: 
     { difficulty: 23,
       id: '9-hearts',
       jp: 'ハート9つ',
       name: '9 Hearts',
       rowtypes: [Object],
       skill: 1,
       time: 17,
       types: [Object] },
    synergy: 0.25 },
  { difficulty: 10,
    desiredTime: 7.5,
    types: { selfsynergy: -2, wallet: 8 },
    subtypes: undefined,
    rowtypes: { bottle: 1, hookshot: 2, ms: 6 },
    name: '15 Different Skulltulas',
    id: '15-different-skulltulas',
    time: 6.5,
    goal: 
     { difficulty: 9,
       id: '15-different-skulltulas',
       jp: 'スタルチュラのしるし15個(増殖禁止)',
       name: '15 Different Skulltulas',
       rowtypes: [Object],
       skill: 0.5,
       time: 6.5,
       types: [Object] },
    synergy: 4.75 },
  { difficulty: 2,
    desiredTime: 1.5,
    types: { dmc: 0.75, selfsynergy: 0 },
    subtypes: { bosskey: 1.5, gtunic: 0.25, hearts3: 0.5, songs5: 1.25 },
    rowtypes: { bottle: 0, hookshot: 0.25, ms: 100 },
    name: 'Bolero of Fire',
    id: 'bolero-of-fire',
    time: 1.5,
    goal: 
     { difficulty: 2,
       id: 'bolero-of-fire',
       jp: '炎のボレロ',
       name: 'Bolero of Fire',
       rowtypes: [Object],
       skill: 0,
       subtypes: [Object],
       time: 1.5,
       types: [Object] },
    synergy: 6.25 },
  { difficulty: 14,
    desiredTime: 10.5,
    types: 
     { bothzl: -4.25,
       czl: 4.25,
       dmc: 1,
       magic: 2,
       poachers: 4.25,
       selfsynergy: 0 },
    subtypes: 
     { aganon: 0.5,
       childchu: -2.5,
       chuczl: 2,
       gtunic: 0.25,
       hearts3: 1.5,
       wallet: 0.25 },
    rowtypes: { bottle: 100, hookshot: 0.5, ms: 100 },
    name: 'Double Defense',
    id: 'double-defense',
    time: 10,
    goal: 
     { difficulty: 13,
       id: 'double-defense',
       jp: '防御力2倍',
       name: 'Double Defense',
       rowtypes: [Object],
       skill: 0,
       subtypes: [Object],
       time: 10,
       types: [Object] },
    synergy: 7 },
  meta: { iterations: 1 } ]
