[ ,
  { difficulty: 15,
    desiredTime: 11.25,
    types: { childchu: 0, endon: -0.25, fountain: 2, jabu: 8, selfsynergy: 0 },
    subtypes: 
     { child2: 2,
       childreset: 1.25,
       compass: 2.5,
       hearts3: 4,
       hearts4: 1,
       map: 3,
       wallet: 0.5 },
    rowtypes: { bottle: 0, hookshot: 0, ms: 0 },
    name: 'Defeat Barinade',
    id: 'defeat-barinade',
    time: 11,
    goal: 
     { difficulty: 15,
       id: 'defeat-barinade',
       jp: 'バリネード撃破',
       name: 'Defeat Barinade',
       rowtypes: [Object],
       skill: 0.25,
       subtypes: [Object],
       time: 11,
       types: [Object] },
    synergy: 2.5 },
  { difficulty: 17,
    desiredTime: 12.75,
    types: 
     { beans: 15,
       childtrade: 6.5,
       czl: 2.5,
       fortress: 3,
       gerudo: 7,
       incctrade: 100,
       saria: 3,
       selfsynergy: 0 },
    subtypes: { bosskey: 2.5, hearts4: 0.5, map: 2.5, wallet: 0.25 },
    rowtypes: { bottle: 100, hookshot: 0.75, ms: 7 },
    name: 'Spooky Mask',
    id: 'spooky-mask',
    time: 13.5,
    goal: 
     { difficulty: 18,
       id: 'spooky-mask',
       jp: 'こわそなお面',
       name: 'Spooky Mask',
       rowtypes: [Object],
       skill: 0.5,
       subtypes: [Object],
       time: 13.5,
       types: [Object] },
    synergy: 3.75 },
  { difficulty: 9,
    desiredTime: 6.75,
    types: { childchu: 0, fountain: 2, gtg: 1, jabu: 3, selfsynergy: 0 },
    subtypes: 
     { childreset: 0.5,
       compass: 2,
       hearts3: 2,
       hearts4: 1,
       wallet: 2.25 },
    rowtypes: { bottle: 0, hookshot: 0, ms: 0 },
    name: 'All 4 Skulltulas in Jabu-Jabu',
    id: 'all-4-skulltulas-in-jabu-jabu',
    time: 7.5,
    goal: 
     { difficulty: 10,
       id: 'all-4-skulltulas-in-jabu-jabu',
       jp: 'ジャブジャブ様のお腹の黄金のスタルチュラ4匹',
       name: 'All 4 Skulltulas in Jabu-Jabu',
       rowtypes: [Object],
       skill: 0.5,
       subtypes: [Object],
       time: 7.5,
       types: [Object] },
    synergy: 6.75 },
  { difficulty: 21,
    desiredTime: 15.75,
    types: 
     { bothzl: -4.25,
       czl: 4.25,
       dc: 2,
       ice: 1.5,
       incwskull: 100,
       irons: 2,
       longshot: 4,
       poachers: 4.25,
       selfsynergy: 0,
       water: 4 },
    subtypes: 
     { aganon: 0.25,
       bbprize: -6,
       bosskey: 3.75,
       childchu: -2.5,
       chuczl: 2,
       compass: 3.5,
       hearts3: 1.5,
       hearts4: 2.5,
       hovers: 0.5,
       map: 3.5,
       spirit: -1,
       wallet: 2.5 },
    rowtypes: { bottle: 100, hookshot: 100, ms: 100 },
    name: 'All 5 Skulltulas in Water Temple',
    id: 'all-5-skulltulas-in-water-temple',
    time: 16.5,
    goal: 
     { difficulty: 22,
       id: 'all-5-skulltulas-in-water-temple',
       jp: '水の神殿の黄金のスタルチュラ5匹',
       name: 'All 5 Skulltulas in Water Temple',
       rowtypes: [Object],
       skill: 0.75,
       subtypes: [Object],
       time: 16.5,
       types: [Object] },
    synergy: 3.5 },
  { difficulty: 3,
    desiredTime: 2.25,
    types: { selfsynergy: 0, sticks: 100 },
    subtypes: { bulletbag: 100, childchu: -0.5 },
    rowtypes: { bottle: 100, hookshot: 0, ms: 2 },
    name: 'Exactly 30 Deku Sticks',
    id: 'exactly-30-deku-sticks',
    time: 1.5,
    goal: 
     { difficulty: 2,
       id: 'exactly-30-deku-sticks',
       jp: 'デクの棒30本',
       name: 'Exactly 30 Deku Sticks',
       rowtypes: [Object],
       skill: 0,
       subtypes: [Object],
       time: 1.5,
       types: [Object] },
    synergy: 6.25 },
  { difficulty: 24,
    desiredTime: 18,
    types: 
     { childchu: 0,
       childreset: 1.25,
       childtrade: 2.75,
       chuczl: 2,
       czl: 5,
       saria: 3,
       selfsynergy: -1 },
    subtypes: 
     { cganon: 2,
       child2: 2.5,
       hearts3: 4.5,
       hearts4: 1.5,
       songs4: 3,
       wallet: 0.25 },
    rowtypes: { bottle: 0, hookshot: 0, ms: 0 },
    name: 'Both heart pieces in Lost Woods',
    id: 'both-heart-pieces-in-lost-woods',
    time: 17,
    goal: 
     { difficulty: 23,
       id: 'both-heart-pieces-in-lost-woods',
       jp: '迷いの森のハートのかけら２つ',
       name: 'Both heart pieces in Lost Woods',
       rowtypes: [Object],
       skill: 0,
       subtypes: [Object],
       time: 17,
       types: [Object] },
    synergy: 1 },
  { difficulty: 1,
    desiredTime: 0.75,
    types: { gtunic: 1.75, inctunic: 100, selfsynergy: 0 },
    subtypes: { bosskey: 0.5, songs5: 0.25 },
    rowtypes: { bottle: 0, hookshot: 0, ms: 100 },
    name: 'Goron Tunic',
    id: 'goron-tunic',
    time: 1.75,
    goal: 
     { difficulty: 2,
       id: 'goron-tunic',
       jp: 'ゴロンの服',
       name: 'Goron Tunic',
       rowtypes: [Object],
       skill: 0,
       subtypes: [Object],
       time: 1.75,
       types: [Object] },
    synergy: 4 },
  { difficulty: 13,
    desiredTime: 9.75,
    types: { fortress: 2.5, gerudo: 6, selfsynergy: 0 },
    subtypes: { bosskey: 2.5, hearts4: 0.25, hovers: 0.5, map: 2.5, wallet: 0.5 },
    rowtypes: { bottle: 0, hookshot: 0.75, ms: 2.5 },
    name: 'Gerudo\'s Card',
    id: 'gerudo-s-card',
    time: 9,
    goal: 
     { difficulty: 12,
       id: 'gerudo-s-card',
       jp: 'ゲルドの会員証',
       name: 'Gerudo\'s Card',
       rowtypes: [Object],
       skill: 0,
       subtypes: [Object],
       time: 9,
       types: [Object] },
    synergy: 4.75 },
  { difficulty: 20,
    desiredTime: 15,
    types: { dmc: 1, fire: 8, gtunic: 1, selfsynergy: 0 },
    subtypes: 
     { bosskey: 2.25,
       compass: 4,
       hearts3: 0.5,
       hearts4: 1,
       hovers: 0.25,
       map: 2,
       songs5: 1.25,
       wallet: 0.5 },
    rowtypes: { bottle: 0.5, hookshot: 0.5, ms: 100 },
    name: 'Free all 9 gorons in Fire Temple',
    id: 'free-all-9-gorons-in-fire-temple',
    time: 14.75,
    goal: 
     { difficulty: 20,
       id: 'free-all-9-gorons-in-fire-temple',
       jp: '炎の神殿で９人のゴロンを全員救う',
       name: 'Free all 9 gorons in Fire Temple',
       rowtypes: [Object],
       skill: 0.25,
       subtypes: [Object],
       time: 14.75,
       types: [Object] },
    synergy: 6.75 },
  { difficulty: 7,
    desiredTime: 5.25,
    types: { childchu: 0, selfsynergy: 0 },
    subtypes: { wallet: 4 },
    rowtypes: { bottle: 100, hookshot: 1.5, ms: 100 },
    name: 'All 8 Kakariko area Skulltulas',
    id: 'all-8-kakariko-area-skulltulas',
    time: 6.25,
    goal: 
     { difficulty: 8,
       id: 'all-8-kakariko-area-skulltulas',
       jp: 'カカリコ村エリアの黄金のスタルチュラ8匹',
       name: 'All 8 Kakariko area Skulltulas',
       rowtypes: [Object],
       skill: 0.25,
       subtypes: [Object],
       time: 6.25,
       types: [Object] },
    synergy: 0.25 },
  { difficulty: 18,
    desiredTime: 13.5,
    types: { dmc: 1, fire: 10, forest: 2, gtunic: 1.75, selfsynergy: 0 },
    subtypes: 
     { bosskey: 2,
       compass: 4,
       hearts3: 2.5,
       hearts4: 2,
       hovers: 0.25,
       lightarrow: 3,
       map: 2,
       pg: 1,
       songs5: 2.5,
       wallet: 0.25 },
    rowtypes: { bottle: 0.5, hookshot: 0.5, ms: 100 },
    name: 'Fire Medallion',
    id: 'fire-medallion',
    time: 14.25,
    goal: 
     { difficulty: 19,
       id: 'fire-medallion',
       jp: '炎のメダル',
       name: 'Fire Medallion',
       rowtypes: [Object],
       skill: 0.25,
       subtypes: [Object],
       time: 14.25,
       types: [Object] },
    synergy: 4.75 },
  { difficulty: 10,
    desiredTime: 7.5,
    types: { gtg: 1, selfsynergy: 0, water: 3 },
    subtypes: { compass: 3, hearts4: 1, map: 3, poachers: 1.25 },
    rowtypes: { bottle: 0, hookshot: 0, ms: 1 },
    name: 'Map & Compass in Water Temple',
    id: 'map-compass-in-water-temple',
    time: 7,
    goal: 
     { difficulty: 9,
       id: 'map-compass-in-water-temple',
       jp: '水の神殿のマップとコンパス',
       name: 'Map & Compass in Water Temple',
       rowtypes: [Object],
       skill: 0.5,
       subtypes: [Object],
       time: 7,
       types: [Object] },
    synergy: 4.5 },
  { difficulty: 22,
    desiredTime: 16.5,
    types: 
     { bothzl: -4.25,
       czl: 4.25,
       hovers: 3,
       poachers: 4.25,
       selfsynergy: 0,
       shadow: 8 },
    subtypes: 
     { aganon: 0.25,
       bosskey: 3.5,
       bosskey2: 6,
       childchu: -2.5,
       chuczl: 2,
       compass: 1,
       hearts3: 2,
       hearts4: 1,
       wallet: 2.5 },
    rowtypes: { bottle: 100, hookshot: 100, ms: 100 },
    name: 'All 5 Skulltulas in Shadow Temple',
    id: 'all-5-skulltulas-in-shadow-temple',
    time: 16.25,
    goal: 
     { difficulty: 22,
       id: 'all-5-skulltulas-in-shadow-temple',
       jp: '闇の神殿の黄金のスタルチュラ5匹',
       name: 'All 5 Skulltulas in Shadow Temple',
       rowtypes: [Object],
       skill: 0.25,
       subtypes: [Object],
       time: 16.25,
       types: [Object] },
    synergy: 0.25 },
  { difficulty: 4,
    desiredTime: 3,
    types: { childreset: 1, lonlon: 1.75, selfsynergy: 0 },
    subtypes: { hearts3: 0.75, hearts4: 0.25 },
    rowtypes: { bottle: 0, hookshot: 0, ms: 0 },
    name: 'Lon Lon Ranch HP',
    id: 'lon-lon-ranch-hp',
    time: 3.5,
    goal: 
     { difficulty: 5,
       id: 'lon-lon-ranch-hp',
       jp: 'ロンロン牧場のハートのかけら',
       name: 'Lon Lon Ranch HP',
       rowtypes: [Object],
       skill: 0,
       subtypes: [Object],
       time: 3.5,
       types: [Object] },
    synergy: 0.75 },
  { difficulty: 11,
    desiredTime: 8.25,
    types: { forest: 3, hovers: 2, incforest: 100, meg: 4.25, selfsynergy: 0 },
    subtypes: 
     { bosskey: 2,
       bosskey2: 6,
       compass: 3,
       hearts3: 0.25,
       hearts4: 1,
       map: 2.5,
       quiver: 4.5,
       songs5: 1.75,
       wallet: 1 },
    rowtypes: { bottle: 0.5, hookshot: 100, ms: 4 },
    name: 'Fairy Bow',
    id: 'fairy-bow',
    time: 9.25,
    goal: 
     { difficulty: 12,
       id: 'fairy-bow',
       jp: '妖精の弓',
       name: 'Fairy Bow',
       rowtypes: [Object],
       skill: 0.25,
       subtypes: [Object],
       time: 9.25,
       types: [Object] },
    synergy: 3.25 },
  { difficulty: 2,
    desiredTime: 1.5,
    types: { forest: 0.25, selfsynergy: 0 },
    subtypes: undefined,
    rowtypes: { bottle: 0, hookshot: 0, ms: 0.5 },
    name: 'Defeat a Skull Kid',
    id: 'defeat-a-skull-kid',
    time: 0.75,
    goal: 
     { difficulty: 1,
       id: 'defeat-a-skull-kid',
       jp: 'スタルキッド撃破',
       name: 'Defeat a Skull Kid',
       rowtypes: [Object],
       skill: 0,
       time: 0.75,
       types: [Object] },
    synergy: 7 },
  { difficulty: 14,
    desiredTime: 10.5,
    types: 
     { claimcheck: 10,
       forest: 4,
       hovers: 2,
       incforest: 100,
       meg: 4.25,
       selfsynergy: 0 },
    subtypes: 
     { bosskey: 4.25,
       bosskey2: 5.75,
       compass: 3.5,
       hearts4: 1,
       lightarrow: 3,
       map: 2.5,
       quiver: 4.5,
       songs5: 1.75,
       wallet: 1 },
    rowtypes: { bottle: 0.5, hookshot: 100, ms: 100 },
    name: 'Forest Temple Boss Key',
    id: 'forest-temple-boss-key',
    time: 10.75,
    goal: 
     { difficulty: 14,
       id: 'forest-temple-boss-key',
       jp: '森の神殿のボス部屋の鍵',
       name: 'Forest Temple Boss Key',
       rowtypes: [Object],
       skill: 0.25,
       subtypes: [Object],
       time: 10.75,
       types: [Object] },
    synergy: 5 },
  { difficulty: 16,
    desiredTime: 12,
    types: 
     { childchu: 0,
       childreset: 1.25,
       childtrade: 2.75,
       chuczl: 2,
       czl: 5,
       saria: 3,
       selfsynergy: 0 },
    subtypes: 
     { cganon: 2,
       child2: 2.5,
       hearts3: 3,
       hearts4: 1,
       songs4: 3,
       wallet: 0.25 },
    rowtypes: { bottle: 0, hookshot: 0, ms: 0 },
    name: 'Saria\'s Song',
    id: 'saria-s-song',
    time: 12.5,
    goal: 
     { difficulty: 17,
       id: 'saria-s-song',
       jp: 'サリアの歌',
       name: 'Saria\'s Song',
       rowtypes: [Object],
       skill: 0,
       subtypes: [Object],
       time: 12.5,
       types: [Object] },
    synergy: 5.5 },
  { difficulty: 8,
    desiredTime: 6,
    types: 
     { endon: -1,
       forest: 4,
       fortress: 2,
       incfboss: 100,
       inclacs: 100,
       pg: 4,
       poachers: 4,
       selfsynergy: 0 },
    subtypes: 
     { bosskey2: 2,
       childchu: -1,
       compass: 1,
       hearts3: 2,
       hearts4: 1,
       map: 3,
       songs5: 1.75,
       wallet: 0.75 },
    rowtypes: { bottle: 100, hookshot: 1, ms: 4 },
    name: 'Forest Medallion',
    id: 'forest-medallion',
    time: 5.5,
    goal: 
     { difficulty: 7,
       id: 'forest-medallion',
       jp: '森のメダル',
       name: 'Forest Medallion',
       rowtypes: [Object],
       skill: 0,
       subtypes: [Object],
       time: 5.5,
       types: [Object] },
    synergy: 6 },
  { difficulty: 25,
    desiredTime: 18.75,
    types: 
     { endon: -1,
       fortress: 2.5,
       gtg: 1,
       hovers: 3,
       legitlacs: 100,
       selfsynergy: -1,
       spirit: 8 },
    subtypes: 
     { bosskey: 6,
       bosskey2: 6,
       compass: 1,
       hearts3: 3,
       hearts4: 1.5,
       map: 3,
       songs5: 1,
       wallet: 0.5 },
    rowtypes: { bottle: 1, hookshot: 100, ms: 100 },
    name: 'Beat the Spirit Temple',
    id: 'beat-the-spirit-temple',
    time: 19,
    goal: 
     { difficulty: 25,
       id: 'beat-the-spirit-temple',
       jp: '魂の神殿クリア',
       name: 'Beat the Spirit Temple',
       rowtypes: [Object],
       skill: 1,
       subtypes: [Object],
       time: 19,
       types: [Object] },
    synergy: 0 },
  { difficulty: 6,
    desiredTime: 4.5,
    types: { hovers: 3, selfsynergy: 0, shadow: 1 },
    subtypes: { bosskey2: 3, compass: 3, map: 3 },
    rowtypes: { bottle: 0, hookshot: 0.75, ms: 0.5 },
    name: 'Map & Compass in Shadow Temple',
    id: 'map-compass-in-shadow-temple',
    time: 5,
    goal: 
     { difficulty: 7,
       id: 'map-compass-in-shadow-temple',
       jp: '闇の神殿のマップとコンパス',
       name: 'Map & Compass in Shadow Temple',
       rowtypes: [Object],
       skill: 0,
       subtypes: [Object],
       time: 5,
       types: [Object] },
    synergy: 5.5 },
  { difficulty: 23,
    desiredTime: 17.25,
    types: 
     { child2: 5,
       dins: 1,
       endon: 0,
       forest: 3,
       hovers: 3,
       incfboss: 100,
       pg: 2.25,
       selfsynergy: 0 },
    subtypes: 
     { bosskey2: 2,
       compass: 1,
       hearts3: 3,
       hearts4: 1,
       map: 2,
       songs4: 1.5,
       songs5: 2,
       wallet: 2.75 },
    rowtypes: { bottle: 100, hookshot: 100, ms: 100 },
    name: 'All 4 Market area Skulltulas',
    id: 'all-4-market-area-skulltulas',
    time: 17,
    goal: 
     { difficulty: 23,
       id: 'all-4-market-area-skulltulas',
       jp: '城下町エリアの黄金のスタルチュラ4匹',
       name: 'All 4 Market area Skulltulas',
       rowtypes: [Object],
       skill: 0.5,
       subtypes: [Object],
       time: 17,
       types: [Object] },
    synergy: 0.25 },
  { difficulty: 5,
    desiredTime: 3.75,
    types: { fortress: 2.5, selfsynergy: 0 },
    subtypes: { hearts4: 0.5, hovers: 0.5, map: 2, wallet: 1.25 },
    rowtypes: { bottle: 0, hookshot: 100, ms: 100 },
    name: 'Both Gerudo\'s Fortress area Skulltulas',
    id: 'both-gerudo-s-fortress-area-skulltulas',
    time: 4.5,
    goal: 
     { difficulty: 6,
       id: 'both-gerudo-s-fortress-area-skulltulas',
       jp: 'ゲルドの砦の黄金のスタルチュラ2匹',
       name: 'Both Gerudo\'s Fortress area Skulltulas',
       rowtypes: [Object],
       skill: 0.25,
       subtypes: [Object],
       time: 4.5,
       types: [Object] },
    synergy: 7 },
  { difficulty: 12,
    desiredTime: 9,
    types: { childchu: 0, fountain: 2, gtg: 1, jabu: 5, selfsynergy: 0 },
    subtypes: { compass: 2.5, hearts3: 1, hearts4: 1, map: 3, wallet: 0.5 },
    rowtypes: { bottle: 0, hookshot: 0, ms: 0 },
    name: 'Boomerang',
    id: 'boomerang',
    time: 8.5,
    goal: 
     { difficulty: 11,
       id: 'boomerang',
       jp: 'ブーメラン',
       name: 'Boomerang',
       rowtypes: [Object],
       skill: 0.25,
       subtypes: [Object],
       time: 8.5,
       types: [Object] },
    synergy: 2.25 },
  { difficulty: 19,
    desiredTime: 14.25,
    types: 
     { beans: 10,
       bombbag: 100,
       fortress: 3,
       gerudo: 7,
       quiver: 1,
       selfsynergy: 0 },
    subtypes: 
     { bosskey: 2.5,
       childchu: -2.5,
       hearts4: 0.5,
       map: 2,
       wallet: 0.25 },
    rowtypes: { bottle: 100, hookshot: 0, ms: 100 },
    name: 'Quiver (50)',
    id: 'quiver-50-',
    time: 15,
    goal: 
     { difficulty: 20,
       id: 'quiver-50-',
       jp: '矢立て(50)',
       name: 'Quiver (50)',
       rowtypes: [Object],
       skill: 0.5,
       subtypes: [Object],
       time: 15,
       types: [Object] },
    synergy: 5 },
  meta: { iterations: 1 } ]
