[ ,
  { difficulty: 10,
    desiredTime: 7.5,
    types: { deku: 3, quiver: 1, selfsynergy: 0 },
    subtypes: { compass: 3, hearts3: 0.5, hearts4: 1, map: 2, wallet: 2 },
    rowtypes: { bottle: 0, hookshot: 1, ms: 0 },
    name: 'All 4 Skulltulas in Deku Tree',
    id: 'all-4-skulltulas-in-deku-tree',
    time: 7.25,
    goal: 
     { difficulty: 10,
       id: 'all-4-skulltulas-in-deku-tree',
       jp: 'デクの樹様の中の黄金のスタルチュラ4匹',
       name: 'All 4 Skulltulas in Deku Tree',
       rowtypes: [Object],
       skill: 0.25,
       subtypes: [Object],
       time: 7.25,
       types: [Object] },
    synergy: 5.5 },
  { difficulty: 12,
    desiredTime: 9,
    types: 
     { deku: 2,
       endon: -1,
       hovers: 3,
       legitlacs: 100,
       selfsynergy: 0,
       shadow: 5 },
    subtypes: { bosskey2: 2, hearts3: 3, hearts4: 1, wallet: 0.25 },
    rowtypes: { bottle: 100, hookshot: 100, ms: 5 },
    name: 'Beat the Shadow Temple',
    id: 'beat-the-shadow-temple',
    time: 9.25,
    goal: 
     { difficulty: 12,
       id: 'beat-the-shadow-temple',
       jp: '闇の神殿クリア',
       name: 'Beat the Shadow Temple',
       rowtypes: [Object],
       skill: 0.75,
       subtypes: [Object],
       time: 9.25,
       types: [Object] },
    synergy: 7 },
  { difficulty: 24,
    desiredTime: 18,
    types: 
     { endon: -0.25,
       fortress: 2.5,
       incsongs: 100,
       poachers: 4.25,
       selfsynergy: 0,
       songs5: 15,
       spirit: 2.5 },
    subtypes: 
     { aganon: 0.25,
       bosskey: 3.5,
       child2: 3,
       childchu: -2.5,
       compass: 1,
       hearts3: 1.5,
       hearts4: 0.25,
       hovers: 1,
       map: 2,
       wallet: 1.5 },
    rowtypes: { bottle: 100, hookshot: 2, ms: 100 },
    name: '10 Songs',
    id: '10-songs',
    time: 18.75,
    goal: 
     { difficulty: 25,
       id: '10-songs',
       jp: '歌10つ以上',
       name: '10 Songs',
       rowtypes: [Object],
       skill: 0.25,
       subtypes: [Object],
       time: 18.75,
       types: [Object] },
    synergy: 0 },
  { difficulty: 1,
    desiredTime: 0.75,
    types: { selfsynergy: 0, sticks: 100 },
    subtypes: { bulletbag: 100, childchu: -0.5 },
    rowtypes: { bottle: 100, hookshot: 0, ms: 2 },
    name: 'Exactly 30 Deku Sticks',
    id: 'exactly-30-deku-sticks',
    time: 1.5,
    goal: 
     { difficulty: 2,
       id: 'exactly-30-deku-sticks',
       jp: 'デクの棒30本',
       name: 'Exactly 30 Deku Sticks',
       rowtypes: [Object],
       skill: 0,
       subtypes: [Object],
       time: 1.5,
       types: [Object] },
    synergy: 6.25 },
  { difficulty: 18,
    desiredTime: 13.5,
    types: { childchu: 0, fountain: 2, jabu: 8, selfsynergy: 0 },
    subtypes: 
     { child2: 3.5,
       childreset: 1.25,
       compass: 2.5,
       hearts3: 4,
       hearts4: 1,
       map: 3,
       wallet: 0.5 },
    rowtypes: { bottle: 0, hookshot: 0, ms: 0 },
    name: 'Beat Jabu-Jabu\'s Belly',
    id: 'beat-jabu-jabu-s-belly',
    time: 12.5,
    goal: 
     { difficulty: 17,
       id: 'beat-jabu-jabu-s-belly',
       jp: 'ジャブジャブ様のお腹クリア',
       name: 'Beat Jabu-Jabu\'s Belly',
       rowtypes: [Object],
       skill: 0.25,
       subtypes: [Object],
       time: 12.5,
       types: [Object] },
    synergy: 0.75 },
  { difficulty: 4,
    desiredTime: 3,
    types: { fountain: 1, selfsynergy: 0 },
    subtypes: { bottleslot: 4, strength: 100, wallet: 100 },
    rowtypes: { bottle: 0, hookshot: 0, ms: 0 },
    name: 'Silver Scale',
    id: 'silver-scale',
    time: 3,
    goal: 
     { difficulty: 4,
       id: 'silver-scale',
       jp: '銀のウロコ',
       name: 'Silver Scale',
       rowtypes: [Object],
       skill: 0,
       subtypes: [Object],
       time: 3,
       types: [Object] },
    synergy: 6.5 },
  { difficulty: 16,
    desiredTime: 12,
    types: 
     { dc: 2,
       ice: 1.5,
       incwskull: 100,
       irons: 2,
       longshot: 2,
       selfsynergy: 0,
       water: 3 },
    subtypes: 
     { aganon: 0.25,
       bbprize: -4,
       childchu: -2.5,
       compass: 2.5,
       hearts3: 1.5,
       hearts4: 2.5,
       hovers: 0.25,
       map: 2.5,
       wallet: 1.5 },
    rowtypes: { bottle: 100, hookshot: 100, ms: 6 },
    name: '3 Skulltulas in Water Temple',
    id: '3-skulltulas-in-water-temple',
    time: 11.25,
    goal: 
     { difficulty: 15,
       id: '3-skulltulas-in-water-temple',
       jp: '水の神殿の黄金のスタルチュラ3匹以上',
       name: '3 Skulltulas in Water Temple',
       rowtypes: [Object],
       skill: 0.25,
       subtypes: [Object],
       time: 11.25,
       types: [Object] },
    synergy: 6.75 },
  { difficulty: 8,
    desiredTime: 6,
    types: { childchu: 0, fortress: 2, selfsynergy: 0 },
    subtypes: 
     { bosskey: 1.5,
       child2: 1.5,
       hearts3: 0.5,
       hearts4: 0.25,
       hovers: 0.25,
       jabu: 0.5,
       map: 1.5,
       wallet: 2 },
    rowtypes: { bottle: 100, hookshot: 2, ms: 100 },
    name: 'All 4 Gerudo Valley area Skulltulas',
    id: 'all-4-gerudo-valley-area-skulltulas',
    time: 7,
    goal: 
     { difficulty: 9,
       id: 'all-4-gerudo-valley-area-skulltulas',
       jp: 'ゲルドの谷エリアの黄金のスタルチュラ4匹',
       name: 'All 4 Gerudo Valley area Skulltulas',
       rowtypes: [Object],
       skill: 0.25,
       subtypes: [Object],
       time: 7,
       types: [Object] },
    synergy: 0 },
  { difficulty: 15,
    desiredTime: 11.25,
    types: { childchu: 0, hovers: 3, map: 15, selfsynergy: -3 },
    subtypes: 
     { bosskey2: 2,
       claimcheck: 3,
       compass: 15,
       hearts3: 1,
       hearts4: 1.5,
       poachers: 0.5,
       songs5: 1.5,
       wallet: 0.75 },
    rowtypes: { bottle: 0, hookshot: 0.5, ms: 2.5 },
    name: '6 Maps',
    id: '6-maps',
    time: 12,
    goal: 
     { difficulty: 16,
       id: '6-maps',
       jp: 'マップ6つ',
       name: '6 Maps',
       rowtypes: [Object],
       skill: 0.5,
       subtypes: [Object],
       time: 12,
       types: [Object] },
    synergy: 0.75 },
  { difficulty: 22,
    desiredTime: 16.5,
    types: 
     { bothzl: -4.25,
       czl: 4.25,
       hovers: 3,
       poachers: 4.25,
       selfsynergy: 0,
       shadow: 8 },
    subtypes: 
     { aganon: 0.25,
       bosskey: 3.5,
       bosskey2: 6,
       childchu: -2.5,
       chuczl: 2,
       compass: 1,
       hearts3: 2,
       hearts4: 1,
       wallet: 2.5 },
    rowtypes: { bottle: 100, hookshot: 100, ms: 100 },
    name: 'All 5 Skulltulas in Shadow Temple',
    id: 'all-5-skulltulas-in-shadow-temple',
    time: 16.25,
    goal: 
     { difficulty: 22,
       id: 'all-5-skulltulas-in-shadow-temple',
       jp: '闇の神殿の黄金のスタルチュラ5匹',
       name: 'All 5 Skulltulas in Shadow Temple',
       rowtypes: [Object],
       skill: 0.25,
       subtypes: [Object],
       time: 16.25,
       types: [Object] },
    synergy: 7 },
  { difficulty: 13,
    desiredTime: 9.75,
    types: 
     { endon: -0.5,
       fortress: 3,
       gtg: 3,
       incgtgkey: 100,
       selfsynergy: 0 },
    subtypes: { bosskey: 3, hearts4: 0.25, hovers: 0.75, map: 3, wallet: 0.5 },
    rowtypes: { bottle: 100, hookshot: 100, ms: 3 },
    name: '7 different unused keys in Gerudo Training Grounds',
    id: '7-different-unused-keys-in-gerudo-training-grounds',
    time: 8.75,
    goal: 
     { difficulty: 12,
       id: '7-different-unused-keys-in-gerudo-training-grounds',
       jp: 'ゲルドの修練場の未使用の鍵7つ(増殖禁止)',
       name: '7 different unused keys in Gerudo Training Grounds',
       rowtypes: [Object],
       skill: 0.5,
       subtypes: [Object],
       time: 8.75,
       types: [Object] },
    synergy: 6.5 },
  { difficulty: 25,
    desiredTime: 18.75,
    types: 
     { endon: -1,
       fortress: 2.5,
       gtg: 1,
       hovers: 3,
       legitlacs: 100,
       selfsynergy: 0,
       spirit: 8 },
    subtypes: 
     { bosskey: 6,
       bosskey2: 6,
       compass: 1,
       hearts3: 3,
       hearts4: 1.5,
       map: 3,
       songs5: 1,
       wallet: 0.5 },
    rowtypes: { bottle: 0.5, hookshot: 100, ms: 100 },
    name: 'Defeat Twinrova',
    id: 'defeat-twinrova',
    time: 19,
    goal: 
     { difficulty: 25,
       id: 'defeat-twinrova',
       jp: 'ツインローバ撃破',
       name: 'Defeat Twinrova',
       rowtypes: [Object],
       skill: 1,
       subtypes: [Object],
       time: 19,
       types: [Object] },
    synergy: 0 },
  { difficulty: 2,
    desiredTime: 1.5,
    types: { gtunic: 1.75, inctunic: 100, selfsynergy: 0 },
    subtypes: { bosskey: 0.5, songs5: 0.25 },
    rowtypes: { bottle: 0, hookshot: 0, ms: 100 },
    name: 'Goron Tunic',
    id: 'goron-tunic',
    time: 1.75,
    goal: 
     { difficulty: 2,
       id: 'goron-tunic',
       jp: 'ゴロンの服',
       name: 'Goron Tunic',
       rowtypes: [Object],
       skill: 0,
       subtypes: [Object],
       time: 1.75,
       types: [Object] },
    synergy: 1.75 },
  { difficulty: 19,
    desiredTime: 14.25,
    types: 
     { childchu: 0,
       childtrade: 2.75,
       chuczl: 2,
       czl: 5,
       dins: 3,
       dmc: 1.5,
       magic: 2,
       selfsynergy: 0 },
    subtypes: 
     { cganon: 2,
       child2: 5.5,
       childreset: 1.25,
       compass: 2,
       hearts3: 3.5,
       hearts4: 1,
       map: 2,
       songs4: 1.75,
       wallet: 0.5 },
    rowtypes: { bottle: 0, hookshot: 0, ms: 0 },
    name: 'Din\'s Fire',
    id: 'din-s-fire',
    time: 14.25,
    goal: 
     { difficulty: 19,
       id: 'din-s-fire',
       jp: 'ディンの炎',
       name: 'Din\'s Fire',
       rowtypes: [Object],
       skill: 0,
       subtypes: [Object],
       time: 14.25,
       types: [Object] },
    synergy: 6 },
  { difficulty: 6,
    desiredTime: 4.5,
    types: { endon: -1, forest: 3, incfboss: 100, pg: 2.25, selfsynergy: 0 },
    subtypes: 
     { bosskey2: 2,
       compass: 1,
       hearts3: 3,
       hearts4: 1,
       map: 2,
       songs5: 1.75,
       wallet: 0.75 },
    rowtypes: { bottle: 0.5, hookshot: 100, ms: 3 },
    name: 'Beat the Forest Temple',
    id: 'beat-the-forest-temple',
    time: 5,
    goal: 
     { difficulty: 7,
       id: 'beat-the-forest-temple',
       jp: '森の神殿クリア',
       name: 'Beat the Forest Temple',
       rowtypes: [Object],
       skill: 0,
       subtypes: [Object],
       time: 5,
       types: [Object] },
    synergy: 0 },
  { difficulty: 17,
    desiredTime: 12.75,
    types: 
     { childchu: 0,
       childreset: 1.25,
       childtrade: 2.75,
       chuczl: 2,
       czl: 5,
       saria: 3,
       selfsynergy: 0 },
    subtypes: 
     { cganon: 2,
       child2: 2.5,
       hearts3: 3,
       hearts4: 1,
       songs4: 3,
       wallet: 0.25 },
    rowtypes: { bottle: 0, hookshot: 0, ms: 0 },
    name: 'Saria\'s Song',
    id: 'saria-s-song',
    time: 12.5,
    goal: 
     { difficulty: 17,
       id: 'saria-s-song',
       jp: 'サリアの歌',
       name: 'Saria\'s Song',
       rowtypes: [Object],
       skill: 0,
       subtypes: [Object],
       time: 12.5,
       types: [Object] },
    synergy: 4.75 },
  { difficulty: 9,
    desiredTime: 6.75,
    types: { dc: 3, fortress: 2, incdodongo: 100, kd: 2, selfsynergy: 0 },
    subtypes: { compass: 2, hearts3: 3, hearts4: 1, map: 2, wallet: 0.5 },
    rowtypes: { bottle: 0.5, hookshot: 0, ms: 1 },
    name: 'Beat Dodongo\'s Cavern',
    id: 'beat-dodongo-s-cavern',
    time: 6.25,
    goal: 
     { difficulty: 8,
       id: 'beat-dodongo-s-cavern',
       jp: 'ドドンゴの洞窟クリア',
       name: 'Beat Dodongo\'s Cavern',
       rowtypes: [Object],
       skill: 0.25,
       subtypes: [Object],
       time: 6.25,
       types: [Object] },
    synergy: 2.5 },
  { difficulty: 11,
    desiredTime: 8.25,
    types: { selfsynergy: 0, wallet: 5 },
    subtypes: { bulletbag: 100, childchu: -2.5 },
    rowtypes: { bottle: 100, hookshot: 2, ms: 7 },
    name: '500 Rupees',
    id: '500-rupees',
    time: 8.25,
    goal: 
     { difficulty: 11,
       id: '500-rupees',
       jp: '500ルピー',
       name: '500 Rupees',
       rowtypes: [Object],
       skill: 0.25,
       subtypes: [Object],
       time: 8.25,
       types: [Object] },
    synergy: 3 },
  { difficulty: 23,
    desiredTime: 17.25,
    types: 
     { aganon: 3,
       dmc: 1,
       endon: -0.5,
       fire: 7,
       gtunic: 1,
       hovers: 1.5,
       incshtrial: 100,
       lightarrow: 10,
       selfsynergy: 0 },
    subtypes: 
     { bosskey: 4.5,
       compass: 4,
       hearts3: 2.5,
       hearts4: 1,
       map: 2,
       pg: 2,
       poachers: 3,
       songs5: 1.25,
       wallet: 0.5 },
    rowtypes: { bottle: 100, hookshot: 1, ms: 100 },
    name: 'Get to the end of Shadow Trial',
    id: 'get-to-the-end-of-shadow-trial',
    time: 16.25,
    goal: 
     { difficulty: 22,
       id: 'get-to-the-end-of-shadow-trial',
       jp: '闇の結界の最後の部屋に到達',
       name: 'Get to the end of Shadow Trial',
       rowtypes: [Object],
       skill: 0.75,
       subtypes: [Object],
       time: 16.25,
       types: [Object] },
    synergy: 1 },
  { difficulty: 5,
    desiredTime: 3.75,
    types: { poachers: 4.25, selfsynergy: 0 },
    subtypes: { aganon: 0.25, childchu: -2.5, hearts3: 1 },
    rowtypes: { bottle: 100, hookshot: 0.5, ms: 5 },
    name: 'Blue Potion',
    id: 'blue-potion',
    time: 4.5,
    goal: 
     { difficulty: 6,
       id: 'blue-potion',
       jp: '青いクスリ',
       name: 'Blue Potion',
       rowtypes: [Object],
       skill: 0,
       subtypes: [Object],
       time: 4.5,
       types: [Object] },
    synergy: 4 },
  { difficulty: 21,
    desiredTime: 15.75,
    types: 
     { bothzl: -4.25,
       czl: 4.25,
       hovers: 3,
       poachers: 4.25,
       selfsynergy: 0,
       shadow: 8 },
    subtypes: 
     { bosskey: 3.5,
       bosskey2: 6,
       childchu: -2.5,
       chuczl: 2,
       compass: 1,
       hearts3: 2,
       hearts4: 1,
       wallet: 1.5 },
    rowtypes: { bottle: 0, hookshot: 100, ms: 100 },
    name: 'Obtain all 5 Small Keys in Shadow Temple',
    id: 'obtain-all-5-small-keys-in-shadow-temple',
    time: 15.25,
    goal: 
     { difficulty: 20,
       id: 'obtain-all-5-small-keys-in-shadow-temple',
       jp: '闇の神殿の小さな鍵５つ取得',
       name: 'Obtain all 5 Small Keys in Shadow Temple',
       rowtypes: [Object],
       skill: 0.25,
       subtypes: [Object],
       time: 15.25,
       types: [Object] },
    synergy: 5.5 },
  { difficulty: 3,
    desiredTime: 2.25,
    types: { aganon: 3, bganon: -3, cganon: 3, endon: -0.5, selfsynergy: 0 },
    subtypes: 
     { bosskey: 4.25,
       childtrade: 1.5,
       czl: 1.5,
       hearts3: 2,
       hearts4: 1,
       wallet: 0.25 },
    rowtypes: { bottle: 100, hookshot: 0, ms: 0 },
    name: 'Ganon\'s Castle Boss Key',
    id: 'ganon-s-castle-boss-key',
    time: 4.25,
    goal: 
     { difficulty: 6,
       id: 'ganon-s-castle-boss-key',
       jp: 'ガノン城のボス部屋の鍵',
       name: 'Ganon\'s Castle Boss Key',
       rowtypes: [Object],
       skill: 0,
       subtypes: [Object],
       time: 4.25,
       types: [Object] },
    synergy: 6.5 },
  { difficulty: 20,
    desiredTime: 15,
    types: { compass: 15, hovers: 3, selfsynergy: -3 },
    subtypes: 
     { bosskey2: 2,
       hearts3: 1.5,
       hearts4: 1,
       map: 15,
       poachers: 0.5,
       wallet: 1 },
    rowtypes: { bottle: 0, hookshot: 0.5, ms: 3 },
    name: '6 Compasses',
    id: '6-compasses',
    time: 14.75,
    goal: 
     { difficulty: 20,
       id: '6-compasses',
       jp: 'コンパス6つ',
       name: '6 Compasses',
       rowtypes: [Object],
       skill: 0.5,
       subtypes: [Object],
       time: 14.75,
       types: [Object] },
    synergy: 6.75 },
  { difficulty: 7,
    desiredTime: 5.25,
    types: { childchu: 0, dmc: 2, selfsynergy: 0 },
    subtypes: 
     { beans: -1,
       child2: 5,
       childreset: 1.25,
       hearts3: 0.5,
       wallet: 0.5 },
    rowtypes: { bottle: 0, hookshot: 0, ms: 0 },
    name: 'Plant bean in Death Mountain Crater',
    id: 'plant-bean-in-death-mountain-crater',
    time: 4.5,
    goal: 
     { difficulty: 6,
       id: 'plant-bean-in-death-mountain-crater',
       jp: 'デスマウンテン火口の土にマメを植える',
       name: 'Plant bean in Death Mountain Crater',
       rowtypes: [Object],
       skill: 0.25,
       subtypes: [Object],
       time: 4.5,
       types: [Object] },
    synergy: 3 },
  { difficulty: 14,
    desiredTime: 10.5,
    types: 
     { bothzl: -4.25,
       czl: 4.25,
       dmc: 1,
       fountain: 2,
       magic: 2,
       poachers: 4.25,
       selfsynergy: 0 },
    subtypes: 
     { aganon: 0.25,
       childchu: -2.5,
       chuczl: 2,
       compass: 2,
       gtunic: 0.25,
       hearts3: 2.5,
       map: 2,
       wallet: 0.5 },
    rowtypes: { bottle: 0, hookshot: 0.5, ms: 3 },
    name: 'Farore\'s Wind',
    id: 'farore-s-wind',
    time: 11.5,
    goal: 
     { difficulty: 15,
       id: 'farore-s-wind',
       jp: 'フロルの風',
       name: 'Farore\'s Wind',
       rowtypes: [Object],
       skill: 0,
       subtypes: [Object],
       time: 11.5,
       types: [Object] },
    synergy: 5.25 },
  meta: { iterations: 2 } ]
