[ ,
  { difficulty: 20,
    desiredTime: 15,
    types: 
     { bothzl: -4.25,
       czl: 4.25,
       hovers: 3,
       poachers: 4.25,
       selfsynergy: 0,
       shadow: 8 },
    subtypes: 
     { bosskey: 3.5,
       bosskey2: 6,
       childchu: -2.5,
       chuczl: 2,
       compass: 1,
       hearts3: 2,
       hearts4: 1,
       wallet: 1.5 },
    rowtypes: { bottle: 0, hookshot: 100, ms: 100 },
    name: 'Obtain all 5 Small Keys in Shadow Temple',
    id: 'obtain-all-5-small-keys-in-shadow-temple',
    time: 15.25,
    goal: 
     { difficulty: 20,
       id: 'obtain-all-5-small-keys-in-shadow-temple',
       jp: '闇の神殿の小さな鍵５つ取得',
       name: 'Obtain all 5 Small Keys in Shadow Temple',
       rowtypes: [Object],
       skill: 0.25,
       subtypes: [Object],
       time: 15.25,
       types: [Object] },
    synergy: 7 },
  { difficulty: 12,
    desiredTime: 9,
    types: { selfsynergy: 0, wallet: 5 },
    subtypes: { bulletbag: 100, childchu: -2.5 },
    rowtypes: { bottle: 100, hookshot: 2, ms: 7 },
    name: '500 Rupees',
    id: '500-rupees',
    time: 8.25,
    goal: 
     { difficulty: 11,
       id: '500-rupees',
       jp: '500ルピー',
       name: '500 Rupees',
       rowtypes: [Object],
       skill: 0.25,
       subtypes: [Object],
       time: 8.25,
       types: [Object] },
    synergy: 4.25 },
  { difficulty: 9,
    desiredTime: 6.75,
    types: { childchu: 0, fountain: 2, gtg: 1, jabu: 3, selfsynergy: 0 },
    subtypes: 
     { childreset: 0.5,
       compass: 2,
       hearts3: 2,
       hearts4: 1,
       wallet: 2.25 },
    rowtypes: { bottle: 0, hookshot: 0, ms: 0 },
    name: 'All 4 Skulltulas in Jabu-Jabu',
    id: 'all-4-skulltulas-in-jabu-jabu',
    time: 7.5,
    goal: 
     { difficulty: 10,
       id: 'all-4-skulltulas-in-jabu-jabu',
       jp: 'ジャブジャブ様のお腹の黄金のスタルチュラ4匹',
       name: 'All 4 Skulltulas in Jabu-Jabu',
       rowtypes: [Object],
       skill: 0.5,
       subtypes: [Object],
       time: 7.5,
       types: [Object] },
    synergy: 5.25 },
  { difficulty: 1,
    desiredTime: 0.75,
    types: { selfsynergy: 0 },
    subtypes: undefined,
    rowtypes: { bottle: 100, hookshot: 0, ms: 0 },
    name: 'Bottled Fairy',
    id: 'bottled-fairy',
    time: 0.5,
    goal: 
     { difficulty: 1,
       id: 'bottled-fairy',
       jp: 'ビン(妖精)',
       name: 'Bottled Fairy',
       rowtypes: [Object],
       skill: 0,
       time: 0.5,
       types: [Object] },
    synergy: 5.5 },
  { difficulty: 23,
    desiredTime: 17.25,
    types: { compass: 22, hovers: 3, selfsynergy: -3 },
    subtypes: 
     { bosskey2: 2,
       hearts3: 1.5,
       hearts4: 2,
       map: 22,
       poachers: 1.25,
       wallet: 1 },
    rowtypes: { bottle: 0.5, hookshot: 100, ms: 5 },
    name: '7 Compasses',
    id: '7-compasses',
    time: 18.25,
    goal: 
     { difficulty: 24,
       id: '7-compasses',
       jp: 'コンパス7つ',
       name: '7 Compasses',
       rowtypes: [Object],
       skill: 1,
       subtypes: [Object],
       time: 18.25,
       types: [Object] },
    synergy: 0 },
  { difficulty: 4,
    desiredTime: 3,
    types: { fountain: 2, ice: 1.5, selfsynergy: 0 },
    subtypes: { compass: 3, hearts3: 1.5, map: 3, wallet: 1 },
    rowtypes: { bottle: 0, hookshot: 0, ms: 1 },
    name: 'Ice Cavern Heart Piece',
    id: 'ice-cavern-heart-piece',
    time: 3.5,
    goal: 
     { difficulty: 5,
       id: 'ice-cavern-heart-piece',
       jp: '氷の洞窟のハートのかけら',
       name: 'Ice Cavern Heart Piece',
       rowtypes: [Object],
       skill: 0,
       subtypes: [Object],
       time: 3.5,
       types: [Object] },
    synergy: 2.25 },
  { difficulty: 21,
    desiredTime: 15.75,
    types: 
     { aganon: 3,
       endon: -0.5,
       fortress: 2.5,
       gtg: 1,
       hovers: 3,
       quiver: 1.5,
       selfsynergy: 0,
       spirit: 3.5 },
    subtypes: 
     { bosskey: 4.5,
       bosskey2: 5,
       compass: 1,
       hearts3: 0.5,
       hearts4: 0.5,
       map: 3,
       wallet: 1 },
    rowtypes: { bottle: 100, hookshot: 100, ms: 100 },
    name: 'Get to the end of Spirit Trial',
    id: 'get-to-the-end-of-spirit-trial',
    time: 15,
    goal: 
     { difficulty: 20,
       id: 'get-to-the-end-of-spirit-trial',
       jp: '魂の結界の最後の部屋に到達',
       name: 'Get to the end of Spirit Trial',
       rowtypes: [Object],
       skill: 0.75,
       subtypes: [Object],
       time: 15,
       types: [Object] },
    synergy: 4.25 },
  { difficulty: 18,
    desiredTime: 13.5,
    types: 
     { beans: 15,
       childtrade: 6.5,
       czl: 2.5,
       fortress: 3,
       gerudo: 7,
       incctrade: 100,
       saria: 3,
       selfsynergy: 0 },
    subtypes: { bosskey: 2.5, hearts4: 0.5, map: 2.5, wallet: 0.25 },
    rowtypes: { bottle: 100, hookshot: 0.75, ms: 7 },
    name: 'Spooky Mask',
    id: 'spooky-mask',
    time: 13.5,
    goal: 
     { difficulty: 18,
       id: 'spooky-mask',
       jp: 'こわそなお面',
       name: 'Spooky Mask',
       rowtypes: [Object],
       skill: 0.5,
       subtypes: [Object],
       time: 13.5,
       types: [Object] },
    synergy: 4.25 },
  { difficulty: 15,
    desiredTime: 11.25,
    types: { dmc: 1, fire: 4.75, gtunic: 1, selfsynergy: 0 },
    subtypes: 
     { bosskey: 2,
       compass: 2,
       hearts3: 0.5,
       hearts4: 1,
       hovers: 0.25,
       map: 3,
       songs5: 1.25,
       wallet: 2.5 },
    rowtypes: { bottle: 0, hookshot: 100, ms: 100 },
    name: 'All 5 Skulltulas in Fire Temple',
    id: 'all-5-skulltulas-in-fire-temple',
    time: 11.5,
    goal: 
     { difficulty: 15,
       id: 'all-5-skulltulas-in-fire-temple',
       jp: '炎の神殿の黄金のスタルチュラ5匹',
       name: 'All 5 Skulltulas in Fire Temple',
       rowtypes: [Object],
       skill: 0.5,
       subtypes: [Object],
       time: 11.5,
       types: [Object] },
    synergy: 2.75 },
  { difficulty: 7,
    desiredTime: 5.25,
    types: { poachers: 4.25, selfsynergy: 0 },
    subtypes: { aganon: 0.25, childchu: -2.5, hearts3: 1 },
    rowtypes: { bottle: 100, hookshot: 0.5, ms: 5 },
    name: 'Blue Potion',
    id: 'blue-potion',
    time: 4.5,
    goal: 
     { difficulty: 6,
       id: 'blue-potion',
       jp: '青いクスリ',
       name: 'Blue Potion',
       rowtypes: [Object],
       skill: 0,
       subtypes: [Object],
       time: 4.5,
       types: [Object] },
    synergy: 4.25 },
  { difficulty: 13,
    desiredTime: 9.75,
    types: { dc: 2, deku: 3, fountain: 2, selfsynergy: 0 },
    subtypes: { compass: 4, hearts4: 1.5, jabu: 3, map: 4, wallet: 2 },
    rowtypes: { bottle: 0, hookshot: 0.5, ms: 0 },
    name: '1 Skulltula from each Child Dungeon',
    id: '1-skulltula-from-each-child-dungeon',
    time: 10.25,
    goal: 
     { difficulty: 14,
       id: '1-skulltula-from-each-child-dungeon',
       jp: '全ての子供ダンジョンからスタルチュラ最低1匹ずつ',
       name: '1 Skulltula from each Child Dungeon',
       rowtypes: [Object],
       skill: 0.5,
       subtypes: [Object],
       time: 10.25,
       types: [Object] },
    synergy: 7 },
  { difficulty: 10,
    desiredTime: 7.5,
    types: { childchu: 0, fortress: 2, selfsynergy: 0 },
    subtypes: 
     { bosskey: 1.5,
       child2: 1.5,
       hearts3: 0.5,
       hearts4: 0.25,
       hovers: 0.25,
       jabu: 0.5,
       map: 1.5,
       wallet: 2 },
    rowtypes: { bottle: 100, hookshot: 2, ms: 100 },
    name: 'All 4 Gerudo Valley area Skulltulas',
    id: 'all-4-gerudo-valley-area-skulltulas',
    time: 7,
    goal: 
     { difficulty: 9,
       id: 'all-4-gerudo-valley-area-skulltulas',
       jp: 'ゲルドの谷エリアの黄金のスタルチュラ4匹',
       name: 'All 4 Gerudo Valley area Skulltulas',
       rowtypes: [Object],
       skill: 0.25,
       subtypes: [Object],
       time: 7,
       types: [Object] },
    synergy: 6 },
  { difficulty: 2,
    desiredTime: 1.5,
    types: { fountain: 1.5, inctunic: 100, selfsynergy: 0 },
    subtypes: { compass: 1.5, hearts3: 0.5, map: 1.5, wallet: 0.25 },
    rowtypes: { bottle: 0, hookshot: 0, ms: 100 },
    name: 'Zora Tunic',
    id: 'zora-tunic',
    time: 1.5,
    goal: 
     { difficulty: 2,
       id: 'zora-tunic',
       jp: 'ゾーラの服',
       name: 'Zora Tunic',
       rowtypes: [Object],
       skill: 0,
       subtypes: [Object],
       time: 1.5,
       types: [Object] },
    synergy: 0 },
  { difficulty: 24,
    desiredTime: 18,
    types: 
     { dmc: 1,
       fire: 1.5,
       forest: 2.75,
       fortress: 2.5,
       gtg: 1,
       hovers: 3,
       selfsynergy: -3,
       shadow: 2,
       spirit: 3,
       water: 3 },
    subtypes: 
     { bosskey: 4,
       bosskey2: 3,
       childchu: -2.5,
       compass: 6,
       hearts3: 1,
       hearts4: 2.25,
       map: 6,
       songs5: 5,
       wallet: 4.5 },
    rowtypes: { bottle: 0.5, hookshot: 100, ms: 100 },
    name: '1 Skulltula from each Adult Dungeon',
    id: '1-skulltula-from-each-adult-dungeon',
    time: 18,
    goal: 
     { difficulty: 24,
       id: '1-skulltula-from-each-adult-dungeon',
       jp: '全ての大人ダンジョンからスタルチュラ最低1匹ずつ',
       name: '1 Skulltula from each Adult Dungeon',
       rowtypes: [Object],
       skill: 1,
       subtypes: [Object],
       time: 18,
       types: [Object] },
    synergy: 0 },
  { difficulty: 16,
    desiredTime: 12,
    types: 
     { fortress: 2.5,
       hovers: 3,
       incshield: 100,
       selfsynergy: 0,
       spirit: 3.5 },
    subtypes: 
     { bosskey: 3,
       bosskey2: 5,
       compass: 1,
       hearts3: 0.5,
       hearts4: 0.5,
       map: 3 },
    rowtypes: { bottle: 0, hookshot: 100, ms: 6 },
    name: '3 Shields',
    id: '3-shields',
    time: 11.75,
    goal: 
     { difficulty: 16,
       id: '3-shields',
       jp: '盾3種',
       name: '3 Shields',
       rowtypes: [Object],
       skill: 0.5,
       subtypes: [Object],
       time: 11.75,
       types: [Object] },
    synergy: 5.75 },
  { difficulty: 22,
    desiredTime: 16.5,
    types: { dmc: 1, fire: 8, gtunic: 1, selfsynergy: 0 },
    subtypes: 
     { bosskey: 2.25,
       compass: 4,
       hearts3: 0.5,
       hearts4: 1,
       hovers: 0.25,
       map: 2,
       songs5: 1.25,
       wallet: 0.5 },
    rowtypes: { bottle: 0.5, hookshot: 0.5, ms: 100 },
    name: 'Free all 9 gorons in Fire Temple',
    id: 'free-all-9-gorons-in-fire-temple',
    time: 14.75,
    goal: 
     { difficulty: 20,
       id: 'free-all-9-gorons-in-fire-temple',
       jp: '炎の神殿で９人のゴロンを全員救う',
       name: 'Free all 9 gorons in Fire Temple',
       rowtypes: [Object],
       skill: 0.25,
       subtypes: [Object],
       time: 14.75,
       types: [Object] },
    synergy: 5.25 },
  { difficulty: 19,
    desiredTime: 14.25,
    types: 
     { childchu: 0,
       childtrade: 2.75,
       chuczl: 2,
       czl: 5,
       dins: 3,
       dmc: 1.5,
       magic: 2,
       selfsynergy: 0 },
    subtypes: 
     { cganon: 2,
       child2: 5.5,
       childreset: 1.25,
       compass: 2,
       hearts3: 3.5,
       hearts4: 1,
       map: 2,
       songs4: 1.75,
       wallet: 0.5 },
    rowtypes: { bottle: 0, hookshot: 0, ms: 0 },
    name: 'Din\'s Fire',
    id: 'din-s-fire',
    time: 14.25,
    goal: 
     { difficulty: 19,
       id: 'din-s-fire',
       jp: 'ディンの炎',
       name: 'Din\'s Fire',
       rowtypes: [Object],
       skill: 0,
       subtypes: [Object],
       time: 14.25,
       types: [Object] },
    synergy: 2.25 },
  { difficulty: 11,
    desiredTime: 8.25,
    types: { forest: 3, hovers: 2, incforest: 100, meg: 4.25, selfsynergy: 0 },
    subtypes: 
     { bosskey: 2,
       bosskey2: 6,
       compass: 3,
       hearts3: 0.25,
       hearts4: 1,
       map: 2.5,
       quiver: 4.5,
       songs5: 1.75,
       wallet: 1 },
    rowtypes: { bottle: 0.5, hookshot: 100, ms: 4 },
    name: 'Fairy Bow',
    id: 'fairy-bow',
    time: 9.25,
    goal: 
     { difficulty: 12,
       id: 'fairy-bow',
       jp: '妖精の弓',
       name: 'Fairy Bow',
       rowtypes: [Object],
       skill: 0.25,
       subtypes: [Object],
       time: 9.25,
       types: [Object] },
    synergy: 2.25 },
  { difficulty: 8,
    desiredTime: 6,
    types: 
     { aganon: 3,
       bganon: -3,
       cganon: 3,
       endon: -0.5,
       incshtrial: 100,
       selfsynergy: 0,
       strength: 100 },
    subtypes: { bombbag: 100, bosskey: 2.5, hovers: 1, wallet: 0.25 },
    rowtypes: { bottle: 100, hookshot: 2.5, ms: 0 },
    name: 'Golden Gauntlets',
    id: 'golden-gauntlets',
    time: 5.75,
    goal: 
     { difficulty: 8,
       id: 'golden-gauntlets',
       jp: '金のグローブ',
       name: 'Golden Gauntlets',
       rowtypes: [Object],
       skill: 0.75,
       subtypes: [Object],
       time: 5.75,
       types: [Object] },
    synergy: 0.25 },
  { difficulty: 5,
    desiredTime: 3.75,
    types: { fountain: 1.5, gtunic: 1.75, inctunic: 100, selfsynergy: 0 },
    subtypes: 
     { bosskey: 0.25,
       compass: 1.5,
       dmc: 0.25,
       hearts3: 0.5,
       map: 1.5,
       wallet: 0.5 },
    rowtypes: { bottle: 0, hookshot: 0, ms: 100 },
    name: '3 Tunics',
    id: '3-tunics',
    time: 3.25,
    goal: 
     { difficulty: 4,
       id: '3-tunics',
       jp: '服3種',
       name: '3 Tunics',
       rowtypes: [Object],
       skill: 0,
       subtypes: [Object],
       time: 3.25,
       types: [Object] },
    synergy: 7 },
  { difficulty: 6,
    desiredTime: 4.5,
    types: 
     { endon: -1,
       forest: 4,
       fortress: 2,
       incfboss: 100,
       inclacs: 100,
       pg: 4,
       poachers: 4,
       selfsynergy: 0 },
    subtypes: 
     { bosskey2: 2,
       childchu: -1,
       compass: 1,
       hearts3: 2,
       hearts4: 1,
       map: 3,
       songs5: 1.75,
       wallet: 0.75 },
    rowtypes: { bottle: 100, hookshot: 1, ms: 4 },
    name: 'Forest Medallion',
    id: 'forest-medallion',
    time: 5.5,
    goal: 
     { difficulty: 7,
       id: 'forest-medallion',
       jp: '森のメダル',
       name: 'Forest Medallion',
       rowtypes: [Object],
       skill: 0,
       subtypes: [Object],
       time: 5.5,
       types: [Object] },
    synergy: 6.5 },
  { difficulty: 3,
    desiredTime: 2.25,
    types: { selfsynergy: 0, sticks: 100 },
    subtypes: { bulletbag: 100, childchu: -0.5 },
    rowtypes: { bottle: 100, hookshot: 0, ms: 2 },
    name: 'Exactly 30 Deku Sticks',
    id: 'exactly-30-deku-sticks',
    time: 1.5,
    goal: 
     { difficulty: 2,
       id: 'exactly-30-deku-sticks',
       jp: 'デクの棒30本',
       name: 'Exactly 30 Deku Sticks',
       rowtypes: [Object],
       skill: 0,
       subtypes: [Object],
       time: 1.5,
       types: [Object] },
    synergy: 6 },
  { difficulty: 25,
    desiredTime: 18.75,
    types: 
     { endon: -0.25,
       fortress: 2.5,
       incsongs: 100,
       poachers: 4.25,
       selfsynergy: 0,
       songs5: 15,
       spirit: 2.5 },
    subtypes: 
     { aganon: 0.25,
       bosskey: 3.5,
       child2: 3,
       childchu: -2.5,
       compass: 1,
       hearts3: 1.5,
       hearts4: 0.25,
       hovers: 1,
       map: 2,
       wallet: 1.5 },
    rowtypes: { bottle: 100, hookshot: 2, ms: 100 },
    name: '10 Songs',
    id: '10-songs',
    time: 18.75,
    goal: 
     { difficulty: 25,
       id: '10-songs',
       jp: '歌10つ以上',
       name: '10 Songs',
       rowtypes: [Object],
       skill: 0.25,
       subtypes: [Object],
       time: 18.75,
       types: [Object] },
    synergy: 0 },
  { difficulty: 17,
    desiredTime: 12.75,
    types: { childchu: 0, fountain: 2, jabu: 8, selfsynergy: 0 },
    subtypes: 
     { child2: 3.5,
       childreset: 1.25,
       compass: 2.5,
       hearts3: 4,
       hearts4: 1,
       map: 3,
       wallet: 0.5 },
    rowtypes: { bottle: 0, hookshot: 0, ms: 0 },
    name: 'Beat Jabu-Jabu\'s Belly',
    id: 'beat-jabu-jabu-s-belly',
    time: 12.5,
    goal: 
     { difficulty: 17,
       id: 'beat-jabu-jabu-s-belly',
       jp: 'ジャブジャブ様のお腹クリア',
       name: 'Beat Jabu-Jabu\'s Belly',
       rowtypes: [Object],
       skill: 0.25,
       subtypes: [Object],
       time: 12.5,
       types: [Object] },
    synergy: 3.5 },
  { difficulty: 14,
    desiredTime: 10.5,
    types: 
     { dc: 2,
       ice: 1.5,
       incwskull: 100,
       irons: 2,
       longshot: 2,
       selfsynergy: 0,
       water: 3 },
    subtypes: 
     { aganon: 0.25,
       bbprize: -4,
       childchu: -2.5,
       compass: 2.5,
       hearts3: 1.5,
       hearts4: 2.5,
       hovers: 0.25,
       map: 2.5,
       wallet: 1.5 },
    rowtypes: { bottle: 100, hookshot: 100, ms: 6 },
    name: '3 Skulltulas in Water Temple',
    id: '3-skulltulas-in-water-temple',
    time: 11.25,
    goal: 
     { difficulty: 15,
       id: '3-skulltulas-in-water-temple',
       jp: '水の神殿の黄金のスタルチュラ3匹以上',
       name: '3 Skulltulas in Water Temple',
       rowtypes: [Object],
       skill: 0.25,
       subtypes: [Object],
       time: 11.25,
       types: [Object] },
    synergy: 5.75 },
  meta: { iterations: 1 } ]
