[ ,
  { difficulty: 15,
    desiredTime: 11.25,
    types: { incsongs: 100, poachers: 4.25, selfsynergy: 0, songs5: 8.75 },
    subtypes: 
     { aganon: 0.25,
       bosskey: 1.5,
       childchu: -2.5,
       hearts3: 1.5,
       wallet: 0.75 },
    rowtypes: { bottle: 100, hookshot: 0.5, ms: 100 },
    name: '9 Songs',
    id: '9-songs',
    time: 11.5,
    goal: 
     { difficulty: 15,
       id: '9-songs',
       jp: '歌9つ以上',
       name: '9 Songs',
       rowtypes: [Object],
       skill: 0,
       subtypes: [Object],
       time: 11.5,
       types: [Object] },
    synergy: 6.25 },
  { difficulty: 22,
    desiredTime: 16.5,
    types: 
     { bothzl: -4.25,
       czl: 4.25,
       dmc: 1,
       endon: -0.25,
       fortress: 2.5,
       hovers: 2,
       magic: 2,
       poachers: 4.25,
       selfsynergy: 0,
       spirit: 2 },
    subtypes: 
     { aganon: 0.25,
       bosskey: 2,
       bottleslot: 4,
       childchu: -2.5,
       chuczl: 2,
       compass: 2.5,
       hearts3: 1,
       hearts4: 0.25,
       map: 2,
       wallet: 0.5 },
    rowtypes: { bottle: 100, hookshot: 2.5, ms: 4 },
    name: 'Nayru\'s Love',
    id: 'nayru-s-love',
    time: 15.5,
    goal: 
     { difficulty: 21,
       id: 'nayru-s-love',
       jp: 'ネールの愛',
       name: 'Nayru\'s Love',
       rowtypes: [Object],
       skill: 0.25,
       subtypes: [Object],
       time: 15.5,
       types: [Object] },
    synergy: 5.25 },
  { difficulty: 9,
    desiredTime: 6.75,
    types: { childchu: 0, fountain: 2, gtg: 1, jabu: 3, selfsynergy: 0 },
    subtypes: 
     { childreset: 0.5,
       compass: 2,
       hearts3: 2,
       hearts4: 1,
       wallet: 2.25 },
    rowtypes: { bottle: 0, hookshot: 0, ms: 0 },
    name: 'All 4 Skulltulas in Jabu-Jabu',
    id: 'all-4-skulltulas-in-jabu-jabu',
    time: 7.5,
    goal: 
     { difficulty: 10,
       id: 'all-4-skulltulas-in-jabu-jabu',
       jp: 'ジャブジャブ様のお腹の黄金のスタルチュラ4匹',
       name: 'All 4 Skulltulas in Jabu-Jabu',
       rowtypes: [Object],
       skill: 0.5,
       subtypes: [Object],
       time: 7.5,
       types: [Object] },
    synergy: 4.5 },
  { difficulty: 1,
    desiredTime: 0.75,
    types: { childchu: 0, selfsynergy: 0 },
    subtypes: { compass: 1, map: 1 },
    rowtypes: { bottle: 0, hookshot: 0, ms: 0 },
    name: 'Map & Compass in Bottom of the Well',
    id: 'map-compass-in-bottom-of-the-well',
    time: 1,
    goal: 
     { difficulty: 1,
       id: 'map-compass-in-bottom-of-the-well',
       jp: '井戸の底のマップとコンパス',
       name: 'Map & Compass in Bottom of the Well',
       rowtypes: [Object],
       skill: 0,
       subtypes: [Object],
       time: 1,
       types: [Object] },
    synergy: 0 },
  { difficulty: 18,
    desiredTime: 13.5,
    types: { dmc: 1, fire: 10, forest: 2, gtunic: 1.75, selfsynergy: 0 },
    subtypes: 
     { bosskey: 2,
       compass: 4,
       hearts3: 2.5,
       hearts4: 2,
       hovers: 0.25,
       lightarrow: 3,
       map: 2,
       pg: 1,
       songs5: 2.5,
       wallet: 0.25 },
    rowtypes: { bottle: 0.5, hookshot: 0.5, ms: 100 },
    name: 'Fire Medallion',
    id: 'fire-medallion',
    time: 14.25,
    goal: 
     { difficulty: 19,
       id: 'fire-medallion',
       jp: '炎のメダル',
       name: 'Fire Medallion',
       rowtypes: [Object],
       skill: 0.25,
       subtypes: [Object],
       time: 14.25,
       types: [Object] },
    synergy: 2.75 },
  { difficulty: 4,
    desiredTime: 3,
    types: { childchu: 0, selfsynergy: 0 },
    subtypes: { wallet: 1.5 },
    rowtypes: { bottle: 0, hookshot: 0, ms: 0 },
    name: 'All 3 Skulltulas in Bottom of the Well',
    id: 'all-3-skulltulas-in-bottom-of-the-well',
    time: 3.5,
    goal: 
     { difficulty: 5,
       id: 'all-3-skulltulas-in-bottom-of-the-well',
       jp: '井戸の底の黄金のスタルチュラ3匹',
       name: 'All 3 Skulltulas in Bottom of the Well',
       rowtypes: [Object],
       skill: 0.25,
       subtypes: [Object],
       time: 3.5,
       types: [Object] },
    synergy: 4 },
  { difficulty: 16,
    desiredTime: 12,
    types: 
     { child2: 5,
       endon: 0,
       forest: 3,
       hovers: 3,
       pg: 2.25,
       selfsynergy: 0 },
    subtypes: 
     { bosskey2: 3,
       compass: 1,
       hearts3: 4,
       hearts4: 1.25,
       map: 2,
       songs4: 1.5,
       songs5: 2,
       wallet: 1 },
    rowtypes: { bottle: 100, hookshot: 100, ms: 100 },
    name: 'Frog\'s Heart Piece',
    id: 'frog-s-heart-piece',
    time: 12.5,
    goal: 
     { difficulty: 17,
       id: 'frog-s-heart-piece',
       jp: 'カエルのハートのかけら(嵐の歌)',
       name: 'Frog\'s Heart Piece',
       rowtypes: [Object],
       skill: 0.25,
       subtypes: [Object],
       time: 12.5,
       types: [Object] },
    synergy: 7 },
  { difficulty: 13,
    desiredTime: 9.75,
    types: 
     { childchu: 0,
       childtrade: 2.75,
       chuczl: 2,
       czl: 5,
       incctrade: 100,
       selfsynergy: 0 },
    subtypes: { cganon: 2, hearts3: 3, hearts4: 1, songs4: 1.75 },
    rowtypes: { bottle: 0, hookshot: 0, ms: 0 },
    name: 'Keaton Mask',
    id: 'keaton-mask',
    time: 10.25,
    goal: 
     { difficulty: 14,
       id: 'keaton-mask',
       jp: 'キータンのお面',
       name: 'Keaton Mask',
       rowtypes: [Object],
       skill: 0,
       subtypes: [Object],
       time: 10.25,
       types: [Object] },
    synergy: 3.5 },
  { difficulty: 25,
    desiredTime: 18.75,
    types: 
     { endon: -0.25,
       fortress: 2.5,
       incsongs: 100,
       poachers: 4.25,
       selfsynergy: 0,
       songs5: 15,
       spirit: 2.5 },
    subtypes: 
     { aganon: 0.25,
       bosskey: 3.5,
       child2: 3,
       childchu: -2.5,
       compass: 1,
       hearts3: 1.5,
       hearts4: 0.25,
       hovers: 1,
       map: 2,
       wallet: 1.5 },
    rowtypes: { bottle: 100, hookshot: 2, ms: 100 },
    name: '10 Songs',
    id: '10-songs',
    time: 18.75,
    goal: 
     { difficulty: 25,
       id: '10-songs',
       jp: '歌10つ以上',
       name: '10 Songs',
       rowtypes: [Object],
       skill: 0.25,
       subtypes: [Object],
       time: 18.75,
       types: [Object] },
    synergy: 0 },
  { difficulty: 7,
    desiredTime: 5.25,
    types: { fountain: 2, ice: 1.5, irons: 0.5, selfsynergy: 0 },
    subtypes: { compass: 3, hearts3: 1, hovers: 0.5, map: 3, wallet: 1.75 },
    rowtypes: { bottle: 0, hookshot: 1.5, ms: 1 },
    name: 'All 3 Skulltulas in Ice Cavern',
    id: 'all-3-skulltulas-in-ice-cavern',
    time: 4.25,
    goal: 
     { difficulty: 6,
       id: 'all-3-skulltulas-in-ice-cavern',
       jp: '氷の洞窟の黄金のスタルチュラ3匹',
       name: 'All 3 Skulltulas in Ice Cavern',
       rowtypes: [Object],
       skill: 0.25,
       subtypes: [Object],
       time: 4.25,
       types: [Object] },
    synergy: 7 },
  { difficulty: 23,
    desiredTime: 17.25,
    types: 
     { childtrade: 2.75,
       hearts3: 16,
       hearts4: 3,
       inchearts: 100,
       saria: 3,
       selfsynergy: -3 },
    subtypes: undefined,
    rowtypes: { bottle: 0, hookshot: 1, ms: 10 },
    name: '9 Hearts',
    id: '9-hearts',
    time: 17,
    goal: 
     { difficulty: 23,
       id: '9-hearts',
       jp: 'ハート9つ',
       name: '9 Hearts',
       rowtypes: [Object],
       skill: 1,
       time: 17,
       types: [Object] },
    synergy: 0.25 },
  { difficulty: 10,
    desiredTime: 7.5,
    types: 
     { endon: -0.25,
       fortress: 3,
       gtg: 5,
       incgtgkey: 100,
       selfsynergy: 0 },
    subtypes: { bosskey: 3, hearts4: 0.25, hovers: 0.5, map: 3, wallet: 0.25 },
    rowtypes: { bottle: 0, hookshot: 1, ms: 0 },
    name: '6 unused keys in Gerudo Training Grounds',
    id: '6-unused-keys-in-gerudo-training-grounds',
    time: 7,
    goal: 
     { difficulty: 9,
       id: '6-unused-keys-in-gerudo-training-grounds',
       jp: 'ゲルドの修練場の未使用の鍵6つ',
       name: '6 unused keys in Gerudo Training Grounds',
       rowtypes: [Object],
       skill: 0.5,
       subtypes: [Object],
       time: 7,
       types: [Object] },
    synergy: 3.5 },
  { difficulty: 2,
    desiredTime: 1.5,
    types: { bulletbag: 100, selfsynergy: 0 },
    subtypes: { hearts4: 1 },
    rowtypes: { bottle: 0, hookshot: 0, ms: 0 },
    name: 'Bullet Bag (50)',
    id: 'bullet-bag-50-',
    time: 0.5,
    goal: 
     { difficulty: 1,
       id: 'bullet-bag-50-',
       jp: 'デクのタネ袋(50)',
       name: 'Bullet Bag (50)',
       rowtypes: [Object],
       skill: 0,
       subtypes: [Object],
       time: 0.5,
       types: [Object] },
    synergy: 1 },
  { difficulty: 19,
    desiredTime: 14.25,
    types: 
     { aganon: 3,
       dmc: 1,
       endon: -0.5,
       fire: 7,
       gtunic: 1,
       lightarrow: 10,
       selfsynergy: 0 },
    subtypes: 
     { bosskey: 4.5,
       compass: 4,
       hearts3: 2.5,
       hearts4: 1,
       hovers: 0.25,
       map: 2,
       pg: 2,
       poachers: 3,
       songs5: 1.25,
       wallet: 0.5 },
    rowtypes: { bottle: 100, hookshot: 0.5, ms: 100 },
    name: 'Get to the end of Water Trial',
    id: 'get-to-the-end-of-water-trial',
    time: 15,
    goal: 
     { difficulty: 20,
       id: 'get-to-the-end-of-water-trial',
       jp: '水の結界の最後の部屋に到達',
       name: 'Get to the end of Water Trial',
       rowtypes: [Object],
       skill: 0.5,
       subtypes: [Object],
       time: 15,
       types: [Object] },
    synergy: 6 },
  { difficulty: 11,
    desiredTime: 8.25,
    types: { endon: -0.25, fortress: 2.5, selfsynergy: 0, spirit: 2.5 },
    subtypes: 
     { bosskey: 2,
       compass: 1,
       hearts4: 0.25,
       hovers: 1,
       map: 2,
       poachers: -0.25,
       songs5: 3,
       wallet: 0.75 },
    rowtypes: { bottle: 0, hookshot: 1.5, ms: 0.5 },
    name: 'Requiem of Spirit',
    id: 'requiem-of-spirit',
    time: 7.25,
    goal: 
     { difficulty: 10,
       id: 'requiem-of-spirit',
       jp: '魂のレクイエム',
       name: 'Requiem of Spirit',
       rowtypes: [Object],
       skill: 0.25,
       subtypes: [Object],
       time: 7.25,
       types: [Object] },
    synergy: 0.5 },
  { difficulty: 17,
    desiredTime: 12.75,
    types: { childchu: 0, fountain: 2, jabu: 8, selfsynergy: 0 },
    subtypes: 
     { child2: 3.5,
       childreset: 1.25,
       compass: 2.5,
       hearts3: 4,
       hearts4: 1,
       map: 3,
       wallet: 0.5 },
    rowtypes: { bottle: 0, hookshot: 0, ms: 0 },
    name: 'Beat Jabu-Jabu\'s Belly',
    id: 'beat-jabu-jabu-s-belly',
    time: 12.5,
    goal: 
     { difficulty: 17,
       id: 'beat-jabu-jabu-s-belly',
       jp: 'ジャブジャブ様のお腹クリア',
       name: 'Beat Jabu-Jabu\'s Belly',
       rowtypes: [Object],
       skill: 0.25,
       subtypes: [Object],
       time: 12.5,
       types: [Object] },
    synergy: 5 },
  { difficulty: 14,
    desiredTime: 10.5,
    types: { childchu: 0, fountain: 2, selfsynergy: 0 },
    subtypes: 
     { childreset: 1.25,
       compass: 2,
       hearts3: 1,
       jabu: 0.5,
       map: 2,
       wallet: 4 },
    rowtypes: { bottle: 0, hookshot: 100, ms: 100 },
    name: 'All 8 Zora\'s Domain area Skulltulas',
    id: 'all-8-zora-s-domain-area-skulltulas',
    time: 10.5,
    goal: 
     { difficulty: 14,
       id: 'all-8-zora-s-domain-area-skulltulas',
       jp: 'ゾーラの里エリアの黄金のスタルチュラ8匹',
       name: 'All 8 Zora\'s Domain area Skulltulas',
       rowtypes: [Object],
       skill: 0.5,
       subtypes: [Object],
       time: 10.5,
       types: [Object] },
    synergy: 1 },
  { difficulty: 21,
    desiredTime: 15.75,
    types: { dmc: 1, fire: 8, gtunic: 1, selfsynergy: 0 },
    subtypes: 
     { bosskey: 2.25,
       compass: 4,
       hearts3: 0.5,
       hearts4: 1,
       hovers: 0.25,
       map: 2,
       songs5: 1.25,
       wallet: 0.5 },
    rowtypes: { bottle: 0.5, hookshot: 0.5, ms: 100 },
    name: 'Free all 9 gorons in Fire Temple',
    id: 'free-all-9-gorons-in-fire-temple',
    time: 14.75,
    goal: 
     { difficulty: 20,
       id: 'free-all-9-gorons-in-fire-temple',
       jp: '炎の神殿で９人のゴロンを全員救う',
       name: 'Free all 9 gorons in Fire Temple',
       rowtypes: [Object],
       skill: 0.25,
       subtypes: [Object],
       time: 14.75,
       types: [Object] },
    synergy: 2.25 },
  { difficulty: 8,
    desiredTime: 6,
    types: { hovers: 3, selfsynergy: 0, shadow: 1 },
    subtypes: { bosskey2: 3, compass: 3, map: 3 },
    rowtypes: { bottle: 0, hookshot: 0.75, ms: 0.5 },
    name: 'Map & Compass in Shadow Temple',
    id: 'map-compass-in-shadow-temple',
    time: 5,
    goal: 
     { difficulty: 7,
       id: 'map-compass-in-shadow-temple',
       jp: '闇の神殿のマップとコンパス',
       name: 'Map & Compass in Shadow Temple',
       rowtypes: [Object],
       skill: 0,
       subtypes: [Object],
       time: 5,
       types: [Object] },
    synergy: 2 },
  { difficulty: 5,
    desiredTime: 3.75,
    types: { fortress: 1.5, selfsynergy: 0 },
    subtypes: 
     { bosskey: 1,
       hearts3: 1.5,
       hearts4: 0.5,
       hovers: 0.25,
       map: 1,
       wallet: 0.25 },
    rowtypes: { bottle: 0, hookshot: 0, ms: 0 },
    name: 'Both Gerudo Valley HPs',
    id: 'both-gerudo-valley-hps',
    time: 3.5,
    goal: 
     { difficulty: 5,
       id: 'both-gerudo-valley-hps',
       jp: 'ゲルドの谷のハートのかけら2つ',
       name: 'Both Gerudo Valley HPs',
       rowtypes: [Object],
       skill: 0,
       subtypes: [Object],
       time: 3.5,
       types: [Object] },
    synergy: 7 },
  { difficulty: 6,
    desiredTime: 4.5,
    types: { childreset: 1.25, forest: 0.25, selfsynergy: 0 },
    subtypes: { child2: 1, wallet: 1.5 },
    rowtypes: { bottle: 100, hookshot: 0.5, ms: 100 },
    name: 'All 3 Kokiri Forest area Skulltulas',
    id: 'all-3-kokiri-forest-area-skulltulas',
    time: 4.5,
    goal: 
     { difficulty: 6,
       id: 'all-3-kokiri-forest-area-skulltulas',
       jp: 'コキリの森エリアの黄金のスタルチュラ３匹',
       name: 'All 3 Kokiri Forest area Skulltulas',
       rowtypes: [Object],
       skill: 0,
       subtypes: [Object],
       time: 4.5,
       types: [Object] },
    synergy: 1.75 },
  { difficulty: 3,
    desiredTime: 2.25,
    types: { dc: 1, selfsynergy: 0 },
    subtypes: { compass: 1.75, map: 1 },
    rowtypes: { bottle: 0, hookshot: 0, ms: 0 },
    name: 'Map & Compass in Dodongo\'s Cavern',
    id: 'map-compass-in-dodongo-s-cavern',
    time: 2,
    goal: 
     { difficulty: 3,
       id: 'map-compass-in-dodongo-s-cavern',
       jp: 'ドドンゴの洞窟のマップとコンパス',
       name: 'Map & Compass in Dodongo\'s Cavern',
       rowtypes: [Object],
       skill: 0,
       subtypes: [Object],
       time: 2,
       types: [Object] },
    synergy: 2 },
  { difficulty: 20,
    desiredTime: 15,
    types: { childchu: 0, hovers: 3, map: 20, selfsynergy: -3 },
    subtypes: 
     { bosskey2: 2,
       claimcheck: 6,
       compass: 20,
       hearts3: 1,
       hearts4: 2.5,
       poachers: 1.25,
       songs5: 1.5,
       wallet: 0.75 },
    rowtypes: { bottle: 0.5, hookshot: 1, ms: 4 },
    name: '7 Maps',
    id: '7-maps',
    time: 16,
    goal: 
     { difficulty: 21,
       id: '7-maps',
       jp: 'マップ7つ',
       name: '7 Maps',
       rowtypes: [Object],
       skill: 0.5,
       subtypes: [Object],
       time: 16,
       types: [Object] },
    synergy: 6 },
  { difficulty: 12,
    desiredTime: 9,
    types: 
     { endon: -0.5,
       fountain: 2,
       hovers: 3,
       ice: 1.5,
       incboot: 100,
       irons: 2,
       selfsynergy: 0 },
    subtypes: 
     { compass: 3,
       hearts3: 1,
       hearts4: 0.25,
       map: 3,
       songs4: 1.5,
       wallet: 1 },
    rowtypes: { bottle: 0, hookshot: 0.5, ms: 1.5 },
    name: '3 Boots',
    id: '3-boots',
    time: 8.5,
    goal: 
     { difficulty: 11,
       id: '3-boots',
       jp: '靴3種',
       name: '3 Boots',
       rowtypes: [Object],
       skill: 0.25,
       subtypes: [Object],
       time: 8.5,
       types: [Object] },
    synergy: 2.5 },
  { difficulty: 24,
    desiredTime: 18,
    types: 
     { childchu: 0,
       childreset: 1.25,
       childtrade: 2.75,
       chuczl: 2,
       czl: 5,
       saria: 3,
       selfsynergy: -1 },
    subtypes: 
     { cganon: 2,
       child2: 2.5,
       hearts3: 4.5,
       hearts4: 1.5,
       songs4: 3,
       wallet: 0.25 },
    rowtypes: { bottle: 0, hookshot: 0, ms: 0 },
    name: 'Both heart pieces in Lost Woods',
    id: 'both-heart-pieces-in-lost-woods',
    time: 17,
    goal: 
     { difficulty: 23,
       id: 'both-heart-pieces-in-lost-woods',
       jp: '迷いの森のハートのかけら２つ',
       name: 'Both heart pieces in Lost Woods',
       rowtypes: [Object],
       skill: 0,
       subtypes: [Object],
       time: 17,
       types: [Object] },
    synergy: 1 },
  meta: { iterations: 1 } ]
