[ ,
  { difficulty: 25,
    desiredTime: 18.75,
    types: 
     { endon: -0.25,
       fortress: 2.5,
       incsongs: 100,
       poachers: 4.25,
       selfsynergy: 0,
       songs5: 15,
       spirit: 2.5 },
    subtypes: 
     { aganon: 0.25,
       bosskey: 3.5,
       child2: 3,
       childchu: -2.5,
       compass: 1,
       hearts3: 1.5,
       hearts4: 0.25,
       hovers: 1,
       map: 2,
       wallet: 1.5 },
    rowtypes: { bottle: 100, hookshot: 2, ms: 100 },
    name: '10 Songs',
    id: '10-songs',
    time: 18.75,
    goal: 
     { difficulty: 25,
       id: '10-songs',
       jp: '歌10つ以上',
       name: '10 Songs',
       rowtypes: [Object],
       skill: 0.25,
       subtypes: [Object],
       time: 18.75,
       types: [Object] },
    synergy: 0 },
  { difficulty: 7,
    desiredTime: 5.25,
    types: { poachers: 4.25, selfsynergy: 0 },
    subtypes: { aganon: 0.25, childchu: -2.5, hearts3: 1 },
    rowtypes: { bottle: 100, hookshot: 0.5, ms: 5 },
    name: 'Blue Potion',
    id: 'blue-potion',
    time: 4.5,
    goal: 
     { difficulty: 6,
       id: 'blue-potion',
       jp: '青いクスリ',
       name: 'Blue Potion',
       rowtypes: [Object],
       skill: 0,
       subtypes: [Object],
       time: 4.5,
       types: [Object] },
    synergy: 7 },
  { difficulty: 19,
    desiredTime: 14.25,
    types: 
     { childchu: 0,
       childreset: 1.25,
       childtrade: 2.75,
       chuczl: 2,
       czl: 5,
       saria: 3,
       selfsynergy: 0 },
    subtypes: 
     { cganon: 2,
       child2: 2.5,
       hearts3: 3,
       hearts4: 1,
       songs4: 3,
       wallet: 0.25 },
    rowtypes: { bottle: 0, hookshot: 0, ms: 0 },
    name: 'Saria\'s Song',
    id: 'saria-s-song',
    time: 12.5,
    goal: 
     { difficulty: 17,
       id: 'saria-s-song',
       jp: 'サリアの歌',
       name: 'Saria\'s Song',
       rowtypes: [Object],
       skill: 0,
       subtypes: [Object],
       time: 12.5,
       types: [Object] },
    synergy: 6.25 },
  { difficulty: 11,
    desiredTime: 8.25,
    types: { hovers: 3, selfsynergy: 0 },
    subtypes: 
     { dmc: 1,
       firearrow: 1,
       gtunic: 0.25,
       hearts4: 0.5,
       magic: 2,
       wallet: 1 },
    rowtypes: { bottle: 0, hookshot: 2, ms: 6 },
    name: 'Both Hyrule Field area Skulltulas',
    id: 'both-hyrule-field-area-skulltulas',
    time: 7.5,
    goal: 
     { difficulty: 10,
       id: 'both-hyrule-field-area-skulltulas',
       jp: 'ハイラル平原エリアの黄金ノスタルチュラ2匹',
       name: 'Both Hyrule Field area Skulltulas',
       rowtypes: [Object],
       skill: 1,
       subtypes: [Object],
       time: 7.5,
       types: [Object] },
    synergy: 5 },
  { difficulty: 3,
    desiredTime: 2.25,
    types: { dc: 1, selfsynergy: 0 },
    subtypes: { compass: 1.75, map: 1 },
    rowtypes: { bottle: 0, hookshot: 0, ms: 0 },
    name: 'Map & Compass in Dodongo\'s Cavern',
    id: 'map-compass-in-dodongo-s-cavern',
    time: 2,
    goal: 
     { difficulty: 3,
       id: 'map-compass-in-dodongo-s-cavern',
       jp: 'ドドンゴの洞窟のマップとコンパス',
       name: 'Map & Compass in Dodongo\'s Cavern',
       rowtypes: [Object],
       skill: 0,
       subtypes: [Object],
       time: 2,
       types: [Object] },
    synergy: 2.75 },
  { difficulty: 14,
    desiredTime: 10.5,
    types: 
     { aganon: 3,
       bganon: -3,
       bosskey: 12,
       cganon: 3,
       incbk: 100,
       selfsynergy: -2 },
    subtypes: { compass: 2, hearts3: 2, hearts4: 1, map: 4 },
    rowtypes: { bottle: 0.5, hookshot: 100, ms: 100 },
    name: '3 Boss Keys',
    id: '3-boss-keys',
    time: 10.25,
    goal: 
     { difficulty: 14,
       id: '3-boss-keys',
       jp: 'ボス部屋の鍵3つ',
       name: '3 Boss Keys',
       rowtypes: [Object],
       skill: 0.25,
       subtypes: [Object],
       time: 10.25,
       types: [Object] },
    synergy: 6.25 },
  { difficulty: 1,
    desiredTime: 0.75,
    types: { dmc: 0.75, selfsynergy: 0 },
    subtypes: { bosskey: 1.5, gtunic: 0.25, hearts3: 0.5, songs5: 1.25 },
    rowtypes: { bottle: 0, hookshot: 0.25, ms: 100 },
    name: 'Bolero of Fire',
    id: 'bolero-of-fire',
    time: 1.5,
    goal: 
     { difficulty: 2,
       id: 'bolero-of-fire',
       jp: '炎のボレロ',
       name: 'Bolero of Fire',
       rowtypes: [Object],
       skill: 0,
       subtypes: [Object],
       time: 1.5,
       types: [Object] },
    synergy: 3 },
  { difficulty: 23,
    desiredTime: 17.25,
    types: 
     { dmc: 1,
       fire: 1.5,
       forest: 2.75,
       fortress: 2.5,
       gtg: 1,
       hovers: 3,
       selfsynergy: -3,
       shadow: 2,
       spirit: 3,
       water: 3 },
    subtypes: 
     { bosskey: 4,
       bosskey2: 3,
       childchu: -2.5,
       compass: 6,
       hearts3: 1,
       hearts4: 2.25,
       map: 6,
       songs5: 5,
       wallet: 4.5 },
    rowtypes: { bottle: 0.5, hookshot: 100, ms: 100 },
    name: '1 Skulltula from each Adult Dungeon',
    id: '1-skulltula-from-each-adult-dungeon',
    time: 18,
    goal: 
     { difficulty: 24,
       id: '1-skulltula-from-each-adult-dungeon',
       jp: '全ての大人ダンジョンからスタルチュラ最低1匹ずつ',
       name: '1 Skulltula from each Adult Dungeon',
       rowtypes: [Object],
       skill: 1,
       subtypes: [Object],
       time: 18,
       types: [Object] },
    synergy: 0 },
  { difficulty: 10,
    desiredTime: 7.5,
    types: 
     { endon: -0.25,
       fortress: 3,
       gtg: 5,
       incgtgkey: 100,
       selfsynergy: 0 },
    subtypes: { bosskey: 3, hearts4: 0.25, hovers: 0.5, map: 3, wallet: 0.25 },
    rowtypes: { bottle: 0, hookshot: 1, ms: 0 },
    name: '6 unused keys in Gerudo Training Grounds',
    id: '6-unused-keys-in-gerudo-training-grounds',
    time: 7,
    goal: 
     { difficulty: 9,
       id: '6-unused-keys-in-gerudo-training-grounds',
       jp: 'ゲルドの修練場の未使用の鍵6つ',
       name: '6 unused keys in Gerudo Training Grounds',
       rowtypes: [Object],
       skill: 0.5,
       subtypes: [Object],
       time: 7,
       types: [Object] },
    synergy: 2.5 },
  { difficulty: 17,
    desiredTime: 12.75,
    types: { childchu: 0, fountain: 2, jabu: 8, selfsynergy: 0 },
    subtypes: 
     { child2: 3.5,
       childreset: 1.25,
       compass: 2.5,
       hearts3: 4,
       hearts4: 1,
       map: 3,
       wallet: 0.5 },
    rowtypes: { bottle: 0, hookshot: 0, ms: 0 },
    name: 'Beat Jabu-Jabu\'s Belly',
    id: 'beat-jabu-jabu-s-belly',
    time: 12.5,
    goal: 
     { difficulty: 17,
       id: 'beat-jabu-jabu-s-belly',
       jp: 'ジャブジャブ様のお腹クリア',
       name: 'Beat Jabu-Jabu\'s Belly',
       rowtypes: [Object],
       skill: 0.25,
       subtypes: [Object],
       time: 12.5,
       types: [Object] },
    synergy: 5.5 },
  { difficulty: 8,
    desiredTime: 6,
    types: { bottleslot: 4.5, selfsynergy: 0 },
    subtypes: { jabu: 1.5 },
    rowtypes: { bottle: 100, hookshot: 0, ms: 0.5 },
    name: 'Fill all 4 Bottle Slots',
    id: 'fill-all-4-bottle-slots',
    time: 5,
    goal: 
     { difficulty: 7,
       id: 'fill-all-4-bottle-slots',
       jp: '4つの空きビンスロットを全て埋める',
       name: 'Fill all 4 Bottle Slots',
       rowtypes: [Object],
       skill: 0,
       subtypes: [Object],
       time: 5,
       types: [Object] },
    synergy: 6 },
  { difficulty: 20,
    desiredTime: 15,
    types: { dmc: 1, fire: 8, gtunic: 1, selfsynergy: 0 },
    subtypes: 
     { bosskey: 2.25,
       compass: 4,
       hearts3: 0.5,
       hearts4: 1,
       hovers: 0.25,
       map: 2,
       songs5: 1.25,
       wallet: 0.5 },
    rowtypes: { bottle: 0.5, hookshot: 0.5, ms: 100 },
    name: 'Free all 9 gorons in Fire Temple',
    id: 'free-all-9-gorons-in-fire-temple',
    time: 14.75,
    goal: 
     { difficulty: 20,
       id: 'free-all-9-gorons-in-fire-temple',
       jp: '炎の神殿で９人のゴロンを全員救う',
       name: 'Free all 9 gorons in Fire Temple',
       rowtypes: [Object],
       skill: 0.25,
       subtypes: [Object],
       time: 14.75,
       types: [Object] },
    synergy: 6.5 },
  { difficulty: 12,
    desiredTime: 9,
    types: { fortress: 2.5, gerudo: 6, selfsynergy: 0 },
    subtypes: { bosskey: 2.5, hearts4: 0.25, hovers: 0.5, map: 2.5, wallet: 0.5 },
    rowtypes: { bottle: 0, hookshot: 0.75, ms: 2.5 },
    name: 'Gerudo\'s Card',
    id: 'gerudo-s-card',
    time: 9,
    goal: 
     { difficulty: 12,
       id: 'gerudo-s-card',
       jp: 'ゲルドの会員証',
       name: 'Gerudo\'s Card',
       rowtypes: [Object],
       skill: 0,
       subtypes: [Object],
       time: 9,
       types: [Object] },
    synergy: 2.5 },
  { difficulty: 4,
    desiredTime: 3,
    types: { fortress: 1.5, selfsynergy: 0 },
    subtypes: 
     { bosskey: 1,
       hearts3: 1.5,
       hearts4: 0.5,
       hovers: 0.25,
       map: 1,
       wallet: 0.25 },
    rowtypes: { bottle: 0, hookshot: 0, ms: 0 },
    name: 'Both Gerudo Valley HPs',
    id: 'both-gerudo-valley-hps',
    time: 3.5,
    goal: 
     { difficulty: 5,
       id: 'both-gerudo-valley-hps',
       jp: 'ゲルドの谷のハートのかけら2つ',
       name: 'Both Gerudo Valley HPs',
       rowtypes: [Object],
       skill: 0,
       subtypes: [Object],
       time: 3.5,
       types: [Object] },
    synergy: 5 },
  { difficulty: 21,
    desiredTime: 15.75,
    types: 
     { aganon: 3,
       endon: -0.5,
       fortress: 2.5,
       gtg: 1,
       hovers: 3,
       quiver: 1.5,
       selfsynergy: 0,
       spirit: 3.5 },
    subtypes: 
     { bosskey: 4.5,
       bosskey2: 5,
       compass: 1,
       hearts3: 0.5,
       hearts4: 0.5,
       map: 3,
       wallet: 1 },
    rowtypes: { bottle: 100, hookshot: 100, ms: 100 },
    name: 'Get to the end of Spirit Trial',
    id: 'get-to-the-end-of-spirit-trial',
    time: 15,
    goal: 
     { difficulty: 20,
       id: 'get-to-the-end-of-spirit-trial',
       jp: '魂の結界の最後の部屋に到達',
       name: 'Get to the end of Spirit Trial',
       rowtypes: [Object],
       skill: 0.75,
       subtypes: [Object],
       time: 15,
       types: [Object] },
    synergy: 3.75 },
  { difficulty: 2,
    desiredTime: 1.5,
    types: { incsword: 100, selfsynergy: 0, swords: 3 },
    subtypes: { bulletbag: -3 },
    rowtypes: { bottle: 100, hookshot: 0, ms: 100 },
    name: 'Giant\'s Knife',
    id: 'giant-s-knife',
    time: 1,
    goal: 
     { difficulty: 1,
       id: 'giant-s-knife',
       jp: '巨人のナイフ',
       name: 'Giant\'s Knife',
       rowtypes: [Object],
       skill: 0,
       subtypes: [Object],
       time: 1,
       types: [Object] },
    synergy: 4 },
  { difficulty: 24,
    desiredTime: 18,
    types: 
     { childchu: 0,
       childreset: 1.25,
       childtrade: 2.75,
       chuczl: 2,
       czl: 5,
       saria: 3,
       selfsynergy: -1 },
    subtypes: 
     { cganon: 2,
       child2: 2.5,
       hearts3: 4.5,
       hearts4: 1.5,
       songs4: 3,
       wallet: 0.25 },
    rowtypes: { bottle: 0, hookshot: 0, ms: 0 },
    name: 'Both heart pieces in Lost Woods',
    id: 'both-heart-pieces-in-lost-woods',
    time: 17,
    goal: 
     { difficulty: 23,
       id: 'both-heart-pieces-in-lost-woods',
       jp: '迷いの森のハートのかけら２つ',
       name: 'Both heart pieces in Lost Woods',
       rowtypes: [Object],
       skill: 0,
       subtypes: [Object],
       time: 17,
       types: [Object] },
    synergy: 1 },
  { difficulty: 6,
    desiredTime: 4.5,
    types: 
     { endon: -1,
       forest: 4,
       fortress: 2,
       incfboss: 100,
       inclacs: 100,
       pg: 4,
       poachers: 4,
       selfsynergy: 0 },
    subtypes: 
     { bosskey2: 2,
       childchu: -1,
       compass: 1,
       hearts3: 2,
       hearts4: 1,
       map: 3,
       songs5: 1.75,
       wallet: 0.75 },
    rowtypes: { bottle: 100, hookshot: 1, ms: 4 },
    name: 'Forest Medallion',
    id: 'forest-medallion',
    time: 5.5,
    goal: 
     { difficulty: 7,
       id: 'forest-medallion',
       jp: '森のメダル',
       name: 'Forest Medallion',
       rowtypes: [Object],
       skill: 0,
       subtypes: [Object],
       time: 5.5,
       types: [Object] },
    synergy: 3.5 },
  { difficulty: 18,
    desiredTime: 13.5,
    types: 
     { dmc: 1,
       endon: -1,
       fire: 10,
       forest: 2,
       gtunic: 1.75,
       selfsynergy: 0 },
    subtypes: 
     { aganon: 2,
       bosskey: 2,
       compass: 4,
       hearts3: 2.5,
       hearts4: 2,
       hovers: 0.25,
       lightarrow: 3,
       map: 2.5,
       pg: 1,
       songs5: 1.25,
       wallet: 0.25 },
    rowtypes: { bottle: 100, hookshot: 0.25, ms: 100 },
    name: 'Beat the Fire Temple',
    id: 'beat-the-fire-temple',
    time: 13.25,
    goal: 
     { difficulty: 18,
       id: 'beat-the-fire-temple',
       jp: '炎の神殿クリア',
       name: 'Beat the Fire Temple',
       rowtypes: [Object],
       skill: 0.25,
       subtypes: [Object],
       time: 13.25,
       types: [Object] },
    synergy: 5.25 },
  { difficulty: 15,
    desiredTime: 11.25,
    types: { forest: 3, hovers: 2, incforest: 100, meg: 5, selfsynergy: 0 },
    subtypes: 
     { bosskey: 2,
       bosskey2: 6,
       compass: 4,
       hearts4: 1,
       map: 3,
       quiver: 4.5,
       songs5: 1.75,
       wallet: 1 },
    rowtypes: { bottle: 0.5, hookshot: 100, ms: 100 },
    name: 'Map & Compass in Forest Temple',
    id: 'map-compass-in-forest-temple',
    time: 11.25,
    goal: 
     { difficulty: 15,
       id: 'map-compass-in-forest-temple',
       jp: '森の神殿のマップとコンパス',
       name: 'Map & Compass in Forest Temple',
       rowtypes: [Object],
       skill: 0.25,
       subtypes: [Object],
       time: 11.25,
       types: [Object] },
    synergy: 5.25 },
  { difficulty: 16,
    desiredTime: 12,
    types: 
     { fountain: 2,
       ice: 1.5,
       inclhskull: 100,
       irons: 2,
       selfsynergy: 0,
       water: 1 },
    subtypes: 
     { bottleslot: 2,
       child2: 3,
       compass: 4,
       hearts3: 1,
       hearts4: 0.25,
       hovers: 0.5,
       map: 4,
       wallet: 3 },
    rowtypes: { bottle: 100, hookshot: 100, ms: 100 },
    name: 'All 5 Lake Hylia Skulltulas',
    id: 'all-5-lake-hylia-skulltulas',
    time: 12.5,
    goal: 
     { difficulty: 17,
       id: 'all-5-lake-hylia-skulltulas',
       jp: 'ハイリア湖畔エリアの黄金のスタルチュラ5匹',
       name: 'All 5 Lake Hylia Skulltulas',
       rowtypes: [Object],
       skill: 0.5,
       subtypes: [Object],
       time: 12.5,
       types: [Object] },
    synergy: 0 },
  { difficulty: 13,
    desiredTime: 9.75,
    types: 
     { deku: 2,
       endon: -1,
       hovers: 3,
       legitlacs: 100,
       selfsynergy: 0,
       shadow: 5 },
    subtypes: { bosskey2: 2, hearts3: 3, hearts4: 1, wallet: 0.25 },
    rowtypes: { bottle: 100, hookshot: 100, ms: 5 },
    name: 'Beat the Shadow Temple',
    id: 'beat-the-shadow-temple',
    time: 9.25,
    goal: 
     { difficulty: 12,
       id: 'beat-the-shadow-temple',
       jp: '闇の神殿クリア',
       name: 'Beat the Shadow Temple',
       rowtypes: [Object],
       skill: 0.75,
       subtypes: [Object],
       time: 9.25,
       types: [Object] },
    synergy: 1.75 },
  { difficulty: 5,
    desiredTime: 3.75,
    types: { childreset: 1.25, forest: 0.25, selfsynergy: 0 },
    subtypes: { child2: 1, wallet: 1.5 },
    rowtypes: { bottle: 100, hookshot: 0.5, ms: 100 },
    name: 'All 3 Kokiri Forest area Skulltulas',
    id: 'all-3-kokiri-forest-area-skulltulas',
    time: 4.5,
    goal: 
     { difficulty: 6,
       id: 'all-3-kokiri-forest-area-skulltulas',
       jp: 'コキリの森エリアの黄金のスタルチュラ３匹',
       name: 'All 3 Kokiri Forest area Skulltulas',
       rowtypes: [Object],
       skill: 0,
       subtypes: [Object],
       time: 4.5,
       types: [Object] },
    synergy: 2.25 },
  { difficulty: 22,
    desiredTime: 16.5,
    types: 
     { childchu: 0,
       childreset: 1.25,
       childtrade: 2.75,
       chuczl: 2,
       czl: 5,
       saria: 5,
       selfsynergy: 0,
       strength: 100 },
    subtypes: 
     { bombbag: 100,
       cganon: 2,
       child2: 2.5,
       hearts3: 3,
       hearts4: 1,
       songs4: 3,
       wallet: -100 },
    rowtypes: { bottle: 0, hookshot: 0, ms: 0 },
    name: 'Goron Bracelet',
    id: 'goron-bracelet',
    time: 16,
    goal: 
     { difficulty: 21,
       id: 'goron-bracelet',
       jp: 'ゴロンの腕輪',
       name: 'Goron Bracelet',
       rowtypes: [Object],
       skill: 0,
       subtypes: [Object],
       time: 16,
       types: [Object] },
    synergy: 1 },
  { difficulty: 9,
    desiredTime: 6.75,
    types: { gtg: 1, selfsynergy: 0, water: 3 },
    subtypes: { compass: 3, hearts4: 1, map: 3, poachers: 1.25 },
    rowtypes: { bottle: 0, hookshot: 0, ms: 1 },
    name: 'Map & Compass in Water Temple',
    id: 'map-compass-in-water-temple',
    time: 7,
    goal: 
     { difficulty: 9,
       id: 'map-compass-in-water-temple',
       jp: '水の神殿のマップとコンパス',
       name: 'Map & Compass in Water Temple',
       rowtypes: [Object],
       skill: 0.5,
       subtypes: [Object],
       time: 7,
       types: [Object] },
    synergy: 6.25 },
  meta: { iterations: 1 } ]
