[ ,
  { difficulty: 2,
    desiredTime: 1.5,
    types: { forest: 0.5, selfsynergy: 0 },
    subtypes: { songs5: 0.5 },
    rowtypes: { bottle: 0, hookshot: 0, ms: 0 },
    name: '30 Deku Nuts',
    id: '30-deku-nuts',
    time: 1,
    goal: 
     { difficulty: 1,
       id: '30-deku-nuts',
       jp: 'デクの実30個以上',
       name: '30 Deku Nuts',
       rowtypes: [Object],
       skill: 0,
       subtypes: [Object],
       time: 1,
       types: [Object] },
    synergy: 0.75 },
  { difficulty: 21,
    desiredTime: 15.75,
    types: 
     { bothzl: -4.25,
       czl: 4.25,
       hovers: 3,
       poachers: 4.25,
       selfsynergy: 0,
       shadow: 8 },
    subtypes: 
     { aganon: 0.25,
       bosskey: 3.5,
       bosskey2: 6,
       childchu: -2.5,
       chuczl: 2,
       compass: 1,
       hearts3: 2,
       hearts4: 1,
       wallet: 2.5 },
    rowtypes: { bottle: 100, hookshot: 100, ms: 100 },
    name: 'All 5 Skulltulas in Shadow Temple',
    id: 'all-5-skulltulas-in-shadow-temple',
    time: 16.25,
    goal: 
     { difficulty: 22,
       id: 'all-5-skulltulas-in-shadow-temple',
       jp: '闇の神殿の黄金のスタルチュラ5匹',
       name: 'All 5 Skulltulas in Shadow Temple',
       rowtypes: [Object],
       skill: 0.25,
       subtypes: [Object],
       time: 16.25,
       types: [Object] },
    synergy: 0 },
  { difficulty: 14,
    desiredTime: 10.5,
    types: { dmc: 1, fire: 5, gtunic: 1, selfsynergy: 0 },
    subtypes: 
     { bosskey: 2,
       compass: 4,
       hearts3: 0.5,
       hovers: 0.25,
       map: 2,
       songs5: 1.5,
       wallet: 0.5 },
    rowtypes: { bottle: 0.5, hookshot: 100, ms: 100 },
    name: 'Obtain all 8 Small Keys in Fire Temple',
    id: 'obtain-all-8-small-keys-in-fire-temple',
    time: 10,
    goal: 
     { difficulty: 13,
       id: 'obtain-all-8-small-keys-in-fire-temple',
       jp: '炎の神殿の小さな鍵の宝箱を８つ全て開ける',
       name: 'Obtain all 8 Small Keys in Fire Temple',
       rowtypes: [Object],
       skill: 0.25,
       subtypes: [Object],
       time: 10,
       types: [Object] },
    synergy: 5.5 },
  { difficulty: 18,
    desiredTime: 13.5,
    types: 
     { childtrade: 1,
       hearts3: 13,
       hearts4: 2,
       inchearts: 100,
       saria: 1,
       selfsynergy: -3 },
    subtypes: undefined,
    rowtypes: { bottle: 0, hookshot: 1, ms: 6 },
    name: '8 Hearts',
    id: '8-hearts',
    time: 12.75,
    goal: 
     { difficulty: 17,
       id: '8-hearts',
       jp: 'ハート8つ',
       name: '8 Hearts',
       rowtypes: [Object],
       skill: 0.75,
       time: 12.75,
       types: [Object] },
    synergy: 4.75 },
  { difficulty: 10,
    desiredTime: 7.5,
    types: { childchu: 0, lonlon: 1.75, selfsynergy: 0 },
    subtypes: { hearts4: 0.25, jabu: 4.75, wallet: 2.5 },
    rowtypes: { bottle: 0, hookshot: 0, ms: 0 },
    name: 'All 4 Lon-Lon Ranch area Skulltulas',
    id: 'all-4-lon-lon-ranch-area-skulltulas',
    time: 7.75,
    goal: 
     { difficulty: 10,
       id: 'all-4-lon-lon-ranch-area-skulltulas',
       jp: 'ロンロン牧場エリアの黄金のスタルチュラ4匹',
       name: 'All 4 Lon-Lon Ranch area Skulltulas',
       rowtypes: [Object],
       skill: 0.5,
       subtypes: [Object],
       time: 7.75,
       types: [Object] },
    synergy: 2.25 },
  { difficulty: 19,
    desiredTime: 14.25,
    types: 
     { beans: 10,
       bombbag: 100,
       fortress: 3,
       gerudo: 7,
       quiver: 1,
       selfsynergy: 0 },
    subtypes: 
     { bosskey: 2.5,
       childchu: -2.5,
       hearts4: 0.5,
       map: 2,
       wallet: 0.25 },
    rowtypes: { bottle: 100, hookshot: 0, ms: 100 },
    name: 'Quiver (50)',
    id: 'quiver-50-',
    time: 15,
    goal: 
     { difficulty: 20,
       id: 'quiver-50-',
       jp: '矢立て(50)',
       name: 'Quiver (50)',
       rowtypes: [Object],
       skill: 0.5,
       subtypes: [Object],
       time: 15,
       types: [Object] },
    synergy: 6.5 },
  { difficulty: 8,
    desiredTime: 6,
    types: { childchu: 0, fortress: 2, selfsynergy: 0 },
    subtypes: 
     { bosskey: 1.5,
       child2: 1.5,
       hearts3: 0.5,
       hearts4: 0.25,
       hovers: 0.25,
       jabu: 0.5,
       map: 1.5,
       wallet: 2 },
    rowtypes: { bottle: 100, hookshot: 2, ms: 100 },
    name: 'All 4 Gerudo Valley area Skulltulas',
    id: 'all-4-gerudo-valley-area-skulltulas',
    time: 7,
    goal: 
     { difficulty: 9,
       id: 'all-4-gerudo-valley-area-skulltulas',
       jp: 'ゲルドの谷エリアの黄金のスタルチュラ4匹',
       name: 'All 4 Gerudo Valley area Skulltulas',
       rowtypes: [Object],
       skill: 0.25,
       subtypes: [Object],
       time: 7,
       types: [Object] },
    synergy: 1.75 },
  { difficulty: 5,
    desiredTime: 3.75,
    types: { deku: 3, selfsynergy: 0 },
    subtypes: { compass: 3, czl: 3, hearts4: 1, hovers: 0.5, map: 3, wallet: 0.5 },
    rowtypes: { bottle: 0, hookshot: 0, ms: 0 },
    name: 'Map & Compass in Deku Tree',
    id: 'map-compass-in-deku-tree',
    time: 4,
    goal: 
     { difficulty: 5,
       id: 'map-compass-in-deku-tree',
       jp: 'デクの樹様の中のマップとコンパス',
       name: 'Map & Compass in Deku Tree',
       rowtypes: [Object],
       skill: 0.25,
       subtypes: [Object],
       time: 4,
       types: [Object] },
    synergy: 2.5 },
  { difficulty: 22,
    desiredTime: 16.5,
    types: { childchu: 0, hovers: 3, map: 20, selfsynergy: -3 },
    subtypes: 
     { bosskey2: 2,
       claimcheck: 6,
       compass: 20,
       hearts3: 1,
       hearts4: 2.5,
       poachers: 1.25,
       songs5: 1.5,
       wallet: 0.75 },
    rowtypes: { bottle: 0.5, hookshot: 1, ms: 4 },
    name: '7 Maps',
    id: '7-maps',
    time: 16,
    goal: 
     { difficulty: 21,
       id: '7-maps',
       jp: 'マップ7つ',
       name: '7 Maps',
       rowtypes: [Object],
       skill: 0.5,
       subtypes: [Object],
       time: 16,
       types: [Object] },
    synergy: 2.5 },
  { difficulty: 11,
    desiredTime: 8.25,
    types: { childchu: 0, dmc: 2, selfsynergy: 0 },
    subtypes: { child2: 3, czl: 0.5, hearts3: 0.5, wallet: 4 },
    rowtypes: { bottle: 100, hookshot: 0.25, ms: 100 },
    name: 'All 8 Death Mountain area Skulltulas',
    id: 'all-8-death-mountain-area-skulltulas',
    time: 8.25,
    goal: 
     { difficulty: 11,
       id: 'all-8-death-mountain-area-skulltulas',
       jp: 'デスマウンテンエリアの黄金のスタルチュラ8匹',
       name: 'All 8 Death Mountain area Skulltulas',
       rowtypes: [Object],
       skill: 0,
       subtypes: [Object],
       time: 8.25,
       types: [Object] },
    synergy: 2 },
  { difficulty: 25,
    desiredTime: 18.75,
    types: 
     { aganon: 3,
       bothzl: -4.25,
       czl: 4.25,
       dins: 3,
       dmc: 1,
       endon: -0.5,
       firearrow: 8,
       fortress: 2,
       hovers: 1.5,
       lightarrow: 10,
       magic: 2,
       poachers: 4.25,
       selfsynergy: 0 },
    subtypes: 
     { bosskey: 1,
       childchu: -2.5,
       chuczl: 2,
       gtunic: 0.25,
       hearts3: 1,
       hearts4: 0.5,
       songs5: 1 },
    rowtypes: { bottle: 100, hookshot: 100, ms: 6 },
    name: 'Get to the end of Forest Trial',
    id: 'get-to-the-end-of-forest-trial',
    time: 18.5,
    goal: 
     { difficulty: 25,
       id: 'get-to-the-end-of-forest-trial',
       jp: '森の結界の最後の部屋に到達',
       name: 'Get to the end of Forest Trial',
       rowtypes: [Object],
       skill: 0.5,
       subtypes: [Object],
       time: 18.5,
       types: [Object] },
    synergy: 0.25 },
  { difficulty: 12,
    desiredTime: 9,
    types: { dmc: 1, fire: 5, gtunic: 1, selfsynergy: 0 },
    subtypes: 
     { bosskey: 2,
       compass: 4,
       hearts3: 0.5,
       hovers: 0.25,
       map: 3,
       songs5: 1.25,
       wallet: 0.25 },
    rowtypes: { bottle: 0.5, hookshot: 0.25, ms: 4 },
    name: 'Map & Compass in Fire Temple',
    id: 'map-compass-in-fire-temple',
    time: 9,
    goal: 
     { difficulty: 12,
       id: 'map-compass-in-fire-temple',
       jp: '炎の神殿のマップとコンパス',
       name: 'Map & Compass in Fire Temple',
       rowtypes: [Object],
       skill: 0,
       subtypes: [Object],
       time: 9,
       types: [Object] },
    synergy: 3.75 },
  { difficulty: 16,
    desiredTime: 12,
    types: 
     { endon: -0.5,
       fortress: 2.5,
       gtg: 1,
       hovers: 3,
       selfsynergy: 0,
       spirit: 8 },
    subtypes: 
     { bosskey: 6,
       bosskey2: 6,
       compass: 1,
       hearts4: 0.25,
       map: 3,
       songs5: 1,
       wallet: 0.5 },
    rowtypes: { bottle: 0.5, hookshot: 100, ms: 100 },
    name: 'Defeat Nabooru-Knuckle',
    id: 'defeat-nabooru-knuckle',
    time: 13,
    goal: 
     { difficulty: 17,
       id: 'defeat-nabooru-knuckle',
       jp: 'アイアンナック(ナボール)撃破',
       name: 'Defeat Nabooru-Knuckle',
       rowtypes: [Object],
       skill: 1,
       subtypes: [Object],
       time: 13,
       types: [Object] },
    synergy: 2.25 },
  { difficulty: 9,
    desiredTime: 6.75,
    types: { lonlon: 4, selfsynergy: 0 },
    subtypes: 
     { bottleslot: 4.5,
       childreset: 1,
       czl: 2,
       songs4: 0.5,
       wallet: 0.5 },
    rowtypes: { bottle: 0, hookshot: 0, ms: 0 },
    name: 'Milk',
    id: 'milk',
    time: 6.25,
    goal: 
     { difficulty: 8,
       id: 'milk',
       jp: 'ロンロン牛乳',
       name: 'Milk',
       rowtypes: [Object],
       skill: 0,
       subtypes: [Object],
       time: 6.25,
       types: [Object] },
    synergy: 6.25 },
  { difficulty: 3,
    desiredTime: 2.25,
    types: { dc: 1, selfsynergy: 0 },
    subtypes: { compass: 1.75, map: 1 },
    rowtypes: { bottle: 0, hookshot: 0, ms: 0 },
    name: 'Map & Compass in Dodongo\'s Cavern',
    id: 'map-compass-in-dodongo-s-cavern',
    time: 2,
    goal: 
     { difficulty: 3,
       id: 'map-compass-in-dodongo-s-cavern',
       jp: 'ドドンゴの洞窟のマップとコンパス',
       name: 'Map & Compass in Dodongo\'s Cavern',
       rowtypes: [Object],
       skill: 0,
       subtypes: [Object],
       time: 2,
       types: [Object] },
    synergy: 6.5 },
  { difficulty: 6,
    desiredTime: 4.5,
    types: { fortress: 2.5, selfsynergy: 0 },
    subtypes: { hearts4: 0.5, hovers: 0.5, map: 2, wallet: 1.25 },
    rowtypes: { bottle: 0, hookshot: 100, ms: 100 },
    name: 'Both Gerudo\'s Fortress area Skulltulas',
    id: 'both-gerudo-s-fortress-area-skulltulas',
    time: 4.5,
    goal: 
     { difficulty: 6,
       id: 'both-gerudo-s-fortress-area-skulltulas',
       jp: 'ゲルドの砦の黄金のスタルチュラ2匹',
       name: 'Both Gerudo\'s Fortress area Skulltulas',
       rowtypes: [Object],
       skill: 0.25,
       subtypes: [Object],
       time: 4.5,
       types: [Object] },
    synergy: 4.75 },
  { difficulty: 4,
    desiredTime: 3,
    types: { childchu: 0, selfsynergy: 0 },
    subtypes: { wallet: 1.5 },
    rowtypes: { bottle: 0, hookshot: 0, ms: 0 },
    name: 'All 3 Skulltulas in Bottom of the Well',
    id: 'all-3-skulltulas-in-bottom-of-the-well',
    time: 3.5,
    goal: 
     { difficulty: 5,
       id: 'all-3-skulltulas-in-bottom-of-the-well',
       jp: '井戸の底の黄金のスタルチュラ3匹',
       name: 'All 3 Skulltulas in Bottom of the Well',
       rowtypes: [Object],
       skill: 0.25,
       subtypes: [Object],
       time: 3.5,
       types: [Object] },
    synergy: 1.75 },
  { difficulty: 23,
    desiredTime: 17.25,
    types: 
     { bothzl: -4.25,
       czl: 4.25,
       dc: 2,
       ice: 1.5,
       incwskull: 100,
       irons: 2,
       longshot: 4,
       poachers: 4.25,
       selfsynergy: 0,
       water: 4 },
    subtypes: 
     { aganon: 0.25,
       bbprize: -6,
       bosskey: 3.75,
       childchu: -2.5,
       chuczl: 2,
       compass: 3.5,
       hearts3: 1.5,
       hearts4: 2.5,
       hovers: 0.5,
       map: 3.5,
       spirit: -1,
       wallet: 2.5 },
    rowtypes: { bottle: 100, hookshot: 100, ms: 100 },
    name: 'All 5 Skulltulas in Water Temple',
    id: 'all-5-skulltulas-in-water-temple',
    time: 16.5,
    goal: 
     { difficulty: 22,
       id: 'all-5-skulltulas-in-water-temple',
       jp: '水の神殿の黄金のスタルチュラ5匹',
       name: 'All 5 Skulltulas in Water Temple',
       rowtypes: [Object],
       skill: 0.75,
       subtypes: [Object],
       time: 16.5,
       types: [Object] },
    synergy: 0.75 },
  { difficulty: 15,
    desiredTime: 11.25,
    types: { dc: 2, deku: 3, fountain: 2, selfsynergy: 0 },
    subtypes: { compass: 4, hearts4: 1.5, jabu: 3, map: 4, wallet: 2 },
    rowtypes: { bottle: 0, hookshot: 0.5, ms: 0 },
    name: '1 Skulltula from each Child Dungeon',
    id: '1-skulltula-from-each-child-dungeon',
    time: 10.25,
    goal: 
     { difficulty: 14,
       id: '1-skulltula-from-each-child-dungeon',
       jp: '全ての子供ダンジョンからスタルチュラ最低1匹ずつ',
       name: '1 Skulltula from each Child Dungeon',
       rowtypes: [Object],
       skill: 0.5,
       subtypes: [Object],
       time: 10.25,
       types: [Object] },
    synergy: 3.75 },
  { difficulty: 17,
    desiredTime: 12.75,
    types: { fortress: 2.5, hovers: 3, selfsynergy: 0, spirit: 5 },
    subtypes: { bosskey: 2, compass: 1, hearts4: 0.25, map: 2, wallet: 0.75 },
    rowtypes: { bottle: 0, hookshot: 2, ms: 1 },
    name: 'Get Bombchu chest in Spirit Temple',
    id: 'get-bombchu-chest-in-spirit-temple',
    time: 12,
    goal: 
     { difficulty: 16,
       id: 'get-bombchu-chest-in-spirit-temple',
       jp: '魂の神殿のボムチュウ取得',
       name: 'Get Bombchu chest in Spirit Temple',
       rowtypes: [Object],
       skill: 0.5,
       subtypes: [Object],
       time: 12,
       types: [Object] },
    synergy: 4 },
  { difficulty: 13,
    desiredTime: 9.75,
    types: { hovers: 3, selfsynergy: 0, shadow: 6 },
    subtypes: { bosskey2: 2, compass: 1, wallet: 2 },
    rowtypes: { bottle: 0, hookshot: 100, ms: 100 },
    name: '4 Skulltulas in Shadow Temple',
    id: '4-skulltulas-in-shadow-temple',
    time: 9.75,
    goal: 
     { difficulty: 13,
       id: '4-skulltulas-in-shadow-temple',
       jp: '闇の神殿の黄金のスタルチュラ4匹以上',
       name: '4 Skulltulas in Shadow Temple',
       rowtypes: [Object],
       skill: 0.25,
       subtypes: [Object],
       time: 9.75,
       types: [Object] },
    synergy: 5.75 },
  { difficulty: 20,
    desiredTime: 15,
    types: { forest: 3, hovers: 2, incforest: 100, meg: 8.75, selfsynergy: 0 },
    subtypes: 
     { bosskey2: 3,
       compass: 4,
       hearts3: 0.25,
       hearts4: 1,
       map: 2.5,
       quiver: 4.5,
       songs5: 1.75,
       wallet: 1 },
    rowtypes: { bottle: 0.5, hookshot: 100, ms: 100 },
    name: 'Defeat Meg (purple Poe)',
    id: 'defeat-meg-purple-poe-',
    time: 14.25,
    goal: 
     { difficulty: 19,
       id: 'defeat-meg-purple-poe-',
       jp: 'メグ撃破(紫のポウ)',
       name: 'Defeat Meg (purple Poe)',
       rowtypes: [Object],
       skill: 0.25,
       subtypes: [Object],
       time: 14.25,
       types: [Object] },
    synergy: 2.75 },
  { difficulty: 7,
    desiredTime: 5.25,
    types: { childchu: 0, childreset: 1.25, fortress: 2.5, selfsynergy: 0 },
    subtypes: 
     { bosskey: 2,
       child2: 2,
       hearts3: 0.75,
       hearts4: 0.5,
       kd: 2,
       map: 2,
       poachers: 3 },
    rowtypes: { bottle: 0, hookshot: 0, ms: 0 },
    name: '37th heart piece (Child Fortress)',
    id: '37th-heart-piece-child-fortress-',
    time: 6,
    goal: 
     { difficulty: 8,
       id: '37th-heart-piece-child-fortress-',
       jp: '37番目のハートのかけら(子供のゲルドの砦)',
       name: '37th heart piece (Child Fortress)',
       rowtypes: [Object],
       skill: 0.25,
       subtypes: [Object],
       time: 6,
       types: [Object] },
    synergy: 4.75 },
  { difficulty: 1,
    desiredTime: 0.75,
    types: { selfsynergy: 0, sticks: 100 },
    subtypes: { bulletbag: 100, childchu: -0.5 },
    rowtypes: { bottle: 100, hookshot: 0, ms: 2 },
    name: 'Exactly 30 Deku Sticks',
    id: 'exactly-30-deku-sticks',
    time: 1.5,
    goal: 
     { difficulty: 2,
       id: 'exactly-30-deku-sticks',
       jp: 'デクの棒30本',
       name: 'Exactly 30 Deku Sticks',
       rowtypes: [Object],
       skill: 0,
       subtypes: [Object],
       time: 1.5,
       types: [Object] },
    synergy: 4.5 },
  { difficulty: 24,
    desiredTime: 18,
    types: 
     { childchu: 0,
       childreset: 1.25,
       childtrade: 2.75,
       chuczl: 2,
       czl: 5,
       saria: 3,
       selfsynergy: -1 },
    subtypes: 
     { cganon: 2,
       child2: 2.5,
       hearts3: 4.5,
       hearts4: 1.5,
       songs4: 3,
       wallet: 0.25 },
    rowtypes: { bottle: 0, hookshot: 0, ms: 0 },
    name: 'Both heart pieces in Lost Woods',
    id: 'both-heart-pieces-in-lost-woods',
    time: 17,
    goal: 
     { difficulty: 23,
       id: 'both-heart-pieces-in-lost-woods',
       jp: '迷いの森のハートのかけら２つ',
       name: 'Both heart pieces in Lost Woods',
       rowtypes: [Object],
       skill: 0,
       subtypes: [Object],
       time: 17,
       types: [Object] },
    synergy: 1 },
  meta: { iterations: 1 } ]
