[ ,
  { difficulty: 10,
    desiredTime: 7.5,
    types: { hovers: 3, map: 9, selfsynergy: -3 },
    subtypes: { bosskey2: 2, compass: 9, hearts3: 1, hearts4: 1, wallet: 0.5 },
    rowtypes: { bottle: 0, hookshot: 0.5, ms: 1.5 },
    name: '5 Maps',
    id: '5-maps',
    time: 7.75,
    goal: 
     { difficulty: 10,
       id: '5-maps',
       jp: 'マップ5つ',
       name: '5 Maps',
       rowtypes: [Object],
       skill: 0.25,
       subtypes: [Object],
       time: 7.75,
       types: [Object] },
    synergy: 2.5 },
  { difficulty: 2,
    desiredTime: 1.5,
    types: { dc: 1, selfsynergy: 0 },
    subtypes: { compass: 1.75, map: 1 },
    rowtypes: { bottle: 0, hookshot: 0, ms: 0 },
    name: 'Map & Compass in Dodongo\'s Cavern',
    id: 'map-compass-in-dodongo-s-cavern',
    time: 2,
    goal: 
     { difficulty: 3,
       id: 'map-compass-in-dodongo-s-cavern',
       jp: 'ドドンゴの洞窟のマップとコンパス',
       name: 'Map & Compass in Dodongo\'s Cavern',
       rowtypes: [Object],
       skill: 0,
       subtypes: [Object],
       time: 2,
       types: [Object] },
    synergy: 3.75 },
  { difficulty: 14,
    desiredTime: 10.5,
    types: { childchu: 0, fountain: 2, selfsynergy: 0 },
    subtypes: 
     { childreset: 1.25,
       compass: 2,
       hearts3: 1,
       jabu: 0.5,
       map: 2,
       wallet: 4 },
    rowtypes: { bottle: 0, hookshot: 100, ms: 100 },
    name: 'All 8 Zora\'s Domain area Skulltulas',
    id: 'all-8-zora-s-domain-area-skulltulas',
    time: 10.5,
    goal: 
     { difficulty: 14,
       id: 'all-8-zora-s-domain-area-skulltulas',
       jp: 'ゾーラの里エリアの黄金のスタルチュラ8匹',
       name: 'All 8 Zora\'s Domain area Skulltulas',
       rowtypes: [Object],
       skill: 0.5,
       subtypes: [Object],
       time: 10.5,
       types: [Object] },
    synergy: 3.25 },
  { difficulty: 16,
    desiredTime: 12,
    types: 
     { childtrade: 1,
       hearts3: 13,
       hearts4: 2,
       inchearts: 100,
       saria: 1,
       selfsynergy: -3 },
    subtypes: undefined,
    rowtypes: { bottle: 0, hookshot: 1, ms: 6 },
    name: '8 Hearts',
    id: '8-hearts',
    time: 12.75,
    goal: 
     { difficulty: 17,
       id: '8-hearts',
       jp: 'ハート8つ',
       name: '8 Hearts',
       rowtypes: [Object],
       skill: 0.75,
       time: 12.75,
       types: [Object] },
    synergy: 6.5 },
  { difficulty: 23,
    desiredTime: 17.25,
    types: 
     { aganon: 3,
       dmc: 1,
       endon: -0.5,
       fire: 7,
       gtunic: 1,
       hovers: 1.5,
       incshtrial: 100,
       lightarrow: 10,
       selfsynergy: 0 },
    subtypes: 
     { bosskey: 4.5,
       compass: 4,
       hearts3: 2.5,
       hearts4: 1,
       map: 2,
       pg: 2,
       poachers: 3,
       songs5: 1.25,
       wallet: 0.5 },
    rowtypes: { bottle: 100, hookshot: 1, ms: 100 },
    name: 'Get to the end of Shadow Trial',
    id: 'get-to-the-end-of-shadow-trial',
    time: 16.25,
    goal: 
     { difficulty: 22,
       id: 'get-to-the-end-of-shadow-trial',
       jp: '闇の結界の最後の部屋に到達',
       name: 'Get to the end of Shadow Trial',
       rowtypes: [Object],
       skill: 0.75,
       subtypes: [Object],
       time: 16.25,
       types: [Object] },
    synergy: 1 },
  { difficulty: 19,
    desiredTime: 14.25,
    types: 
     { beans: 10,
       bombbag: 100,
       fortress: 3,
       gerudo: 7,
       quiver: 1,
       selfsynergy: 0 },
    subtypes: 
     { bosskey: 2.5,
       childchu: -2.5,
       hearts4: 0.5,
       map: 2,
       wallet: 0.25 },
    rowtypes: { bottle: 100, hookshot: 0, ms: 100 },
    name: 'Quiver (50)',
    id: 'quiver-50-',
    time: 15,
    goal: 
     { difficulty: 20,
       id: 'quiver-50-',
       jp: '矢立て(50)',
       name: 'Quiver (50)',
       rowtypes: [Object],
       skill: 0.5,
       subtypes: [Object],
       time: 15,
       types: [Object] },
    synergy: 6.75 },
  { difficulty: 21,
    desiredTime: 15.75,
    types: 
     { bothzl: -4.25,
       czl: 4.25,
       hovers: 3,
       poachers: 4.25,
       selfsynergy: 0,
       shadow: 8 },
    subtypes: 
     { aganon: 0.25,
       bosskey: 3.5,
       bosskey2: 6,
       childchu: -2.5,
       chuczl: 2,
       compass: 1,
       hearts3: 2,
       hearts4: 1,
       wallet: 2.5 },
    rowtypes: { bottle: 100, hookshot: 100, ms: 100 },
    name: 'All 5 Skulltulas in Shadow Temple',
    id: 'all-5-skulltulas-in-shadow-temple',
    time: 16.25,
    goal: 
     { difficulty: 22,
       id: 'all-5-skulltulas-in-shadow-temple',
       jp: '闇の神殿の黄金のスタルチュラ5匹',
       name: 'All 5 Skulltulas in Shadow Temple',
       rowtypes: [Object],
       skill: 0.25,
       subtypes: [Object],
       time: 16.25,
       types: [Object] },
    synergy: 6.5 },
  { difficulty: 8,
    desiredTime: 6,
    types: { dc: 2, longshot: 5, selfsynergy: 0, water: 3 },
    subtypes: 
     { bbprize: -6,
       compass: 3.5,
       hearts4: 1,
       hovers: 0.25,
       map: 3.5,
       poachers: 1.25,
       wallet: 0.25 },
    rowtypes: { bottle: 100, hookshot: 100, ms: 10 },
    name: 'Longshot',
    id: 'longshot',
    time: 7,
    goal: 
     { difficulty: 9,
       id: 'longshot',
       jp: 'ロングフック',
       name: 'Longshot',
       rowtypes: [Object],
       skill: 0,
       subtypes: [Object],
       time: 7,
       types: [Object] },
    synergy: 6 },
  { difficulty: 5,
    desiredTime: 3.75,
    types: { poachers: 4.25, selfsynergy: 0 },
    subtypes: { aganon: 0.25, childchu: -2.5, hearts3: 1 },
    rowtypes: { bottle: 100, hookshot: 0.5, ms: 5 },
    name: 'Blue Potion',
    id: 'blue-potion',
    time: 4.5,
    goal: 
     { difficulty: 6,
       id: 'blue-potion',
       jp: '青いクスリ',
       name: 'Blue Potion',
       rowtypes: [Object],
       skill: 0,
       subtypes: [Object],
       time: 4.5,
       types: [Object] },
    synergy: 3.75 },
  { difficulty: 12,
    desiredTime: 9,
    types: 
     { endon: -0.5,
       fortress: 3,
       gtg: 3,
       incgtgkey: 100,
       selfsynergy: 0 },
    subtypes: { bosskey: 3, hearts4: 0.25, hovers: 0.75, map: 3, wallet: 0.5 },
    rowtypes: { bottle: 100, hookshot: 100, ms: 3 },
    name: '7 different unused keys in Gerudo Training Grounds',
    id: '7-different-unused-keys-in-gerudo-training-grounds',
    time: 8.75,
    goal: 
     { difficulty: 12,
       id: '7-different-unused-keys-in-gerudo-training-grounds',
       jp: 'ゲルドの修練場の未使用の鍵7つ(増殖禁止)',
       name: '7 different unused keys in Gerudo Training Grounds',
       rowtypes: [Object],
       skill: 0.5,
       subtypes: [Object],
       time: 8.75,
       types: [Object] },
    synergy: 6 },
  { difficulty: 3,
    desiredTime: 2.25,
    types: { dmc: 2, selfsynergy: 0 },
    subtypes: { bosskey: 1, hearts3: 1.5, hovers: 0.25, songs5: 1.5 },
    rowtypes: { bottle: 0, hookshot: 0, ms: 1 },
    name: 'Both heart pieces in Death Mountain Crater',
    id: 'both-heart-pieces-in-death-mountain-crater',
    time: 2,
    goal: 
     { difficulty: 3,
       id: 'both-heart-pieces-in-death-mountain-crater',
       jp: 'デスマウンテン火口のハートのかけら２つ',
       name: 'Both heart pieces in Death Mountain Crater',
       rowtypes: [Object],
       skill: 0,
       subtypes: [Object],
       time: 2,
       types: [Object] },
    synergy: 6.5 },
  { difficulty: 15,
    desiredTime: 11.25,
    types: { childchu: 0, endon: -0.25, fountain: 2, jabu: 8, selfsynergy: 0 },
    subtypes: 
     { child2: 2,
       childreset: 1.25,
       compass: 2.5,
       hearts3: 4,
       hearts4: 1,
       map: 3,
       wallet: 0.5 },
    rowtypes: { bottle: 0, hookshot: 0, ms: 0 },
    name: 'Defeat Barinade',
    id: 'defeat-barinade',
    time: 11,
    goal: 
     { difficulty: 15,
       id: 'defeat-barinade',
       jp: 'バリネード撃破',
       name: 'Defeat Barinade',
       rowtypes: [Object],
       skill: 0.25,
       subtypes: [Object],
       time: 11,
       types: [Object] },
    synergy: 6 },
  { difficulty: 17,
    desiredTime: 12.75,
    types: 
     { childchu: 0,
       fortress: 2.5,
       gtg: 1,
       hovers: 3,
       selfsynergy: 0,
       spirit: 3.25,
       strength: 100 },
    subtypes: 
     { bombbag: 100,
       bosskey: 3,
       bosskey2: 5,
       bulletbag: 100,
       compass: 1,
       hearts3: 0.25,
       hearts4: 0.5,
       map: 3,
       songs5: 1,
       wallet: 0.75 },
    rowtypes: { bottle: 100, hookshot: 100, ms: 100 },
    name: 'Blue Gauntlets',
    id: 'blue-gauntlets',
    time: 13,
    goal: 
     { difficulty: 17,
       id: 'blue-gauntlets',
       jp: '青のグローブ',
       name: 'Blue Gauntlets',
       rowtypes: [Object],
       skill: 0.5,
       subtypes: [Object],
       time: 13,
       types: [Object] },
    synergy: 3.75 },
  { difficulty: 24,
    desiredTime: 18,
    types: 
     { child2: 5,
       dins: 1,
       endon: 0,
       forest: 3,
       hovers: 3,
       incfboss: 100,
       pg: 2.25,
       selfsynergy: 0 },
    subtypes: 
     { bosskey2: 2,
       compass: 1,
       hearts3: 3,
       hearts4: 1,
       map: 2,
       songs4: 1.5,
       songs5: 2,
       wallet: 2.75 },
    rowtypes: { bottle: 100, hookshot: 100, ms: 100 },
    name: 'All 4 Market area Skulltulas',
    id: 'all-4-market-area-skulltulas',
    time: 17,
    goal: 
     { difficulty: 23,
       id: 'all-4-market-area-skulltulas',
       jp: '城下町エリアの黄金のスタルチュラ4匹',
       name: 'All 4 Market area Skulltulas',
       rowtypes: [Object],
       skill: 0.5,
       subtypes: [Object],
       time: 17,
       types: [Object] },
    synergy: 1 },
  { difficulty: 6,
    desiredTime: 4.5,
    types: { aganon: 3, bganon: -3, cganon: 3, endon: -0.5, selfsynergy: 0 },
    subtypes: 
     { bosskey: 4.25,
       childtrade: 1.5,
       czl: 1.5,
       hearts3: 2,
       hearts4: 1,
       wallet: 0.25 },
    rowtypes: { bottle: 100, hookshot: 0, ms: 0 },
    name: 'Ganon\'s Castle Boss Key',
    id: 'ganon-s-castle-boss-key',
    time: 4.25,
    goal: 
     { difficulty: 6,
       id: 'ganon-s-castle-boss-key',
       jp: 'ガノン城のボス部屋の鍵',
       name: 'Ganon\'s Castle Boss Key',
       rowtypes: [Object],
       skill: 0,
       subtypes: [Object],
       time: 4.25,
       types: [Object] },
    synergy: 6 },
  { difficulty: 22,
    desiredTime: 16.5,
    types: 
     { aganon: 3,
       bganon: -3,
       cganon: 3,
       endon: -0.5,
       fortress: 2.5,
       gtg: 1,
       hovers: 3,
       selfsynergy: 0,
       spirit: 4 },
    subtypes: 
     { bosskey: 7.25,
       bosskey2: 5,
       childtrade: 1.5,
       compass: 1,
       czl: 1.5,
       hearts3: 2,
       hearts4: 1.5,
       map: 3,
       songs5: 1,
       wallet: 1 },
    rowtypes: { bottle: 100, hookshot: 100, ms: 8 },
    name: 'Defeat 4 Different Iron Knuckles',
    id: 'defeat-4-different-iron-knuckles',
    time: 17,
    goal: 
     { difficulty: 23,
       id: 'defeat-4-different-iron-knuckles',
       jp: 'アイアンナックを4体撃破',
       name: 'Defeat 4 Different Iron Knuckles',
       rowtypes: [Object],
       skill: 0.5,
       subtypes: [Object],
       time: 17,
       types: [Object] },
    synergy: 4 },
  { difficulty: 9,
    desiredTime: 6.75,
    types: { dc: 2, longshot: 4, selfsynergy: 0, water: 3 },
    subtypes: 
     { bbprize: -6,
       compass: 3.5,
       hearts4: 1,
       hovers: 0.5,
       map: 3.5,
       poachers: 1.25,
       wallet: 0.25 },
    rowtypes: { bottle: 100, hookshot: 100, ms: 10 },
    name: 'Defeat Dark Link',
    id: 'defeat-dark-link',
    time: 7,
    goal: 
     { difficulty: 9,
       id: 'defeat-dark-link',
       jp: 'ダークリンク撃破',
       name: 'Defeat Dark Link',
       rowtypes: [Object],
       skill: 0.25,
       subtypes: [Object],
       time: 7,
       types: [Object] },
    synergy: 2.5 },
  { difficulty: 1,
    desiredTime: 0.75,
    types: { incsword: 100, selfsynergy: 0, swords: 3 },
    subtypes: { bulletbag: -3 },
    rowtypes: { bottle: 100, hookshot: 0, ms: 100 },
    name: 'Giant\'s Knife',
    id: 'giant-s-knife',
    time: 1,
    goal: 
     { difficulty: 1,
       id: 'giant-s-knife',
       jp: '巨人のナイフ',
       name: 'Giant\'s Knife',
       rowtypes: [Object],
       skill: 0,
       subtypes: [Object],
       time: 1,
       types: [Object] },
    synergy: 5.75 },
  { difficulty: 13,
    desiredTime: 9.75,
    types: { dmc: 1, fire: 5, gtunic: 1, selfsynergy: 0 },
    subtypes: 
     { bosskey: 2,
       compass: 4,
       hearts3: 0.5,
       hovers: 0.25,
       map: 3,
       songs5: 1.25,
       wallet: 0.25 },
    rowtypes: { bottle: 0.5, hookshot: 0.25, ms: 4 },
    name: 'Map & Compass in Fire Temple',
    id: 'map-compass-in-fire-temple',
    time: 9,
    goal: 
     { difficulty: 12,
       id: 'map-compass-in-fire-temple',
       jp: '炎の神殿のマップとコンパス',
       name: 'Map & Compass in Fire Temple',
       rowtypes: [Object],
       skill: 0,
       subtypes: [Object],
       time: 9,
       types: [Object] },
    synergy: 6.5 },
  { difficulty: 20,
    desiredTime: 15,
    types: { forest: 3, hovers: 2, incforest: 100, meg: 8.75, selfsynergy: 0 },
    subtypes: 
     { bosskey2: 3,
       compass: 4,
       hearts3: 0.25,
       hearts4: 1,
       map: 2.5,
       quiver: 4.5,
       songs5: 1.75,
       wallet: 1 },
    rowtypes: { bottle: 0.5, hookshot: 100, ms: 100 },
    name: 'Defeat Meg (purple Poe)',
    id: 'defeat-meg-purple-poe-',
    time: 14.25,
    goal: 
     { difficulty: 19,
       id: 'defeat-meg-purple-poe-',
       jp: 'メグ撃破(紫のポウ)',
       name: 'Defeat Meg (purple Poe)',
       rowtypes: [Object],
       skill: 0.25,
       subtypes: [Object],
       time: 14.25,
       types: [Object] },
    synergy: 3.5 },
  { difficulty: 11,
    desiredTime: 8.25,
    types: { childchu: 0, fountain: 2, gtg: 1, jabu: 3, selfsynergy: 0 },
    subtypes: 
     { childreset: 0.5,
       compass: 2,
       hearts3: 2,
       hearts4: 1,
       wallet: 2.25 },
    rowtypes: { bottle: 0, hookshot: 0, ms: 0 },
    name: 'All 4 Skulltulas in Jabu-Jabu',
    id: 'all-4-skulltulas-in-jabu-jabu',
    time: 7.5,
    goal: 
     { difficulty: 10,
       id: 'all-4-skulltulas-in-jabu-jabu',
       jp: 'ジャブジャブ様のお腹の黄金のスタルチュラ4匹',
       name: 'All 4 Skulltulas in Jabu-Jabu',
       rowtypes: [Object],
       skill: 0.5,
       subtypes: [Object],
       time: 7.5,
       types: [Object] },
    synergy: 5.5 },
  { difficulty: 18,
    desiredTime: 13.5,
    types: 
     { endon: -1,
       fortress: 2,
       inclacs: 100,
       legitlacs: 100,
       lightarrow: 6.5,
       poachers: 4.25,
       selfsynergy: 0 },
    subtypes: 
     { aganon: 1,
       bosskey: 3,
       bosskey2: 6,
       childchu: -2.5,
       hearts3: 1.5,
       hearts4: 0.75,
       hovers: 0.25,
       map: 3,
       quiver: 4.5,
       wallet: 0.25 },
    rowtypes: { bottle: 100, hookshot: 0.5, ms: 100 },
    name: 'Light Arrows',
    id: 'light-arrows',
    time: 13.5,
    goal: 
     { difficulty: 18,
       id: 'light-arrows',
       jp: '光の矢',
       name: 'Light Arrows',
       rowtypes: [Object],
       skill: 0,
       subtypes: [Object],
       time: 13.5,
       types: [Object] },
    synergy: 6 },
  { difficulty: 25,
    desiredTime: 18.75,
    types: { compass: 22, hovers: 3, selfsynergy: -3 },
    subtypes: 
     { bosskey2: 2,
       hearts3: 1.5,
       hearts4: 2,
       map: 22,
       poachers: 1.25,
       wallet: 1 },
    rowtypes: { bottle: 0.5, hookshot: 100, ms: 5 },
    name: '7 Compasses',
    id: '7-compasses',
    time: 18.25,
    goal: 
     { difficulty: 24,
       id: '7-compasses',
       jp: 'コンパス7つ',
       name: '7 Compasses',
       rowtypes: [Object],
       skill: 1,
       subtypes: [Object],
       time: 18.25,
       types: [Object] },
    synergy: 0.5 },
  { difficulty: 7,
    desiredTime: 5.25,
    types: { childreset: 1.25, forest: 1, saria: 0.25, selfsynergy: 0 },
    subtypes: { songs5: 1, wallet: 2 },
    rowtypes: { bottle: 100, hookshot: 2, ms: 100 },
    name: 'All 4 Lost Woods area Skulltulas',
    id: 'all-4-lost-woods-area-skulltulas',
    time: 5.25,
    goal: 
     { difficulty: 7,
       id: 'all-4-lost-woods-area-skulltulas',
       jp: '迷いの森エリアの黄金のスタルチュラ4匹',
       name: 'All 4 Lost Woods area Skulltulas',
       rowtypes: [Object],
       skill: 0,
       subtypes: [Object],
       time: 5.25,
       types: [Object] },
    synergy: 4.25 },
  { difficulty: 4,
    desiredTime: 3,
    types: { childchu: 0, selfsynergy: 0 },
    subtypes: { wallet: 1.5 },
    rowtypes: { bottle: 0, hookshot: 0, ms: 0 },
    name: 'All 3 Skulltulas in Bottom of the Well',
    id: 'all-3-skulltulas-in-bottom-of-the-well',
    time: 3.5,
    goal: 
     { difficulty: 5,
       id: 'all-3-skulltulas-in-bottom-of-the-well',
       jp: '井戸の底の黄金のスタルチュラ3匹',
       name: 'All 3 Skulltulas in Bottom of the Well',
       rowtypes: [Object],
       skill: 0.25,
       subtypes: [Object],
       time: 3.5,
       types: [Object] },
    synergy: 6 },
  meta: { iterations: 1 } ]
