[ ,
  { difficulty: 25,
    desiredTime: 18.75,
    types: 
     { endon: -1,
       fortress: 2.5,
       gtg: 1,
       hovers: 3,
       legitlacs: 100,
       selfsynergy: 0,
       spirit: 8 },
    subtypes: 
     { bosskey: 6,
       bosskey2: 6,
       compass: 1,
       hearts3: 3,
       hearts4: 1.5,
       map: 3,
       songs5: 1,
       wallet: 0.5 },
    rowtypes: { bottle: 0.5, hookshot: 100, ms: 100 },
    name: 'Defeat Twinrova',
    id: 'defeat-twinrova',
    time: 19,
    goal: 
     { difficulty: 25,
       id: 'defeat-twinrova',
       jp: 'ツインローバ撃破',
       name: 'Defeat Twinrova',
       rowtypes: [Object],
       skill: 1,
       subtypes: [Object],
       time: 19,
       types: [Object] },
    synergy: 0 },
  { difficulty: 12,
    desiredTime: 9,
    types: { hovers: 3, selfsynergy: 0, shadow: 6 },
    subtypes: { bosskey2: 2, compass: 1, wallet: 2 },
    rowtypes: { bottle: 0, hookshot: 100, ms: 100 },
    name: '4 Skulltulas in Shadow Temple',
    id: '4-skulltulas-in-shadow-temple',
    time: 9.75,
    goal: 
     { difficulty: 13,
       id: '4-skulltulas-in-shadow-temple',
       jp: '闇の神殿の黄金のスタルチュラ4匹以上',
       name: '4 Skulltulas in Shadow Temple',
       rowtypes: [Object],
       skill: 0.25,
       subtypes: [Object],
       time: 9.75,
       types: [Object] },
    synergy: 5 },
  { difficulty: 4,
    desiredTime: 3,
    types: { dc: 3, endon: -0.5, incdodongo: 100, kd: 2, selfsynergy: 0 },
    subtypes: { compass: 2, hearts3: 3, hearts4: 1, map: 2, wallet: 0.5 },
    rowtypes: { bottle: 0.5, hookshot: 0, ms: 1 },
    name: 'Defeat King Dodongo',
    id: 'defeat-king-dodongo',
    time: 4,
    goal: 
     { difficulty: 5,
       id: 'defeat-king-dodongo',
       jp: 'キングドドンゴ撃破',
       name: 'Defeat King Dodongo',
       rowtypes: [Object],
       skill: 0,
       subtypes: [Object],
       time: 4,
       types: [Object] },
    synergy: 6.75 },
  { difficulty: 6,
    desiredTime: 4.5,
    types: { fountain: 0.5, inclhskull: 100, selfsynergy: 0 },
    subtypes: { bottleslot: 2, child2: 2, wallet: 1.5 },
    rowtypes: { bottle: 1.5, hookshot: 0, ms: 0 },
    name: '3 Lake Hylia Skulltulas',
    id: '3-lake-hylia-skulltulas',
    time: 5.5,
    goal: 
     { difficulty: 7,
       id: '3-lake-hylia-skulltulas',
       jp: 'ハイリア湖畔エリアの黄金のスタルチュラ3匹以上',
       name: '3 Lake Hylia Skulltulas',
       rowtypes: [Object],
       skill: 0.25,
       subtypes: [Object],
       time: 5.5,
       types: [Object] },
    synergy: 5.75 },
  { difficulty: 18,
    desiredTime: 13.5,
    types: 
     { childtrade: 1,
       hearts3: 13,
       hearts4: 2,
       inchearts: 100,
       saria: 1,
       selfsynergy: -3 },
    subtypes: undefined,
    rowtypes: { bottle: 0, hookshot: 1, ms: 6 },
    name: '8 Hearts',
    id: '8-hearts',
    time: 12.75,
    goal: 
     { difficulty: 17,
       id: '8-hearts',
       jp: 'ハート8つ',
       name: '8 Hearts',
       rowtypes: [Object],
       skill: 0.75,
       time: 12.75,
       types: [Object] },
    synergy: 3.5 },
  { difficulty: 9,
    desiredTime: 6.75,
    types: { beans: 6, childreset: 0.5, incbeans: 100, selfsynergy: 0 },
    subtypes: { child2: 3, gerudo: 0.5, wallet: 0.25 },
    rowtypes: { bottle: 0, hookshot: 0, ms: 0 },
    name: '7 Magic Beans',
    id: '7-magic-beans',
    time: 6.25,
    goal: 
     { difficulty: 8,
       id: '7-magic-beans',
       jp: '魔法のマメ7つ以上',
       name: '7 Magic Beans',
       rowtypes: [Object],
       skill: 0.25,
       subtypes: [Object],
       time: 6.25,
       types: [Object] },
    synergy: 6 },
  { difficulty: 16,
    desiredTime: 12,
    types: { incsongs: 100, poachers: 4.25, selfsynergy: 0, songs5: 8.75 },
    subtypes: 
     { aganon: 0.25,
       bosskey: 1.5,
       childchu: -2.5,
       hearts3: 1.5,
       wallet: 0.75 },
    rowtypes: { bottle: 100, hookshot: 0.5, ms: 100 },
    name: '9 Songs',
    id: '9-songs',
    time: 11.5,
    goal: 
     { difficulty: 15,
       id: '9-songs',
       jp: '歌9つ以上',
       name: '9 Songs',
       rowtypes: [Object],
       skill: 0,
       subtypes: [Object],
       time: 11.5,
       types: [Object] },
    synergy: 5.5 },
  { difficulty: 23,
    desiredTime: 17.25,
    types: 
     { endon: -0.5,
       fortress: 2.5,
       fountain: 2,
       gtg: 1,
       hovers: 3,
       ice: 1.5,
       incboot: 100,
       incshield: 100,
       irons: 2,
       selfsynergy: 0,
       spirit: 3.5 },
    subtypes: 
     { bosskey: 3,
       bosskey2: 5,
       compass: 4,
       hearts3: 1.5,
       hearts4: 0.75,
       map: 6,
       songs4: 1.5,
       songs5: 1,
       wallet: 1.5 },
    rowtypes: { bottle: 0.5, hookshot: 100, ms: 7.5 },
    name: '3 Shields & 3 Boots',
    id: '3-shields-3-boots',
    time: 17.25,
    goal: 
     { difficulty: 23,
       id: '3-shields-3-boots',
       jp: '盾3種、靴3種',
       name: '3 Shields & 3 Boots',
       rowtypes: [Object],
       skill: 0.75,
       subtypes: [Object],
       time: 17.25,
       types: [Object] },
    synergy: 0 },
  { difficulty: 15,
    desiredTime: 11.25,
    types: { compass: 10, hovers: 3, selfsynergy: -3 },
    subtypes: { bosskey2: 2, hearts3: 1.5, hearts4: 1, map: 10, wallet: 1 },
    rowtypes: { bottle: 0, hookshot: 0.5, ms: 2 },
    name: '5 Compasses',
    id: '5-compasses',
    time: 11.25,
    goal: 
     { difficulty: 15,
       id: '5-compasses',
       jp: 'コンパス5つ',
       name: '5 Compasses',
       rowtypes: [Object],
       skill: 0.25,
       subtypes: [Object],
       time: 11.25,
       types: [Object] },
    synergy: 7 },
  { difficulty: 2,
    desiredTime: 1.5,
    types: { bulletbag: 100, selfsynergy: 0 },
    subtypes: { hearts4: 1 },
    rowtypes: { bottle: 0, hookshot: 0, ms: 0 },
    name: 'Bullet Bag (50)',
    id: 'bullet-bag-50-',
    time: 0.5,
    goal: 
     { difficulty: 1,
       id: 'bullet-bag-50-',
       jp: 'デクのタネ袋(50)',
       name: 'Bullet Bag (50)',
       rowtypes: [Object],
       skill: 0,
       subtypes: [Object],
       time: 0.5,
       types: [Object] },
    synergy: 7 },
  { difficulty: 13,
    desiredTime: 9.75,
    types: { dc: 2, deku: 3, fountain: 2, selfsynergy: 0 },
    subtypes: { compass: 4, hearts4: 1.5, jabu: 3, map: 4, wallet: 2 },
    rowtypes: { bottle: 0, hookshot: 0.5, ms: 0 },
    name: '1 Skulltula from each Child Dungeon',
    id: '1-skulltula-from-each-child-dungeon',
    time: 10.25,
    goal: 
     { difficulty: 14,
       id: '1-skulltula-from-each-child-dungeon',
       jp: '全ての子供ダンジョンからスタルチュラ最低1匹ずつ',
       name: '1 Skulltula from each Child Dungeon',
       rowtypes: [Object],
       skill: 0.5,
       subtypes: [Object],
       time: 10.25,
       types: [Object] },
    synergy: 0 },
  { difficulty: 5,
    desiredTime: 3.75,
    types: { childreset: 1.25, forest: 0.25, selfsynergy: 0 },
    subtypes: { child2: 1, wallet: 1.5 },
    rowtypes: { bottle: 100, hookshot: 0.5, ms: 100 },
    name: 'All 3 Kokiri Forest area Skulltulas',
    id: 'all-3-kokiri-forest-area-skulltulas',
    time: 4.5,
    goal: 
     { difficulty: 6,
       id: 'all-3-kokiri-forest-area-skulltulas',
       jp: 'コキリの森エリアの黄金のスタルチュラ３匹',
       name: 'All 3 Kokiri Forest area Skulltulas',
       rowtypes: [Object],
       skill: 0,
       subtypes: [Object],
       time: 4.5,
       types: [Object] },
    synergy: 4.25 },
  { difficulty: 7,
    desiredTime: 5.25,
    types: { childreset: 1.25, forest: 1, saria: 0.25, selfsynergy: 0 },
    subtypes: { songs5: 1, wallet: 2 },
    rowtypes: { bottle: 100, hookshot: 2, ms: 100 },
    name: 'All 4 Lost Woods area Skulltulas',
    id: 'all-4-lost-woods-area-skulltulas',
    time: 5.25,
    goal: 
     { difficulty: 7,
       id: 'all-4-lost-woods-area-skulltulas',
       jp: '迷いの森エリアの黄金のスタルチュラ4匹',
       name: 'All 4 Lost Woods area Skulltulas',
       rowtypes: [Object],
       skill: 0,
       subtypes: [Object],
       time: 5.25,
       types: [Object] },
    synergy: 1 },
  { difficulty: 19,
    desiredTime: 14.25,
    types: { dmc: 1, fire: 8, gtunic: 1, selfsynergy: 0 },
    subtypes: 
     { bosskey: 2.25,
       compass: 4,
       hearts3: 0.5,
       hearts4: 1,
       hovers: 0.25,
       map: 2,
       songs5: 1.25,
       wallet: 0.5 },
    rowtypes: { bottle: 0.5, hookshot: 0.5, ms: 100 },
    name: 'Free all 9 gorons in Fire Temple',
    id: 'free-all-9-gorons-in-fire-temple',
    time: 14.75,
    goal: 
     { difficulty: 20,
       id: 'free-all-9-gorons-in-fire-temple',
       jp: '炎の神殿で９人のゴロンを全員救う',
       name: 'Free all 9 gorons in Fire Temple',
       rowtypes: [Object],
       skill: 0.25,
       subtypes: [Object],
       time: 14.75,
       types: [Object] },
    synergy: 2.5 },
  { difficulty: 21,
    desiredTime: 15.75,
    types: 
     { dc: 2,
       dmc: 1,
       fire: 1,
       forest: 2.75,
       fortress: 2.5,
       gtg: 1,
       hovers: 3,
       selfsynergy: -3,
       shadow: 2,
       spirit: 3,
       water: 2 },
    subtypes: 
     { bosskey: 4,
       bosskey2: 3,
       compass: 6,
       hearts3: 0.5,
       hearts4: 2.25,
       map: 6,
       songs5: 5,
       wallet: 4.5 },
    rowtypes: { bottle: 0.5, hookshot: 100, ms: 100 },
    name: '1 unused small key in each Adult Dungeon',
    id: '1-unused-small-key-in-each-adult-dungeon',
    time: 16.25,
    goal: 
     { difficulty: 22,
       id: '1-unused-small-key-in-each-adult-dungeon',
       jp: '全ての大人のダンジョンから未使用の鍵最低１つずつ',
       name: '1 unused small key in each Adult Dungeon',
       rowtypes: [Object],
       skill: 0.75,
       subtypes: [Object],
       time: 16.25,
       types: [Object] },
    synergy: 5.75 },
  { difficulty: 17,
    desiredTime: 12.75,
    types: { childchu: 0, fountain: 2, jabu: 8, selfsynergy: 0 },
    subtypes: 
     { child2: 3.5,
       childreset: 1.25,
       compass: 2.5,
       hearts3: 4,
       hearts4: 1,
       map: 3,
       wallet: 0.5 },
    rowtypes: { bottle: 0, hookshot: 0, ms: 0 },
    name: 'Beat Jabu-Jabu\'s Belly',
    id: 'beat-jabu-jabu-s-belly',
    time: 12.5,
    goal: 
     { difficulty: 17,
       id: 'beat-jabu-jabu-s-belly',
       jp: 'ジャブジャブ様のお腹クリア',
       name: 'Beat Jabu-Jabu\'s Belly',
       rowtypes: [Object],
       skill: 0.25,
       subtypes: [Object],
       time: 12.5,
       types: [Object] },
    synergy: 6 },
  { difficulty: 24,
    desiredTime: 18,
    types: 
     { aganon: 3,
       bganon: -3,
       cganon: 3,
       endon: -0.5,
       fortress: 2.5,
       gtg: 1,
       hovers: 3,
       selfsynergy: 0,
       spirit: 4 },
    subtypes: 
     { bosskey: 7.25,
       bosskey2: 5,
       childtrade: 1.5,
       compass: 1,
       czl: 1.5,
       hearts3: 2,
       hearts4: 1.5,
       map: 3,
       songs5: 1,
       wallet: 1 },
    rowtypes: { bottle: 100, hookshot: 100, ms: 8 },
    name: 'Defeat 4 Different Iron Knuckles',
    id: 'defeat-4-different-iron-knuckles',
    time: 17,
    goal: 
     { difficulty: 23,
       id: 'defeat-4-different-iron-knuckles',
       jp: 'アイアンナックを4体撃破',
       name: 'Defeat 4 Different Iron Knuckles',
       rowtypes: [Object],
       skill: 0.5,
       subtypes: [Object],
       time: 17,
       types: [Object] },
    synergy: 1 },
  { difficulty: 11,
    desiredTime: 8.25,
    types: 
     { firearrow: 8,
       fortress: 3,
       gtg: 1,
       quiver: 4.5,
       selfsynergy: 0,
       water: 1.5 },
    subtypes: { bosskey: 2, childchu: -2.5, map: 3, poachers: 1.5, wallet: 0.25 },
    rowtypes: { bottle: 100, hookshot: 0.5, ms: 100 },
    name: 'Fire Arrows',
    id: 'fire-arrows',
    time: 8.5,
    goal: 
     { difficulty: 11,
       id: 'fire-arrows',
       jp: '炎の矢',
       name: 'Fire Arrows',
       rowtypes: [Object],
       skill: 0.5,
       subtypes: [Object],
       time: 8.5,
       types: [Object] },
    synergy: 3.25 },
  { difficulty: 3,
    desiredTime: 2.25,
    types: { fountain: 1.5, gtunic: 1.75, inctunic: 100, selfsynergy: 0 },
    subtypes: 
     { bosskey: 0.25,
       compass: 1.5,
       dmc: 0.25,
       hearts3: 0.5,
       map: 1.5,
       wallet: 0.5 },
    rowtypes: { bottle: 0, hookshot: 0, ms: 100 },
    name: '3 Tunics',
    id: '3-tunics',
    time: 3.25,
    goal: 
     { difficulty: 4,
       id: '3-tunics',
       jp: '服3種',
       name: '3 Tunics',
       rowtypes: [Object],
       skill: 0,
       subtypes: [Object],
       time: 3.25,
       types: [Object] },
    synergy: 6.5 },
  { difficulty: 10,
    desiredTime: 7.5,
    types: { selfsynergy: -2, wallet: 8 },
    subtypes: undefined,
    rowtypes: { bottle: 1, hookshot: 2, ms: 6 },
    name: '15 Different Skulltulas',
    id: '15-different-skulltulas',
    time: 6.5,
    goal: 
     { difficulty: 9,
       id: '15-different-skulltulas',
       jp: 'スタルチュラのしるし15個(増殖禁止)',
       name: '15 Different Skulltulas',
       rowtypes: [Object],
       skill: 0.5,
       time: 6.5,
       types: [Object] },
    synergy: 4 },
  { difficulty: 1,
    desiredTime: 0.75,
    types: { forest: 1.75, incforest: 100, selfsynergy: 0 },
    subtypes: { bosskey2: 1.75, lightarrow: -1.5, songs5: 1.75, wallet: 0.5 },
    rowtypes: { bottle: 0, hookshot: 0, ms: 100 },
    name: 'Minuet of Forest',
    id: 'minuet-of-forest',
    time: 1.75,
    goal: 
     { difficulty: 2,
       id: 'minuet-of-forest',
       jp: '森のメヌエット',
       name: 'Minuet of Forest',
       rowtypes: [Object],
       skill: 0,
       subtypes: [Object],
       time: 1.75,
       types: [Object] },
    synergy: 3.5 },
  { difficulty: 8,
    desiredTime: 6,
    types: { compass: 7, hovers: 3, selfsynergy: -3 },
    subtypes: { bosskey2: 2, hearts4: 1, map: 7 },
    rowtypes: { bottle: 0, hookshot: 0.5, ms: 0.75 },
    name: '4 Compasses',
    id: '4-compasses',
    time: 7,
    goal: 
     { difficulty: 9,
       id: '4-compasses',
       jp: 'コンパス4つ',
       name: '4 Compasses',
       rowtypes: [Object],
       skill: 0,
       subtypes: [Object],
       time: 7,
       types: [Object] },
    synergy: 5.25 },
  { difficulty: 20,
    desiredTime: 15,
    types: 
     { aganon: 3,
       dmc: 1,
       endon: -0.5,
       fire: 7,
       gtunic: 1,
       lightarrow: 10,
       selfsynergy: 0 },
    subtypes: 
     { bosskey: 4.5,
       compass: 4,
       hearts3: 2.5,
       hearts4: 1,
       hovers: 0.25,
       map: 2,
       pg: 2,
       poachers: 3,
       songs5: 1.25,
       wallet: 0.5 },
    rowtypes: { bottle: 100, hookshot: 0.5, ms: 100 },
    name: 'Get to the end of Water Trial',
    id: 'get-to-the-end-of-water-trial',
    time: 15,
    goal: 
     { difficulty: 20,
       id: 'get-to-the-end-of-water-trial',
       jp: '水の結界の最後の部屋に到達',
       name: 'Get to the end of Water Trial',
       rowtypes: [Object],
       skill: 0.5,
       subtypes: [Object],
       time: 15,
       types: [Object] },
    synergy: 7 },
  { difficulty: 22,
    desiredTime: 16.5,
    types: 
     { childchu: 0,
       childreset: 1.25,
       childtrade: 2.75,
       chuczl: 2,
       czl: 5,
       saria: 3,
       selfsynergy: -1 },
    subtypes: 
     { cganon: 2,
       child2: 2.5,
       hearts3: 4.5,
       hearts4: 1.5,
       songs4: 3,
       wallet: 0.25 },
    rowtypes: { bottle: 0, hookshot: 0, ms: 0 },
    name: 'Both heart pieces in Lost Woods',
    id: 'both-heart-pieces-in-lost-woods',
    time: 17,
    goal: 
     { difficulty: 23,
       id: 'both-heart-pieces-in-lost-woods',
       jp: '迷いの森のハートのかけら２つ',
       name: 'Both heart pieces in Lost Woods',
       rowtypes: [Object],
       skill: 0,
       subtypes: [Object],
       time: 17,
       types: [Object] },
    synergy: 1 },
  { difficulty: 14,
    desiredTime: 10.5,
    types: 
     { bothzl: -4.25,
       czl: 4.25,
       dmc: 1,
       fountain: 2,
       magic: 2,
       poachers: 4.25,
       selfsynergy: 0 },
    subtypes: 
     { aganon: 0.25,
       childchu: -2.5,
       chuczl: 2,
       compass: 2,
       gtunic: 0.25,
       hearts3: 2.5,
       map: 2,
       wallet: 0.5 },
    rowtypes: { bottle: 0, hookshot: 0.5, ms: 3 },
    name: 'Farore\'s Wind',
    id: 'farore-s-wind',
    time: 11.5,
    goal: 
     { difficulty: 15,
       id: 'farore-s-wind',
       jp: 'フロルの風',
       name: 'Farore\'s Wind',
       rowtypes: [Object],
       skill: 0,
       subtypes: [Object],
       time: 11.5,
       types: [Object] },
    synergy: 0 },
  meta: { iterations: 6 } ]
