[ ,
  { difficulty: 20,
    desiredTime: 15,
    types: { dmc: 1, fire: 8, gtunic: 1, selfsynergy: 0 },
    subtypes: 
     { bosskey: 2.25,
       compass: 4,
       hearts3: 0.5,
       hearts4: 1,
       hovers: 0.25,
       map: 2,
       songs5: 1.25,
       wallet: 0.5 },
    rowtypes: { bottle: 0.5, hookshot: 0.5, ms: 100 },
    name: 'Free all 9 gorons in Fire Temple',
    id: 'free-all-9-gorons-in-fire-temple',
    time: 14.75,
    goal: 
     { difficulty: 20,
       id: 'free-all-9-gorons-in-fire-temple',
       jp: '炎の神殿で９人のゴロンを全員救う',
       name: 'Free all 9 gorons in Fire Temple',
       rowtypes: [Object],
       skill: 0.25,
       subtypes: [Object],
       time: 14.75,
       types: [Object] },
    synergy: 5 },
  { difficulty: 22,
    desiredTime: 16.5,
    types: 
     { endon: -0.5,
       fortress: 2.5,
       fountain: 2,
       gtg: 1,
       hovers: 3,
       ice: 1.5,
       incboot: 100,
       incshield: 100,
       irons: 2,
       selfsynergy: 0,
       spirit: 3.5 },
    subtypes: 
     { bosskey: 3,
       bosskey2: 5,
       compass: 4,
       hearts3: 1.5,
       hearts4: 0.75,
       map: 6,
       songs4: 1.5,
       songs5: 1,
       wallet: 1.5 },
    rowtypes: { bottle: 0.5, hookshot: 100, ms: 7.5 },
    name: '3 Shields & 3 Boots',
    id: '3-shields-3-boots',
    time: 17.25,
    goal: 
     { difficulty: 23,
       id: '3-shields-3-boots',
       jp: '盾3種、靴3種',
       name: '3 Shields & 3 Boots',
       rowtypes: [Object],
       skill: 0.75,
       subtypes: [Object],
       time: 17.25,
       types: [Object] },
    synergy: 1.25 },
  { difficulty: 9,
    desiredTime: 6.75,
    types: { aganon: 3, endon: -0.5, gtunic: 1, hovers: 3, selfsynergy: 0 },
    subtypes: { bosskey: 3.5, hearts4: 1.5, wallet: 0.25 },
    rowtypes: { bottle: 0, hookshot: 0.5, ms: 3 },
    name: 'Get to the end of Fire Trial',
    id: 'get-to-the-end-of-fire-trial',
    time: 7.75,
    goal: 
     { difficulty: 10,
       id: 'get-to-the-end-of-fire-trial',
       jp: '炎の結界の最後の部屋に到達',
       name: 'Get to the end of Fire Trial',
       rowtypes: [Object],
       skill: 0.25,
       subtypes: [Object],
       time: 7.75,
       types: [Object] },
    synergy: 3.75 },
  { difficulty: 11,
    desiredTime: 8.25,
    types: 
     { firearrow: 8,
       fortress: 3,
       gtg: 1,
       quiver: 4.5,
       selfsynergy: 0,
       water: 1.5 },
    subtypes: { bosskey: 2, childchu: -2.5, map: 3, poachers: 1.5, wallet: 0.25 },
    rowtypes: { bottle: 100, hookshot: 0.5, ms: 100 },
    name: 'Fire Arrows',
    id: 'fire-arrows',
    time: 8.5,
    goal: 
     { difficulty: 11,
       id: 'fire-arrows',
       jp: '炎の矢',
       name: 'Fire Arrows',
       rowtypes: [Object],
       skill: 0.5,
       subtypes: [Object],
       time: 8.5,
       types: [Object] },
    synergy: 7 },
  { difficulty: 3,
    desiredTime: 2.25,
    types: { gtunic: 1.75, inctunic: 100, selfsynergy: 0 },
    subtypes: { bosskey: 0.5, songs5: 0.25 },
    rowtypes: { bottle: 0, hookshot: 0, ms: 100 },
    name: 'Goron Tunic',
    id: 'goron-tunic',
    time: 1.75,
    goal: 
     { difficulty: 2,
       id: 'goron-tunic',
       jp: 'ゴロンの服',
       name: 'Goron Tunic',
       rowtypes: [Object],
       skill: 0,
       subtypes: [Object],
       time: 1.75,
       types: [Object] },
    synergy: 0.75 },
  { difficulty: 14,
    desiredTime: 10.5,
    types: { childchu: 0, endon: -0.25, fountain: 2, jabu: 8, selfsynergy: 0 },
    subtypes: 
     { child2: 2,
       childreset: 1.25,
       compass: 2.5,
       hearts3: 4,
       hearts4: 1,
       map: 3,
       wallet: 0.5 },
    rowtypes: { bottle: 0, hookshot: 0, ms: 0 },
    name: 'Defeat Barinade',
    id: 'defeat-barinade',
    time: 11,
    goal: 
     { difficulty: 15,
       id: 'defeat-barinade',
       jp: 'バリネード撃破',
       name: 'Defeat Barinade',
       rowtypes: [Object],
       skill: 0.25,
       subtypes: [Object],
       time: 11,
       types: [Object] },
    synergy: 5.5 },
  { difficulty: 1,
    desiredTime: 0.75,
    types: { selfsynergy: 0, sticks: 100 },
    subtypes: { bulletbag: 100, childchu: -0.5 },
    rowtypes: { bottle: 100, hookshot: 0, ms: 2 },
    name: 'Exactly 30 Deku Sticks',
    id: 'exactly-30-deku-sticks',
    time: 1.5,
    goal: 
     { difficulty: 2,
       id: 'exactly-30-deku-sticks',
       jp: 'デクの棒30本',
       name: 'Exactly 30 Deku Sticks',
       rowtypes: [Object],
       skill: 0,
       subtypes: [Object],
       time: 1.5,
       types: [Object] },
    synergy: 0 },
  { difficulty: 18,
    desiredTime: 13.5,
    types: 
     { endon: -0.5,
       fortress: 2.5,
       gtg: 1,
       hovers: 3,
       selfsynergy: 0,
       spirit: 8 },
    subtypes: 
     { bosskey: 6,
       bosskey2: 6,
       compass: 1,
       hearts4: 0.25,
       map: 3,
       songs5: 1,
       wallet: 0.5 },
    rowtypes: { bottle: 0.5, hookshot: 100, ms: 100 },
    name: 'Defeat Nabooru-Knuckle',
    id: 'defeat-nabooru-knuckle',
    time: 13,
    goal: 
     { difficulty: 17,
       id: 'defeat-nabooru-knuckle',
       jp: 'アイアンナック(ナボール)撃破',
       name: 'Defeat Nabooru-Knuckle',
       rowtypes: [Object],
       skill: 1,
       subtypes: [Object],
       time: 13,
       types: [Object] },
    synergy: 6.25 },
  { difficulty: 25,
    desiredTime: 18.75,
    types: 
     { childchu: 0,
       childreset: 1.25,
       childtrade: 2.75,
       chuczl: 2,
       czl: 5,
       saria: 5,
       selfsynergy: -1,
       strength: 100 },
    subtypes: 
     { bombbag: 100,
       bulletbag: 100,
       cganon: 2,
       hearts3: 3,
       hearts4: 1,
       songs4: 3,
       wallet: 0.5 },
    rowtypes: { bottle: 100, hookshot: 0, ms: 100 },
    name: 'Green Gauntlets',
    id: 'green-gauntlets',
    time: 17.75,
    goal: 
     { difficulty: 24,
       id: 'green-gauntlets',
       jp: '緑のグローブ',
       name: 'Green Gauntlets',
       rowtypes: [Object],
       skill: 0,
       subtypes: [Object],
       time: 17.75,
       types: [Object] },
    synergy: 1 },
  { difficulty: 7,
    desiredTime: 5.25,
    types: { selfsynergy: 0 },
    subtypes: { bottleslot: 4.5, jabu: 1.5, wallet: 0.5 },
    rowtypes: { bottle: 0, hookshot: 0, ms: 0 },
    name: 'Ruto\'s Letter',
    id: 'ruto-s-letter',
    time: 4.5,
    goal: 
     { difficulty: 6,
       id: 'ruto-s-letter',
       jp: 'ルトの手紙',
       name: 'Ruto\'s Letter',
       rowtypes: [Object],
       skill: 0,
       subtypes: [Object],
       time: 4.5,
       types: [Object] },
    synergy: 1.75 },
  { difficulty: 23,
    desiredTime: 17.25,
    types: 
     { dc: 2,
       dmc: 1,
       fire: 1,
       forest: 2.75,
       fortress: 2.5,
       gtg: 1,
       hovers: 3,
       selfsynergy: -3,
       shadow: 2,
       spirit: 3,
       water: 2 },
    subtypes: 
     { bosskey: 4,
       bosskey2: 3,
       compass: 6,
       hearts3: 0.5,
       hearts4: 2.25,
       map: 6,
       songs5: 5,
       wallet: 4.5 },
    rowtypes: { bottle: 0.5, hookshot: 100, ms: 100 },
    name: '1 unused small key in each Adult Dungeon',
    id: '1-unused-small-key-in-each-adult-dungeon',
    time: 16.25,
    goal: 
     { difficulty: 22,
       id: '1-unused-small-key-in-each-adult-dungeon',
       jp: '全ての大人のダンジョンから未使用の鍵最低１つずつ',
       name: '1 unused small key in each Adult Dungeon',
       rowtypes: [Object],
       skill: 0.75,
       subtypes: [Object],
       time: 16.25,
       types: [Object] },
    synergy: 1 },
  { difficulty: 10,
    desiredTime: 7.5,
    types: { lonlon: 4, selfsynergy: 0 },
    subtypes: 
     { bottleslot: 3,
       childreset: 1,
       czl: 2,
       poachers: -100,
       songs4: 1.75,
       wallet: 0.5 },
    rowtypes: { bottle: 0, hookshot: 0, ms: 0 },
    name: 'Epona\'s Song',
    id: 'epona-s-song',
    time: 6.75,
    goal: 
     { difficulty: 9,
       id: 'epona-s-song',
       jp: 'エポナの歌',
       name: 'Epona\'s Song',
       rowtypes: [Object],
       skill: 0,
       subtypes: [Object],
       time: 6.75,
       types: [Object] },
    synergy: 7 },
  { difficulty: 12,
    desiredTime: 9,
    types: 
     { deku: 2,
       endon: -0.25,
       hovers: 3,
       legitlacs: 100,
       selfsynergy: 0,
       shadow: 5 },
    subtypes: { bosskey2: 2, hearts3: 3, hearts4: 1, wallet: 0.25 },
    rowtypes: { bottle: 100, hookshot: 100, ms: 5 },
    name: 'Defeat Bongo-Bongo',
    id: 'defeat-bongo-bongo',
    time: 8.75,
    goal: 
     { difficulty: 12,
       id: 'defeat-bongo-bongo',
       jp: 'ボンゴボンゴ撃破',
       name: 'Defeat Bongo-Bongo',
       rowtypes: [Object],
       skill: 0.75,
       subtypes: [Object],
       time: 8.75,
       types: [Object] },
    synergy: 3.25 },
  { difficulty: 4,
    desiredTime: 3,
    types: { dc: 1, selfsynergy: 0 },
    subtypes: { compass: 1.75, map: 1 },
    rowtypes: { bottle: 0, hookshot: 0, ms: 0 },
    name: 'Map & Compass in Dodongo\'s Cavern',
    id: 'map-compass-in-dodongo-s-cavern',
    time: 2,
    goal: 
     { difficulty: 3,
       id: 'map-compass-in-dodongo-s-cavern',
       jp: 'ドドンゴの洞窟のマップとコンパス',
       name: 'Map & Compass in Dodongo\'s Cavern',
       rowtypes: [Object],
       skill: 0,
       subtypes: [Object],
       time: 2,
       types: [Object] },
    synergy: 5.25 },
  { difficulty: 16,
    desiredTime: 12,
    types: 
     { fountain: 2,
       ice: 1.5,
       inclhskull: 100,
       irons: 2,
       selfsynergy: 0,
       water: 1 },
    subtypes: 
     { bottleslot: 2,
       child2: 3,
       compass: 4,
       hearts3: 1,
       hearts4: 0.25,
       hovers: 0.5,
       map: 4,
       wallet: 3 },
    rowtypes: { bottle: 100, hookshot: 100, ms: 100 },
    name: 'All 5 Lake Hylia Skulltulas',
    id: 'all-5-lake-hylia-skulltulas',
    time: 12.5,
    goal: 
     { difficulty: 17,
       id: 'all-5-lake-hylia-skulltulas',
       jp: 'ハイリア湖畔エリアの黄金のスタルチュラ5匹',
       name: 'All 5 Lake Hylia Skulltulas',
       rowtypes: [Object],
       skill: 0.5,
       subtypes: [Object],
       time: 12.5,
       types: [Object] },
    synergy: 6.25 },
  { difficulty: 2,
    desiredTime: 1.5,
    types: { selfsynergy: 0 },
    subtypes: undefined,
    rowtypes: { bottle: 100, hookshot: 0, ms: 0 },
    name: 'Bottled Fairy',
    id: 'bottled-fairy',
    time: 0.5,
    goal: 
     { difficulty: 1,
       id: 'bottled-fairy',
       jp: 'ビン(妖精)',
       name: 'Bottled Fairy',
       rowtypes: [Object],
       skill: 0,
       time: 0.5,
       types: [Object] },
    synergy: 6 },
  { difficulty: 19,
    desiredTime: 14.25,
    types: 
     { aganon: 3,
       dmc: 1,
       endon: -0.5,
       fire: 7,
       gtunic: 1,
       lightarrow: 10,
       selfsynergy: 0 },
    subtypes: 
     { bosskey: 4.5,
       compass: 4,
       hearts3: 2.5,
       hearts4: 1,
       hovers: 0.25,
       map: 2,
       pg: 2,
       poachers: 3,
       songs5: 1.25,
       wallet: 0.5 },
    rowtypes: { bottle: 100, hookshot: 0.5, ms: 100 },
    name: 'Get to the end of Water Trial',
    id: 'get-to-the-end-of-water-trial',
    time: 15,
    goal: 
     { difficulty: 20,
       id: 'get-to-the-end-of-water-trial',
       jp: '水の結界の最後の部屋に到達',
       name: 'Get to the end of Water Trial',
       rowtypes: [Object],
       skill: 0.5,
       subtypes: [Object],
       time: 15,
       types: [Object] },
    synergy: 2 },
  { difficulty: 21,
    desiredTime: 15.75,
    types: { compass: 15, hovers: 3, selfsynergy: -3 },
    subtypes: 
     { bosskey2: 2,
       hearts3: 1.5,
       hearts4: 1,
       map: 15,
       poachers: 0.5,
       wallet: 1 },
    rowtypes: { bottle: 0, hookshot: 0.5, ms: 3 },
    name: '6 Compasses',
    id: '6-compasses',
    time: 14.75,
    goal: 
     { difficulty: 20,
       id: '6-compasses',
       jp: 'コンパス6つ',
       name: '6 Compasses',
       rowtypes: [Object],
       skill: 0.5,
       subtypes: [Object],
       time: 14.75,
       types: [Object] },
    synergy: 3.75 },
  { difficulty: 8,
    desiredTime: 6,
    types: 
     { bbprize: 100,
       childchu: 0,
       dc: 3,
       fortress: 1,
       gtg: 1,
       incdodongo: 100,
       kd: 3,
       selfsynergy: 0 },
    subtypes: 
     { child2: 3,
       compass: 2,
       hearts3: 3,
       hearts4: 1,
       map: 2,
       wallet: 0.5 },
    rowtypes: { bottle: 0, hookshot: 0, ms: 0 },
    name: 'Win Bombchu Bowling Prize',
    id: 'win-bombchu-bowling-prize',
    time: 6.75,
    goal: 
     { difficulty: 9,
       id: 'win-bombchu-bowling-prize',
       jp: 'ボムチュウボウリングの景品を何か1つ入手',
       name: 'Win Bombchu Bowling Prize',
       rowtypes: [Object],
       skill: 0.5,
       subtypes: [Object],
       time: 6.75,
       types: [Object] },
    synergy: 0 },
  { difficulty: 15,
    desiredTime: 11.25,
    types: 
     { endon: -0.25,
       fortress: 3,
       gtg: 5,
       incgtgkey: 100,
       quiver: 4.5,
       selfsynergy: 0 },
    subtypes: 
     { bosskey: 3,
       bulletbag: 100,
       childchu: -2.5,
       hearts4: 0.25,
       hovers: 0.75,
       map: 3,
       wallet: 0.25 },
    rowtypes: { bottle: 100, hookshot: 100, ms: 100 },
    name: '8 different unused keys in Gerudo Training Grounds',
    id: '8-different-unused-keys-in-gerudo-training-grounds',
    time: 10.25,
    goal: 
     { difficulty: 14,
       id: '8-different-unused-keys-in-gerudo-training-grounds',
       jp: 'ゲルドの修練場の未使用の鍵8つ(増殖禁止)',
       name: '8 different unused keys in Gerudo Training Grounds',
       rowtypes: [Object],
       skill: 0.5,
       subtypes: [Object],
       time: 10.25,
       types: [Object] },
    synergy: 4.75 },
  { difficulty: 6,
    desiredTime: 4.5,
    types: { fortress: 3, gtg: 1, incarrows: 100, selfsynergy: 0 },
    subtypes: 
     { bosskey: 3.5,
       hearts3: 0.5,
       hearts4: 0.25,
       hovers: 0.5,
       kd: 2,
       map: 3,
       quiver: 4.5,
       wallet: 0.25 },
    rowtypes: { bottle: 0, hookshot: 1, ms: 0 },
    name: 'Ice Arrows',
    id: 'ice-arrows',
    time: 4,
    goal: 
     { difficulty: 5,
       id: 'ice-arrows',
       jp: '氷の矢',
       name: 'Ice Arrows',
       rowtypes: [Object],
       skill: 0.25,
       subtypes: [Object],
       time: 4,
       types: [Object] },
    synergy: 2.5 },
  { difficulty: 13,
    desiredTime: 9.75,
    types: 
     { aganon: 3,
       bganon: -3,
       bosskey: 12,
       cganon: 3,
       incbk: 100,
       selfsynergy: -2 },
    subtypes: { compass: 2, hearts3: 2, hearts4: 1, map: 4 },
    rowtypes: { bottle: 0.5, hookshot: 100, ms: 100 },
    name: '3 Boss Keys',
    id: '3-boss-keys',
    time: 10.25,
    goal: 
     { difficulty: 14,
       id: '3-boss-keys',
       jp: 'ボス部屋の鍵3つ',
       name: '3 Boss Keys',
       rowtypes: [Object],
       skill: 0.25,
       subtypes: [Object],
       time: 10.25,
       types: [Object] },
    synergy: 5.5 },
  { difficulty: 5,
    desiredTime: 3.75,
    types: { childchu: 0, dmc: 2, selfsynergy: 0 },
    subtypes: 
     { beans: -1,
       child2: 5,
       childreset: 1.25,
       hearts3: 0.5,
       wallet: 0.5 },
    rowtypes: { bottle: 0, hookshot: 0, ms: 0 },
    name: 'Plant bean in Death Mountain Crater',
    id: 'plant-bean-in-death-mountain-crater',
    time: 4.5,
    goal: 
     { difficulty: 6,
       id: 'plant-bean-in-death-mountain-crater',
       jp: 'デスマウンテン火口の土にマメを植える',
       name: 'Plant bean in Death Mountain Crater',
       rowtypes: [Object],
       skill: 0.25,
       subtypes: [Object],
       time: 4.5,
       types: [Object] },
    synergy: 2.25 },
  { difficulty: 17,
    desiredTime: 12.75,
    types: { childchu: 0, fountain: 2, jabu: 8, selfsynergy: 0 },
    subtypes: 
     { child2: 3.5,
       childreset: 1.25,
       compass: 2.5,
       hearts3: 4,
       hearts4: 1,
       map: 3,
       wallet: 0.5 },
    rowtypes: { bottle: 0, hookshot: 0, ms: 0 },
    name: 'Beat Jabu-Jabu\'s Belly',
    id: 'beat-jabu-jabu-s-belly',
    time: 12.5,
    goal: 
     { difficulty: 17,
       id: 'beat-jabu-jabu-s-belly',
       jp: 'ジャブジャブ様のお腹クリア',
       name: 'Beat Jabu-Jabu\'s Belly',
       rowtypes: [Object],
       skill: 0.25,
       subtypes: [Object],
       time: 12.5,
       types: [Object] },
    synergy: 7 },
  { difficulty: 24,
    desiredTime: 18,
    types: 
     { childchu: 0,
       childreset: 1.25,
       childtrade: 2.75,
       chuczl: 2,
       czl: 5,
       saria: 3,
       selfsynergy: -1 },
    subtypes: 
     { cganon: 2,
       child2: 2.5,
       hearts3: 4.5,
       hearts4: 1.5,
       songs4: 3,
       wallet: 0.25 },
    rowtypes: { bottle: 0, hookshot: 0, ms: 0 },
    name: 'Both heart pieces in Lost Woods',
    id: 'both-heart-pieces-in-lost-woods',
    time: 17,
    goal: 
     { difficulty: 23,
       id: 'both-heart-pieces-in-lost-woods',
       jp: '迷いの森のハートのかけら２つ',
       name: 'Both heart pieces in Lost Woods',
       rowtypes: [Object],
       skill: 0,
       subtypes: [Object],
       time: 17,
       types: [Object] },
    synergy: 1 },
  meta: { iterations: 1 } ]
