[ ,
  { difficulty: 20,
    desiredTime: 15,
    types: 
     { fortress: 2.5,
       fountain: 1.5,
       gtg: 1,
       gtunic: 1.75,
       hovers: 3,
       incshield: 100,
       inctunic: 100,
       selfsynergy: 0,
       spirit: 3.5 },
    subtypes: 
     { bosskey: 3.25,
       bosskey2: 5,
       compass: 2.5,
       dmc: 0.25,
       hearts3: 0.5,
       hearts4: 0.5,
       map: 4.5,
       songs5: 1,
       wallet: 1 },
    rowtypes: { bottle: 0.5, hookshot: 100, ms: 100 },
    name: '3 Shields & 3 Tunics',
    id: '3-shields-3-tunics',
    time: 15,
    goal: 
     { difficulty: 20,
       id: '3-shields-3-tunics',
       jp: '盾3種、服3種',
       name: '3 Shields & 3 Tunics',
       rowtypes: [Object],
       skill: 0.5,
       subtypes: [Object],
       time: 15,
       types: [Object] },
    synergy: 5.25 },
  { difficulty: 2,
    desiredTime: 1.5,
    types: { dmc: 2, selfsynergy: 0 },
    subtypes: { bosskey: 1, hearts3: 1.5, hovers: 0.25, songs5: 1.5 },
    rowtypes: { bottle: 0, hookshot: 0, ms: 1 },
    name: 'Both heart pieces in Death Mountain Crater',
    id: 'both-heart-pieces-in-death-mountain-crater',
    time: 2,
    goal: 
     { difficulty: 3,
       id: 'both-heart-pieces-in-death-mountain-crater',
       jp: 'デスマウンテン火口のハートのかけら２つ',
       name: 'Both heart pieces in Death Mountain Crater',
       rowtypes: [Object],
       skill: 0,
       subtypes: [Object],
       time: 2,
       types: [Object] },
    synergy: 5 },
  { difficulty: 24,
    desiredTime: 18,
    types: { compass: 22, hovers: 3, selfsynergy: -3 },
    subtypes: 
     { bosskey2: 2,
       hearts3: 1.5,
       hearts4: 2,
       map: 22,
       poachers: 1.25,
       wallet: 1 },
    rowtypes: { bottle: 0.5, hookshot: 100, ms: 5 },
    name: '7 Compasses',
    id: '7-compasses',
    time: 18.25,
    goal: 
     { difficulty: 24,
       id: '7-compasses',
       jp: 'コンパス7つ',
       name: '7 Compasses',
       rowtypes: [Object],
       skill: 1,
       subtypes: [Object],
       time: 18.25,
       types: [Object] },
    synergy: 0 },
  { difficulty: 6,
    desiredTime: 4.5,
    types: { childchu: 0, selfsynergy: 0 },
    subtypes: { wallet: 1.5 },
    rowtypes: { bottle: 0, hookshot: 0, ms: 0 },
    name: 'All 3 Skulltulas in Bottom of the Well',
    id: 'all-3-skulltulas-in-bottom-of-the-well',
    time: 3.5,
    goal: 
     { difficulty: 5,
       id: 'all-3-skulltulas-in-bottom-of-the-well',
       jp: '井戸の底の黄金のスタルチュラ3匹',
       name: 'All 3 Skulltulas in Bottom of the Well',
       rowtypes: [Object],
       skill: 0.25,
       subtypes: [Object],
       time: 3.5,
       types: [Object] },
    synergy: 7 },
  { difficulty: 13,
    desiredTime: 9.75,
    types: { childchu: 0, fountain: 2, selfsynergy: 0 },
    subtypes: 
     { childreset: 1.25,
       compass: 2,
       hearts3: 1,
       jabu: 0.5,
       map: 2,
       wallet: 4 },
    rowtypes: { bottle: 0, hookshot: 100, ms: 100 },
    name: 'All 8 Zora\'s Domain area Skulltulas',
    id: 'all-8-zora-s-domain-area-skulltulas',
    time: 10.5,
    goal: 
     { difficulty: 14,
       id: 'all-8-zora-s-domain-area-skulltulas',
       jp: 'ゾーラの里エリアの黄金のスタルチュラ8匹',
       name: 'All 8 Zora\'s Domain area Skulltulas',
       rowtypes: [Object],
       skill: 0.5,
       subtypes: [Object],
       time: 10.5,
       types: [Object] },
    synergy: 5 },
  { difficulty: 9,
    desiredTime: 6.75,
    types: { lonlon: 4, selfsynergy: 0 },
    subtypes: 
     { bottleslot: 4.5,
       childreset: 1,
       czl: 2,
       songs4: 0.5,
       wallet: 0.5 },
    rowtypes: { bottle: 0, hookshot: 0, ms: 0 },
    name: 'Milk',
    id: 'milk',
    time: 6.25,
    goal: 
     { difficulty: 8,
       id: 'milk',
       jp: 'ロンロン牛乳',
       name: 'Milk',
       rowtypes: [Object],
       skill: 0,
       subtypes: [Object],
       time: 6.25,
       types: [Object] },
    synergy: 1.25 },
  { difficulty: 11,
    desiredTime: 8.25,
    types: 
     { firearrow: 8,
       fortress: 3,
       gtg: 1,
       quiver: 4.5,
       selfsynergy: 0,
       water: 1.5 },
    subtypes: { bosskey: 2, childchu: -2.5, map: 3, poachers: 1.5, wallet: 0.25 },
    rowtypes: { bottle: 100, hookshot: 0.5, ms: 100 },
    name: 'Fire Arrows',
    id: 'fire-arrows',
    time: 8.5,
    goal: 
     { difficulty: 11,
       id: 'fire-arrows',
       jp: '炎の矢',
       name: 'Fire Arrows',
       rowtypes: [Object],
       skill: 0.5,
       subtypes: [Object],
       time: 8.5,
       types: [Object] },
    synergy: 0 },
  { difficulty: 18,
    desiredTime: 13.5,
    types: 
     { child2: 5,
       endon: 0,
       forest: 3,
       hovers: 3,
       pg: 2.25,
       selfsynergy: 0 },
    subtypes: 
     { bosskey2: 3,
       compass: 1,
       hearts3: 4,
       hearts4: 1.25,
       map: 2,
       songs4: 1.5,
       songs5: 2,
       wallet: 1 },
    rowtypes: { bottle: 100, hookshot: 100, ms: 100 },
    name: 'Frog\'s Heart Piece',
    id: 'frog-s-heart-piece',
    time: 12.5,
    goal: 
     { difficulty: 17,
       id: 'frog-s-heart-piece',
       jp: 'カエルのハートのかけら(嵐の歌)',
       name: 'Frog\'s Heart Piece',
       rowtypes: [Object],
       skill: 0.25,
       subtypes: [Object],
       time: 12.5,
       types: [Object] },
    synergy: 4 },
  { difficulty: 5,
    desiredTime: 3.75,
    types: { fountain: 2, ice: 1.5, irons: 0.5, selfsynergy: 0 },
    subtypes: { compass: 3, hearts3: 1, hovers: 0.5, map: 3, wallet: 1.75 },
    rowtypes: { bottle: 0, hookshot: 1.5, ms: 1 },
    name: 'All 3 Skulltulas in Ice Cavern',
    id: 'all-3-skulltulas-in-ice-cavern',
    time: 4.25,
    goal: 
     { difficulty: 6,
       id: 'all-3-skulltulas-in-ice-cavern',
       jp: '氷の洞窟の黄金のスタルチュラ3匹',
       name: 'All 3 Skulltulas in Ice Cavern',
       rowtypes: [Object],
       skill: 0.25,
       subtypes: [Object],
       time: 4.25,
       types: [Object] },
    synergy: 0 },
  { difficulty: 22,
    desiredTime: 16.5,
    types: 
     { aganon: 3,
       dmc: 1,
       endon: -0.5,
       fire: 7,
       gtunic: 1,
       hovers: 1.5,
       incshtrial: 100,
       lightarrow: 10,
       selfsynergy: 0 },
    subtypes: 
     { bosskey: 4.5,
       compass: 4,
       hearts3: 2.5,
       hearts4: 1,
       map: 2,
       pg: 2,
       poachers: 3,
       songs5: 1.25,
       wallet: 0.5 },
    rowtypes: { bottle: 100, hookshot: 1, ms: 100 },
    name: 'Get to the end of Shadow Trial',
    id: 'get-to-the-end-of-shadow-trial',
    time: 16.25,
    goal: 
     { difficulty: 22,
       id: 'get-to-the-end-of-shadow-trial',
       jp: '闇の結界の最後の部屋に到達',
       name: 'Get to the end of Shadow Trial',
       rowtypes: [Object],
       skill: 0.75,
       subtypes: [Object],
       time: 16.25,
       types: [Object] },
    synergy: 5 },
  { difficulty: 3,
    desiredTime: 2.25,
    types: { dmc: 0.75, selfsynergy: 0 },
    subtypes: { bosskey: 1.5, gtunic: 0.25, hearts3: 0.5, songs5: 1.25 },
    rowtypes: { bottle: 0, hookshot: 0.25, ms: 100 },
    name: 'Bolero of Fire',
    id: 'bolero-of-fire',
    time: 1.5,
    goal: 
     { difficulty: 2,
       id: 'bolero-of-fire',
       jp: '炎のボレロ',
       name: 'Bolero of Fire',
       rowtypes: [Object],
       skill: 0,
       subtypes: [Object],
       time: 1.5,
       types: [Object] },
    synergy: 3.25 },
  { difficulty: 25,
    desiredTime: 18.75,
    types: 
     { childchu: 0,
       childreset: 1.25,
       childtrade: 2.75,
       chuczl: 2,
       czl: 5,
       saria: 5,
       selfsynergy: -1,
       strength: 100 },
    subtypes: 
     { bombbag: 100,
       bulletbag: 100,
       cganon: 2,
       hearts3: 3,
       hearts4: 1,
       songs4: 3,
       wallet: 0.5 },
    rowtypes: { bottle: 100, hookshot: 0, ms: 100 },
    name: 'Green Gauntlets',
    id: 'green-gauntlets',
    time: 17.75,
    goal: 
     { difficulty: 24,
       id: 'green-gauntlets',
       jp: '緑のグローブ',
       name: 'Green Gauntlets',
       rowtypes: [Object],
       skill: 0,
       subtypes: [Object],
       time: 17.75,
       types: [Object] },
    synergy: 1 },
  { difficulty: 7,
    desiredTime: 5.25,
    types: { incsongs: 100, poachers: 4.25, selfsynergy: 0, songs5: 1.25 },
    subtypes: { aganon: 0.25, childchu: -2.5, hearts3: 1.5, wallet: 0.25 },
    rowtypes: { bottle: 100, hookshot: 0.5, ms: 100 },
    name: '6 Songs',
    id: '6-songs',
    time: 5.5,
    goal: 
     { difficulty: 7,
       id: '6-songs',
       jp: '歌6つ以上',
       name: '6 Songs',
       rowtypes: [Object],
       skill: 0,
       subtypes: [Object],
       time: 5.5,
       types: [Object] },
    synergy: 0 },
  { difficulty: 14,
    desiredTime: 10.5,
    types: 
     { endon: -0.5,
       fountain: 2,
       hovers: 3,
       ice: 1.5,
       incboot: 100,
       incsword: 100,
       irons: 2,
       selfsynergy: 0,
       swords: 3 },
    subtypes: 
     { bulletbag: -3,
       childchu: -1,
       compass: 3,
       hearts3: 1,
       hearts4: 0.25,
       map: 3,
       songs4: 1.5,
       wallet: 1 },
    rowtypes: { bottle: 100, hookshot: 0.5, ms: 100 },
    name: '3 Swords & 3 Boots',
    id: '3-swords-3-boots',
    time: 9.75,
    goal: 
     { difficulty: 13,
       id: '3-swords-3-boots',
       jp: '剣3種、靴3種',
       name: '3 Swords & 3 Boots',
       rowtypes: [Object],
       skill: 0.25,
       subtypes: [Object],
       time: 9.75,
       types: [Object] },
    synergy: 4.25 },
  { difficulty: 16,
    desiredTime: 12,
    types: { fortress: 2.5, hovers: 3, selfsynergy: 0, spirit: 5 },
    subtypes: { bosskey: 2, compass: 1, hearts4: 0.25, map: 2, wallet: 0.75 },
    rowtypes: { bottle: 0, hookshot: 2, ms: 1 },
    name: 'Get Bombchu chest in Spirit Temple',
    id: 'get-bombchu-chest-in-spirit-temple',
    time: 12,
    goal: 
     { difficulty: 16,
       id: 'get-bombchu-chest-in-spirit-temple',
       jp: '魂の神殿のボムチュウ取得',
       name: 'Get Bombchu chest in Spirit Temple',
       rowtypes: [Object],
       skill: 0.5,
       subtypes: [Object],
       time: 12,
       types: [Object] },
    synergy: 0.25 },
  { difficulty: 12,
    desiredTime: 9,
    types: { forest: 0.5, selfsynergy: 0 },
    subtypes: { wallet: 5 },
    rowtypes: { bottle: 0, hookshot: 100, ms: 10 },
    name: 'Stone of Agony',
    id: 'stone-of-agony',
    time: 8.25,
    goal: 
     { difficulty: 11,
       id: 'stone-of-agony',
       jp: 'もだえ石',
       name: 'Stone of Agony',
       rowtypes: [Object],
       skill: 0.5,
       subtypes: [Object],
       time: 8.25,
       types: [Object] },
    synergy: 2 },
  { difficulty: 19,
    desiredTime: 14.25,
    types: { fortress: 2.5, hovers: 3, selfsynergy: 0, spirit: 5 },
    subtypes: 
     { bosskey: 2,
       bosskey2: 5,
       compass: 2.5,
       hearts4: 0.5,
       map: 3,
       songs5: 1,
       wallet: 2.5 },
    rowtypes: { bottle: 0.5, hookshot: 100, ms: 4 },
    name: 'All 5 Skulltulas in Spirit Temple',
    id: 'all-5-skulltulas-in-spirit-temple',
    time: 14.75,
    goal: 
     { difficulty: 20,
       id: 'all-5-skulltulas-in-spirit-temple',
       jp: '魂の神殿の黄金のスタルチュラ5匹',
       name: 'All 5 Skulltulas in Spirit Temple',
       rowtypes: [Object],
       skill: 0.75,
       subtypes: [Object],
       time: 14.75,
       types: [Object] },
    synergy: 0.25 },
  { difficulty: 1,
    desiredTime: 0.75,
    types: { childchu: 0, selfsynergy: 0 },
    subtypes: undefined,
    rowtypes: { bottle: 0, hookshot: 0, ms: 0 },
    name: 'Lens of Truth',
    id: 'lens-of-truth',
    time: 0.25,
    goal: 
     { difficulty: 1,
       id: 'lens-of-truth',
       jp: 'まことのメガネ',
       name: 'Lens of Truth',
       rowtypes: [Object],
       skill: 0,
       time: 0.25,
       types: [Object] },
    synergy: 3.75 },
  { difficulty: 23,
    desiredTime: 17.25,
    types: 
     { childtrade: 2.75,
       hearts3: 16,
       hearts4: 3,
       inchearts: 100,
       saria: 3,
       selfsynergy: -3 },
    subtypes: undefined,
    rowtypes: { bottle: 0, hookshot: 1, ms: 10 },
    name: '9 Hearts',
    id: '9-hearts',
    time: 17,
    goal: 
     { difficulty: 23,
       id: '9-hearts',
       jp: 'ハート9つ',
       name: '9 Hearts',
       rowtypes: [Object],
       skill: 1,
       time: 17,
       types: [Object] },
    synergy: 0.25 },
  { difficulty: 10,
    desiredTime: 7.5,
    types: { forest: 3, meg: 1, selfsynergy: 0 },
    subtypes: 
     { bosskey2: 5,
       compass: 1,
       hearts4: 1,
       hovers: 0.5,
       map: 2.75,
       songs5: 1.75,
       wallet: 2.75 },
    rowtypes: { bottle: 100, hookshot: 100, ms: 5 },
    name: 'All 5 Skulltulas in Forest Temple',
    id: 'all-5-skulltulas-in-forest-temple',
    time: 6.75,
    goal: 
     { difficulty: 9,
       id: 'all-5-skulltulas-in-forest-temple',
       jp: '森の神殿の黄金のスタルチュラ5匹',
       name: 'All 5 Skulltulas in Forest Temple',
       rowtypes: [Object],
       skill: 0.25,
       subtypes: [Object],
       time: 6.75,
       types: [Object] },
    synergy: 3.25 },
  { difficulty: 21,
    desiredTime: 15.75,
    types: 
     { bothzl: -4.25,
       czl: 4.25,
       dc: 2,
       ice: 1.5,
       incwskull: 100,
       irons: 2,
       longshot: 4,
       poachers: 4.25,
       selfsynergy: 0,
       water: 4 },
    subtypes: 
     { aganon: 0.25,
       bbprize: -6,
       bosskey: 3.75,
       childchu: -2.5,
       chuczl: 2,
       compass: 3.5,
       hearts3: 1.5,
       hearts4: 2.5,
       hovers: 0.5,
       map: 3.5,
       spirit: -1,
       wallet: 2.5 },
    rowtypes: { bottle: 100, hookshot: 100, ms: 100 },
    name: 'All 5 Skulltulas in Water Temple',
    id: 'all-5-skulltulas-in-water-temple',
    time: 16.5,
    goal: 
     { difficulty: 22,
       id: 'all-5-skulltulas-in-water-temple',
       jp: '水の神殿の黄金のスタルチュラ5匹',
       name: 'All 5 Skulltulas in Water Temple',
       rowtypes: [Object],
       skill: 0.75,
       subtypes: [Object],
       time: 16.5,
       types: [Object] },
    synergy: 5.25 },
  { difficulty: 8,
    desiredTime: 6,
    types: { dc: 3, fortress: 2, incdodongo: 100, kd: 2, selfsynergy: 0 },
    subtypes: { compass: 2, hearts3: 3, hearts4: 1, map: 2, wallet: 0.5 },
    rowtypes: { bottle: 0.5, hookshot: 0, ms: 1 },
    name: 'Beat Dodongo\'s Cavern',
    id: 'beat-dodongo-s-cavern',
    time: 6.25,
    goal: 
     { difficulty: 8,
       id: 'beat-dodongo-s-cavern',
       jp: 'ドドンゴの洞窟クリア',
       name: 'Beat Dodongo\'s Cavern',
       rowtypes: [Object],
       skill: 0.25,
       subtypes: [Object],
       time: 6.25,
       types: [Object] },
    synergy: 4.5 },
  { difficulty: 15,
    desiredTime: 11.25,
    types: 
     { endon: -0.25,
       fortress: 3,
       gtg: 5,
       incgtgkey: 100,
       quiver: 4.5,
       selfsynergy: 0 },
    subtypes: 
     { bosskey: 3,
       bulletbag: 100,
       childchu: -2.5,
       hearts4: 0.25,
       hovers: 0.75,
       map: 3,
       wallet: 0.25 },
    rowtypes: { bottle: 100, hookshot: 100, ms: 100 },
    name: '8 different unused keys in Gerudo Training Grounds',
    id: '8-different-unused-keys-in-gerudo-training-grounds',
    time: 10.25,
    goal: 
     { difficulty: 14,
       id: '8-different-unused-keys-in-gerudo-training-grounds',
       jp: 'ゲルドの修練場の未使用の鍵8つ(増殖禁止)',
       name: '8 different unused keys in Gerudo Training Grounds',
       rowtypes: [Object],
       skill: 0.5,
       subtypes: [Object],
       time: 10.25,
       types: [Object] },
    synergy: 5.75 },
  { difficulty: 17,
    desiredTime: 12.75,
    types: { childchu: 0, fortress: 2.5, selfsynergy: 0, spirit: 2.5 },
    subtypes: 
     { bosskey: 2,
       bosskey2: 4,
       child2: 5,
       childreset: 1.25,
       hearts4: 0.25,
       map: 1.5,
       songs5: 3,
       wallet: 2.25 },
    rowtypes: { bottle: 100, hookshot: 100, ms: 100 },
    name: 'All 4 Wasteland/ Colossus area Skulltulas',
    id: 'all-4-wasteland-colossus-area-skulltulas',
    time: 12,
    goal: 
     { difficulty: 16,
       id: 'all-4-wasteland-colossus-area-skulltulas',
       jp: '幻影の砂漠・巨大邪神像エリアの黄金のスタルチュラ4匹',
       name: 'All 4 Wasteland/ Colossus area Skulltulas',
       rowtypes: [Object],
       skill: 0.25,
       subtypes: [Object],
       time: 12,
       types: [Object] },
    synergy: 5.25 },
  { difficulty: 4,
    desiredTime: 3,
    types: { beans: 3, childreset: 0.5, incbeans: 100, selfsynergy: 0 },
    subtypes: { child2: 3, wallet: 0.25 },
    rowtypes: { bottle: 0, hookshot: 0, ms: 0 },
    name: '5 Magic Beans',
    id: '5-magic-beans',
    time: 2.5,
    goal: 
     { difficulty: 3,
       id: '5-magic-beans',
       jp: '魔法のマメ5つ以上',
       name: '5 Magic Beans',
       rowtypes: [Object],
       skill: 0,
       subtypes: [Object],
       time: 2.5,
       types: [Object] },
    synergy: 5.75 },
  meta: { iterations: 1 } ]
