[ ,
  { difficulty: 5,
    desiredTime: 3.75,
    types: 
     { incsongs: 100,
       poachers: 4.25,
       selfsynergy: 0,
       songs4: 3,
       songs5: 2 },
    subtypes: { aganon: 0.25, childchu: -2.5, czl: 1, hearts3: 1, saria: 2 },
    rowtypes: { bottle: 100, hookshot: 0.5, ms: 6 },
    name: '4 Songs',
    id: '4-songs',
    time: 4.25,
    goal: 
     { difficulty: 6,
       id: '4-songs',
       jp: '歌4つ以上',
       name: '4 Songs',
       rowtypes: [Object],
       skill: 0,
       subtypes: [Object],
       time: 4.25,
       types: [Object] },
    synergy: 5.25 },
  { difficulty: 17,
    desiredTime: 12.75,
    types: { childchu: 0, fountain: 2, jabu: 8, selfsynergy: 0 },
    subtypes: 
     { child2: 3.5,
       childreset: 1.25,
       compass: 2.5,
       hearts3: 4,
       hearts4: 1,
       map: 3,
       wallet: 0.5 },
    rowtypes: { bottle: 0, hookshot: 0, ms: 0 },
    name: 'Beat Jabu-Jabu\'s Belly',
    id: 'beat-jabu-jabu-s-belly',
    time: 12.5,
    goal: 
     { difficulty: 17,
       id: 'beat-jabu-jabu-s-belly',
       jp: 'ジャブジャブ様のお腹クリア',
       name: 'Beat Jabu-Jabu\'s Belly',
       rowtypes: [Object],
       skill: 0.25,
       subtypes: [Object],
       time: 12.5,
       types: [Object] },
    synergy: 0 },
  { difficulty: 14,
    desiredTime: 10.5,
    types: { dmc: 1, fire: 4.75, gtunic: 1, selfsynergy: 0 },
    subtypes: 
     { bosskey: 2,
       compass: 2,
       hearts3: 0.5,
       hearts4: 1,
       hovers: 0.25,
       map: 3,
       songs5: 1.25,
       wallet: 2.5 },
    rowtypes: { bottle: 0, hookshot: 100, ms: 100 },
    name: 'All 5 Skulltulas in Fire Temple',
    id: 'all-5-skulltulas-in-fire-temple',
    time: 11.5,
    goal: 
     { difficulty: 15,
       id: 'all-5-skulltulas-in-fire-temple',
       jp: '炎の神殿の黄金のスタルチュラ5匹',
       name: 'All 5 Skulltulas in Fire Temple',
       rowtypes: [Object],
       skill: 0.5,
       subtypes: [Object],
       time: 11.5,
       types: [Object] },
    synergy: 3.25 },
  { difficulty: 6,
    desiredTime: 4.5,
    types: { deku: 3, selfsynergy: 0 },
    subtypes: { compass: 3, czl: 3, hearts4: 1, hovers: 0.5, map: 3, wallet: 0.5 },
    rowtypes: { bottle: 0, hookshot: 0, ms: 0 },
    name: 'Map & Compass in Deku Tree',
    id: 'map-compass-in-deku-tree',
    time: 4,
    goal: 
     { difficulty: 5,
       id: 'map-compass-in-deku-tree',
       jp: 'デクの樹様の中のマップとコンパス',
       name: 'Map & Compass in Deku Tree',
       rowtypes: [Object],
       skill: 0.25,
       subtypes: [Object],
       time: 4,
       types: [Object] },
    synergy: 4.25 },
  { difficulty: 23,
    desiredTime: 17.25,
    types: 
     { aganon: 3,
       bganon: -3,
       cganon: 3,
       endon: -0.5,
       fortress: 2.5,
       gtg: 1,
       hovers: 3,
       selfsynergy: 0,
       spirit: 4 },
    subtypes: 
     { bosskey: 7.25,
       bosskey2: 5,
       childtrade: 1.5,
       compass: 1,
       czl: 1.5,
       hearts3: 2,
       hearts4: 1.5,
       map: 3,
       songs5: 1,
       wallet: 1 },
    rowtypes: { bottle: 100, hookshot: 100, ms: 8 },
    name: 'Defeat 4 Different Iron Knuckles',
    id: 'defeat-4-different-iron-knuckles',
    time: 17,
    goal: 
     { difficulty: 23,
       id: 'defeat-4-different-iron-knuckles',
       jp: 'アイアンナックを4体撃破',
       name: 'Defeat 4 Different Iron Knuckles',
       rowtypes: [Object],
       skill: 0.5,
       subtypes: [Object],
       time: 17,
       types: [Object] },
    synergy: 0.25 },
  { difficulty: 9,
    desiredTime: 6.75,
    types: { deku: 3, quiver: 1, selfsynergy: 0 },
    subtypes: { compass: 3, hearts3: 0.5, hearts4: 1, map: 2, wallet: 2 },
    rowtypes: { bottle: 0, hookshot: 1, ms: 0 },
    name: 'All 4 Skulltulas in Deku Tree',
    id: 'all-4-skulltulas-in-deku-tree',
    time: 7.25,
    goal: 
     { difficulty: 10,
       id: 'all-4-skulltulas-in-deku-tree',
       jp: 'デクの樹様の中の黄金のスタルチュラ4匹',
       name: 'All 4 Skulltulas in Deku Tree',
       rowtypes: [Object],
       skill: 0.25,
       subtypes: [Object],
       time: 7.25,
       types: [Object] },
    synergy: 5.25 },
  { difficulty: 21,
    desiredTime: 15.75,
    types: 
     { beans: 10,
       bombbag: 100,
       fortress: 3,
       gerudo: 7,
       quiver: 1,
       selfsynergy: 0 },
    subtypes: 
     { bosskey: 2.5,
       childchu: -2.5,
       hearts4: 0.5,
       map: 2,
       wallet: 0.25 },
    rowtypes: { bottle: 100, hookshot: 0, ms: 100 },
    name: 'Quiver (50)',
    id: 'quiver-50-',
    time: 15,
    goal: 
     { difficulty: 20,
       id: 'quiver-50-',
       jp: '矢立て(50)',
       name: 'Quiver (50)',
       rowtypes: [Object],
       skill: 0.5,
       subtypes: [Object],
       time: 15,
       types: [Object] },
    synergy: 6.5 },
  { difficulty: 3,
    desiredTime: 2.25,
    types: { hearts3: 4, inchearts: 100, selfsynergy: -1 },
    subtypes: undefined,
    rowtypes: { bottle: 0, hookshot: 0, ms: 1 },
    name: '5 Hearts',
    id: '5-hearts',
    time: 2.5,
    goal: 
     { difficulty: 3,
       id: '5-hearts',
       jp: 'ハート5つ',
       name: '5 Hearts',
       rowtypes: [Object],
       skill: 0,
       time: 2.5,
       types: [Object] },
    synergy: 3.25 },
  { difficulty: 20,
    desiredTime: 15,
    types: { dmc: 1, fire: 10, forest: 2, gtunic: 1.75, selfsynergy: 0 },
    subtypes: 
     { bosskey: 2,
       compass: 4,
       hearts3: 2.5,
       hearts4: 2,
       hovers: 0.25,
       lightarrow: 3,
       map: 2,
       pg: 1,
       songs5: 2.5,
       wallet: 0.25 },
    rowtypes: { bottle: 0.5, hookshot: 0.5, ms: 100 },
    name: 'Fire Medallion',
    id: 'fire-medallion',
    time: 14.25,
    goal: 
     { difficulty: 19,
       id: 'fire-medallion',
       jp: '炎のメダル',
       name: 'Fire Medallion',
       rowtypes: [Object],
       skill: 0.25,
       subtypes: [Object],
       time: 14.25,
       types: [Object] },
    synergy: 6.5 },
  { difficulty: 12,
    desiredTime: 9,
    types: 
     { endon: -0.5,
       fountain: 2,
       hovers: 3,
       ice: 1.5,
       incboot: 100,
       incsword: 100,
       irons: 2,
       selfsynergy: 0,
       swords: 3 },
    subtypes: 
     { bulletbag: -3,
       childchu: -1,
       compass: 3,
       hearts3: 1,
       hearts4: 0.25,
       map: 3,
       songs4: 1.5,
       wallet: 1 },
    rowtypes: { bottle: 100, hookshot: 0.5, ms: 100 },
    name: '3 Swords & 3 Boots',
    id: '3-swords-3-boots',
    time: 9.75,
    goal: 
     { difficulty: 13,
       id: '3-swords-3-boots',
       jp: '剣3種、靴3種',
       name: '3 Swords & 3 Boots',
       rowtypes: [Object],
       skill: 0.25,
       subtypes: [Object],
       time: 9.75,
       types: [Object] },
    synergy: 5.5 },
  { difficulty: 18,
    desiredTime: 13.5,
    types: 
     { fountain: 2,
       ice: 1.5,
       inclhskull: 100,
       irons: 2,
       selfsynergy: 0,
       water: 1 },
    subtypes: 
     { bottleslot: 2,
       child2: 3,
       compass: 4,
       hearts3: 1,
       hearts4: 0.25,
       hovers: 0.5,
       map: 4,
       wallet: 3 },
    rowtypes: { bottle: 100, hookshot: 100, ms: 100 },
    name: 'All 5 Lake Hylia Skulltulas',
    id: 'all-5-lake-hylia-skulltulas',
    time: 12.5,
    goal: 
     { difficulty: 17,
       id: 'all-5-lake-hylia-skulltulas',
       jp: 'ハイリア湖畔エリアの黄金のスタルチュラ5匹',
       name: 'All 5 Lake Hylia Skulltulas',
       rowtypes: [Object],
       skill: 0.5,
       subtypes: [Object],
       time: 12.5,
       types: [Object] },
    synergy: 1.75 },
  { difficulty: 15,
    desiredTime: 11.25,
    types: 
     { aganon: 3,
       bganon: -3,
       bosskey: 12,
       cganon: 3,
       incbk: 100,
       selfsynergy: -2 },
    subtypes: { compass: 2, hearts3: 2, hearts4: 1, map: 4 },
    rowtypes: { bottle: 0.5, hookshot: 100, ms: 100 },
    name: '3 Boss Keys',
    id: '3-boss-keys',
    time: 10.25,
    goal: 
     { difficulty: 14,
       id: '3-boss-keys',
       jp: 'ボス部屋の鍵3つ',
       name: '3 Boss Keys',
       rowtypes: [Object],
       skill: 0.25,
       subtypes: [Object],
       time: 10.25,
       types: [Object] },
    synergy: 2.5 },
  { difficulty: 7,
    desiredTime: 5.25,
    types: { dc: 4, selfsynergy: 0 },
    subtypes: 
     { compass: 2,
       hearts3: 1,
       hearts4: 1,
       hovers: 0.25,
       map: 1,
       wallet: 2.5 },
    rowtypes: { bottle: 0, hookshot: 0.25, ms: 1.5 },
    name: 'All 5 Skulltulas in Dodongo\'s Cavern',
    id: 'all-5-skulltulas-in-dodongo-s-cavern',
    time: 5.75,
    goal: 
     { difficulty: 8,
       id: 'all-5-skulltulas-in-dodongo-s-cavern',
       jp: 'ドドンゴの洞窟の黄金のスタルチュラ5匹',
       name: 'All 5 Skulltulas in Dodongo\'s Cavern',
       rowtypes: [Object],
       skill: 0,
       subtypes: [Object],
       time: 5.75,
       types: [Object] },
    synergy: 0 },
  { difficulty: 24,
    desiredTime: 18,
    types: 
     { childchu: 0,
       childreset: 1.25,
       childtrade: 2.75,
       chuczl: 2,
       czl: 5,
       saria: 5,
       selfsynergy: -1,
       strength: 100 },
    subtypes: 
     { bombbag: 100,
       bulletbag: 100,
       cganon: 2,
       hearts3: 3,
       hearts4: 1,
       songs4: 3,
       wallet: 0.5 },
    rowtypes: { bottle: 100, hookshot: 0, ms: 100 },
    name: 'Green Gauntlets',
    id: 'green-gauntlets',
    time: 17.75,
    goal: 
     { difficulty: 24,
       id: 'green-gauntlets',
       jp: '緑のグローブ',
       name: 'Green Gauntlets',
       rowtypes: [Object],
       skill: 0,
       subtypes: [Object],
       time: 17.75,
       types: [Object] },
    synergy: 0.25 },
  { difficulty: 1,
    desiredTime: 0.75,
    types: { forest: 0.25, selfsynergy: 0 },
    subtypes: undefined,
    rowtypes: { bottle: 0, hookshot: 0, ms: 0.5 },
    name: 'Defeat a Skull Kid',
    id: 'defeat-a-skull-kid',
    time: 0.75,
    goal: 
     { difficulty: 1,
       id: 'defeat-a-skull-kid',
       jp: 'スタルキッド撃破',
       name: 'Defeat a Skull Kid',
       rowtypes: [Object],
       skill: 0,
       time: 0.75,
       types: [Object] },
    synergy: 5 },
  { difficulty: 22,
    desiredTime: 16.5,
    types: 
     { childchu: 0,
       childreset: 1.25,
       childtrade: 2.75,
       chuczl: 2,
       czl: 5,
       saria: 3,
       selfsynergy: -1 },
    subtypes: 
     { cganon: 2,
       child2: 2.5,
       hearts3: 4.5,
       hearts4: 1.5,
       songs4: 3,
       wallet: 0.25 },
    rowtypes: { bottle: 0, hookshot: 0, ms: 0 },
    name: 'Both heart pieces in Lost Woods',
    id: 'both-heart-pieces-in-lost-woods',
    time: 17,
    goal: 
     { difficulty: 23,
       id: 'both-heart-pieces-in-lost-woods',
       jp: '迷いの森のハートのかけら２つ',
       name: 'Both heart pieces in Lost Woods',
       rowtypes: [Object],
       skill: 0,
       subtypes: [Object],
       time: 17,
       types: [Object] },
    synergy: 3.75 },
  { difficulty: 4,
    desiredTime: 3,
    types: { childchu: 0, selfsynergy: 0 },
    subtypes: { wallet: 1.5 },
    rowtypes: { bottle: 0, hookshot: 0, ms: 0 },
    name: 'All 3 Skulltulas in Bottom of the Well',
    id: 'all-3-skulltulas-in-bottom-of-the-well',
    time: 3.5,
    goal: 
     { difficulty: 5,
       id: 'all-3-skulltulas-in-bottom-of-the-well',
       jp: '井戸の底の黄金のスタルチュラ3匹',
       name: 'All 3 Skulltulas in Bottom of the Well',
       rowtypes: [Object],
       skill: 0.25,
       subtypes: [Object],
       time: 3.5,
       types: [Object] },
    synergy: 3.5 },
  { difficulty: 16,
    desiredTime: 12,
    types: { childchu: 0, hovers: 3, map: 15, selfsynergy: -3 },
    subtypes: 
     { bosskey2: 2,
       claimcheck: 3,
       compass: 15,
       hearts3: 1,
       hearts4: 1.5,
       poachers: 0.5,
       songs5: 1.5,
       wallet: 0.75 },
    rowtypes: { bottle: 0, hookshot: 0.5, ms: 2.5 },
    name: '6 Maps',
    id: '6-maps',
    time: 12,
    goal: 
     { difficulty: 16,
       id: '6-maps',
       jp: 'マップ6つ',
       name: '6 Maps',
       rowtypes: [Object],
       skill: 0.5,
       subtypes: [Object],
       time: 12,
       types: [Object] },
    synergy: 0.5 },
  { difficulty: 13,
    desiredTime: 9.75,
    types: { fountain: 2, ice: 1.5, irons: 2, selfsynergy: 0 },
    subtypes: 
     { beans: 0.5,
       compass: 3,
       hearts3: 3,
       hearts4: 0.25,
       hovers: 1,
       map: 3 },
    rowtypes: { bottle: 0, hookshot: 0.5, ms: 100 },
    name: '5 Zora Area HPs',
    id: '5-zora-area-hps',
    time: 9,
    goal: 
     { difficulty: 12,
       id: '5-zora-area-hps',
       jp: 'ゾーラエリアのハートのかけら5つ以上',
       name: '5 Zora Area HPs',
       rowtypes: [Object],
       skill: 0.5,
       subtypes: [Object],
       time: 9,
       types: [Object] },
    synergy: 0.75 },
  { difficulty: 10,
    desiredTime: 7.5,
    types: { forest: 0.5, selfsynergy: 0 },
    subtypes: { wallet: 5 },
    rowtypes: { bottle: 0, hookshot: 100, ms: 10 },
    name: 'Stone of Agony',
    id: 'stone-of-agony',
    time: 8.25,
    goal: 
     { difficulty: 11,
       id: 'stone-of-agony',
       jp: 'もだえ石',
       name: 'Stone of Agony',
       rowtypes: [Object],
       skill: 0.5,
       subtypes: [Object],
       time: 8.25,
       types: [Object] },
    synergy: 4.75 },
  { difficulty: 11,
    desiredTime: 8.25,
    types: 
     { forest: 3,
       fortress: 3,
       gtg: 1,
       incforest: 100,
       meg: 4.25,
       quiver: 4.5,
       selfsynergy: 0 },
    subtypes: 
     { bosskey: 2,
       bosskey2: 5,
       childchu: -2.5,
       compass: 2,
       hearts4: 1,
       hovers: 1,
       map: 4,
       songs5: 1.75,
       wallet: 0.5 },
    rowtypes: { bottle: 0.5, hookshot: 100, ms: 100 },
    name: 'Defeat Amy (Green Poe)',
    id: 'defeat-amy-green-poe-',
    time: 9.25,
    goal: 
     { difficulty: 12,
       id: 'defeat-amy-green-poe-',
       jp: 'エイミー撃破(緑のポウ)ｴ',
       name: 'Defeat Amy (Green Poe)',
       rowtypes: [Object],
       skill: 0,
       subtypes: [Object],
       time: 9.25,
       types: [Object] },
    synergy: 7 },
  { difficulty: 8,
    desiredTime: 6,
    types: { childchu: 0, fortress: 2, selfsynergy: 0 },
    subtypes: 
     { bosskey: 1.5,
       child2: 1.5,
       hearts3: 0.5,
       hearts4: 0.25,
       hovers: 0.25,
       jabu: 0.5,
       map: 1.5,
       wallet: 2 },
    rowtypes: { bottle: 100, hookshot: 2, ms: 100 },
    name: 'All 4 Gerudo Valley area Skulltulas',
    id: 'all-4-gerudo-valley-area-skulltulas',
    time: 7,
    goal: 
     { difficulty: 9,
       id: 'all-4-gerudo-valley-area-skulltulas',
       jp: 'ゲルドの谷エリアの黄金のスタルチュラ4匹',
       name: 'All 4 Gerudo Valley area Skulltulas',
       rowtypes: [Object],
       skill: 0.25,
       subtypes: [Object],
       time: 7,
       types: [Object] },
    synergy: 6.25 },
  { difficulty: 25,
    desiredTime: 18.75,
    types: 
     { aganon: 3,
       bothzl: -4.25,
       czl: 4.25,
       dins: 3,
       dmc: 1,
       endon: -0.5,
       firearrow: 8,
       fortress: 2,
       hovers: 1.5,
       lightarrow: 10,
       magic: 2,
       poachers: 4.25,
       selfsynergy: 0 },
    subtypes: 
     { bosskey: 1,
       childchu: -2.5,
       chuczl: 2,
       gtunic: 0.25,
       hearts3: 1,
       hearts4: 0.5,
       songs5: 1 },
    rowtypes: { bottle: 100, hookshot: 100, ms: 6 },
    name: 'Get to the end of Forest Trial',
    id: 'get-to-the-end-of-forest-trial',
    time: 18.5,
    goal: 
     { difficulty: 25,
       id: 'get-to-the-end-of-forest-trial',
       jp: '森の結界の最後の部屋に到達',
       name: 'Get to the end of Forest Trial',
       rowtypes: [Object],
       skill: 0.5,
       subtypes: [Object],
       time: 18.5,
       types: [Object] },
    synergy: 0.25 },
  { difficulty: 2,
    desiredTime: 1.5,
    types: { childchu: 0, selfsynergy: 0 },
    subtypes: { compass: 1, map: 1 },
    rowtypes: { bottle: 0, hookshot: 0, ms: 0 },
    name: 'Map & Compass in Bottom of the Well',
    id: 'map-compass-in-bottom-of-the-well',
    time: 1,
    goal: 
     { difficulty: 1,
       id: 'map-compass-in-bottom-of-the-well',
       jp: '井戸の底のマップとコンパス',
       name: 'Map & Compass in Bottom of the Well',
       rowtypes: [Object],
       skill: 0,
       subtypes: [Object],
       time: 1,
       types: [Object] },
    synergy: 6.75 },
  { difficulty: 19,
    desiredTime: 14.25,
    types: 
     { bothzl: -4.25,
       czl: 4.25,
       hovers: 3,
       poachers: 4.25,
       selfsynergy: 0,
       shadow: 8 },
    subtypes: 
     { bosskey: 3.5,
       bosskey2: 6,
       childchu: -2.5,
       chuczl: 2,
       compass: 1,
       hearts3: 2,
       hearts4: 1,
       wallet: 1.5 },
    rowtypes: { bottle: 0, hookshot: 100, ms: 100 },
    name: 'Obtain all 5 Small Keys in Shadow Temple',
    id: 'obtain-all-5-small-keys-in-shadow-temple',
    time: 15.25,
    goal: 
     { difficulty: 20,
       id: 'obtain-all-5-small-keys-in-shadow-temple',
       jp: '闇の神殿の小さな鍵５つ取得',
       name: 'Obtain all 5 Small Keys in Shadow Temple',
       rowtypes: [Object],
       skill: 0.25,
       subtypes: [Object],
       time: 15.25,
       types: [Object] },
    synergy: 5 },
  meta: { iterations: 1 } ]
