[ ,
  { difficulty: 25,
    desiredTime: 18.75,
    types: 
     { endon: -1,
       fortress: 2.5,
       gtg: 1,
       hovers: 3,
       legitlacs: 100,
       selfsynergy: 0,
       spirit: 8 },
    subtypes: 
     { bosskey: 6,
       bosskey2: 6,
       compass: 1,
       hearts3: 3,
       hearts4: 1.5,
       map: 3,
       songs5: 1,
       wallet: 0.5 },
    rowtypes: { bottle: 0.5, hookshot: 100, ms: 100 },
    name: 'Defeat Twinrova',
    id: 'defeat-twinrova',
    time: 19,
    goal: 
     { difficulty: 25,
       id: 'defeat-twinrova',
       jp: 'ツインローバ撃破',
       name: 'Defeat Twinrova',
       rowtypes: [Object],
       skill: 1,
       subtypes: [Object],
       time: 19,
       types: [Object] },
    synergy: 0 },
  { difficulty: 7,
    desiredTime: 5.25,
    types: { childreset: 1.25, forest: 1, saria: 0.25, selfsynergy: 0 },
    subtypes: { songs5: 1, wallet: 2 },
    rowtypes: { bottle: 100, hookshot: 2, ms: 100 },
    name: 'All 4 Lost Woods area Skulltulas',
    id: 'all-4-lost-woods-area-skulltulas',
    time: 5.25,
    goal: 
     { difficulty: 7,
       id: 'all-4-lost-woods-area-skulltulas',
       jp: '迷いの森エリアの黄金のスタルチュラ4匹',
       name: 'All 4 Lost Woods area Skulltulas',
       rowtypes: [Object],
       skill: 0,
       subtypes: [Object],
       time: 5.25,
       types: [Object] },
    synergy: 6.75 },
  { difficulty: 4,
    desiredTime: 3,
    types: { dc: 1, selfsynergy: 0 },
    subtypes: { compass: 1.75, map: 1 },
    rowtypes: { bottle: 0, hookshot: 0, ms: 0 },
    name: 'Map & Compass in Dodongo\'s Cavern',
    id: 'map-compass-in-dodongo-s-cavern',
    time: 2,
    goal: 
     { difficulty: 3,
       id: 'map-compass-in-dodongo-s-cavern',
       jp: 'ドドンゴの洞窟のマップとコンパス',
       name: 'Map & Compass in Dodongo\'s Cavern',
       rowtypes: [Object],
       skill: 0,
       subtypes: [Object],
       time: 2,
       types: [Object] },
    synergy: 1.25 },
  { difficulty: 16,
    desiredTime: 12,
    types: { dmc: 1, fire: 4.75, gtunic: 1, selfsynergy: 0 },
    subtypes: 
     { bosskey: 2,
       compass: 2,
       hearts3: 0.5,
       hearts4: 1,
       hovers: 0.25,
       map: 3,
       songs5: 1.25,
       wallet: 2.5 },
    rowtypes: { bottle: 0, hookshot: 100, ms: 100 },
    name: 'All 5 Skulltulas in Fire Temple',
    id: 'all-5-skulltulas-in-fire-temple',
    time: 11.5,
    goal: 
     { difficulty: 15,
       id: 'all-5-skulltulas-in-fire-temple',
       jp: '炎の神殿の黄金のスタルチュラ5匹',
       name: 'All 5 Skulltulas in Fire Temple',
       rowtypes: [Object],
       skill: 0.5,
       subtypes: [Object],
       time: 11.5,
       types: [Object] },
    synergy: 4.5 },
  { difficulty: 13,
    desiredTime: 9.75,
    types: { dc: 2, deku: 3, fountain: 2, selfsynergy: 0 },
    subtypes: { compass: 4, hearts4: 1.5, jabu: 3, map: 4, wallet: 2 },
    rowtypes: { bottle: 0, hookshot: 0.5, ms: 0 },
    name: '1 Skulltula from each Child Dungeon',
    id: '1-skulltula-from-each-child-dungeon',
    time: 10.25,
    goal: 
     { difficulty: 14,
       id: '1-skulltula-from-each-child-dungeon',
       jp: '全ての子供ダンジョンからスタルチュラ最低1匹ずつ',
       name: '1 Skulltula from each Child Dungeon',
       rowtypes: [Object],
       skill: 0.5,
       subtypes: [Object],
       time: 10.25,
       types: [Object] },
    synergy: 5 },
  { difficulty: 19,
    desiredTime: 14.25,
    types: 
     { childchu: 0,
       childtrade: 2.75,
       chuczl: 2,
       czl: 5,
       dins: 3,
       dmc: 1.5,
       magic: 2,
       selfsynergy: 0 },
    subtypes: 
     { cganon: 2,
       child2: 5.5,
       childreset: 1.25,
       compass: 2,
       hearts3: 3.5,
       hearts4: 1,
       map: 2,
       songs4: 1.75,
       wallet: 0.5 },
    rowtypes: { bottle: 0, hookshot: 0, ms: 0 },
    name: 'Din\'s Fire',
    id: 'din-s-fire',
    time: 14.25,
    goal: 
     { difficulty: 19,
       id: 'din-s-fire',
       jp: 'ディンの炎',
       name: 'Din\'s Fire',
       rowtypes: [Object],
       skill: 0,
       subtypes: [Object],
       time: 14.25,
       types: [Object] },
    synergy: 3.75 },
  { difficulty: 11,
    desiredTime: 8.25,
    types: 
     { incsongs: 100,
       poachers: 4.25,
       selfsynergy: 0,
       songs4: 2,
       songs5: 3.25 },
    subtypes: 
     { aganon: 0.25,
       bosskey: 1.5,
       child2: 2,
       childchu: -2.5,
       hearts3: 0.5,
       wallet: 0.5 },
    rowtypes: { bottle: 100, hookshot: 0.5, ms: 100 },
    name: '7 Songs',
    id: '7-songs',
    time: 7.25,
    goal: 
     { difficulty: 10,
       id: '7-songs',
       jp: '歌7つ以上',
       name: '7 Songs',
       rowtypes: [Object],
       skill: 0,
       subtypes: [Object],
       time: 7.25,
       types: [Object] },
    synergy: 3 },
  { difficulty: 23,
    desiredTime: 17.25,
    types: 
     { dmc: 1,
       fire: 1.5,
       forest: 2.75,
       fortress: 2.5,
       gtg: 1,
       hovers: 3,
       selfsynergy: -3,
       shadow: 2,
       spirit: 3,
       water: 3 },
    subtypes: 
     { bosskey: 4,
       bosskey2: 3,
       childchu: -2.5,
       compass: 6,
       hearts3: 1,
       hearts4: 2.25,
       map: 6,
       songs5: 5,
       wallet: 4.5 },
    rowtypes: { bottle: 0.5, hookshot: 100, ms: 100 },
    name: '1 Skulltula from each Adult Dungeon',
    id: '1-skulltula-from-each-adult-dungeon',
    time: 18,
    goal: 
     { difficulty: 24,
       id: '1-skulltula-from-each-adult-dungeon',
       jp: '全ての大人ダンジョンからスタルチュラ最低1匹ずつ',
       name: '1 Skulltula from each Adult Dungeon',
       rowtypes: [Object],
       skill: 1,
       subtypes: [Object],
       time: 18,
       types: [Object] },
    synergy: 0 },
  { difficulty: 10,
    desiredTime: 7.5,
    types: { hearts3: 10, hearts4: 0.5, inchearts: 100, selfsynergy: -3 },
    subtypes: undefined,
    rowtypes: { bottle: 0, hookshot: 0.5, ms: 4 },
    name: '7 Hearts',
    id: '7-hearts',
    time: 8.5,
    goal: 
     { difficulty: 11,
       id: '7-hearts',
       jp: 'ハート7つ',
       name: '7 Hearts',
       rowtypes: [Object],
       skill: 0.5,
       time: 8.5,
       types: [Object] },
    synergy: 2.25 },
  { difficulty: 2,
    desiredTime: 1.5,
    types: { incsword: 100, selfsynergy: 0, swords: 3 },
    subtypes: { bulletbag: -3 },
    rowtypes: { bottle: 100, hookshot: 0, ms: 100 },
    name: 'Giant\'s Knife',
    id: 'giant-s-knife',
    time: 1,
    goal: 
     { difficulty: 1,
       id: 'giant-s-knife',
       jp: '巨人のナイフ',
       name: 'Giant\'s Knife',
       rowtypes: [Object],
       skill: 0,
       subtypes: [Object],
       time: 1,
       types: [Object] },
    synergy: 0.5 },
  { difficulty: 8,
    desiredTime: 6,
    types: { dc: 2, longshot: 4, selfsynergy: 0, water: 3 },
    subtypes: 
     { bbprize: -6,
       compass: 3.5,
       hearts4: 1,
       hovers: 0.5,
       map: 3.5,
       poachers: 1.25,
       wallet: 0.25 },
    rowtypes: { bottle: 100, hookshot: 100, ms: 10 },
    name: 'Defeat Dark Link',
    id: 'defeat-dark-link',
    time: 7,
    goal: 
     { difficulty: 9,
       id: 'defeat-dark-link',
       jp: 'ダークリンク撃破',
       name: 'Defeat Dark Link',
       rowtypes: [Object],
       skill: 0.25,
       subtypes: [Object],
       time: 7,
       types: [Object] },
    synergy: 4.25 },
  { difficulty: 5,
    desiredTime: 3.75,
    types: { fountain: 2, ice: 1.5, irons: 0.5, selfsynergy: 0 },
    subtypes: { compass: 3, hearts3: 1, hovers: 0.5, map: 3, wallet: 1.75 },
    rowtypes: { bottle: 0, hookshot: 1.5, ms: 1 },
    name: 'All 3 Skulltulas in Ice Cavern',
    id: 'all-3-skulltulas-in-ice-cavern',
    time: 4.25,
    goal: 
     { difficulty: 6,
       id: 'all-3-skulltulas-in-ice-cavern',
       jp: '氷の洞窟の黄金のスタルチュラ3匹',
       name: 'All 3 Skulltulas in Ice Cavern',
       rowtypes: [Object],
       skill: 0.25,
       subtypes: [Object],
       time: 4.25,
       types: [Object] },
    synergy: 4.75 },
  { difficulty: 17,
    desiredTime: 12.75,
    types: 
     { dmc: 1,
       endon: -0.5,
       fire: 9,
       forest: 1,
       gtunic: 1.75,
       selfsynergy: 0 },
    subtypes: 
     { aganon: 1,
       bosskey: 2,
       compass: 4,
       hearts3: 3.5,
       hearts4: 2,
       hovers: 0.25,
       lightarrow: 3.5,
       map: 2.5,
       pg: 1,
       songs5: 1.25,
       wallet: 0.25 },
    rowtypes: { bottle: 100, hookshot: 0.25, ms: 100 },
    name: 'Defeat Volvagia',
    id: 'defeat-volvagia',
    time: 12.5,
    goal: 
     { difficulty: 17,
       id: 'defeat-volvagia',
       jp: 'ヴァルバジア撃破',
       name: 'Defeat Volvagia',
       rowtypes: [Object],
       skill: 0.25,
       subtypes: [Object],
       time: 12.5,
       types: [Object] },
    synergy: 0.25 },
  { difficulty: 14,
    desiredTime: 10.5,
    types: 
     { aganon: 3,
       bganon: -3,
       bosskey: 12,
       cganon: 3,
       incbk: 100,
       selfsynergy: -2 },
    subtypes: { compass: 2, hearts3: 2, hearts4: 1, map: 4 },
    rowtypes: { bottle: 0.5, hookshot: 100, ms: 100 },
    name: '3 Boss Keys',
    id: '3-boss-keys',
    time: 10.25,
    goal: 
     { difficulty: 14,
       id: '3-boss-keys',
       jp: 'ボス部屋の鍵3つ',
       name: '3 Boss Keys',
       rowtypes: [Object],
       skill: 0.25,
       subtypes: [Object],
       time: 10.25,
       types: [Object] },
    synergy: 4.75 },
  { difficulty: 21,
    desiredTime: 15.75,
    types: { fortress: 2.5, hovers: 3, selfsynergy: 0, spirit: 5 },
    subtypes: 
     { bosskey: 2,
       bosskey2: 5,
       compass: 2.5,
       hearts4: 0.5,
       map: 3,
       songs5: 1,
       wallet: 2.5 },
    rowtypes: { bottle: 0.5, hookshot: 100, ms: 4 },
    name: 'All 5 Skulltulas in Spirit Temple',
    id: 'all-5-skulltulas-in-spirit-temple',
    time: 14.75,
    goal: 
     { difficulty: 20,
       id: 'all-5-skulltulas-in-spirit-temple',
       jp: '魂の神殿の黄金のスタルチュラ5匹',
       name: 'All 5 Skulltulas in Spirit Temple',
       rowtypes: [Object],
       skill: 0.75,
       subtypes: [Object],
       time: 14.75,
       types: [Object] },
    synergy: 1.5 },
  { difficulty: 12,
    desiredTime: 9,
    types: { selfsynergy: 0, wallet: 5 },
    subtypes: { bulletbag: 100, childchu: -2.5 },
    rowtypes: { bottle: 100, hookshot: 2, ms: 7 },
    name: '500 Rupees',
    id: '500-rupees',
    time: 8.25,
    goal: 
     { difficulty: 11,
       id: '500-rupees',
       jp: '500ルピー',
       name: '500 Rupees',
       rowtypes: [Object],
       skill: 0.25,
       subtypes: [Object],
       time: 8.25,
       types: [Object] },
    synergy: 0.25 },
  { difficulty: 24,
    desiredTime: 18,
    types: 
     { childchu: 0,
       childreset: 1.25,
       childtrade: 2.75,
       chuczl: 2,
       czl: 5,
       saria: 5,
       selfsynergy: -1,
       strength: 100 },
    subtypes: 
     { bombbag: 100,
       bulletbag: 100,
       cganon: 2,
       hearts3: 3,
       hearts4: 1,
       songs4: 3,
       wallet: 0.5 },
    rowtypes: { bottle: 100, hookshot: 0, ms: 100 },
    name: 'Green Gauntlets',
    id: 'green-gauntlets',
    time: 17.75,
    goal: 
     { difficulty: 24,
       id: 'green-gauntlets',
       jp: '緑のグローブ',
       name: 'Green Gauntlets',
       rowtypes: [Object],
       skill: 0,
       subtypes: [Object],
       time: 17.75,
       types: [Object] },
    synergy: 0.25 },
  { difficulty: 6,
    desiredTime: 4.5,
    types: { fortress: 2.5, selfsynergy: 0 },
    subtypes: { hearts4: 0.5, hovers: 0.5, map: 2, wallet: 1.25 },
    rowtypes: { bottle: 0, hookshot: 100, ms: 100 },
    name: 'Both Gerudo\'s Fortress area Skulltulas',
    id: 'both-gerudo-s-fortress-area-skulltulas',
    time: 4.5,
    goal: 
     { difficulty: 6,
       id: 'both-gerudo-s-fortress-area-skulltulas',
       jp: 'ゲルドの砦の黄金のスタルチュラ2匹',
       name: 'Both Gerudo\'s Fortress area Skulltulas',
       rowtypes: [Object],
       skill: 0.25,
       subtypes: [Object],
       time: 4.5,
       types: [Object] },
    synergy: 4.25 },
  { difficulty: 3,
    desiredTime: 2.25,
    types: { dmc: 0.75, selfsynergy: 0 },
    subtypes: { bosskey: 1.5, gtunic: 0.25, hearts3: 0.5, songs5: 1.25 },
    rowtypes: { bottle: 0, hookshot: 0.25, ms: 100 },
    name: 'Bolero of Fire',
    id: 'bolero-of-fire',
    time: 1.5,
    goal: 
     { difficulty: 2,
       id: 'bolero-of-fire',
       jp: '炎のボレロ',
       name: 'Bolero of Fire',
       rowtypes: [Object],
       skill: 0,
       subtypes: [Object],
       time: 1.5,
       types: [Object] },
    synergy: 6 },
  { difficulty: 20,
    desiredTime: 15,
    types: 
     { aganon: 3,
       dmc: 1,
       endon: -0.5,
       fire: 7,
       gtunic: 1,
       lightarrow: 10,
       selfsynergy: 0 },
    subtypes: 
     { bosskey: 4.5,
       compass: 4,
       hearts3: 2.5,
       hearts4: 1,
       hovers: 0.25,
       map: 2,
       pg: 2,
       poachers: 3,
       songs5: 1.25,
       wallet: 0.5 },
    rowtypes: { bottle: 100, hookshot: 0.5, ms: 100 },
    name: 'Get to the end of Water Trial',
    id: 'get-to-the-end-of-water-trial',
    time: 15,
    goal: 
     { difficulty: 20,
       id: 'get-to-the-end-of-water-trial',
       jp: '水の結界の最後の部屋に到達',
       name: 'Get to the end of Water Trial',
       rowtypes: [Object],
       skill: 0.5,
       subtypes: [Object],
       time: 15,
       types: [Object] },
    synergy: 1.75 },
  { difficulty: 1,
    desiredTime: 0.75,
    types: { selfsynergy: 0, sticks: 100 },
    subtypes: { bulletbag: 100, childchu: -0.5 },
    rowtypes: { bottle: 100, hookshot: 0, ms: 2 },
    name: 'Exactly 30 Deku Sticks',
    id: 'exactly-30-deku-sticks',
    time: 1.5,
    goal: 
     { difficulty: 2,
       id: 'exactly-30-deku-sticks',
       jp: 'デクの棒30本',
       name: 'Exactly 30 Deku Sticks',
       rowtypes: [Object],
       skill: 0,
       subtypes: [Object],
       time: 1.5,
       types: [Object] },
    synergy: 0 },
  { difficulty: 18,
    desiredTime: 13.5,
    types: 
     { fountain: 2,
       ice: 1.5,
       inclhskull: 100,
       irons: 2,
       selfsynergy: 0,
       water: 1 },
    subtypes: 
     { bottleslot: 2,
       child2: 3,
       compass: 4,
       hearts3: 1,
       hearts4: 0.25,
       hovers: 0.5,
       map: 4,
       wallet: 3 },
    rowtypes: { bottle: 100, hookshot: 100, ms: 100 },
    name: 'All 5 Lake Hylia Skulltulas',
    id: 'all-5-lake-hylia-skulltulas',
    time: 12.5,
    goal: 
     { difficulty: 17,
       id: 'all-5-lake-hylia-skulltulas',
       jp: 'ハイリア湖畔エリアの黄金のスタルチュラ5匹',
       name: 'All 5 Lake Hylia Skulltulas',
       rowtypes: [Object],
       skill: 0.5,
       subtypes: [Object],
       time: 12.5,
       types: [Object] },
    synergy: 6 },
  { difficulty: 15,
    desiredTime: 11.25,
    types: 
     { bothzl: -4.25,
       czl: 4.25,
       dmc: 1,
       fountain: 2,
       magic: 2,
       poachers: 4.25,
       selfsynergy: 0 },
    subtypes: 
     { aganon: 0.25,
       childchu: -2.5,
       chuczl: 2,
       compass: 2,
       gtunic: 0.25,
       hearts3: 2.5,
       map: 2,
       wallet: 0.5 },
    rowtypes: { bottle: 0, hookshot: 0.5, ms: 3 },
    name: 'Farore\'s Wind',
    id: 'farore-s-wind',
    time: 11.5,
    goal: 
     { difficulty: 15,
       id: 'farore-s-wind',
       jp: 'フロルの風',
       name: 'Farore\'s Wind',
       rowtypes: [Object],
       skill: 0,
       subtypes: [Object],
       time: 11.5,
       types: [Object] },
    synergy: 5.25 },
  { difficulty: 22,
    desiredTime: 16.5,
    types: 
     { bothzl: -4.25,
       czl: 4.25,
       fortress: 3,
       hovers: 3,
       poachers: 4.25,
       quiver: 1.5,
       selfsynergy: 0,
       spirit: 5 },
    subtypes: 
     { aganon: 0.25,
       bosskey: 2,
       bosskey2: 4,
       childchu: -2.5,
       chuczl: 2,
       compass: 4,
       hearts3: 1,
       hearts4: 0.25,
       map: 3,
       songs5: 1,
       wallet: 1 },
    rowtypes: { bottle: 100, hookshot: 100, ms: 5 },
    name: 'Map & Compass in Spirit Temple',
    id: 'map-compass-in-spirit-temple',
    time: 17.75,
    goal: 
     { difficulty: 24,
       id: 'map-compass-in-spirit-temple',
       jp: '魂の神殿のマップとコンパス',
       name: 'Map & Compass in Spirit Temple',
       rowtypes: [Object],
       skill: 1,
       subtypes: [Object],
       time: 17.75,
       types: [Object] },
    synergy: 7 },
  { difficulty: 9,
    desiredTime: 6.75,
    types: { beans: 6, childreset: 0.5, incbeans: 100, selfsynergy: 0 },
    subtypes: { child2: 3, gerudo: 0.5, wallet: 0.25 },
    rowtypes: { bottle: 0, hookshot: 0, ms: 0 },
    name: '7 Magic Beans',
    id: '7-magic-beans',
    time: 6.25,
    goal: 
     { difficulty: 8,
       id: '7-magic-beans',
       jp: '魔法のマメ7つ以上',
       name: '7 Magic Beans',
       rowtypes: [Object],
       skill: 0.25,
       subtypes: [Object],
       time: 6.25,
       types: [Object] },
    synergy: 6.5 },
  meta: { iterations: 2 } ]
