[ ,
  { difficulty: 15,
    desiredTime: 11.25,
    types: 
     { childchu: 0,
       childtrade: 2.75,
       chuczl: 2,
       czl: 5,
       incctrade: 100,
       selfsynergy: 0 },
    subtypes: { cganon: 2, hearts3: 3, hearts4: 1, songs4: 1.75 },
    rowtypes: { bottle: 0, hookshot: 0, ms: 0 },
    name: 'Keaton Mask',
    id: 'keaton-mask',
    time: 10.25,
    goal: 
     { difficulty: 14,
       id: 'keaton-mask',
       jp: 'キータンのお面',
       name: 'Keaton Mask',
       rowtypes: [Object],
       skill: 0,
       subtypes: [Object],
       time: 10.25,
       types: [Object] },
    synergy: 7 },
  { difficulty: 22,
    desiredTime: 16.5,
    types: 
     { child2: 5,
       dins: 1,
       endon: 0,
       forest: 3,
       hovers: 3,
       incfboss: 100,
       pg: 2.25,
       selfsynergy: 0 },
    subtypes: 
     { bosskey2: 2,
       compass: 1,
       hearts3: 3,
       hearts4: 1,
       map: 2,
       songs4: 1.5,
       songs5: 2,
       wallet: 2.75 },
    rowtypes: { bottle: 100, hookshot: 100, ms: 100 },
    name: 'All 4 Market area Skulltulas',
    id: 'all-4-market-area-skulltulas',
    time: 17,
    goal: 
     { difficulty: 23,
       id: 'all-4-market-area-skulltulas',
       jp: '城下町エリアの黄金のスタルチュラ4匹',
       name: 'All 4 Market area Skulltulas',
       rowtypes: [Object],
       skill: 0.5,
       subtypes: [Object],
       time: 17,
       types: [Object] },
    synergy: 3 },
  { difficulty: 4,
    desiredTime: 3,
    types: { childreset: 1, lonlon: 1.75, selfsynergy: 0 },
    subtypes: { hearts3: 0.75, hearts4: 0.25 },
    rowtypes: { bottle: 0, hookshot: 0, ms: 0 },
    name: 'Lon Lon Ranch HP',
    id: 'lon-lon-ranch-hp',
    time: 3.5,
    goal: 
     { difficulty: 5,
       id: 'lon-lon-ranch-hp',
       jp: 'ロンロン牧場のハートのかけら',
       name: 'Lon Lon Ranch HP',
       rowtypes: [Object],
       skill: 0,
       subtypes: [Object],
       time: 3.5,
       types: [Object] },
    synergy: 5 },
  { difficulty: 16,
    desiredTime: 12,
    types: 
     { dc: 2,
       ice: 1.5,
       incwskull: 100,
       irons: 2,
       longshot: 2,
       selfsynergy: 0,
       water: 3 },
    subtypes: 
     { aganon: 0.25,
       bbprize: -4,
       childchu: -2.5,
       compass: 2.5,
       hearts3: 1.5,
       hearts4: 2.5,
       hovers: 0.25,
       map: 2.5,
       wallet: 1.5 },
    rowtypes: { bottle: 100, hookshot: 100, ms: 6 },
    name: '3 Skulltulas in Water Temple',
    id: '3-skulltulas-in-water-temple',
    time: 11.25,
    goal: 
     { difficulty: 15,
       id: '3-skulltulas-in-water-temple',
       jp: '水の神殿の黄金のスタルチュラ3匹以上',
       name: '3 Skulltulas in Water Temple',
       rowtypes: [Object],
       skill: 0.25,
       subtypes: [Object],
       time: 11.25,
       types: [Object] },
    synergy: 3.25 },
  { difficulty: 8,
    desiredTime: 6,
    types: { bulletbag: 100, childreset: 0.5, deku: 3, selfsynergy: 0 },
    subtypes: { czl: 3, hearts4: 1 },
    rowtypes: { bottle: 0, hookshot: 0, ms: 0 },
    name: 'Bullet Bag (40)',
    id: 'bullet-bag-40-',
    time: 5,
    goal: 
     { difficulty: 7,
       id: 'bullet-bag-40-',
       jp: 'デクのタネ袋(40)',
       name: 'Bullet Bag (40)',
       rowtypes: [Object],
       skill: 0,
       subtypes: [Object],
       time: 5,
       types: [Object] },
    synergy: 5 },
  { difficulty: 19,
    desiredTime: 14.25,
    types: { compass: 15, hovers: 3, selfsynergy: -3 },
    subtypes: 
     { bosskey2: 2,
       hearts3: 1.5,
       hearts4: 1,
       map: 15,
       poachers: 0.5,
       wallet: 1 },
    rowtypes: { bottle: 0, hookshot: 0.5, ms: 3 },
    name: '6 Compasses',
    id: '6-compasses',
    time: 14.75,
    goal: 
     { difficulty: 20,
       id: '6-compasses',
       jp: 'コンパス6つ',
       name: '6 Compasses',
       rowtypes: [Object],
       skill: 0.5,
       subtypes: [Object],
       time: 14.75,
       types: [Object] },
    synergy: 5.75 },
  { difficulty: 6,
    desiredTime: 4.5,
    types: { selfsynergy: 0 },
    subtypes: undefined,
    rowtypes: { bottle: 0, hookshot: 0, ms: 100 },
    name: 'Cow in House',
    id: 'cow-in-house',
    time: 4.5,
    goal: 
     { difficulty: 6,
       id: 'cow-in-house',
       jp: '牛(リンクの家)',
       name: 'Cow in House',
       rowtypes: [Object],
       skill: 0,
       time: 4.5,
       types: [Object] },
    synergy: 7 },
  { difficulty: 13,
    desiredTime: 9.75,
    types: { dc: 2, deku: 3, fountain: 2, selfsynergy: 0 },
    subtypes: { compass: 4, hearts4: 1.5, jabu: 3, map: 4, wallet: 2 },
    rowtypes: { bottle: 0, hookshot: 0.5, ms: 0 },
    name: '1 Skulltula from each Child Dungeon',
    id: '1-skulltula-from-each-child-dungeon',
    time: 10.25,
    goal: 
     { difficulty: 14,
       id: '1-skulltula-from-each-child-dungeon',
       jp: '全ての子供ダンジョンからスタルチュラ最低1匹ずつ',
       name: '1 Skulltula from each Child Dungeon',
       rowtypes: [Object],
       skill: 0.5,
       subtypes: [Object],
       time: 10.25,
       types: [Object] },
    synergy: 5.25 },
  { difficulty: 25,
    desiredTime: 18.75,
    types: 
     { fortress: 2.5,
       gtg: 1,
       hovers: 3,
       incboot: 100,
       incshield: 100,
       incsword: 100,
       inctunic: 100,
       selfsynergy: -1,
       spirit: 3.5,
       swords: 3 },
    subtypes: 
     { bosskey: 3.25,
       bosskey2: 5,
       compass: 4,
       hearts3: 1.5,
       hearts4: 0.75,
       map: 6,
       songs4: 1.5,
       songs5: 1,
       wallet: 1.5 },
    rowtypes: { bottle: 100, hookshot: 100, ms: 100 },
    name: '3 Swords, Tunics, Boots, and Shields',
    id: '3-swords-tunics-boots-and-shields',
    time: 19,
    goal: 
     { difficulty: 25,
       id: '3-swords-tunics-boots-and-shields',
       jp: '剣3種、服3種、靴3種、盾3種',
       name: '3 Swords, Tunics, Boots, and Shields',
       rowtypes: [Object],
       skill: 0.75,
       subtypes: [Object],
       time: 19,
       types: [Object] },
    synergy: 0 },
  { difficulty: 2,
    desiredTime: 1.5,
    types: { dmc: 1, fire: 0.25, firearrow: 2.5, selfsynergy: 0 },
    subtypes: { bosskey: 2.5, gtunic: 0.25, hearts3: 0.5, songs5: 1 },
    rowtypes: { bottle: 0.5, hookshot: 100, ms: 100 },
    name: 'Fire Temple Boss Key',
    id: 'fire-temple-boss-key',
    time: 2.5,
    goal: 
     { difficulty: 3,
       id: 'fire-temple-boss-key',
       jp: '炎の神殿のボス部屋の鍵',
       name: 'Fire Temple Boss Key',
       rowtypes: [Object],
       skill: 0,
       subtypes: [Object],
       time: 2.5,
       types: [Object] },
    synergy: 2.25 },
  { difficulty: 23,
    desiredTime: 17.25,
    types: 
     { bothzl: -4.25,
       czl: 4.25,
       hovers: 3,
       poachers: 4.25,
       selfsynergy: 0,
       shadow: 8 },
    subtypes: 
     { aganon: 0.25,
       bosskey: 3.5,
       bosskey2: 6,
       childchu: -2.5,
       chuczl: 2,
       compass: 1,
       hearts3: 2,
       hearts4: 1,
       wallet: 2.5 },
    rowtypes: { bottle: 100, hookshot: 100, ms: 100 },
    name: 'All 5 Skulltulas in Shadow Temple',
    id: 'all-5-skulltulas-in-shadow-temple',
    time: 16.25,
    goal: 
     { difficulty: 22,
       id: 'all-5-skulltulas-in-shadow-temple',
       jp: '闇の神殿の黄金のスタルチュラ5匹',
       name: 'All 5 Skulltulas in Shadow Temple',
       rowtypes: [Object],
       skill: 0.25,
       subtypes: [Object],
       time: 16.25,
       types: [Object] },
    synergy: 1 },
  { difficulty: 5,
    desiredTime: 3.75,
    types: { aganon: 3, bganon: -3, cganon: 3, endon: -0.5, selfsynergy: 0 },
    subtypes: 
     { bosskey: 4.25,
       childtrade: 1.5,
       czl: 1.5,
       hearts3: 2,
       hearts4: 1,
       wallet: 0.25 },
    rowtypes: { bottle: 100, hookshot: 0, ms: 0 },
    name: 'Ganon\'s Castle Boss Key',
    id: 'ganon-s-castle-boss-key',
    time: 4.25,
    goal: 
     { difficulty: 6,
       id: 'ganon-s-castle-boss-key',
       jp: 'ガノン城のボス部屋の鍵',
       name: 'Ganon\'s Castle Boss Key',
       rowtypes: [Object],
       skill: 0,
       subtypes: [Object],
       time: 4.25,
       types: [Object] },
    synergy: 1.5 },
  { difficulty: 17,
    desiredTime: 12.75,
    types: { childchu: 0, fortress: 2.5, selfsynergy: 0, spirit: 2.5 },
    subtypes: 
     { bosskey: 2,
       bosskey2: 4,
       child2: 5,
       childreset: 1.25,
       hearts4: 0.25,
       map: 1.5,
       songs5: 3,
       wallet: 2.25 },
    rowtypes: { bottle: 100, hookshot: 100, ms: 100 },
    name: 'All 4 Wasteland/ Colossus area Skulltulas',
    id: 'all-4-wasteland-colossus-area-skulltulas',
    time: 12,
    goal: 
     { difficulty: 16,
       id: 'all-4-wasteland-colossus-area-skulltulas',
       jp: '幻影の砂漠・巨大邪神像エリアの黄金のスタルチュラ4匹',
       name: 'All 4 Wasteland/ Colossus area Skulltulas',
       rowtypes: [Object],
       skill: 0.25,
       subtypes: [Object],
       time: 12,
       types: [Object] },
    synergy: 4.5 },
  { difficulty: 9,
    desiredTime: 6.75,
    types: { forest: 3, meg: 1, selfsynergy: 0 },
    subtypes: 
     { bosskey2: 5,
       compass: 1,
       hearts4: 1,
       hovers: 0.5,
       map: 2.75,
       songs5: 1.75,
       wallet: 2.75 },
    rowtypes: { bottle: 100, hookshot: 100, ms: 5 },
    name: 'All 5 Skulltulas in Forest Temple',
    id: 'all-5-skulltulas-in-forest-temple',
    time: 6.75,
    goal: 
     { difficulty: 9,
       id: 'all-5-skulltulas-in-forest-temple',
       jp: '森の神殿の黄金のスタルチュラ5匹',
       name: 'All 5 Skulltulas in Forest Temple',
       rowtypes: [Object],
       skill: 0.25,
       subtypes: [Object],
       time: 6.75,
       types: [Object] },
    synergy: 0 },
  { difficulty: 11,
    desiredTime: 8.25,
    types: { childchu: 0, dmc: 2, selfsynergy: 0 },
    subtypes: { child2: 3, czl: 0.5, hearts3: 0.5, wallet: 4 },
    rowtypes: { bottle: 100, hookshot: 0.25, ms: 100 },
    name: 'All 8 Death Mountain area Skulltulas',
    id: 'all-8-death-mountain-area-skulltulas',
    time: 8.25,
    goal: 
     { difficulty: 11,
       id: 'all-8-death-mountain-area-skulltulas',
       jp: 'デスマウンテンエリアの黄金のスタルチュラ8匹',
       name: 'All 8 Death Mountain area Skulltulas',
       rowtypes: [Object],
       skill: 0,
       subtypes: [Object],
       time: 8.25,
       types: [Object] },
    synergy: 3.75 },
  { difficulty: 7,
    desiredTime: 5.25,
    types: { fountain: 0.5, inclhskull: 100, selfsynergy: 0 },
    subtypes: { bottleslot: 2, child2: 2, wallet: 1.5 },
    rowtypes: { bottle: 1.5, hookshot: 0, ms: 0 },
    name: '3 Lake Hylia Skulltulas',
    id: '3-lake-hylia-skulltulas',
    time: 5.5,
    goal: 
     { difficulty: 7,
       id: '3-lake-hylia-skulltulas',
       jp: 'ハイリア湖畔エリアの黄金のスタルチュラ3匹以上',
       name: '3 Lake Hylia Skulltulas',
       rowtypes: [Object],
       skill: 0.25,
       subtypes: [Object],
       time: 5.5,
       types: [Object] },
    synergy: 5.5 },
  { difficulty: 14,
    desiredTime: 10.5,
    types: { dmc: 1, fire: 4.75, gtunic: 1, selfsynergy: 0 },
    subtypes: 
     { bosskey: 2,
       compass: 2,
       hearts3: 0.5,
       hearts4: 1,
       hovers: 0.25,
       map: 3,
       songs5: 1.25,
       wallet: 2.5 },
    rowtypes: { bottle: 0, hookshot: 100, ms: 100 },
    name: 'All 5 Skulltulas in Fire Temple',
    id: 'all-5-skulltulas-in-fire-temple',
    time: 11.5,
    goal: 
     { difficulty: 15,
       id: 'all-5-skulltulas-in-fire-temple',
       jp: '炎の神殿の黄金のスタルチュラ5匹',
       name: 'All 5 Skulltulas in Fire Temple',
       rowtypes: [Object],
       skill: 0.5,
       subtypes: [Object],
       time: 11.5,
       types: [Object] },
    synergy: 2.75 },
  { difficulty: 21,
    desiredTime: 15.75,
    types: 
     { aganon: 3,
       endon: -0.5,
       fortress: 2.5,
       gtg: 1,
       hovers: 3,
       quiver: 1.5,
       selfsynergy: 0,
       spirit: 3.5 },
    subtypes: 
     { bosskey: 4.5,
       bosskey2: 5,
       compass: 1,
       hearts3: 0.5,
       hearts4: 0.5,
       map: 3,
       wallet: 1 },
    rowtypes: { bottle: 100, hookshot: 100, ms: 100 },
    name: 'Get to the end of Spirit Trial',
    id: 'get-to-the-end-of-spirit-trial',
    time: 15,
    goal: 
     { difficulty: 20,
       id: 'get-to-the-end-of-spirit-trial',
       jp: '魂の結界の最後の部屋に到達',
       name: 'Get to the end of Spirit Trial',
       rowtypes: [Object],
       skill: 0.75,
       subtypes: [Object],
       time: 15,
       types: [Object] },
    synergy: 7 },
  { difficulty: 3,
    desiredTime: 2.25,
    types: { fountain: 1, selfsynergy: 0 },
    subtypes: { bottleslot: 4, strength: 100, wallet: 100 },
    rowtypes: { bottle: 0, hookshot: 0, ms: 0 },
    name: 'Silver Scale',
    id: 'silver-scale',
    time: 3,
    goal: 
     { difficulty: 4,
       id: 'silver-scale',
       jp: '銀のウロコ',
       name: 'Silver Scale',
       rowtypes: [Object],
       skill: 0,
       subtypes: [Object],
       time: 3,
       types: [Object] },
    synergy: 6.25 },
  { difficulty: 20,
    desiredTime: 15,
    types: { childchu: 0, hovers: 3, map: 20, selfsynergy: -3 },
    subtypes: 
     { bosskey2: 2,
       claimcheck: 6,
       compass: 20,
       hearts3: 1,
       hearts4: 2.5,
       poachers: 1.25,
       songs5: 1.5,
       wallet: 0.75 },
    rowtypes: { bottle: 0.5, hookshot: 1, ms: 4 },
    name: '7 Maps',
    id: '7-maps',
    time: 16,
    goal: 
     { difficulty: 21,
       id: '7-maps',
       jp: 'マップ7つ',
       name: '7 Maps',
       rowtypes: [Object],
       skill: 0.5,
       subtypes: [Object],
       time: 16,
       types: [Object] },
    synergy: 0 },
  { difficulty: 1,
    desiredTime: 0.75,
    types: { forest: 1.75, incforest: 100, selfsynergy: 0 },
    subtypes: { bosskey2: 1.75, lightarrow: -1.5, songs5: 1.75, wallet: 0.5 },
    rowtypes: { bottle: 0, hookshot: 0, ms: 100 },
    name: 'Minuet of Forest',
    id: 'minuet-of-forest',
    time: 1.75,
    goal: 
     { difficulty: 2,
       id: 'minuet-of-forest',
       jp: '森のメヌエット',
       name: 'Minuet of Forest',
       rowtypes: [Object],
       skill: 0,
       subtypes: [Object],
       time: 1.75,
       types: [Object] },
    synergy: 3.5 },
  { difficulty: 18,
    desiredTime: 13.5,
    types: 
     { endon: -0.5,
       fortress: 2.5,
       gtg: 1,
       hovers: 3,
       selfsynergy: 0,
       spirit: 8 },
    subtypes: 
     { bosskey: 6,
       bosskey2: 6,
       compass: 1,
       hearts4: 0.25,
       map: 3,
       songs5: 1,
       wallet: 0.5 },
    rowtypes: { bottle: 0.5, hookshot: 100, ms: 100 },
    name: 'Defeat Nabooru-Knuckle',
    id: 'defeat-nabooru-knuckle',
    time: 13,
    goal: 
     { difficulty: 17,
       id: 'defeat-nabooru-knuckle',
       jp: 'アイアンナック(ナボール)撃破',
       name: 'Defeat Nabooru-Knuckle',
       rowtypes: [Object],
       skill: 1,
       subtypes: [Object],
       time: 13,
       types: [Object] },
    synergy: 0.5 },
  { difficulty: 10,
    desiredTime: 7.5,
    types: { hearts3: 10, hearts4: 0.5, inchearts: 100, selfsynergy: -3 },
    subtypes: undefined,
    rowtypes: { bottle: 0, hookshot: 0.5, ms: 4 },
    name: '7 Hearts',
    id: '7-hearts',
    time: 8.5,
    goal: 
     { difficulty: 11,
       id: '7-hearts',
       jp: 'ハート7つ',
       name: '7 Hearts',
       rowtypes: [Object],
       skill: 0.5,
       time: 8.5,
       types: [Object] },
    synergy: 5.25 },
  { difficulty: 12,
    desiredTime: 9,
    types: { fountain: 2, ice: 1.5, irons: 2, selfsynergy: 0 },
    subtypes: 
     { beans: 0.5,
       compass: 3,
       hearts3: 3,
       hearts4: 0.25,
       hovers: 1,
       map: 3 },
    rowtypes: { bottle: 0, hookshot: 0.5, ms: 100 },
    name: '5 Zora Area HPs',
    id: '5-zora-area-hps',
    time: 9,
    goal: 
     { difficulty: 12,
       id: '5-zora-area-hps',
       jp: 'ゾーラエリアのハートのかけら5つ以上',
       name: '5 Zora Area HPs',
       rowtypes: [Object],
       skill: 0.5,
       subtypes: [Object],
       time: 9,
       types: [Object] },
    synergy: 5 },
  { difficulty: 24,
    desiredTime: 18,
    types: 
     { aganon: 3,
       bothzl: -4.25,
       czl: 4.25,
       dins: 3,
       dmc: 1,
       endon: -0.5,
       firearrow: 8,
       fortress: 2,
       hovers: 1.5,
       lightarrow: 10,
       magic: 2,
       poachers: 4.25,
       selfsynergy: 0 },
    subtypes: 
     { bosskey: 1,
       childchu: -2.5,
       chuczl: 2,
       gtunic: 0.25,
       hearts3: 1,
       hearts4: 0.5,
       songs5: 1 },
    rowtypes: { bottle: 100, hookshot: 100, ms: 6 },
    name: 'Get to the end of Forest Trial',
    id: 'get-to-the-end-of-forest-trial',
    time: 18.5,
    goal: 
     { difficulty: 25,
       id: 'get-to-the-end-of-forest-trial',
       jp: '森の結界の最後の部屋に到達',
       name: 'Get to the end of Forest Trial',
       rowtypes: [Object],
       skill: 0.5,
       subtypes: [Object],
       time: 18.5,
       types: [Object] },
    synergy: 0 },
  meta: { iterations: 1 } ]
