[ ,
  { difficulty: 25,
    desiredTime: 18.75,
    types: 
     { aganon: 3,
       bothzl: -4.25,
       czl: 4.25,
       dins: 3,
       dmc: 1,
       endon: -0.5,
       firearrow: 8,
       fortress: 2,
       hovers: 1.5,
       lightarrow: 10,
       magic: 2,
       poachers: 4.25,
       selfsynergy: 0 },
    subtypes: 
     { bosskey: 1,
       childchu: -2.5,
       chuczl: 2,
       gtunic: 0.25,
       hearts3: 1,
       hearts4: 0.5,
       songs5: 1 },
    rowtypes: { bottle: 100, hookshot: 100, ms: 6 },
    name: 'Get to the end of Forest Trial',
    id: 'get-to-the-end-of-forest-trial',
    time: 18.5,
    goal: 
     { difficulty: 25,
       id: 'get-to-the-end-of-forest-trial',
       jp: '森の結界の最後の部屋に到達',
       name: 'Get to the end of Forest Trial',
       rowtypes: [Object],
       skill: 0.5,
       subtypes: [Object],
       time: 18.5,
       types: [Object] },
    synergy: 0.25 },
  { difficulty: 17,
    desiredTime: 12.75,
    types: { dmc: 1, fire: 8, gtunic: 1, selfsynergy: 0 },
    subtypes: 
     { bosskey: 2.25,
       compass: 4,
       hearts3: 0.5,
       hearts4: 1,
       hovers: 0.25,
       map: 2,
       songs5: 1.25,
       wallet: 0.5 },
    rowtypes: { bottle: 0.5, hookshot: 0.5, ms: 100 },
    name: 'Free all 9 gorons in Fire Temple',
    id: 'free-all-9-gorons-in-fire-temple',
    time: 14.75,
    goal: 
     { difficulty: 20,
       id: 'free-all-9-gorons-in-fire-temple',
       jp: '炎の神殿で９人のゴロンを全員救う',
       name: 'Free all 9 gorons in Fire Temple',
       rowtypes: [Object],
       skill: 0.25,
       subtypes: [Object],
       time: 14.75,
       types: [Object] },
    synergy: 4.75 },
  { difficulty: 4,
    desiredTime: 3,
    types: { beans: 3, childreset: 0.5, incbeans: 100, selfsynergy: 0 },
    subtypes: { child2: 3, wallet: 0.25 },
    rowtypes: { bottle: 0, hookshot: 0, ms: 0 },
    name: '5 Magic Beans',
    id: '5-magic-beans',
    time: 2.5,
    goal: 
     { difficulty: 3,
       id: '5-magic-beans',
       jp: '魔法のマメ5つ以上',
       name: '5 Magic Beans',
       rowtypes: [Object],
       skill: 0,
       subtypes: [Object],
       time: 2.5,
       types: [Object] },
    synergy: 3.75 },
  { difficulty: 11,
    desiredTime: 8.25,
    types: { selfsynergy: 0, wallet: 5 },
    subtypes: { bulletbag: 100, childchu: -2.5 },
    rowtypes: { bottle: 100, hookshot: 2, ms: 7 },
    name: '500 Rupees',
    id: '500-rupees',
    time: 8.25,
    goal: 
     { difficulty: 11,
       id: '500-rupees',
       jp: '500ルピー',
       name: '500 Rupees',
       rowtypes: [Object],
       skill: 0.25,
       subtypes: [Object],
       time: 8.25,
       types: [Object] },
    synergy: 4.25 },
  { difficulty: 8,
    desiredTime: 6,
    types: 
     { endon: -0.25,
       fortress: 3,
       gtg: 3,
       incgtgkey: 100,
       selfsynergy: 0 },
    subtypes: { bosskey: 3, hearts4: 0.25, hovers: 0.5, map: 3, wallet: 0.25 },
    rowtypes: { bottle: 0, hookshot: 1, ms: 0 },
    name: '4 unused keys in Gerudo Training Grounds',
    id: '4-unused-keys-in-gerudo-training-grounds',
    time: 5.25,
    goal: 
     { difficulty: 7,
       id: '4-unused-keys-in-gerudo-training-grounds',
       jp: 'ゲルドの修練場の未使用の鍵4つ',
       name: '4 unused keys in Gerudo Training Grounds',
       rowtypes: [Object],
       skill: 0.25,
       subtypes: [Object],
       time: 5.25,
       types: [Object] },
    synergy: 3.25 },
  { difficulty: 14,
    desiredTime: 10.5,
    types: { childchu: 0, fountain: 2, jabu: 8, selfsynergy: 0 },
    subtypes: 
     { child2: 3.5,
       childreset: 1.25,
       compass: 2.5,
       hearts3: 4,
       hearts4: 1,
       map: 3,
       wallet: 0.5 },
    rowtypes: { bottle: 0, hookshot: 0, ms: 0 },
    name: 'Beat Jabu-Jabu\'s Belly',
    id: 'beat-jabu-jabu-s-belly',
    time: 12.5,
    goal: 
     { difficulty: 17,
       id: 'beat-jabu-jabu-s-belly',
       jp: 'ジャブジャブ様のお腹クリア',
       name: 'Beat Jabu-Jabu\'s Belly',
       rowtypes: [Object],
       skill: 0.25,
       subtypes: [Object],
       time: 12.5,
       types: [Object] },
    synergy: 6.75 },
  { difficulty: 6,
    desiredTime: 4.5,
    types: 
     { bothzl: -4.25,
       incsongs: 100,
       poachers: 4.25,
       selfsynergy: 0,
       songs4: 3,
       songs5: 2 },
    subtypes: { czl: 1, hearts3: 0.5, saria: 2, wallet: 0.25 },
    rowtypes: { bottle: 100, hookshot: 0.5, ms: 3 },
    name: '3 songs',
    id: '3-songs',
    time: 4.25,
    goal: 
     { difficulty: 6,
       id: '3-songs',
       jp: '歌3つ以上',
       name: '3 songs',
       rowtypes: [Object],
       skill: 0,
       subtypes: [Object],
       time: 4.25,
       types: [Object] },
    synergy: 5.5 },
  { difficulty: 23,
    desiredTime: 17.25,
    types: 
     { endon: -0.5,
       fortress: 2.5,
       fountain: 2,
       gtg: 1,
       hovers: 3,
       ice: 1.5,
       incboot: 100,
       incshield: 100,
       irons: 2,
       selfsynergy: 0,
       spirit: 3.5 },
    subtypes: 
     { bosskey: 3,
       bosskey2: 5,
       compass: 4,
       hearts3: 1.5,
       hearts4: 0.75,
       map: 6,
       songs4: 1.5,
       songs5: 1,
       wallet: 1.5 },
    rowtypes: { bottle: 0.5, hookshot: 100, ms: 7.5 },
    name: '3 Shields & 3 Boots',
    id: '3-shields-3-boots',
    time: 17.25,
    goal: 
     { difficulty: 23,
       id: '3-shields-3-boots',
       jp: '盾3種、靴3種',
       name: '3 Shields & 3 Boots',
       rowtypes: [Object],
       skill: 0.75,
       subtypes: [Object],
       time: 17.25,
       types: [Object] },
    synergy: 0 },
  { difficulty: 20,
    desiredTime: 15,
    types: { dmc: 1, fire: 10, forest: 2, gtunic: 1.75, selfsynergy: 0 },
    subtypes: 
     { bosskey: 2,
       compass: 4,
       hearts3: 2.5,
       hearts4: 2,
       hovers: 0.25,
       lightarrow: 3,
       map: 2,
       pg: 1,
       songs5: 2.5,
       wallet: 0.25 },
    rowtypes: { bottle: 0.5, hookshot: 0.5, ms: 100 },
    name: 'Fire Medallion',
    id: 'fire-medallion',
    time: 14.25,
    goal: 
     { difficulty: 19,
       id: 'fire-medallion',
       jp: '炎のメダル',
       name: 'Fire Medallion',
       rowtypes: [Object],
       skill: 0.25,
       subtypes: [Object],
       time: 14.25,
       types: [Object] },
    synergy: 5.75 },
  { difficulty: 2,
    desiredTime: 1.5,
    types: { bulletbag: 100, selfsynergy: 0 },
    subtypes: { hearts4: 1 },
    rowtypes: { bottle: 0, hookshot: 0, ms: 0 },
    name: 'Bullet Bag (50)',
    id: 'bullet-bag-50-',
    time: 0.5,
    goal: 
     { difficulty: 1,
       id: 'bullet-bag-50-',
       jp: 'デクのタネ袋(50)',
       name: 'Bullet Bag (50)',
       rowtypes: [Object],
       skill: 0,
       subtypes: [Object],
       time: 0.5,
       types: [Object] },
    synergy: 6.75 },
  { difficulty: 18,
    desiredTime: 13.5,
    types: 
     { child2: 5,
       endon: 0,
       forest: 3,
       hovers: 3,
       pg: 2.25,
       selfsynergy: 0 },
    subtypes: 
     { bosskey2: 3,
       compass: 1,
       hearts3: 4,
       hearts4: 1.25,
       map: 2,
       songs4: 1.5,
       songs5: 2,
       wallet: 1 },
    rowtypes: { bottle: 100, hookshot: 100, ms: 100 },
    name: 'Frog\'s Heart Piece',
    id: 'frog-s-heart-piece',
    time: 12.5,
    goal: 
     { difficulty: 17,
       id: 'frog-s-heart-piece',
       jp: 'カエルのハートのかけら(嵐の歌)',
       name: 'Frog\'s Heart Piece',
       rowtypes: [Object],
       skill: 0.25,
       subtypes: [Object],
       time: 12.5,
       types: [Object] },
    synergy: 3 },
  { difficulty: 5,
    desiredTime: 3.75,
    types: { dc: 3, endon: -0.5, incdodongo: 100, kd: 2, selfsynergy: 0 },
    subtypes: { compass: 2, hearts3: 3, hearts4: 1, map: 2, wallet: 0.5 },
    rowtypes: { bottle: 0.5, hookshot: 0, ms: 1 },
    name: 'Defeat King Dodongo',
    id: 'defeat-king-dodongo',
    time: 4,
    goal: 
     { difficulty: 5,
       id: 'defeat-king-dodongo',
       jp: 'キングドドンゴ撃破',
       name: 'Defeat King Dodongo',
       rowtypes: [Object],
       skill: 0,
       subtypes: [Object],
       time: 4,
       types: [Object] },
    synergy: 5.25 },
  { difficulty: 12,
    desiredTime: 9,
    types: { childchu: 0, fountain: 2, gtg: 1, jabu: 3, selfsynergy: 0 },
    subtypes: { compass: 2, hearts3: 0.5, wallet: 0.75 },
    rowtypes: { bottle: 0, hookshot: 0.5, ms: 0 },
    name: 'Defeat Big Octo',
    id: 'defeat-big-octo',
    time: 9,
    goal: 
     { difficulty: 12,
       id: 'defeat-big-octo',
       jp: '大オクタ撃破',
       name: 'Defeat Big Octo',
       rowtypes: [Object],
       skill: 0.5,
       subtypes: [Object],
       time: 9,
       types: [Object] },
    synergy: 3 },
  { difficulty: 9,
    desiredTime: 6.75,
    types: { childchu: 0, selfsynergy: 0 },
    subtypes: { wallet: 4 },
    rowtypes: { bottle: 100, hookshot: 1.5, ms: 100 },
    name: 'All 8 Kakariko area Skulltulas',
    id: 'all-8-kakariko-area-skulltulas',
    time: 6.25,
    goal: 
     { difficulty: 8,
       id: 'all-8-kakariko-area-skulltulas',
       jp: 'カカリコ村エリアの黄金のスタルチュラ8匹',
       name: 'All 8 Kakariko area Skulltulas',
       rowtypes: [Object],
       skill: 0.25,
       subtypes: [Object],
       time: 6.25,
       types: [Object] },
    synergy: 4.75 },
  { difficulty: 21,
    desiredTime: 15.75,
    types: 
     { bothzl: -4.25,
       czl: 4.25,
       hovers: 3,
       poachers: 4.25,
       selfsynergy: 0,
       shadow: 8 },
    subtypes: 
     { bosskey: 3.5,
       bosskey2: 6,
       childchu: -2.5,
       chuczl: 2,
       compass: 1,
       hearts3: 2,
       hearts4: 1,
       wallet: 1.5 },
    rowtypes: { bottle: 0, hookshot: 100, ms: 100 },
    name: 'Obtain all 5 Small Keys in Shadow Temple',
    id: 'obtain-all-5-small-keys-in-shadow-temple',
    time: 15.25,
    goal: 
     { difficulty: 20,
       id: 'obtain-all-5-small-keys-in-shadow-temple',
       jp: '闇の神殿の小さな鍵５つ取得',
       name: 'Obtain all 5 Small Keys in Shadow Temple',
       rowtypes: [Object],
       skill: 0.25,
       subtypes: [Object],
       time: 15.25,
       types: [Object] },
    synergy: 6 },
  { difficulty: 7,
    desiredTime: 5.25,
    types: { endon: -1, forest: 3, incfboss: 100, pg: 2.25, selfsynergy: 0 },
    subtypes: 
     { bosskey2: 2,
       compass: 1,
       hearts3: 3,
       hearts4: 1,
       map: 2,
       songs5: 1.75,
       wallet: 0.75 },
    rowtypes: { bottle: 0.5, hookshot: 100, ms: 3 },
    name: 'Beat the Forest Temple',
    id: 'beat-the-forest-temple',
    time: 5,
    goal: 
     { difficulty: 7,
       id: 'beat-the-forest-temple',
       jp: '森の神殿クリア',
       name: 'Beat the Forest Temple',
       rowtypes: [Object],
       skill: 0,
       subtypes: [Object],
       time: 5,
       types: [Object] },
    synergy: 7 },
  { difficulty: 24,
    desiredTime: 18,
    types: 
     { childchu: 0,
       childreset: 1.25,
       childtrade: 2.75,
       chuczl: 2,
       czl: 5,
       saria: 5,
       selfsynergy: -1,
       strength: 100 },
    subtypes: 
     { bombbag: 100,
       bulletbag: 100,
       cganon: 2,
       hearts3: 3,
       hearts4: 1,
       songs4: 3,
       wallet: 0.5 },
    rowtypes: { bottle: 100, hookshot: 0, ms: 100 },
    name: 'Green Gauntlets',
    id: 'green-gauntlets',
    time: 17.75,
    goal: 
     { difficulty: 24,
       id: 'green-gauntlets',
       jp: '緑のグローブ',
       name: 'Green Gauntlets',
       rowtypes: [Object],
       skill: 0,
       subtypes: [Object],
       time: 17.75,
       types: [Object] },
    synergy: 0.25 },
  { difficulty: 16,
    desiredTime: 12,
    types: 
     { dc: 2,
       ice: 1.5,
       incwskull: 100,
       irons: 2,
       longshot: 2,
       selfsynergy: 0,
       water: 3 },
    subtypes: 
     { aganon: 0.25,
       bbprize: -4,
       childchu: -2.5,
       compass: 2.5,
       hearts3: 1.5,
       hearts4: 2.5,
       hovers: 0.25,
       map: 2.5,
       wallet: 1.5 },
    rowtypes: { bottle: 100, hookshot: 100, ms: 6 },
    name: '3 Skulltulas in Water Temple',
    id: '3-skulltulas-in-water-temple',
    time: 11.25,
    goal: 
     { difficulty: 15,
       id: '3-skulltulas-in-water-temple',
       jp: '水の神殿の黄金のスタルチュラ3匹以上',
       name: '3 Skulltulas in Water Temple',
       rowtypes: [Object],
       skill: 0.25,
       subtypes: [Object],
       time: 11.25,
       types: [Object] },
    synergy: 4.75 },
  { difficulty: 3,
    desiredTime: 2.25,
    types: { dmc: 0.75, selfsynergy: 0 },
    subtypes: { bosskey: 1.5, gtunic: 0.25, hearts3: 0.5, songs5: 1.25 },
    rowtypes: { bottle: 0, hookshot: 0.25, ms: 100 },
    name: 'Bolero of Fire',
    id: 'bolero-of-fire',
    time: 1.5,
    goal: 
     { difficulty: 2,
       id: 'bolero-of-fire',
       jp: '炎のボレロ',
       name: 'Bolero of Fire',
       rowtypes: [Object],
       skill: 0,
       subtypes: [Object],
       time: 1.5,
       types: [Object] },
    synergy: 2.75 },
  { difficulty: 15,
    desiredTime: 11.25,
    types: { dc: 2, deku: 3, fountain: 2, selfsynergy: 0 },
    subtypes: { compass: 4, hearts4: 1.5, jabu: 3, map: 4, wallet: 2 },
    rowtypes: { bottle: 0, hookshot: 0.5, ms: 0 },
    name: '1 Skulltula from each Child Dungeon',
    id: '1-skulltula-from-each-child-dungeon',
    time: 10.25,
    goal: 
     { difficulty: 14,
       id: '1-skulltula-from-each-child-dungeon',
       jp: '全ての子供ダンジョンからスタルチュラ最低1匹ずつ',
       name: '1 Skulltula from each Child Dungeon',
       rowtypes: [Object],
       skill: 0.5,
       subtypes: [Object],
       time: 10.25,
       types: [Object] },
    synergy: 4 },
  { difficulty: 1,
    desiredTime: 0.75,
    types: { selfsynergy: 0 },
    subtypes: undefined,
    rowtypes: { bottle: 100, hookshot: 0, ms: 0 },
    name: 'Bottled Fairy',
    id: 'bottled-fairy',
    time: 0.5,
    goal: 
     { difficulty: 1,
       id: 'bottled-fairy',
       jp: 'ビン(妖精)',
       name: 'Bottled Fairy',
       rowtypes: [Object],
       skill: 0,
       time: 0.5,
       types: [Object] },
    synergy: 0.5 },
  { difficulty: 13,
    desiredTime: 9.75,
    types: { hovers: 3, selfsynergy: 0, shadow: 6 },
    subtypes: { bosskey2: 2, compass: 1, wallet: 2 },
    rowtypes: { bottle: 0, hookshot: 100, ms: 100 },
    name: '4 Skulltulas in Shadow Temple',
    id: '4-skulltulas-in-shadow-temple',
    time: 9.75,
    goal: 
     { difficulty: 13,
       id: '4-skulltulas-in-shadow-temple',
       jp: '闇の神殿の黄金のスタルチュラ4匹以上',
       name: '4 Skulltulas in Shadow Temple',
       rowtypes: [Object],
       skill: 0.25,
       subtypes: [Object],
       time: 9.75,
       types: [Object] },
    synergy: 5.5 },
  { difficulty: 10,
    desiredTime: 7.5,
    types: { forest: 0.5, selfsynergy: 0 },
    subtypes: { wallet: 5 },
    rowtypes: { bottle: 0, hookshot: 100, ms: 10 },
    name: 'Stone of Agony',
    id: 'stone-of-agony',
    time: 8.25,
    goal: 
     { difficulty: 11,
       id: 'stone-of-agony',
       jp: 'もだえ石',
       name: 'Stone of Agony',
       rowtypes: [Object],
       skill: 0.5,
       subtypes: [Object],
       time: 8.25,
       types: [Object] },
    synergy: 2.75 },
  { difficulty: 22,
    desiredTime: 16.5,
    types: { childchu: 0, hovers: 3, map: 20, selfsynergy: -3 },
    subtypes: 
     { bosskey2: 2,
       claimcheck: 6,
       compass: 20,
       hearts3: 1,
       hearts4: 2.5,
       poachers: 1.25,
       songs5: 1.5,
       wallet: 0.75 },
    rowtypes: { bottle: 0.5, hookshot: 1, ms: 4 },
    name: '7 Maps',
    id: '7-maps',
    time: 16,
    goal: 
     { difficulty: 21,
       id: '7-maps',
       jp: 'マップ7つ',
       name: '7 Maps',
       rowtypes: [Object],
       skill: 0.5,
       subtypes: [Object],
       time: 16,
       types: [Object] },
    synergy: 5.25 },
  { difficulty: 19,
    desiredTime: 14.25,
    types: 
     { beans: 10,
       bombbag: 100,
       fortress: 3,
       gerudo: 7,
       quiver: 1,
       selfsynergy: 0 },
    subtypes: 
     { bosskey: 2.5,
       childchu: -2.5,
       hearts4: 0.5,
       map: 2,
       wallet: 0.25 },
    rowtypes: { bottle: 100, hookshot: 0, ms: 100 },
    name: 'Quiver (50)',
    id: 'quiver-50-',
    time: 15,
    goal: 
     { difficulty: 20,
       id: 'quiver-50-',
       jp: '矢立て(50)',
       name: 'Quiver (50)',
       rowtypes: [Object],
       skill: 0.5,
       subtypes: [Object],
       time: 15,
       types: [Object] },
    synergy: 4 },
  meta: { iterations: 1 } ]
