[ ,
  { difficulty: 5,
    desiredTime: 3.75,
    types: { fortress: 3, gtg: 1, incarrows: 100, selfsynergy: 0 },
    subtypes: 
     { bosskey: 3.5,
       hearts3: 0.5,
       hearts4: 0.25,
       hovers: 0.5,
       kd: 2,
       map: 3,
       quiver: 4.5,
       wallet: 0.25 },
    rowtypes: { bottle: 0, hookshot: 1, ms: 0 },
    name: 'Ice Arrows',
    id: 'ice-arrows',
    time: 4,
    goal: 
     { difficulty: 5,
       id: 'ice-arrows',
       jp: '氷の矢',
       name: 'Ice Arrows',
       rowtypes: [Object],
       skill: 0.25,
       subtypes: [Object],
       time: 4,
       types: [Object] },
    synergy: 1.75 },
  { difficulty: 7,
    desiredTime: 5.25,
    types: { childchu: 0, selfsynergy: 0 },
    subtypes: { wallet: 4 },
    rowtypes: { bottle: 100, hookshot: 1.5, ms: 100 },
    name: 'All 8 Kakariko area Skulltulas',
    id: 'all-8-kakariko-area-skulltulas',
    time: 6.25,
    goal: 
     { difficulty: 8,
       id: 'all-8-kakariko-area-skulltulas',
       jp: 'カカリコ村エリアの黄金のスタルチュラ8匹',
       name: 'All 8 Kakariko area Skulltulas',
       rowtypes: [Object],
       skill: 0.25,
       subtypes: [Object],
       time: 6.25,
       types: [Object] },
    synergy: 1 },
  { difficulty: 19,
    desiredTime: 14.25,
    types: { dmc: 1, fire: 8, gtunic: 1, selfsynergy: 0 },
    subtypes: 
     { bosskey: 2.25,
       compass: 4,
       hearts3: 0.5,
       hearts4: 1,
       hovers: 0.25,
       map: 2,
       songs5: 1.25,
       wallet: 0.5 },
    rowtypes: { bottle: 0.5, hookshot: 0.5, ms: 100 },
    name: 'Free all 9 gorons in Fire Temple',
    id: 'free-all-9-gorons-in-fire-temple',
    time: 14.75,
    goal: 
     { difficulty: 20,
       id: 'free-all-9-gorons-in-fire-temple',
       jp: '炎の神殿で９人のゴロンを全員救う',
       name: 'Free all 9 gorons in Fire Temple',
       rowtypes: [Object],
       skill: 0.25,
       subtypes: [Object],
       time: 14.75,
       types: [Object] },
    synergy: 0.75 },
  { difficulty: 11,
    desiredTime: 8.25,
    types: { selfsynergy: 0, wallet: 5 },
    subtypes: { bulletbag: 100, childchu: -2.5 },
    rowtypes: { bottle: 100, hookshot: 2, ms: 7 },
    name: '500 Rupees',
    id: '500-rupees',
    time: 8.25,
    goal: 
     { difficulty: 11,
       id: '500-rupees',
       jp: '500ルピー',
       name: '500 Rupees',
       rowtypes: [Object],
       skill: 0.25,
       subtypes: [Object],
       time: 8.25,
       types: [Object] },
    synergy: 6.25 },
  { difficulty: 23,
    desiredTime: 17.25,
    types: 
     { childchu: 0,
       childreset: 1.25,
       childtrade: 2.75,
       chuczl: 2,
       czl: 5,
       saria: 3,
       selfsynergy: -1 },
    subtypes: 
     { cganon: 2,
       child2: 2.5,
       hearts3: 4.5,
       hearts4: 1.5,
       songs4: 3,
       wallet: 0.25 },
    rowtypes: { bottle: 0, hookshot: 0, ms: 0 },
    name: 'Both heart pieces in Lost Woods',
    id: 'both-heart-pieces-in-lost-woods',
    time: 17,
    goal: 
     { difficulty: 23,
       id: 'both-heart-pieces-in-lost-woods',
       jp: '迷いの森のハートのかけら２つ',
       name: 'Both heart pieces in Lost Woods',
       rowtypes: [Object],
       skill: 0,
       subtypes: [Object],
       time: 17,
       types: [Object] },
    synergy: 0.25 },
  { difficulty: 14,
    desiredTime: 10.5,
    types: { dmc: 1, fire: 7, gtunic: 1, selfsynergy: 0 },
    subtypes: 
     { bosskey: 2,
       compass: 4,
       hearts3: 1.5,
       hearts4: 1,
       hovers: 0.25,
       map: 2,
       songs5: 1.25,
       wallet: 0.25 },
    rowtypes: { bottle: 0.5, hookshot: 0.25, ms: 4 },
    name: 'Megaton Hammer',
    id: 'megaton-hammer',
    time: 10.25,
    goal: 
     { difficulty: 14,
       id: 'megaton-hammer',
       jp: 'メガトンハンマー',
       name: 'Megaton Hammer',
       rowtypes: [Object],
       skill: 0.25,
       subtypes: [Object],
       time: 10.25,
       types: [Object] },
    synergy: 6.25 },
  { difficulty: 21,
    desiredTime: 15.75,
    types: 
     { bothzl: -4.25,
       czl: 4.25,
       hovers: 3,
       poachers: 4.25,
       selfsynergy: 0,
       shadow: 8 },
    subtypes: 
     { aganon: 0.25,
       bosskey: 3.5,
       bosskey2: 6,
       childchu: -2.5,
       chuczl: 2,
       compass: 1,
       hearts3: 2,
       hearts4: 1,
       wallet: 2.5 },
    rowtypes: { bottle: 100, hookshot: 100, ms: 100 },
    name: 'All 5 Skulltulas in Shadow Temple',
    id: 'all-5-skulltulas-in-shadow-temple',
    time: 16.25,
    goal: 
     { difficulty: 22,
       id: 'all-5-skulltulas-in-shadow-temple',
       jp: '闇の神殿の黄金のスタルチュラ5匹',
       name: 'All 5 Skulltulas in Shadow Temple',
       rowtypes: [Object],
       skill: 0.25,
       subtypes: [Object],
       time: 16.25,
       types: [Object] },
    synergy: 0 },
  { difficulty: 3,
    desiredTime: 2.25,
    types: { dmc: 1, fire: 0.25, firearrow: 2.5, selfsynergy: 0 },
    subtypes: { bosskey: 2.5, gtunic: 0.25, hearts3: 0.5, songs5: 1 },
    rowtypes: { bottle: 0.5, hookshot: 100, ms: 100 },
    name: 'Fire Temple Boss Key',
    id: 'fire-temple-boss-key',
    time: 2.5,
    goal: 
     { difficulty: 3,
       id: 'fire-temple-boss-key',
       jp: '炎の神殿のボス部屋の鍵',
       name: 'Fire Temple Boss Key',
       rowtypes: [Object],
       skill: 0,
       subtypes: [Object],
       time: 2.5,
       types: [Object] },
    synergy: 0.75 },
  { difficulty: 10,
    desiredTime: 7.5,
    types: { compass: 7, hovers: 3, selfsynergy: -3 },
    subtypes: { bosskey2: 2, hearts4: 1, map: 7 },
    rowtypes: { bottle: 0, hookshot: 0.5, ms: 0.75 },
    name: '4 Compasses',
    id: '4-compasses',
    time: 7,
    goal: 
     { difficulty: 9,
       id: '4-compasses',
       jp: 'コンパス4つ',
       name: '4 Compasses',
       rowtypes: [Object],
       skill: 0,
       subtypes: [Object],
       time: 7,
       types: [Object] },
    synergy: 5.25 },
  { difficulty: 17,
    desiredTime: 12.75,
    types: { childchu: 0, fortress: 2.5, selfsynergy: 0, spirit: 2.5 },
    subtypes: 
     { bosskey: 2,
       bosskey2: 4,
       child2: 5,
       childreset: 1.25,
       hearts4: 0.25,
       map: 1.5,
       songs5: 3,
       wallet: 2.25 },
    rowtypes: { bottle: 100, hookshot: 100, ms: 100 },
    name: 'All 4 Wasteland/ Colossus area Skulltulas',
    id: 'all-4-wasteland-colossus-area-skulltulas',
    time: 12,
    goal: 
     { difficulty: 16,
       id: 'all-4-wasteland-colossus-area-skulltulas',
       jp: '幻影の砂漠・巨大邪神像エリアの黄金のスタルチュラ4匹',
       name: 'All 4 Wasteland/ Colossus area Skulltulas',
       rowtypes: [Object],
       skill: 0.25,
       subtypes: [Object],
       time: 12,
       types: [Object] },
    synergy: 0.5 },
  { difficulty: 8,
    desiredTime: 6,
    types: 
     { bbprize: 100,
       childchu: 0,
       dc: 3,
       fortress: 1,
       gtg: 1,
       incdodongo: 100,
       kd: 3,
       selfsynergy: 0 },
    subtypes: 
     { child2: 3,
       compass: 2,
       hearts3: 3,
       hearts4: 1,
       map: 2,
       wallet: 0.5 },
    rowtypes: { bottle: 0, hookshot: 0, ms: 0 },
    name: 'Win Bombchu Bowling Prize',
    id: 'win-bombchu-bowling-prize',
    time: 6.75,
    goal: 
     { difficulty: 9,
       id: 'win-bombchu-bowling-prize',
       jp: 'ボムチュウボウリングの景品を何か1つ入手',
       name: 'Win Bombchu Bowling Prize',
       rowtypes: [Object],
       skill: 0.5,
       subtypes: [Object],
       time: 6.75,
       types: [Object] },
    synergy: 5 },
  { difficulty: 20,
    desiredTime: 15,
    types: { fortress: 2.5, hovers: 3, selfsynergy: 0, spirit: 5 },
    subtypes: 
     { bosskey: 2,
       bosskey2: 5,
       compass: 2.5,
       hearts4: 0.5,
       map: 3,
       songs5: 1,
       wallet: 2.5 },
    rowtypes: { bottle: 0.5, hookshot: 100, ms: 4 },
    name: 'All 5 Skulltulas in Spirit Temple',
    id: 'all-5-skulltulas-in-spirit-temple',
    time: 14.75,
    goal: 
     { difficulty: 20,
       id: 'all-5-skulltulas-in-spirit-temple',
       jp: '魂の神殿の黄金のスタルチュラ5匹',
       name: 'All 5 Skulltulas in Spirit Temple',
       rowtypes: [Object],
       skill: 0.75,
       subtypes: [Object],
       time: 14.75,
       types: [Object] },
    synergy: 5.25 },
  { difficulty: 12,
    desiredTime: 9,
    types: 
     { aganon: 3,
       bganon: -3,
       cganon: 3,
       childchu: 0,
       endon: -0.5,
       incshtrial: 100,
       selfsynergy: 0,
       strength: 100 },
    subtypes: { bombbag: 100, bulletbag: 100, hovers: 1.5, wallet: 0.5 },
    rowtypes: { bottle: 100, hookshot: 2.5, ms: 100 },
    name: 'Bronze Gauntlets',
    id: 'bronze-gauntlets',
    time: 8.5,
    goal: 
     { difficulty: 11,
       id: 'bronze-gauntlets',
       jp: '銅のグローブ',
       name: 'Bronze Gauntlets',
       rowtypes: [Object],
       skill: 0.75,
       subtypes: [Object],
       time: 8.5,
       types: [Object] },
    synergy: 1.75 },
  { difficulty: 24,
    desiredTime: 18,
    types: 
     { aganon: 3,
       bothzl: -4.25,
       czl: 4.25,
       dins: 3,
       dmc: 1,
       endon: -0.5,
       firearrow: 8,
       fortress: 2,
       hovers: 1.5,
       lightarrow: 10,
       magic: 2,
       poachers: 4.25,
       selfsynergy: 0 },
    subtypes: 
     { bosskey: 1,
       childchu: -2.5,
       chuczl: 2,
       gtunic: 0.25,
       hearts3: 1,
       hearts4: 0.5,
       songs5: 1 },
    rowtypes: { bottle: 100, hookshot: 100, ms: 6 },
    name: 'Get to the end of Forest Trial',
    id: 'get-to-the-end-of-forest-trial',
    time: 18.5,
    goal: 
     { difficulty: 25,
       id: 'get-to-the-end-of-forest-trial',
       jp: '森の結界の最後の部屋に到達',
       name: 'Get to the end of Forest Trial',
       rowtypes: [Object],
       skill: 0.5,
       subtypes: [Object],
       time: 18.5,
       types: [Object] },
    synergy: 0 },
  { difficulty: 1,
    desiredTime: 0.75,
    types: { selfsynergy: 0, sticks: 100 },
    subtypes: { bulletbag: 100, childchu: -0.5 },
    rowtypes: { bottle: 100, hookshot: 0, ms: 2 },
    name: 'Exactly 30 Deku Sticks',
    id: 'exactly-30-deku-sticks',
    time: 1.5,
    goal: 
     { difficulty: 2,
       id: 'exactly-30-deku-sticks',
       jp: 'デクの棒30本',
       name: 'Exactly 30 Deku Sticks',
       rowtypes: [Object],
       skill: 0,
       subtypes: [Object],
       time: 1.5,
       types: [Object] },
    synergy: 4.5 },
  { difficulty: 22,
    desiredTime: 16.5,
    types: 
     { bothzl: -4.25,
       czl: 4.25,
       dmc: 1,
       endon: -0.25,
       fortress: 2.5,
       hovers: 2,
       magic: 2,
       poachers: 4.25,
       selfsynergy: 0,
       spirit: 2 },
    subtypes: 
     { aganon: 0.25,
       bosskey: 2,
       bottleslot: 4,
       childchu: -2.5,
       chuczl: 2,
       compass: 2.5,
       hearts3: 1,
       hearts4: 0.25,
       map: 2,
       wallet: 0.5 },
    rowtypes: { bottle: 100, hookshot: 2.5, ms: 4 },
    name: 'Nayru\'s Love',
    id: 'nayru-s-love',
    time: 15.5,
    goal: 
     { difficulty: 21,
       id: 'nayru-s-love',
       jp: 'ネールの愛',
       name: 'Nayru\'s Love',
       rowtypes: [Object],
       skill: 0.25,
       subtypes: [Object],
       time: 15.5,
       types: [Object] },
    synergy: 6 },
  { difficulty: 4,
    desiredTime: 3,
    types: { dmc: 2, selfsynergy: 0 },
    subtypes: { bosskey: 1, hearts3: 1.5, hovers: 0.25, songs5: 1.5 },
    rowtypes: { bottle: 0, hookshot: 0, ms: 1 },
    name: 'Both heart pieces in Death Mountain Crater',
    id: 'both-heart-pieces-in-death-mountain-crater',
    time: 2,
    goal: 
     { difficulty: 3,
       id: 'both-heart-pieces-in-death-mountain-crater',
       jp: 'デスマウンテン火口のハートのかけら２つ',
       name: 'Both heart pieces in Death Mountain Crater',
       rowtypes: [Object],
       skill: 0,
       subtypes: [Object],
       time: 2,
       types: [Object] },
    synergy: 2.75 },
  { difficulty: 6,
    desiredTime: 4.5,
    types: 
     { endon: -0.5,
       fountain: 2,
       ice: 1.5,
       incboot: 100,
       irons: 2,
       selfsynergy: 0 },
    subtypes: 
     { compass: 3,
       hearts3: 1,
       hearts4: 0.25,
       hovers: 0.5,
       map: 3,
       songs4: 1.5,
       wallet: 1 },
    rowtypes: { bottle: 0, hookshot: 0, ms: 1 },
    name: 'Iron Boots',
    id: 'iron-boots',
    time: 5.5,
    goal: 
     { difficulty: 7,
       id: 'iron-boots',
       jp: 'ヘビーブーツ',
       name: 'Iron Boots',
       rowtypes: [Object],
       skill: 0.25,
       subtypes: [Object],
       time: 5.5,
       types: [Object] },
    synergy: 6.25 },
  { difficulty: 18,
    desiredTime: 13.5,
    types: { forest: 3, hovers: 2, incforest: 100, meg: 5, selfsynergy: 0 },
    subtypes: 
     { bosskey: 2,
       bosskey2: 6,
       compass: 4,
       hearts4: 1,
       map: 3,
       quiver: 4.5,
       songs5: 1.75,
       wallet: 1 },
    rowtypes: { bottle: 0.5, hookshot: 100, ms: 100 },
    name: 'Obtain all 5 Small Keys in Forest Temple',
    id: 'obtain-all-5-small-keys-in-forest-temple',
    time: 12.75,
    goal: 
     { difficulty: 17,
       id: 'obtain-all-5-small-keys-in-forest-temple',
       jp: '森の神殿の小さな鍵の宝箱を5つ全て開ける',
       name: 'Obtain all 5 Small Keys in Forest Temple',
       rowtypes: [Object],
       skill: 0.25,
       subtypes: [Object],
       time: 12.75,
       types: [Object] },
    synergy: 4.5 },
  { difficulty: 15,
    desiredTime: 11.25,
    types: { dmc: 1, fire: 4.75, gtunic: 1, selfsynergy: 0 },
    subtypes: 
     { bosskey: 2,
       compass: 2,
       hearts3: 0.5,
       hearts4: 1,
       hovers: 0.25,
       map: 3,
       songs5: 1.25,
       wallet: 2.5 },
    rowtypes: { bottle: 0, hookshot: 100, ms: 100 },
    name: 'All 5 Skulltulas in Fire Temple',
    id: 'all-5-skulltulas-in-fire-temple',
    time: 11.5,
    goal: 
     { difficulty: 15,
       id: 'all-5-skulltulas-in-fire-temple',
       jp: '炎の神殿の黄金のスタルチュラ5匹',
       name: 'All 5 Skulltulas in Fire Temple',
       rowtypes: [Object],
       skill: 0.5,
       subtypes: [Object],
       time: 11.5,
       types: [Object] },
    synergy: 7 },
  { difficulty: 16,
    desiredTime: 12,
    types: 
     { dc: 2,
       ice: 1.5,
       incwskull: 100,
       irons: 2,
       longshot: 2,
       selfsynergy: 0,
       water: 3 },
    subtypes: 
     { aganon: 0.25,
       bbprize: -4,
       childchu: -2.5,
       compass: 2.5,
       hearts3: 1.5,
       hearts4: 2.5,
       hovers: 0.25,
       map: 2.5,
       wallet: 1.5 },
    rowtypes: { bottle: 100, hookshot: 100, ms: 6 },
    name: '3 Skulltulas in Water Temple',
    id: '3-skulltulas-in-water-temple',
    time: 11.25,
    goal: 
     { difficulty: 15,
       id: '3-skulltulas-in-water-temple',
       jp: '水の神殿の黄金のスタルチュラ3匹以上',
       name: '3 Skulltulas in Water Temple',
       rowtypes: [Object],
       skill: 0.25,
       subtypes: [Object],
       time: 11.25,
       types: [Object] },
    synergy: 5 },
  { difficulty: 13,
    desiredTime: 9.75,
    types: { childchu: 0, fountain: 2, jabu: 5, selfsynergy: 0 },
    subtypes: 
     { child2: 2,
       childreset: 1.25,
       compass: 4,
       hearts3: 1,
       hearts4: 1,
       hovers: 0.5,
       map: 3,
       wallet: 0.5 },
    rowtypes: { bottle: 0, hookshot: 0, ms: 0 },
    name: 'Map & Compass in Jabu-Jabu',
    id: 'map-compass-in-jabu-jabu',
    time: 9.75,
    goal: 
     { difficulty: 13,
       id: 'map-compass-in-jabu-jabu',
       jp: 'ジャブジャブ様のお腹のマップとコンパス',
       name: 'Map & Compass in Jabu-Jabu',
       rowtypes: [Object],
       skill: 0,
       subtypes: [Object],
       time: 9.75,
       types: [Object] },
    synergy: 3 },
  { difficulty: 25,
    desiredTime: 18.75,
    types: 
     { dmc: 1,
       fire: 1.5,
       forest: 2.75,
       fortress: 2.5,
       gtg: 1,
       hovers: 3,
       selfsynergy: -3,
       shadow: 2,
       spirit: 3,
       water: 3 },
    subtypes: 
     { bosskey: 4,
       bosskey2: 3,
       childchu: -2.5,
       compass: 6,
       hearts3: 1,
       hearts4: 2.25,
       map: 6,
       songs5: 5,
       wallet: 4.5 },
    rowtypes: { bottle: 0.5, hookshot: 100, ms: 100 },
    name: '1 Skulltula from each Adult Dungeon',
    id: '1-skulltula-from-each-adult-dungeon',
    time: 18,
    goal: 
     { difficulty: 24,
       id: '1-skulltula-from-each-adult-dungeon',
       jp: '全ての大人ダンジョンからスタルチュラ最低1匹ずつ',
       name: '1 Skulltula from each Adult Dungeon',
       rowtypes: [Object],
       skill: 1,
       subtypes: [Object],
       time: 18,
       types: [Object] },
    synergy: 0.75 },
  { difficulty: 2,
    desiredTime: 1.5,
    types: { gtunic: 1.75, inctunic: 100, selfsynergy: 0 },
    subtypes: { bosskey: 0.5, songs5: 0.25 },
    rowtypes: { bottle: 0, hookshot: 0, ms: 100 },
    name: 'Goron Tunic',
    id: 'goron-tunic',
    time: 1.75,
    goal: 
     { difficulty: 2,
       id: 'goron-tunic',
       jp: 'ゴロンの服',
       name: 'Goron Tunic',
       rowtypes: [Object],
       skill: 0,
       subtypes: [Object],
       time: 1.75,
       types: [Object] },
    synergy: 6.25 },
  { difficulty: 9,
    desiredTime: 6.75,
    types: { hovers: 3, selfsynergy: 0 },
    subtypes: 
     { dmc: 1,
       firearrow: 1,
       gtunic: 0.25,
       hearts4: 0.5,
       magic: 2,
       wallet: 1 },
    rowtypes: { bottle: 0, hookshot: 2, ms: 6 },
    name: 'Both Hyrule Field area Skulltulas',
    id: 'both-hyrule-field-area-skulltulas',
    time: 7.5,
    goal: 
     { difficulty: 10,
       id: 'both-hyrule-field-area-skulltulas',
       jp: 'ハイラル平原エリアの黄金ノスタルチュラ2匹',
       name: 'Both Hyrule Field area Skulltulas',
       rowtypes: [Object],
       skill: 1,
       subtypes: [Object],
       time: 7.5,
       types: [Object] },
    synergy: 1.5 },
  meta: { iterations: 1 } ]
