[ ,
  { difficulty: 15,
    desiredTime: 11.25,
    types: { dmc: 1, fire: 4.75, gtunic: 1, selfsynergy: 0 },
    subtypes: 
     { bosskey: 2,
       compass: 2,
       hearts3: 0.5,
       hearts4: 1,
       hovers: 0.25,
       map: 3,
       songs5: 1.25,
       wallet: 2.5 },
    rowtypes: { bottle: 0, hookshot: 100, ms: 100 },
    name: 'All 5 Skulltulas in Fire Temple',
    id: 'all-5-skulltulas-in-fire-temple',
    time: 11.5,
    goal: 
     { difficulty: 15,
       id: 'all-5-skulltulas-in-fire-temple',
       jp: '炎の神殿の黄金のスタルチュラ5匹',
       name: 'All 5 Skulltulas in Fire Temple',
       rowtypes: [Object],
       skill: 0.5,
       subtypes: [Object],
       time: 11.5,
       types: [Object] },
    synergy: 4 },
  { difficulty: 22,
    desiredTime: 16.5,
    types: 
     { child2: 5,
       dins: 1,
       endon: 0,
       forest: 3,
       hovers: 3,
       incfboss: 100,
       pg: 2.25,
       selfsynergy: 0 },
    subtypes: 
     { bosskey2: 2,
       compass: 1,
       hearts3: 3,
       hearts4: 1,
       map: 2,
       songs4: 1.5,
       songs5: 2,
       wallet: 2.75 },
    rowtypes: { bottle: 100, hookshot: 100, ms: 100 },
    name: 'All 4 Market area Skulltulas',
    id: 'all-4-market-area-skulltulas',
    time: 17,
    goal: 
     { difficulty: 23,
       id: 'all-4-market-area-skulltulas',
       jp: '城下町エリアの黄金のスタルチュラ4匹',
       name: 'All 4 Market area Skulltulas',
       rowtypes: [Object],
       skill: 0.5,
       subtypes: [Object],
       time: 17,
       types: [Object] },
    synergy: 5.25 },
  { difficulty: 9,
    desiredTime: 6.75,
    types: { dc: 2, longshot: 5, selfsynergy: 0, water: 3 },
    subtypes: 
     { bbprize: -6,
       compass: 3.5,
       hearts4: 1,
       hovers: 0.25,
       map: 3.5,
       poachers: 1.25,
       wallet: 0.25 },
    rowtypes: { bottle: 100, hookshot: 100, ms: 10 },
    name: 'Longshot',
    id: 'longshot',
    time: 7,
    goal: 
     { difficulty: 9,
       id: 'longshot',
       jp: 'ロングフック',
       name: 'Longshot',
       rowtypes: [Object],
       skill: 0,
       subtypes: [Object],
       time: 7,
       types: [Object] },
    synergy: 3.75 },
  { difficulty: 1,
    desiredTime: 0.75,
    types: { childchu: 0, selfsynergy: 0 },
    subtypes: { compass: 1, map: 1 },
    rowtypes: { bottle: 0, hookshot: 0, ms: 0 },
    name: 'Map & Compass in Bottom of the Well',
    id: 'map-compass-in-bottom-of-the-well',
    time: 1,
    goal: 
     { difficulty: 1,
       id: 'map-compass-in-bottom-of-the-well',
       jp: '井戸の底のマップとコンパス',
       name: 'Map & Compass in Bottom of the Well',
       rowtypes: [Object],
       skill: 0,
       subtypes: [Object],
       time: 1,
       types: [Object] },
    synergy: 5.5 },
  { difficulty: 18,
    desiredTime: 13.5,
    types: { forest: 3, hovers: 2, incforest: 100, meg: 8.75, selfsynergy: 0 },
    subtypes: 
     { bosskey2: 3,
       compass: 4,
       hearts3: 0.25,
       hearts4: 1,
       map: 2.5,
       quiver: 4.5,
       songs5: 1.75,
       wallet: 1 },
    rowtypes: { bottle: 0.5, hookshot: 100, ms: 100 },
    name: 'Defeat Meg (purple Poe)',
    id: 'defeat-meg-purple-poe-',
    time: 14.25,
    goal: 
     { difficulty: 19,
       id: 'defeat-meg-purple-poe-',
       jp: 'メグ撃破(紫のポウ)',
       name: 'Defeat Meg (purple Poe)',
       rowtypes: [Object],
       skill: 0.25,
       subtypes: [Object],
       time: 14.25,
       types: [Object] },
    synergy: 5.75 },
  { difficulty: 4,
    desiredTime: 3,
    types: 
     { aganon: 2.5,
       bganon: -2.5,
       cganon: 2.5,
       fountain: 2,
       ice: 1.5,
       selfsynergy: 0 },
    subtypes: { bosskey: 2.5, compass: 3, hearts3: 1, map: 3, wallet: 0.75 },
    rowtypes: { bottle: 100, hookshot: 0, ms: 0 },
    name: 'Blue Fire',
    id: 'blue-fire',
    time: 3.5,
    goal: 
     { difficulty: 5,
       id: 'blue-fire',
       jp: '青い炎',
       name: 'Blue Fire',
       rowtypes: [Object],
       skill: 0,
       subtypes: [Object],
       time: 3.5,
       types: [Object] },
    synergy: 6.75 },
  { difficulty: 16,
    desiredTime: 12,
    types: { incsongs: 100, poachers: 4.25, selfsynergy: 0, songs5: 8.75 },
    subtypes: 
     { aganon: 0.25,
       bosskey: 1.5,
       childchu: -2.5,
       hearts3: 1.5,
       wallet: 0.75 },
    rowtypes: { bottle: 100, hookshot: 0.5, ms: 100 },
    name: '9 Songs',
    id: '9-songs',
    time: 11.5,
    goal: 
     { difficulty: 15,
       id: '9-songs',
       jp: '歌9つ以上',
       name: '9 Songs',
       rowtypes: [Object],
       skill: 0,
       subtypes: [Object],
       time: 11.5,
       types: [Object] },
    synergy: 2.5 },
  { difficulty: 13,
    desiredTime: 9.75,
    types: 
     { endon: -0.25,
       fortress: 3,
       gtg: 5,
       incgtgkey: 100,
       quiver: 4.5,
       selfsynergy: 0 },
    subtypes: 
     { bosskey: 3,
       bulletbag: 100,
       childchu: -2.5,
       hearts4: 0.25,
       hovers: 0.75,
       map: 3,
       wallet: 0.25 },
    rowtypes: { bottle: 100, hookshot: 100, ms: 100 },
    name: '8 different unused keys in Gerudo Training Grounds',
    id: '8-different-unused-keys-in-gerudo-training-grounds',
    time: 10.25,
    goal: 
     { difficulty: 14,
       id: '8-different-unused-keys-in-gerudo-training-grounds',
       jp: 'ゲルドの修練場の未使用の鍵8つ(増殖禁止)',
       name: '8 different unused keys in Gerudo Training Grounds',
       rowtypes: [Object],
       skill: 0.5,
       subtypes: [Object],
       time: 10.25,
       types: [Object] },
    synergy: 3.75 },
  { difficulty: 25,
    desiredTime: 18.75,
    types: 
     { childchu: 0,
       childreset: 1.25,
       childtrade: 2.75,
       chuczl: 2,
       czl: 5,
       saria: 5,
       selfsynergy: -1,
       strength: 100 },
    subtypes: 
     { bombbag: 100,
       bulletbag: 100,
       cganon: 2,
       hearts3: 3,
       hearts4: 1,
       songs4: 3,
       wallet: 0.5 },
    rowtypes: { bottle: 100, hookshot: 0, ms: 100 },
    name: 'Green Gauntlets',
    id: 'green-gauntlets',
    time: 17.75,
    goal: 
     { difficulty: 24,
       id: 'green-gauntlets',
       jp: '緑のグローブ',
       name: 'Green Gauntlets',
       rowtypes: [Object],
       skill: 0,
       subtypes: [Object],
       time: 17.75,
       types: [Object] },
    synergy: 1 },
  { difficulty: 7,
    desiredTime: 5.25,
    types: { fountain: 2, ice: 1.5, irons: 0.5, selfsynergy: 0 },
    subtypes: { compass: 3, hearts3: 1, hovers: 0.5, map: 3, wallet: 1.75 },
    rowtypes: { bottle: 0, hookshot: 1.5, ms: 1 },
    name: 'All 3 Skulltulas in Ice Cavern',
    id: 'all-3-skulltulas-in-ice-cavern',
    time: 4.25,
    goal: 
     { difficulty: 6,
       id: 'all-3-skulltulas-in-ice-cavern',
       jp: '氷の洞窟の黄金のスタルチュラ3匹',
       name: 'All 3 Skulltulas in Ice Cavern',
       rowtypes: [Object],
       skill: 0.25,
       subtypes: [Object],
       time: 4.25,
       types: [Object] },
    synergy: 4.5 },
  { difficulty: 23,
    desiredTime: 17.25,
    types: 
     { bothzl: -4.25,
       czl: 4.25,
       dc: 2,
       ice: 1.5,
       incwskull: 100,
       irons: 2,
       longshot: 4,
       poachers: 4.25,
       selfsynergy: 0,
       water: 4 },
    subtypes: 
     { aganon: 0.25,
       bbprize: -6,
       bosskey: 3.75,
       childchu: -2.5,
       chuczl: 2,
       compass: 3.5,
       hearts3: 1.5,
       hearts4: 2.5,
       hovers: 0.5,
       map: 3.5,
       spirit: -1,
       wallet: 2.5 },
    rowtypes: { bottle: 100, hookshot: 100, ms: 100 },
    name: 'All 5 Skulltulas in Water Temple',
    id: 'all-5-skulltulas-in-water-temple',
    time: 16.5,
    goal: 
     { difficulty: 22,
       id: 'all-5-skulltulas-in-water-temple',
       jp: '水の神殿の黄金のスタルチュラ5匹',
       name: 'All 5 Skulltulas in Water Temple',
       rowtypes: [Object],
       skill: 0.75,
       subtypes: [Object],
       time: 16.5,
       types: [Object] },
    synergy: 0.75 },
  { difficulty: 10,
    desiredTime: 7.5,
    types: { deku: 3, quiver: 1, selfsynergy: 0 },
    subtypes: { compass: 3, hearts3: 0.5, hearts4: 1, map: 2, wallet: 2 },
    rowtypes: { bottle: 0, hookshot: 1, ms: 0 },
    name: 'All 4 Skulltulas in Deku Tree',
    id: 'all-4-skulltulas-in-deku-tree',
    time: 7.25,
    goal: 
     { difficulty: 10,
       id: 'all-4-skulltulas-in-deku-tree',
       jp: 'デクの樹様の中の黄金のスタルチュラ4匹',
       name: 'All 4 Skulltulas in Deku Tree',
       rowtypes: [Object],
       skill: 0.25,
       subtypes: [Object],
       time: 7.25,
       types: [Object] },
    synergy: 3.5 },
  { difficulty: 2,
    desiredTime: 1.5,
    types: { hearts3: 4, inchearts: 100, selfsynergy: -1 },
    subtypes: undefined,
    rowtypes: { bottle: 0, hookshot: 0, ms: 1 },
    name: '5 Hearts',
    id: '5-hearts',
    time: 2.5,
    goal: 
     { difficulty: 3,
       id: '5-hearts',
       jp: 'ハート5つ',
       name: '5 Hearts',
       rowtypes: [Object],
       skill: 0,
       time: 2.5,
       types: [Object] },
    synergy: 2 },
  { difficulty: 19,
    desiredTime: 14.25,
    types: { fortress: 2.5, hovers: 3, selfsynergy: 0, spirit: 5 },
    subtypes: 
     { bosskey: 2,
       bosskey2: 5,
       compass: 2.5,
       hearts4: 0.5,
       map: 3,
       songs5: 1,
       wallet: 2.5 },
    rowtypes: { bottle: 0.5, hookshot: 100, ms: 4 },
    name: 'All 5 Skulltulas in Spirit Temple',
    id: 'all-5-skulltulas-in-spirit-temple',
    time: 14.75,
    goal: 
     { difficulty: 20,
       id: 'all-5-skulltulas-in-spirit-temple',
       jp: '魂の神殿の黄金のスタルチュラ5匹',
       name: 'All 5 Skulltulas in Spirit Temple',
       rowtypes: [Object],
       skill: 0.75,
       subtypes: [Object],
       time: 14.75,
       types: [Object] },
    synergy: 5 },
  { difficulty: 11,
    desiredTime: 8.25,
    types: { dmc: 1, fire: 5, gtunic: 1, selfsynergy: 0 },
    subtypes: 
     { bosskey: 2,
       compass: 4,
       hearts3: 0.5,
       hovers: 0.25,
       map: 3,
       songs5: 1.25,
       wallet: 0.25 },
    rowtypes: { bottle: 0.5, hookshot: 0.25, ms: 4 },
    name: 'Map & Compass in Fire Temple',
    id: 'map-compass-in-fire-temple',
    time: 9,
    goal: 
     { difficulty: 12,
       id: 'map-compass-in-fire-temple',
       jp: '炎の神殿のマップとコンパス',
       name: 'Map & Compass in Fire Temple',
       rowtypes: [Object],
       skill: 0,
       subtypes: [Object],
       time: 9,
       types: [Object] },
    synergy: 4 },
  { difficulty: 17,
    desiredTime: 12.75,
    types: 
     { child2: 5,
       endon: 0,
       forest: 3,
       hovers: 3,
       pg: 2.25,
       selfsynergy: 0 },
    subtypes: 
     { bosskey2: 3,
       compass: 1,
       hearts3: 4,
       hearts4: 1.25,
       map: 2,
       songs4: 1.5,
       songs5: 2,
       wallet: 1 },
    rowtypes: { bottle: 100, hookshot: 100, ms: 100 },
    name: 'Frog\'s Heart Piece',
    id: 'frog-s-heart-piece',
    time: 12.5,
    goal: 
     { difficulty: 17,
       id: 'frog-s-heart-piece',
       jp: 'カエルのハートのかけら(嵐の歌)',
       name: 'Frog\'s Heart Piece',
       rowtypes: [Object],
       skill: 0.25,
       subtypes: [Object],
       time: 12.5,
       types: [Object] },
    synergy: 5.5 },
  { difficulty: 14,
    desiredTime: 10.5,
    types: { dmc: 1, fire: 5, gtunic: 1, selfsynergy: 0 },
    subtypes: 
     { bosskey: 2,
       compass: 4,
       hearts3: 0.5,
       hovers: 0.25,
       map: 2,
       songs5: 1.5,
       wallet: 0.5 },
    rowtypes: { bottle: 0.5, hookshot: 100, ms: 100 },
    name: 'Obtain all 8 Small Keys in Fire Temple',
    id: 'obtain-all-8-small-keys-in-fire-temple',
    time: 10,
    goal: 
     { difficulty: 13,
       id: 'obtain-all-8-small-keys-in-fire-temple',
       jp: '炎の神殿の小さな鍵の宝箱を８つ全て開ける',
       name: 'Obtain all 8 Small Keys in Fire Temple',
       rowtypes: [Object],
       skill: 0.25,
       subtypes: [Object],
       time: 10,
       types: [Object] },
    synergy: 2 },
  { difficulty: 21,
    desiredTime: 15.75,
    types: 
     { beans: 10,
       bombbag: 100,
       fortress: 3,
       gerudo: 7,
       quiver: 1,
       selfsynergy: 0 },
    subtypes: 
     { bosskey: 2.5,
       childchu: -2.5,
       hearts4: 0.5,
       map: 2,
       wallet: 0.25 },
    rowtypes: { bottle: 100, hookshot: 0, ms: 100 },
    name: 'Quiver (50)',
    id: 'quiver-50-',
    time: 15,
    goal: 
     { difficulty: 20,
       id: 'quiver-50-',
       jp: '矢立て(50)',
       name: 'Quiver (50)',
       rowtypes: [Object],
       skill: 0.5,
       subtypes: [Object],
       time: 15,
       types: [Object] },
    synergy: 6.75 },
  { difficulty: 8,
    desiredTime: 6,
    types: { chuczl: 2, deku: 5, endon: -0.5, incgohma: 100, selfsynergy: 0 },
    subtypes: 
     { cganon: 1.5,
       compass: 2,
       czl: 3,
       hearts3: 3,
       hearts4: 1,
       map: 2,
       wallet: 0.25 },
    rowtypes: { bottle: 0, hookshot: 0, ms: 0 },
    name: 'Defeat Queen Gohma',
    id: 'defeat-queen-gohma',
    time: 5.25,
    goal: 
     { difficulty: 7,
       id: 'defeat-queen-gohma',
       jp: 'ゴーマ撃破',
       name: 'Defeat Queen Gohma',
       rowtypes: [Object],
       skill: 0,
       subtypes: [Object],
       time: 5.25,
       types: [Object] },
    synergy: 6 },
  { difficulty: 5,
    desiredTime: 3.75,
    types: { fortress: 3, gtg: 1, incarrows: 100, selfsynergy: 0 },
    subtypes: 
     { bosskey: 3.5,
       hearts3: 0.5,
       hearts4: 0.25,
       hovers: 0.5,
       kd: 2,
       map: 3,
       quiver: 4.5,
       wallet: 0.25 },
    rowtypes: { bottle: 0, hookshot: 1, ms: 0 },
    name: 'Ice Arrows',
    id: 'ice-arrows',
    time: 4,
    goal: 
     { difficulty: 5,
       id: 'ice-arrows',
       jp: '氷の矢',
       name: 'Ice Arrows',
       rowtypes: [Object],
       skill: 0.25,
       subtypes: [Object],
       time: 4,
       types: [Object] },
    synergy: 3 },
  { difficulty: 6,
    desiredTime: 4.5,
    types: { deku: 3, selfsynergy: 0 },
    subtypes: { compass: 3, czl: 3, hearts4: 1, hovers: 0.5, map: 3, wallet: 0.5 },
    rowtypes: { bottle: 0, hookshot: 0, ms: 0 },
    name: 'Map & Compass in Deku Tree',
    id: 'map-compass-in-deku-tree',
    time: 4,
    goal: 
     { difficulty: 5,
       id: 'map-compass-in-deku-tree',
       jp: 'デクの樹様の中のマップとコンパス',
       name: 'Map & Compass in Deku Tree',
       rowtypes: [Object],
       skill: 0.25,
       subtypes: [Object],
       time: 4,
       types: [Object] },
    synergy: 5.5 },
  { difficulty: 3,
    desiredTime: 2.25,
    types: { selfsynergy: 0, sticks: 100 },
    subtypes: { bulletbag: 100, childchu: -0.5 },
    rowtypes: { bottle: 100, hookshot: 0, ms: 2 },
    name: 'Exactly 30 Deku Sticks',
    id: 'exactly-30-deku-sticks',
    time: 1.5,
    goal: 
     { difficulty: 2,
       id: 'exactly-30-deku-sticks',
       jp: 'デクの棒30本',
       name: 'Exactly 30 Deku Sticks',
       rowtypes: [Object],
       skill: 0,
       subtypes: [Object],
       time: 1.5,
       types: [Object] },
    synergy: 3.25 },
  { difficulty: 20,
    desiredTime: 15,
    types: 
     { childchu: 0,
       childtrade: 2.75,
       chuczl: 2,
       czl: 5,
       dins: 3,
       dmc: 1.5,
       magic: 2,
       selfsynergy: 0 },
    subtypes: 
     { cganon: 2,
       child2: 5.5,
       childreset: 1.25,
       compass: 2,
       hearts3: 3.5,
       hearts4: 1,
       map: 2,
       songs4: 1.75,
       wallet: 0.5 },
    rowtypes: { bottle: 0, hookshot: 0, ms: 0 },
    name: 'Din\'s Fire',
    id: 'din-s-fire',
    time: 14.25,
    goal: 
     { difficulty: 19,
       id: 'din-s-fire',
       jp: 'ディンの炎',
       name: 'Din\'s Fire',
       rowtypes: [Object],
       skill: 0,
       subtypes: [Object],
       time: 14.25,
       types: [Object] },
    synergy: 4 },
  { difficulty: 12,
    desiredTime: 9,
    types: { forest: 0.5, selfsynergy: 0 },
    subtypes: { wallet: 5 },
    rowtypes: { bottle: 0, hookshot: 100, ms: 10 },
    name: 'Stone of Agony',
    id: 'stone-of-agony',
    time: 8.25,
    goal: 
     { difficulty: 11,
       id: 'stone-of-agony',
       jp: 'もだえ石',
       name: 'Stone of Agony',
       rowtypes: [Object],
       skill: 0.5,
       subtypes: [Object],
       time: 8.25,
       types: [Object] },
    synergy: 5.75 },
  { difficulty: 24,
    desiredTime: 18,
    types: 
     { fortress: 2.5,
       gtg: 1,
       hovers: 3,
       incboot: 100,
       incshield: 100,
       incsword: 100,
       inctunic: 100,
       selfsynergy: -1,
       spirit: 3.5,
       swords: 3 },
    subtypes: 
     { bosskey: 3.25,
       bosskey2: 5,
       compass: 4,
       hearts3: 1.5,
       hearts4: 0.75,
       map: 6,
       songs4: 1.5,
       songs5: 1,
       wallet: 1.5 },
    rowtypes: { bottle: 100, hookshot: 100, ms: 100 },
    name: '3 Swords, Tunics, Boots, and Shields',
    id: '3-swords-tunics-boots-and-shields',
    time: 19,
    goal: 
     { difficulty: 25,
       id: '3-swords-tunics-boots-and-shields',
       jp: '剣3種、服3種、靴3種、盾3種',
       name: '3 Swords, Tunics, Boots, and Shields',
       rowtypes: [Object],
       skill: 0.75,
       subtypes: [Object],
       time: 19,
       types: [Object] },
    synergy: 0 },
  meta: { iterations: 2 } ]
