[ ,
  { difficulty: 5,
    desiredTime: 3.75,
    types: { fountain: 2, ice: 1.5, irons: 0.5, selfsynergy: 0 },
    subtypes: { compass: 3, hearts3: 1, hovers: 0.5, map: 3, wallet: 1.75 },
    rowtypes: { bottle: 0, hookshot: 1.5, ms: 1 },
    name: 'All 3 Skulltulas in Ice Cavern',
    id: 'all-3-skulltulas-in-ice-cavern',
    time: 4.25,
    goal: 
     { difficulty: 6,
       id: 'all-3-skulltulas-in-ice-cavern',
       jp: '氷の洞窟の黄金のスタルチュラ3匹',
       name: 'All 3 Skulltulas in Ice Cavern',
       rowtypes: [Object],
       skill: 0.25,
       subtypes: [Object],
       time: 4.25,
       types: [Object] },
    synergy: 3.75 },
  { difficulty: 12,
    desiredTime: 9,
    types: { dmc: 1, fire: 5, gtunic: 1, selfsynergy: 0 },
    subtypes: 
     { bosskey: 2,
       compass: 4,
       hearts3: 0.5,
       hovers: 0.25,
       map: 2,
       songs5: 1.5,
       wallet: 0.5 },
    rowtypes: { bottle: 0.5, hookshot: 100, ms: 100 },
    name: 'Obtain all 8 Small Keys in Fire Temple',
    id: 'obtain-all-8-small-keys-in-fire-temple',
    time: 10,
    goal: 
     { difficulty: 13,
       id: 'obtain-all-8-small-keys-in-fire-temple',
       jp: '炎の神殿の小さな鍵の宝箱を８つ全て開ける',
       name: 'Obtain all 8 Small Keys in Fire Temple',
       rowtypes: [Object],
       skill: 0.25,
       subtypes: [Object],
       time: 10,
       types: [Object] },
    synergy: 6 },
  { difficulty: 24,
    desiredTime: 18,
    types: 
     { fortress: 2.5,
       gtg: 1,
       hovers: 3,
       incboot: 100,
       incshield: 100,
       incsword: 100,
       inctunic: 100,
       selfsynergy: -1,
       spirit: 3.5,
       swords: 3 },
    subtypes: 
     { bosskey: 3.25,
       bosskey2: 5,
       compass: 4,
       hearts3: 1.5,
       hearts4: 0.75,
       map: 6,
       songs4: 1.5,
       songs5: 1,
       wallet: 1.5 },
    rowtypes: { bottle: 100, hookshot: 100, ms: 100 },
    name: '3 Swords, Tunics, Boots, and Shields',
    id: '3-swords-tunics-boots-and-shields',
    time: 19,
    goal: 
     { difficulty: 25,
       id: '3-swords-tunics-boots-and-shields',
       jp: '剣3種、服3種、靴3種、盾3種',
       name: '3 Swords, Tunics, Boots, and Shields',
       rowtypes: [Object],
       skill: 0.75,
       subtypes: [Object],
       time: 19,
       types: [Object] },
    synergy: 0 },
  { difficulty: 6,
    desiredTime: 4.5,
    types: { childchu: 0, selfsynergy: 0 },
    subtypes: { wallet: 1.5 },
    rowtypes: { bottle: 0, hookshot: 0, ms: 0 },
    name: 'All 3 Skulltulas in Bottom of the Well',
    id: 'all-3-skulltulas-in-bottom-of-the-well',
    time: 3.5,
    goal: 
     { difficulty: 5,
       id: 'all-3-skulltulas-in-bottom-of-the-well',
       jp: '井戸の底の黄金のスタルチュラ3匹',
       name: 'All 3 Skulltulas in Bottom of the Well',
       rowtypes: [Object],
       skill: 0.25,
       subtypes: [Object],
       time: 3.5,
       types: [Object] },
    synergy: 3 },
  { difficulty: 18,
    desiredTime: 13.5,
    types: 
     { child2: 5,
       endon: 0,
       forest: 3,
       hovers: 3,
       pg: 2.25,
       selfsynergy: 0 },
    subtypes: 
     { bosskey2: 3,
       compass: 1,
       hearts3: 4,
       hearts4: 1.25,
       map: 2,
       songs4: 1.5,
       songs5: 2,
       wallet: 1 },
    rowtypes: { bottle: 100, hookshot: 100, ms: 100 },
    name: 'Frog\'s Heart Piece',
    id: 'frog-s-heart-piece',
    time: 12.5,
    goal: 
     { difficulty: 17,
       id: 'frog-s-heart-piece',
       jp: 'カエルのハートのかけら(嵐の歌)',
       name: 'Frog\'s Heart Piece',
       rowtypes: [Object],
       skill: 0.25,
       subtypes: [Object],
       time: 12.5,
       types: [Object] },
    synergy: 7 },
  { difficulty: 9,
    desiredTime: 6.75,
    types: { childchu: 0, selfsynergy: 0 },
    subtypes: { wallet: 4 },
    rowtypes: { bottle: 100, hookshot: 1.5, ms: 100 },
    name: 'All 8 Kakariko area Skulltulas',
    id: 'all-8-kakariko-area-skulltulas',
    time: 6.25,
    goal: 
     { difficulty: 8,
       id: 'all-8-kakariko-area-skulltulas',
       jp: 'カカリコ村エリアの黄金のスタルチュラ8匹',
       name: 'All 8 Kakariko area Skulltulas',
       rowtypes: [Object],
       skill: 0.25,
       subtypes: [Object],
       time: 6.25,
       types: [Object] },
    synergy: 0.5 },
  { difficulty: 16,
    desiredTime: 12,
    types: 
     { childchu: 0,
       childreset: 1.25,
       childtrade: 2.75,
       chuczl: 2,
       czl: 5,
       saria: 3,
       selfsynergy: 0 },
    subtypes: 
     { cganon: 2,
       child2: 2.5,
       hearts3: 3,
       hearts4: 1,
       songs4: 3,
       wallet: 0.25 },
    rowtypes: { bottle: 0, hookshot: 0, ms: 0 },
    name: 'Saria\'s Song',
    id: 'saria-s-song',
    time: 12.5,
    goal: 
     { difficulty: 17,
       id: 'saria-s-song',
       jp: 'サリアの歌',
       name: 'Saria\'s Song',
       rowtypes: [Object],
       skill: 0,
       subtypes: [Object],
       time: 12.5,
       types: [Object] },
    synergy: 7 },
  { difficulty: 3,
    desiredTime: 2.25,
    types: { fountain: 1, selfsynergy: 0 },
    subtypes: { bottleslot: 4, strength: 100, wallet: 100 },
    rowtypes: { bottle: 0, hookshot: 0, ms: 0 },
    name: 'Silver Scale',
    id: 'silver-scale',
    time: 3,
    goal: 
     { difficulty: 4,
       id: 'silver-scale',
       jp: '銀のウロコ',
       name: 'Silver Scale',
       rowtypes: [Object],
       skill: 0,
       subtypes: [Object],
       time: 3,
       types: [Object] },
    synergy: 3 },
  { difficulty: 15,
    desiredTime: 11.25,
    types: { dmc: 1, fire: 8, gtunic: 1, selfsynergy: 0 },
    subtypes: 
     { bosskey: 2,
       compass: 4,
       hovers: 0.25,
       map: 2.5,
       songs5: 1.25,
       wallet: 0.5 },
    rowtypes: { bottle: 0.5, hookshot: 0.25, ms: 100 },
    name: 'Defeat both Flare Dancers',
    id: 'defeat-both-flare-dancers',
    time: 10.75,
    goal: 
     { difficulty: 14,
       id: 'defeat-both-flare-dancers',
       jp: 'フレアダンサー2体撃破',
       name: 'Defeat both Flare Dancers',
       rowtypes: [Object],
       skill: 0.25,
       subtypes: [Object],
       time: 10.75,
       types: [Object] },
    synergy: 1.25 },
  { difficulty: 22,
    desiredTime: 16.5,
    types: 
     { aganon: 3,
       bothzl: -4.25,
       czl: 4.25,
       dins: 3,
       dmc: 1,
       endon: -0.5,
       firearrow: 8,
       fortress: 2,
       hovers: 1.5,
       lightarrow: 10,
       magic: 2,
       poachers: 4.25,
       selfsynergy: 0 },
    subtypes: 
     { bosskey: 1,
       childchu: -2.5,
       chuczl: 2,
       gtunic: 0.25,
       hearts3: 1,
       hearts4: 0.5,
       songs5: 1 },
    rowtypes: { bottle: 100, hookshot: 100, ms: 6 },
    name: 'Get to the end of Forest Trial',
    id: 'get-to-the-end-of-forest-trial',
    time: 18.5,
    goal: 
     { difficulty: 25,
       id: 'get-to-the-end-of-forest-trial',
       jp: '森の結界の最後の部屋に到達',
       name: 'Get to the end of Forest Trial',
       rowtypes: [Object],
       skill: 0.5,
       subtypes: [Object],
       time: 18.5,
       types: [Object] },
    synergy: 6.25 },
  { difficulty: 13,
    desiredTime: 9.75,
    types: { childchu: 0, fountain: 2, jabu: 5, selfsynergy: 0 },
    subtypes: 
     { child2: 2,
       childreset: 1.25,
       compass: 4,
       hearts3: 1,
       hearts4: 1,
       hovers: 0.5,
       map: 3,
       wallet: 0.5 },
    rowtypes: { bottle: 0, hookshot: 0, ms: 0 },
    name: 'Map & Compass in Jabu-Jabu',
    id: 'map-compass-in-jabu-jabu',
    time: 9.75,
    goal: 
     { difficulty: 13,
       id: 'map-compass-in-jabu-jabu',
       jp: 'ジャブジャブ様のお腹のマップとコンパス',
       name: 'Map & Compass in Jabu-Jabu',
       rowtypes: [Object],
       skill: 0,
       subtypes: [Object],
       time: 9.75,
       types: [Object] },
    synergy: 1 },
  { difficulty: 25,
    desiredTime: 18.75,
    types: 
     { bothzl: -4.25,
       czl: 4.25,
       fortress: 3,
       hovers: 3,
       poachers: 4.25,
       quiver: 1.5,
       selfsynergy: 0,
       spirit: 5 },
    subtypes: 
     { aganon: 0.25,
       bosskey: 2,
       bosskey2: 4,
       childchu: -2.5,
       chuczl: 2,
       compass: 4,
       hearts3: 1,
       hearts4: 0.25,
       map: 3,
       songs5: 1,
       wallet: 1 },
    rowtypes: { bottle: 100, hookshot: 100, ms: 5 },
    name: 'Map & Compass in Spirit Temple',
    id: 'map-compass-in-spirit-temple',
    time: 17.75,
    goal: 
     { difficulty: 24,
       id: 'map-compass-in-spirit-temple',
       jp: '魂の神殿のマップとコンパス',
       name: 'Map & Compass in Spirit Temple',
       rowtypes: [Object],
       skill: 1,
       subtypes: [Object],
       time: 17.75,
       types: [Object] },
    synergy: 1 },
  { difficulty: 7,
    desiredTime: 5.25,
    types: { dc: 4, selfsynergy: 0 },
    subtypes: 
     { compass: 2,
       hearts3: 1,
       hearts4: 1,
       hovers: 0.25,
       map: 1,
       wallet: 2.5 },
    rowtypes: { bottle: 0, hookshot: 0.25, ms: 1.5 },
    name: 'All 5 Skulltulas in Dodongo\'s Cavern',
    id: 'all-5-skulltulas-in-dodongo-s-cavern',
    time: 5.75,
    goal: 
     { difficulty: 8,
       id: 'all-5-skulltulas-in-dodongo-s-cavern',
       jp: 'ドドンゴの洞窟の黄金のスタルチュラ5匹',
       name: 'All 5 Skulltulas in Dodongo\'s Cavern',
       rowtypes: [Object],
       skill: 0,
       subtypes: [Object],
       time: 5.75,
       types: [Object] },
    synergy: 2.25 },
  { difficulty: 19,
    desiredTime: 14.25,
    types: { forest: 3, hovers: 2, incforest: 100, meg: 8.75, selfsynergy: 0 },
    subtypes: 
     { bosskey2: 3,
       compass: 4,
       hearts3: 0.25,
       hearts4: 1,
       map: 2.5,
       quiver: 4.5,
       songs5: 1.75,
       wallet: 1 },
    rowtypes: { bottle: 0.5, hookshot: 100, ms: 100 },
    name: 'Defeat Meg (purple Poe)',
    id: 'defeat-meg-purple-poe-',
    time: 14.25,
    goal: 
     { difficulty: 19,
       id: 'defeat-meg-purple-poe-',
       jp: 'メグ撃破(紫のポウ)',
       name: 'Defeat Meg (purple Poe)',
       rowtypes: [Object],
       skill: 0.25,
       subtypes: [Object],
       time: 14.25,
       types: [Object] },
    synergy: 1.5 },
  { difficulty: 1,
    desiredTime: 0.75,
    types: { selfsynergy: 0, sticks: 100 },
    subtypes: { bulletbag: 100, childchu: -0.5 },
    rowtypes: { bottle: 100, hookshot: 0, ms: 2 },
    name: 'Exactly 30 Deku Sticks',
    id: 'exactly-30-deku-sticks',
    time: 1.5,
    goal: 
     { difficulty: 2,
       id: 'exactly-30-deku-sticks',
       jp: 'デクの棒30本',
       name: 'Exactly 30 Deku Sticks',
       rowtypes: [Object],
       skill: 0,
       subtypes: [Object],
       time: 1.5,
       types: [Object] },
    synergy: 5.25 },
  { difficulty: 17,
    desiredTime: 12.75,
    types: { childchu: 0, fortress: 2.5, selfsynergy: 0, spirit: 2.5 },
    subtypes: 
     { bosskey: 2,
       bosskey2: 4,
       child2: 5,
       childreset: 1.25,
       hearts4: 0.25,
       map: 1.5,
       songs5: 3,
       wallet: 2.25 },
    rowtypes: { bottle: 100, hookshot: 100, ms: 100 },
    name: 'All 4 Wasteland/ Colossus area Skulltulas',
    id: 'all-4-wasteland-colossus-area-skulltulas',
    time: 12,
    goal: 
     { difficulty: 16,
       id: 'all-4-wasteland-colossus-area-skulltulas',
       jp: '幻影の砂漠・巨大邪神像エリアの黄金のスタルチュラ4匹',
       name: 'All 4 Wasteland/ Colossus area Skulltulas',
       rowtypes: [Object],
       skill: 0.25,
       subtypes: [Object],
       time: 12,
       types: [Object] },
    synergy: 3.5 },
  { difficulty: 4,
    desiredTime: 3,
    types: { deku: 2.5, selfsynergy: 0 },
    subtypes: { bulletbag: 1, compass: 2, czl: 3, hearts4: 1, map: 2 },
    rowtypes: { bottle: 0, hookshot: 0, ms: 0 },
    name: 'Fairy Slingshot',
    id: 'fairy-slingshot',
    time: 4,
    goal: 
     { difficulty: 5,
       id: 'fairy-slingshot',
       jp: '妖精のパチンコ',
       name: 'Fairy Slingshot',
       rowtypes: [Object],
       skill: 0,
       subtypes: [Object],
       time: 4,
       types: [Object] },
    synergy: 3 },
  { difficulty: 11,
    desiredTime: 8.25,
    types: { childchu: 0, fountain: 2, gtg: 1, jabu: 3, selfsynergy: 0 },
    subtypes: { compass: 2, hearts3: 0.5, wallet: 0.75 },
    rowtypes: { bottle: 0, hookshot: 0.5, ms: 0 },
    name: 'Defeat Big Octo',
    id: 'defeat-big-octo',
    time: 9,
    goal: 
     { difficulty: 12,
       id: 'defeat-big-octo',
       jp: '大オクタ撃破',
       name: 'Defeat Big Octo',
       rowtypes: [Object],
       skill: 0.5,
       subtypes: [Object],
       time: 9,
       types: [Object] },
    synergy: 4.75 },
  { difficulty: 23,
    desiredTime: 17.25,
    types: 
     { bothzl: -4.25,
       czl: 4.25,
       dc: 2,
       ice: 1.5,
       incwskull: 100,
       irons: 2,
       longshot: 4,
       poachers: 4.25,
       selfsynergy: 0,
       water: 4 },
    subtypes: 
     { aganon: 0.25,
       bbprize: -6,
       bosskey: 3.75,
       childchu: -2.5,
       chuczl: 2,
       compass: 3.5,
       hearts3: 1.5,
       hearts4: 2.5,
       hovers: 0.5,
       map: 3.5,
       spirit: -1,
       wallet: 2.5 },
    rowtypes: { bottle: 100, hookshot: 100, ms: 100 },
    name: 'All 5 Skulltulas in Water Temple',
    id: 'all-5-skulltulas-in-water-temple',
    time: 16.5,
    goal: 
     { difficulty: 22,
       id: 'all-5-skulltulas-in-water-temple',
       jp: '水の神殿の黄金のスタルチュラ5匹',
       name: 'All 5 Skulltulas in Water Temple',
       rowtypes: [Object],
       skill: 0.75,
       subtypes: [Object],
       time: 16.5,
       types: [Object] },
    synergy: 0.75 },
  { difficulty: 10,
    desiredTime: 7.5,
    types: { compass: 7, hovers: 3, selfsynergy: -3 },
    subtypes: { bosskey2: 2, hearts4: 1, map: 7 },
    rowtypes: { bottle: 0, hookshot: 0.5, ms: 0.75 },
    name: '4 Compasses',
    id: '4-compasses',
    time: 7,
    goal: 
     { difficulty: 9,
       id: '4-compasses',
       jp: 'コンパス4つ',
       name: '4 Compasses',
       rowtypes: [Object],
       skill: 0,
       subtypes: [Object],
       time: 7,
       types: [Object] },
    synergy: 6.25 },
  { difficulty: 21,
    desiredTime: 15.75,
    types: 
     { bothzl: -4.25,
       czl: 4.25,
       hovers: 3,
       poachers: 4.25,
       selfsynergy: 0,
       shadow: 8 },
    subtypes: 
     { bosskey: 3.5,
       bosskey2: 6,
       childchu: -2.5,
       chuczl: 2,
       compass: 1,
       hearts3: 2,
       hearts4: 1,
       wallet: 1.5 },
    rowtypes: { bottle: 0, hookshot: 100, ms: 100 },
    name: 'Obtain all 5 Small Keys in Shadow Temple',
    id: 'obtain-all-5-small-keys-in-shadow-temple',
    time: 15.25,
    goal: 
     { difficulty: 20,
       id: 'obtain-all-5-small-keys-in-shadow-temple',
       jp: '闇の神殿の小さな鍵５つ取得',
       name: 'Obtain all 5 Small Keys in Shadow Temple',
       rowtypes: [Object],
       skill: 0.25,
       subtypes: [Object],
       time: 15.25,
       types: [Object] },
    synergy: 3 },
  { difficulty: 8,
    desiredTime: 6,
    types: { fountain: 0.5, inclhskull: 100, selfsynergy: 0 },
    subtypes: { bottleslot: 2, child2: 2, wallet: 1.5 },
    rowtypes: { bottle: 1.5, hookshot: 0, ms: 0 },
    name: '3 Lake Hylia Skulltulas',
    id: '3-lake-hylia-skulltulas',
    time: 5.5,
    goal: 
     { difficulty: 7,
       id: '3-lake-hylia-skulltulas',
       jp: 'ハイリア湖畔エリアの黄金のスタルチュラ3匹以上',
       name: '3 Lake Hylia Skulltulas',
       rowtypes: [Object],
       skill: 0.25,
       subtypes: [Object],
       time: 5.5,
       types: [Object] },
    synergy: 6.75 },
  { difficulty: 20,
    desiredTime: 15,
    types: { dmc: 1, fire: 8, gtunic: 1, selfsynergy: 0 },
    subtypes: 
     { bosskey: 2.25,
       compass: 4,
       hearts3: 0.5,
       hearts4: 1,
       hovers: 0.25,
       map: 2,
       songs5: 1.25,
       wallet: 0.5 },
    rowtypes: { bottle: 0.5, hookshot: 0.5, ms: 100 },
    name: 'Free all 9 gorons in Fire Temple',
    id: 'free-all-9-gorons-in-fire-temple',
    time: 14.75,
    goal: 
     { difficulty: 20,
       id: 'free-all-9-gorons-in-fire-temple',
       jp: '炎の神殿で９人のゴロンを全員救う',
       name: 'Free all 9 gorons in Fire Temple',
       rowtypes: [Object],
       skill: 0.25,
       subtypes: [Object],
       time: 14.75,
       types: [Object] },
    synergy: 3.5 },
  { difficulty: 2,
    desiredTime: 1.5,
    types: { dmc: 1, fire: 0.25, firearrow: 2.5, selfsynergy: 0 },
    subtypes: { bosskey: 2.5, gtunic: 0.25, hearts3: 0.5, songs5: 1 },
    rowtypes: { bottle: 0.5, hookshot: 100, ms: 100 },
    name: 'Fire Temple Boss Key',
    id: 'fire-temple-boss-key',
    time: 2.5,
    goal: 
     { difficulty: 3,
       id: 'fire-temple-boss-key',
       jp: '炎の神殿のボス部屋の鍵',
       name: 'Fire Temple Boss Key',
       rowtypes: [Object],
       skill: 0,
       subtypes: [Object],
       time: 2.5,
       types: [Object] },
    synergy: 4.5 },
  { difficulty: 14,
    desiredTime: 10.5,
    types: 
     { endon: -1,
       fortress: 3,
       hovers: 3,
       selfsynergy: 0,
       spirit: 3.25,
       strength: 100 },
    subtypes: 
     { bombbag: 100,
       bosskey: 3,
       bosskey2: 4.5,
       compass: 1,
       hearts3: 0.5,
       hearts4: 0.25,
       map: 3,
       songs5: 1,
       wallet: 0.75 },
    rowtypes: { bottle: 0.5, hookshot: 100, ms: 3.5 },
    name: 'Silver Gauntlets',
    id: 'silver-gauntlets',
    time: 11,
    goal: 
     { difficulty: 15,
       id: 'silver-gauntlets',
       jp: '銀のグローブ',
       name: 'Silver Gauntlets',
       rowtypes: [Object],
       skill: 0.5,
       subtypes: [Object],
       time: 11,
       types: [Object] },
    synergy: 6.75 },
  meta: { iterations: 3 } ]
