[ ,
  { difficulty: 20,
    desiredTime: 15,
    types: { childchu: 0, hovers: 3, map: 20, selfsynergy: -3 },
    subtypes: 
     { bosskey2: 2,
       claimcheck: 6,
       compass: 20,
       hearts3: 1,
       hearts4: 2.5,
       poachers: 1.25,
       songs5: 1.5,
       wallet: 0.75 },
    rowtypes: { bottle: 0.5, hookshot: 1, ms: 4 },
    name: '7 Maps',
    id: '7-maps',
    time: 16,
    goal: 
     { difficulty: 21,
       id: '7-maps',
       jp: 'マップ7つ',
       name: '7 Maps',
       rowtypes: [Object],
       skill: 0.5,
       subtypes: [Object],
       time: 16,
       types: [Object] },
    synergy: 6.75 },
  { difficulty: 7,
    desiredTime: 5.25,
    types: { incsongs: 100, poachers: 4.25, selfsynergy: 0, songs5: 1.25 },
    subtypes: { aganon: 0.25, childchu: -2.5, hearts3: 1.5, wallet: 0.25 },
    rowtypes: { bottle: 100, hookshot: 0.5, ms: 100 },
    name: '6 Songs',
    id: '6-songs',
    time: 5.5,
    goal: 
     { difficulty: 7,
       id: '6-songs',
       jp: '歌6つ以上',
       name: '6 Songs',
       rowtypes: [Object],
       skill: 0,
       subtypes: [Object],
       time: 5.5,
       types: [Object] },
    synergy: 7 },
  { difficulty: 4,
    desiredTime: 3,
    types: { childreset: 1, lonlon: 1.75, selfsynergy: 0 },
    subtypes: { hearts3: 0.75, hearts4: 0.25 },
    rowtypes: { bottle: 0, hookshot: 0, ms: 0 },
    name: 'Lon Lon Ranch HP',
    id: 'lon-lon-ranch-hp',
    time: 3.5,
    goal: 
     { difficulty: 5,
       id: 'lon-lon-ranch-hp',
       jp: 'ロンロン牧場のハートのかけら',
       name: 'Lon Lon Ranch HP',
       rowtypes: [Object],
       skill: 0,
       subtypes: [Object],
       time: 3.5,
       types: [Object] },
    synergy: 5.25 },
  { difficulty: 21,
    desiredTime: 15.75,
    types: 
     { aganon: 3,
       endon: -0.5,
       fortress: 2.5,
       gtg: 1,
       hovers: 3,
       quiver: 1.5,
       selfsynergy: 0,
       spirit: 3.5 },
    subtypes: 
     { bosskey: 4.5,
       bosskey2: 5,
       compass: 1,
       hearts3: 0.5,
       hearts4: 0.5,
       map: 3,
       wallet: 1 },
    rowtypes: { bottle: 100, hookshot: 100, ms: 100 },
    name: 'Get to the end of Spirit Trial',
    id: 'get-to-the-end-of-spirit-trial',
    time: 15,
    goal: 
     { difficulty: 20,
       id: 'get-to-the-end-of-spirit-trial',
       jp: '魂の結界の最後の部屋に到達',
       name: 'Get to the end of Spirit Trial',
       rowtypes: [Object],
       skill: 0.75,
       subtypes: [Object],
       time: 15,
       types: [Object] },
    synergy: 5.75 },
  { difficulty: 13,
    desiredTime: 9.75,
    types: { dmc: 1, fire: 8, gtunic: 1, selfsynergy: 0 },
    subtypes: 
     { bosskey: 2,
       compass: 4,
       hovers: 0.25,
       map: 2.5,
       songs5: 1.25,
       wallet: 0.5 },
    rowtypes: { bottle: 0.5, hookshot: 0.25, ms: 100 },
    name: 'Defeat both Flare Dancers',
    id: 'defeat-both-flare-dancers',
    time: 10.75,
    goal: 
     { difficulty: 14,
       id: 'defeat-both-flare-dancers',
       jp: 'フレアダンサー2体撃破',
       name: 'Defeat both Flare Dancers',
       rowtypes: [Object],
       skill: 0.25,
       subtypes: [Object],
       time: 10.75,
       types: [Object] },
    synergy: 5 },
  { difficulty: 24,
    desiredTime: 18,
    types: 
     { endon: -1,
       firearrow: 8,
       fortress: 3,
       gtg: 1,
       incarrows: 100,
       inclacs: 100,
       legitlacs: 100,
       lightarrow: 6.5,
       poachers: 4.25,
       selfsynergy: -0.5 },
    subtypes: 
     { aganon: 1,
       bosskey: 10,
       bosskey2: 10,
       childchu: -2.5,
       hearts3: 1.5,
       hearts4: 0.75,
       hovers: 0.5,
       kd: 2,
       map: 3,
       quiver: 4.5,
       wallet: 0.25 },
    rowtypes: { bottle: 100, hookshot: 1.5, ms: 100 },
    name: 'All 3 Elemental Arrows',
    id: 'all-3-elemental-arrows',
    time: 19,
    goal: 
     { difficulty: 25,
       id: 'all-3-elemental-arrows',
       jp: '魔法矢3つ',
       name: 'All 3 Elemental Arrows',
       rowtypes: [Object],
       skill: 0.5,
       subtypes: [Object],
       time: 19,
       types: [Object] },
    synergy: 0 },
  { difficulty: 11,
    desiredTime: 8.25,
    types: { aganon: 3, endon: -0.5, gtunic: 1, hovers: 3, selfsynergy: 0 },
    subtypes: { bosskey: 3.5, hearts4: 1.5, wallet: 0.25 },
    rowtypes: { bottle: 0, hookshot: 0.5, ms: 3 },
    name: 'Get to the end of Fire Trial',
    id: 'get-to-the-end-of-fire-trial',
    time: 7.75,
    goal: 
     { difficulty: 10,
       id: 'get-to-the-end-of-fire-trial',
       jp: '炎の結界の最後の部屋に到達',
       name: 'Get to the end of Fire Trial',
       rowtypes: [Object],
       skill: 0.25,
       subtypes: [Object],
       time: 7.75,
       types: [Object] },
    synergy: 5.5 },
  { difficulty: 18,
    desiredTime: 13.5,
    types: { childchu: 0, fountain: 2, jabu: 8, selfsynergy: 0 },
    subtypes: 
     { child2: 3.5,
       childreset: 1.25,
       compass: 2.5,
       hearts3: 4,
       hearts4: 1,
       map: 3,
       wallet: 0.5 },
    rowtypes: { bottle: 0, hookshot: 0, ms: 0 },
    name: 'Beat Jabu-Jabu\'s Belly',
    id: 'beat-jabu-jabu-s-belly',
    time: 12.5,
    goal: 
     { difficulty: 17,
       id: 'beat-jabu-jabu-s-belly',
       jp: 'ジャブジャブ様のお腹クリア',
       name: 'Beat Jabu-Jabu\'s Belly',
       rowtypes: [Object],
       skill: 0.25,
       subtypes: [Object],
       time: 12.5,
       types: [Object] },
    synergy: 0 },
  { difficulty: 10,
    desiredTime: 7.5,
    types: { forest: 0.5, selfsynergy: 0 },
    subtypes: { wallet: 5 },
    rowtypes: { bottle: 0, hookshot: 100, ms: 10 },
    name: 'Stone of Agony',
    id: 'stone-of-agony',
    time: 8.25,
    goal: 
     { difficulty: 11,
       id: 'stone-of-agony',
       jp: 'もだえ石',
       name: 'Stone of Agony',
       rowtypes: [Object],
       skill: 0.5,
       subtypes: [Object],
       time: 8.25,
       types: [Object] },
    synergy: 5.75 },
  { difficulty: 2,
    desiredTime: 1.5,
    types: { dmc: 1, fire: 0.25, firearrow: 2.5, selfsynergy: 0 },
    subtypes: { bosskey: 2.5, gtunic: 0.25, hearts3: 0.5, songs5: 1 },
    rowtypes: { bottle: 0.5, hookshot: 100, ms: 100 },
    name: 'Fire Temple Boss Key',
    id: 'fire-temple-boss-key',
    time: 2.5,
    goal: 
     { difficulty: 3,
       id: 'fire-temple-boss-key',
       jp: '炎の神殿のボス部屋の鍵',
       name: 'Fire Temple Boss Key',
       rowtypes: [Object],
       skill: 0,
       subtypes: [Object],
       time: 2.5,
       types: [Object] },
    synergy: 6.5 },
  { difficulty: 8,
    desiredTime: 6,
    types: { endon: -1, hovers: 1, incwboss: 100, selfsynergy: 0, water: 7 },
    subtypes: { compass: 2.5, hearts3: 3, hearts4: 1, map: 2.5, poachers: 1.25 },
    rowtypes: { bottle: 0, hookshot: 100, ms: 1 },
    name: 'Beat the Water Temple',
    id: 'beat-the-water-temple',
    time: 6.25,
    goal: 
     { difficulty: 8,
       id: 'beat-the-water-temple',
       jp: '水の神殿クリア',
       name: 'Beat the Water Temple',
       rowtypes: [Object],
       skill: 0.25,
       subtypes: [Object],
       time: 6.25,
       types: [Object] },
    synergy: 4.25 },
  { difficulty: 5,
    desiredTime: 3.75,
    types: 
     { aganon: 2.5,
       bganon: -2.5,
       cganon: 2.5,
       fountain: 2,
       ice: 1.5,
       selfsynergy: 0 },
    subtypes: { bosskey: 2.5, compass: 3, hearts3: 1, map: 3, wallet: 0.75 },
    rowtypes: { bottle: 100, hookshot: 0, ms: 0 },
    name: 'Blue Fire',
    id: 'blue-fire',
    time: 3.5,
    goal: 
     { difficulty: 5,
       id: 'blue-fire',
       jp: '青い炎',
       name: 'Blue Fire',
       rowtypes: [Object],
       skill: 0,
       subtypes: [Object],
       time: 3.5,
       types: [Object] },
    synergy: 5.75 },
  { difficulty: 22,
    desiredTime: 16.5,
    types: 
     { aganon: 3,
       bganon: -3,
       cganon: 3,
       endon: -0.5,
       fortress: 2.5,
       gtg: 1,
       hovers: 3,
       selfsynergy: 0,
       spirit: 4 },
    subtypes: 
     { bosskey: 7.25,
       bosskey2: 5,
       childtrade: 1.5,
       compass: 1,
       czl: 1.5,
       hearts3: 2,
       hearts4: 1.5,
       map: 3,
       songs5: 1,
       wallet: 1 },
    rowtypes: { bottle: 100, hookshot: 100, ms: 8 },
    name: 'Defeat 4 Different Iron Knuckles',
    id: 'defeat-4-different-iron-knuckles',
    time: 17,
    goal: 
     { difficulty: 23,
       id: 'defeat-4-different-iron-knuckles',
       jp: 'アイアンナックを4体撃破',
       name: 'Defeat 4 Different Iron Knuckles',
       rowtypes: [Object],
       skill: 0.5,
       subtypes: [Object],
       time: 17,
       types: [Object] },
    synergy: 0 },
  { difficulty: 14,
    desiredTime: 10.5,
    types: { childchu: 0, fountain: 2, selfsynergy: 0 },
    subtypes: 
     { childreset: 1.25,
       compass: 2,
       hearts3: 1,
       jabu: 0.5,
       map: 2,
       wallet: 4 },
    rowtypes: { bottle: 0, hookshot: 100, ms: 100 },
    name: 'All 8 Zora\'s Domain area Skulltulas',
    id: 'all-8-zora-s-domain-area-skulltulas',
    time: 10.5,
    goal: 
     { difficulty: 14,
       id: 'all-8-zora-s-domain-area-skulltulas',
       jp: 'ゾーラの里エリアの黄金のスタルチュラ8匹',
       name: 'All 8 Zora\'s Domain area Skulltulas',
       rowtypes: [Object],
       skill: 0.5,
       subtypes: [Object],
       time: 10.5,
       types: [Object] },
    synergy: 4 },
  { difficulty: 16,
    desiredTime: 12,
    types: { forest: 3, hovers: 2, incforest: 100, meg: 5, selfsynergy: 0 },
    subtypes: 
     { bosskey: 2,
       bosskey2: 6,
       compass: 4,
       hearts4: 1,
       map: 3,
       quiver: 4.5,
       songs5: 1.75,
       wallet: 1 },
    rowtypes: { bottle: 0.5, hookshot: 100, ms: 100 },
    name: 'Obtain all 5 Small Keys in Forest Temple',
    id: 'obtain-all-5-small-keys-in-forest-temple',
    time: 12.75,
    goal: 
     { difficulty: 17,
       id: 'obtain-all-5-small-keys-in-forest-temple',
       jp: '森の神殿の小さな鍵の宝箱を5つ全て開ける',
       name: 'Obtain all 5 Small Keys in Forest Temple',
       rowtypes: [Object],
       skill: 0.25,
       subtypes: [Object],
       time: 12.75,
       types: [Object] },
    synergy: 6 },
  { difficulty: 12,
    desiredTime: 9,
    types: { dmc: 1, fire: 5, gtunic: 1, selfsynergy: 0 },
    subtypes: 
     { bosskey: 2,
       compass: 4,
       hearts3: 0.5,
       hovers: 0.25,
       map: 3,
       songs5: 1.25,
       wallet: 0.25 },
    rowtypes: { bottle: 0.5, hookshot: 0.25, ms: 4 },
    name: 'Map & Compass in Fire Temple',
    id: 'map-compass-in-fire-temple',
    time: 9,
    goal: 
     { difficulty: 12,
       id: 'map-compass-in-fire-temple',
       jp: '炎の神殿のマップとコンパス',
       name: 'Map & Compass in Fire Temple',
       rowtypes: [Object],
       skill: 0,
       subtypes: [Object],
       time: 9,
       types: [Object] },
    synergy: 1.75 },
  { difficulty: 19,
    desiredTime: 14.25,
    types: 
     { beans: 15,
       childtrade: 6.5,
       czl: 2.5,
       fortress: 3,
       gerudo: 7,
       incctrade: 100,
       saria: 3,
       selfsynergy: 0 },
    subtypes: { bosskey: 2.5, hearts4: 0.5, map: 2.5, wallet: 0.25 },
    rowtypes: { bottle: 100, hookshot: 0.75, ms: 7 },
    name: 'Spooky Mask',
    id: 'spooky-mask',
    time: 13.5,
    goal: 
     { difficulty: 18,
       id: 'spooky-mask',
       jp: 'こわそなお面',
       name: 'Spooky Mask',
       rowtypes: [Object],
       skill: 0.5,
       subtypes: [Object],
       time: 13.5,
       types: [Object] },
    synergy: 5.75 },
  { difficulty: 6,
    desiredTime: 4.5,
    types: { bottleslot: 4.5, selfsynergy: 0 },
    subtypes: { jabu: 1.5 },
    rowtypes: { bottle: 100, hookshot: 0, ms: 0.5 },
    name: 'Fill all 4 Bottle Slots',
    id: 'fill-all-4-bottle-slots',
    time: 5,
    goal: 
     { difficulty: 7,
       id: 'fill-all-4-bottle-slots',
       jp: '4つの空きビンスロットを全て埋める',
       name: 'Fill all 4 Bottle Slots',
       rowtypes: [Object],
       skill: 0,
       subtypes: [Object],
       time: 5,
       types: [Object] },
    synergy: 5.25 },
  { difficulty: 3,
    desiredTime: 2.25,
    types: { fountain: 1, selfsynergy: 0 },
    subtypes: { bottleslot: 4, strength: 100, wallet: 100 },
    rowtypes: { bottle: 0, hookshot: 0, ms: 0 },
    name: 'Silver Scale',
    id: 'silver-scale',
    time: 3,
    goal: 
     { difficulty: 4,
       id: 'silver-scale',
       jp: '銀のウロコ',
       name: 'Silver Scale',
       rowtypes: [Object],
       skill: 0,
       subtypes: [Object],
       time: 3,
       types: [Object] },
    synergy: 4.75 },
  { difficulty: 25,
    desiredTime: 18.75,
    types: { compass: 22, hovers: 3, selfsynergy: -3 },
    subtypes: 
     { bosskey2: 2,
       hearts3: 1.5,
       hearts4: 2,
       map: 22,
       poachers: 1.25,
       wallet: 1 },
    rowtypes: { bottle: 0.5, hookshot: 100, ms: 5 },
    name: '7 Compasses',
    id: '7-compasses',
    time: 18.25,
    goal: 
     { difficulty: 24,
       id: '7-compasses',
       jp: 'コンパス7つ',
       name: '7 Compasses',
       rowtypes: [Object],
       skill: 1,
       subtypes: [Object],
       time: 18.25,
       types: [Object] },
    synergy: 0.5 },
  { difficulty: 1,
    desiredTime: 0.75,
    types: { bombbag: 100, selfsynergy: 0 },
    subtypes: { bbprize: 100, childchu: -2.5, quiver: -1 },
    rowtypes: { bottle: 100, hookshot: 0, ms: 3 },
    name: 'Bomb Bag (30)',
    id: 'bomb-bag-30-',
    time: 0,
    goal: 
     { difficulty: 1,
       id: 'bomb-bag-30-',
       jp: 'ボム袋(30)',
       name: 'Bomb Bag (30)',
       rowtypes: [Object],
       skill: 0,
       subtypes: [Object],
       time: 0,
       types: [Object] },
    synergy: 6.5 },
  { difficulty: 23,
    desiredTime: 17.25,
    types: 
     { dmc: 1,
       fire: 1.5,
       forest: 2.75,
       fortress: 2.5,
       gtg: 1,
       hovers: 3,
       selfsynergy: -3,
       shadow: 2,
       spirit: 3,
       water: 3 },
    subtypes: 
     { bosskey: 4,
       bosskey2: 3,
       childchu: -2.5,
       compass: 6,
       hearts3: 1,
       hearts4: 2.25,
       map: 6,
       songs5: 5,
       wallet: 4.5 },
    rowtypes: { bottle: 0.5, hookshot: 100, ms: 100 },
    name: '1 Skulltula from each Adult Dungeon',
    id: '1-skulltula-from-each-adult-dungeon',
    time: 18,
    goal: 
     { difficulty: 24,
       id: '1-skulltula-from-each-adult-dungeon',
       jp: '全ての大人ダンジョンからスタルチュラ最低1匹ずつ',
       name: '1 Skulltula from each Adult Dungeon',
       rowtypes: [Object],
       skill: 1,
       subtypes: [Object],
       time: 18,
       types: [Object] },
    synergy: 0 },
  { difficulty: 15,
    desiredTime: 11.25,
    types: 
     { dc: 2,
       ice: 1.5,
       incwskull: 100,
       irons: 2,
       longshot: 2,
       selfsynergy: 0,
       water: 3 },
    subtypes: 
     { aganon: 0.25,
       bbprize: -4,
       childchu: -2.5,
       compass: 2.5,
       hearts3: 1.5,
       hearts4: 2.5,
       hovers: 0.25,
       map: 2.5,
       wallet: 1.5 },
    rowtypes: { bottle: 100, hookshot: 100, ms: 6 },
    name: '3 Skulltulas in Water Temple',
    id: '3-skulltulas-in-water-temple',
    time: 11.25,
    goal: 
     { difficulty: 15,
       id: '3-skulltulas-in-water-temple',
       jp: '水の神殿の黄金のスタルチュラ3匹以上',
       name: '3 Skulltulas in Water Temple',
       rowtypes: [Object],
       skill: 0.25,
       subtypes: [Object],
       time: 11.25,
       types: [Object] },
    synergy: 0.25 },
  { difficulty: 17,
    desiredTime: 12.75,
    types: 
     { child2: 5,
       endon: 0,
       forest: 3,
       hovers: 3,
       pg: 2.25,
       selfsynergy: 0 },
    subtypes: 
     { bosskey2: 3,
       compass: 1,
       hearts3: 4,
       hearts4: 1.25,
       map: 2,
       songs4: 1.5,
       songs5: 2,
       wallet: 1 },
    rowtypes: { bottle: 100, hookshot: 100, ms: 100 },
    name: 'Frog\'s Heart Piece',
    id: 'frog-s-heart-piece',
    time: 12.5,
    goal: 
     { difficulty: 17,
       id: 'frog-s-heart-piece',
       jp: 'カエルのハートのかけら(嵐の歌)',
       name: 'Frog\'s Heart Piece',
       rowtypes: [Object],
       skill: 0.25,
       subtypes: [Object],
       time: 12.5,
       types: [Object] },
    synergy: 6.25 },
  { difficulty: 9,
    desiredTime: 6.75,
    types: { lonlon: 4, selfsynergy: 0 },
    subtypes: 
     { bottleslot: 3,
       childreset: 1,
       czl: 2,
       poachers: -100,
       songs4: 1.75,
       wallet: 0.5 },
    rowtypes: { bottle: 0, hookshot: 0, ms: 0 },
    name: 'Epona\'s Song',
    id: 'epona-s-song',
    time: 6.75,
    goal: 
     { difficulty: 9,
       id: 'epona-s-song',
       jp: 'エポナの歌',
       name: 'Epona\'s Song',
       rowtypes: [Object],
       skill: 0,
       subtypes: [Object],
       time: 6.75,
       types: [Object] },
    synergy: 6.75 },
  meta: { iterations: 1 } ]
