[ ,
  { difficulty: 20,
    desiredTime: 10,
    types: { dc: 2, deku: 3, dmc: 1, fountain: 2, jabu: 3, selfsynergy: -3.5 },
    subtypes: 
     { compass: 4,
       ganon: 2.5,
       map: 4,
       plant: 0.5,
       plant2: 1.5,
       ruto: 1,
       wallet: 3 },
    rowtypes: undefined,
    name: '1 Skulltula from each Child Dungeon',
    id: '1-skulltula-from-each-child-dungeon',
    time: 9.5,
    goal: 
     { difficulty: 19,
       id: '1-skulltula-from-each-child-dungeon',
       jp: '全ての子供ダンジョンからスタルチュラ最低1匹ずつ',
       name: '1 Skulltula from each Child Dungeon',
       skill: 0,
       subtypes: [Object],
       time: 9.5,
       types: [Object] },
    synergy: 0.5 },
  { difficulty: 2,
    desiredTime: 1,
    types: { field: 0.75, selfsynergy: 0 },
    subtypes: { bottle: 1, songs: 0.25 },
    rowtypes: undefined,
    name: 'Fairy Ocarina',
    id: 'fairy-ocarina',
    time: 0.5,
    goal: 
     { difficulty: 1,
       id: 'fairy-ocarina',
       jp: '妖精のオカリナ',
       name: 'Fairy Ocarina',
       skill: 0,
       subtypes: [Object],
       time: 0.5,
       types: [Object] },
    synergy: 2 },
  { difficulty: 24,
    desiredTime: 12,
    types: { dc: 4, kd: 3, selfsynergy: 0 },
    subtypes: 
     { compass: 3,
       fortress: 3,
       hearts: 3,
       hearts2: 2,
       map: 2.75,
       plant: 0.5,
       plant2: 1.5,
       wallet: 1 },
    rowtypes: undefined,
    name: 'Win Bombchu Bowling Prize',
    id: 'win-bombchu-bowling-prize',
    time: 11,
    goal: 
     { difficulty: 22,
       id: 'win-bombchu-bowling-prize',
       jp: 'ボムチュウボウリングの景品',
       name: 'Win Bombchu Bowling Prize',
       skill: 0,
       subtypes: [Object],
       time: 11,
       types: [Object] },
    synergy: 1 },
  { difficulty: 6,
    desiredTime: 3,
    types: { selfsynergy: 0 },
    subtypes: { wallet: 1.75 },
    rowtypes: undefined,
    name: 'All 3 Skulltulas in Bottom of the Well',
    id: 'all-3-skulltulas-in-bottom-of-the-well',
    time: 3.25,
    goal: 
     { difficulty: 6,
       id: 'all-3-skulltulas-in-bottom-of-the-well',
       jp: '井戸の底の黄金のスタルチュラ3匹',
       name: 'All 3 Skulltulas in Bottom of the Well',
       skill: 0,
       subtypes: [Object],
       time: 3.25,
       types: [Object] },
    synergy: 1.75 },
  { difficulty: 13,
    desiredTime: 6.5,
    types: { endbottle: -2.5, field: 0.75, lonlon: 4, selfsynergy: 0 },
    subtypes: { bottle: 2, wallet: 0.5, zl: 1 },
    rowtypes: undefined,
    name: 'Milk',
    id: 'milk',
    time: 5.75,
    goal: 
     { difficulty: 11,
       id: 'milk',
       jp: 'ロンロン牛乳',
       name: 'Milk',
       skill: 0,
       subtypes: [Object],
       time: 5.75,
       types: [Object] },
    synergy: 2.75 },
  { difficulty: 9,
    desiredTime: 4.5,
    types: { field: 0.75, fortress: 1.5, selfsynergy: 0 },
    subtypes: { bosskey: 1, hearts: 2, plant: 0.5, plant2: 1.5, wallet: 0.25 },
    rowtypes: undefined,
    name: 'Both Gerudo Valley HPs',
    id: 'both-gerudo-valley-hps',
    time: 4.25,
    goal: 
     { difficulty: 8,
       id: 'both-gerudo-valley-hps',
       jp: 'ゲルドの谷のハートのかけら2つ',
       name: 'Both Gerudo Valley HPs',
       skill: 0,
       subtypes: [Object],
       time: 4.25,
       types: [Object] },
    synergy: 2.75 },
  { difficulty: 11,
    desiredTime: 5.5,
    types: { beans: 10, selfsynergy: 0 },
    subtypes: { wallet: 0.25 },
    rowtypes: undefined,
    name: '6 Magic Beans',
    id: '6-magic-beans',
    time: 6.25,
    goal: 
     { difficulty: 12,
       id: '6-magic-beans',
       jp: '魔法のマメ6つ以上',
       name: '6 Magic Beans',
       skill: 0,
       subtypes: [Object],
       time: 6.25,
       types: [Object] },
    synergy: 0.25 },
  { difficulty: 18,
    desiredTime: 9,
    types: { selfsynergy: 0, sticks: 100 },
    subtypes: undefined,
    rowtypes: undefined,
    name: '30 Deku Sticks',
    id: '30-deku-sticks',
    time: 8,
    goal: 
     { difficulty: 16,
       id: '30-deku-sticks',
       jp: 'デクの棒30本',
       name: '30 Deku Sticks',
       skill: 0,
       time: 8,
       types: [Object] },
    synergy: 2 },
  { difficulty: 5,
    desiredTime: 2.5,
    types: { beans: -1, dmc: 3, selfsynergy: 0 },
    subtypes: 
     { compass: 1,
       hearts: 1,
       map: 1,
       plant: 0.75,
       plant2: 1.5,
       wallet: 0.5 },
    rowtypes: undefined,
    name: 'Plant bean in Death Mountain Crater',
    id: 'plant-bean-in-death-mountain-crater',
    time: 3.5,
    goal: 
     { difficulty: 7,
       id: 'plant-bean-in-death-mountain-crater',
       jp: 'デスマウンテン火口の土にマメを植える',
       name: 'Plant bean in Death Mountain Crater',
       skill: 0,
       subtypes: [Object],
       time: 3.5,
       types: [Object] },
    synergy: 0.5 },
  { difficulty: 22,
    desiredTime: 11,
    types: { field: 0.75, fortress: 2.5, selfsynergy: 0 },
    subtypes: { bosskey: 2.5, hearts: 0.75, plant2: 0.5 },
    rowtypes: undefined,
    name: 'Gerudo\'s Card',
    id: 'gerudo-s-card',
    time: 11.5,
    goal: 
     { difficulty: 23,
       id: 'gerudo-s-card',
       jp: 'ゲルドの会員証',
       name: 'Gerudo\'s Card',
       skill: 0,
       subtypes: [Object],
       time: 11.5,
       types: [Object] },
    synergy: 3 },
  { difficulty: 3,
    desiredTime: 1.5,
    types: { bottle: 2, endbottle: -2.5, selfsynergy: 0 },
    subtypes: undefined,
    rowtypes: undefined,
    name: 'Green Potion',
    id: 'green-potion',
    time: 2.5,
    goal: 
     { difficulty: 5,
       id: 'green-potion',
       jp: '緑のクスリ',
       name: 'Green Potion',
       skill: 0,
       time: 2.5,
       types: [Object] },
    synergy: 3 },
  { difficulty: 25,
    desiredTime: 12.5,
    types: { selfsynergy: 0 },
    subtypes: { plant: 0.25 },
    rowtypes: undefined,
    name: 'Defeat a Skull Kid',
    id: 'defeat-a-skull-kid',
    time: 11.5,
    goal: 
     { difficulty: 23,
       id: 'defeat-a-skull-kid',
       jp: 'スタルキッド撃破',
       name: 'Defeat a Skull Kid',
       skill: 0,
       subtypes: [Object],
       time: 11.5,
       types: [Object] },
    synergy: 1 },
  { difficulty: 7,
    desiredTime: 3.5,
    types: { bottle: 2, saria: 0.25, selfsynergy: 0 },
    subtypes: { plant: 1.25, songs: 1, wallet: 1 },
    rowtypes: undefined,
    name: 'Both Child Lost Woods area Skulltulas',
    id: 'both-child-lost-woods-area-skulltulas',
    time: 3.5,
    goal: 
     { difficulty: 7,
       id: 'both-child-lost-woods-area-skulltulas',
       jp: '迷いの森エリアの黄金のスタルチュラ4匹',
       name: 'Both Child Lost Woods area Skulltulas',
       skill: 0,
       subtypes: [Object],
       time: 3.5,
       types: [Object] },
    synergy: 1 },
  { difficulty: 14,
    desiredTime: 7,
    types: { beans: 10, selfsynergy: 0 },
    subtypes: { wallet: 0.25 },
    rowtypes: undefined,
    name: '7 Magic Beans',
    id: '7-magic-beans',
    time: 8,
    goal: 
     { difficulty: 16,
       id: '7-magic-beans',
       jp: '魔法のマメ7つ以上',
       name: '7 Magic Beans',
       skill: 0,
       subtypes: [Object],
       time: 8,
       types: [Object] },
    synergy: 2.25 },
  { difficulty: 16,
    desiredTime: 8,
    types: { bottle: 2, selfsynergy: -2, wallet: 8 },
    subtypes: { plant: 4.5, plant2: 2 },
    rowtypes: undefined,
    name: '15 Different Skulltulas',
    id: '15-different-skulltulas',
    time: 8,
    goal: 
     { difficulty: 16,
       id: '15-different-skulltulas',
       jp: 'スタルチュラのしるし15個(増殖禁止)',
       name: '15 Different Skulltulas',
       skill: 0,
       subtypes: [Object],
       time: 8,
       types: [Object] },
    synergy: 2.75 },
  { difficulty: 12,
    desiredTime: 6,
    types: { beans: 10, plant: 3.5, selfsynergy: -0.5 },
    subtypes: undefined,
    rowtypes: undefined,
    name: 'Plant 5 Magic Beans',
    id: 'plant-5-magic-beans',
    time: 6.5,
    goal: 
     { difficulty: 13,
       id: 'plant-5-magic-beans',
       jp: '魔法の豆を5ヶ所に埋める',
       name: 'Plant 5 Magic Beans',
       skill: 0,
       time: 6.5,
       types: [Object] },
    synergy: 2.75 },
  { difficulty: 19,
    desiredTime: 9.5,
    types: { dc: 4, dmc: 1, endon: -0.5, kd: 3, selfsynergy: 0 },
    subtypes: 
     { compass: 3,
       hearts: 3,
       hearts2: 2,
       map: 2.75,
       plant: 0.5,
       plant2: 1.5,
       wallet: 1 },
    rowtypes: undefined,
    name: 'Goron\'s Ruby',
    id: 'goron-s-ruby',
    time: 9.5,
    goal: 
     { difficulty: 19,
       id: 'goron-s-ruby',
       jp: 'ゴロンのルビー',
       name: 'Goron\'s Ruby',
       skill: 0,
       subtypes: [Object],
       time: 9.5,
       types: [Object] },
    synergy: 0.25 },
  { difficulty: 1,
    desiredTime: 0.5,
    types: { field: 0.75, selfsynergy: 0 },
    subtypes: { hearts: 1 },
    rowtypes: undefined,
    name: 'Lost Dog HP',
    id: 'lost-dog-hp',
    time: 1.25,
    goal: 
     { difficulty: 2,
       id: 'lost-dog-hp',
       jp: 'リチャードのハートのかけら',
       name: 'Lost Dog HP',
       skill: 0,
       subtypes: [Object],
       time: 1.25,
       types: [Object] },
    synergy: 0.5 },
  { difficulty: 23,
    desiredTime: 11.5,
    types: { bottle: 2, dmc: 2.5, magic: 2, zl: 6.75 },
    subtypes: { hearts: 2, hearts2: 2 },
    rowtypes: undefined,
    name: 'Magic Bar',
    id: 'magic-bar',
    time: 12.5,
    goal: 
     { difficulty: 25,
       id: 'magic-bar',
       jp: '魔力メーター',
       name: 'Magic Bar',
       skill: 0,
       subtypes: [Object],
       time: 12.5,
       types: [Object] },
    synergy: 0 },
  { difficulty: 10,
    desiredTime: 5,
    types: { fountain: 2, gtg: 1, jabu: 3, selfsynergy: 0 },
    subtypes: { compass: 5, map: 5, ruto: 1, wallet: 0.75 },
    rowtypes: undefined,
    name: 'Defeat Big Octo',
    id: 'defeat-big-octo',
    time: 6.5,
    goal: 
     { difficulty: 13,
       id: 'defeat-big-octo',
       jp: '大オクタ撃破',
       name: 'Defeat Big Octo',
       skill: 0,
       subtypes: [Object],
       time: 6.5,
       types: [Object] },
    synergy: 2.25 },
  { difficulty: 21,
    desiredTime: 10.5,
    types: { endon: -1, fountain: 2, jabu: 8, selfsynergy: 0 },
    subtypes: { compass: 6, hearts: 3, hearts2: 2, map: 6, ruto: 1, wallet: 1 },
    rowtypes: undefined,
    name: 'Beat Jabu-Jabu\'s Belly',
    id: 'beat-jabu-jabu-s-belly',
    time: 10,
    goal: 
     { difficulty: 20,
       id: 'beat-jabu-jabu-s-belly',
       jp: 'ジャブジャブ様のお腹クリア',
       name: 'Beat Jabu-Jabu\'s Belly',
       skill: 0,
       subtypes: [Object],
       time: 10,
       types: [Object] },
    synergy: 2.5 },
  { difficulty: 8,
    desiredTime: 4,
    types: { selfsynergy: -2, wallet: 6 },
    subtypes: { bottle: 1, plant: 4 },
    rowtypes: undefined,
    name: 'Adult\'s Wallet',
    id: 'adult-s-wallet',
    time: 5,
    goal: 
     { difficulty: 10,
       id: 'adult-s-wallet',
       jp: '大人のサイフ',
       name: 'Adult\'s Wallet',
       skill: 0,
       subtypes: [Object],
       time: 5,
       types: [Object] },
    synergy: 1.25 },
  { difficulty: 15,
    desiredTime: 7.5,
    types: { deku: 3, endon: -0.5, selfsynergy: 0 },
    subtypes: 
     { compass: 3.75,
       ganon: 3,
       hearts: 3,
       jabu: 1,
       map: 3,
       plant: 0.25,
       wallet: 2.5 },
    rowtypes: undefined,
    name: 'All 4 Skulltulas in Deku Tree',
    id: 'all-4-skulltulas-in-deku-tree',
    time: 8.25,
    goal: 
     { difficulty: 16,
       id: 'all-4-skulltulas-in-deku-tree',
       jp: 'デクの樹様の中の黄金のスタルチュラ4匹',
       name: 'All 4 Skulltulas in Deku Tree',
       skill: 0,
       subtypes: [Object],
       time: 8.25,
       types: [Object] },
    synergy: 1.25 },
  { difficulty: 17,
    desiredTime: 8.5,
    types: { dc: 4, dmc: 1, endon: -0.5, fortress: 2, kd: 3, selfsynergy: 0 },
    subtypes: 
     { compass: 3,
       hearts: 3,
       hearts2: 2,
       map: 2.75,
       plant: 0.5,
       plant2: 1.5,
       wallet: 1 },
    rowtypes: undefined,
    name: 'Defeat King Dodongo',
    id: 'defeat-king-dodongo',
    time: 8.25,
    goal: 
     { difficulty: 16,
       id: 'defeat-king-dodongo',
       jp: 'キングドドンゴ撃破',
       name: 'Defeat King Dodongo',
       skill: 0,
       subtypes: [Object],
       time: 8.25,
       types: [Object] },
    synergy: 2 },
  { difficulty: 4,
    desiredTime: 2,
    types: { bottle: 2, selfsynergy: 0 },
    subtypes: undefined,
    rowtypes: undefined,
    name: 'Bottled Fairy',
    id: 'bottled-fairy',
    time: 2.5,
    goal: 
     { difficulty: 5,
       id: 'bottled-fairy',
       jp: 'ビン(妖精)',
       name: 'Bottled Fairy',
       skill: 0,
       time: 2.5,
       types: [Object] },
    synergy: 0 },
  meta: { iterations: 1 } ]
