[ ,
  { difficulty: 15,
    desiredTime: 7.5,
    types: { bottle: 2, deku: 5, selfsynergy: 0 },
    subtypes: 
     { compass: 3.5,
       ganon: 5,
       hearts: 3,
       hearts2: 2,
       map: 3,
       plant: 0.25,
       wallet: 0.5,
       zl: 2.25 },
    rowtypes: undefined,
    name: 'Kokiri\'s Emerald',
    id: 'kokiri-s-emerald',
    time: 8.5,
    goal: 
     { difficulty: 17,
       id: 'kokiri-s-emerald',
       jp: 'コキリのヒスイ',
       name: 'Kokiri\'s Emerald',
       skill: 0,
       subtypes: [Object],
       time: 8.5,
       types: [Object] },
    synergy: 1.5 },
  { difficulty: 22,
    desiredTime: 11,
    types: { field: 0.75, fortress: 2.5, selfsynergy: 0, spirit: 6 },
    subtypes: 
     { bosskey: 2,
       compass: 1,
       hearts: 0.75,
       map: 2,
       plant: 0.5,
       plant2: 1.5,
       wallet: 0.5 },
    rowtypes: undefined,
    name: 'Get Bombchu chest in Spirit Temple',
    id: 'get-bombchu-chest-in-spirit-temple',
    time: 11.5,
    goal: 
     { difficulty: 23,
       id: 'get-bombchu-chest-in-spirit-temple',
       jp: '魂の神殿のボムチュウ取得',
       name: 'Get Bombchu chest in Spirit Temple',
       skill: 0,
       subtypes: [Object],
       time: 11.5,
       types: [Object] },
    synergy: 2.25 },
  { difficulty: 4,
    desiredTime: 2,
    types: { beans: 10, plant: 2, selfsynergy: -0.5 },
    subtypes: undefined,
    rowtypes: undefined,
    name: 'Plant 3 Magic Beans',
    id: 'plant-3-magic-beans',
    time: 2.25,
    goal: 
     { difficulty: 4,
       id: 'plant-3-magic-beans',
       jp: '魔法の豆を3ヶ所に埋める',
       name: 'Plant 3 Magic Beans',
       skill: 0,
       time: 2.25,
       types: [Object] },
    synergy: 0.5 },
  { difficulty: 16,
    desiredTime: 8,
    types: { selfsynergy: 0, sticks: 100 },
    subtypes: undefined,
    rowtypes: undefined,
    name: '30 Deku Sticks',
    id: '30-deku-sticks',
    time: 8,
    goal: 
     { difficulty: 16,
       id: '30-deku-sticks',
       jp: 'デクの棒30本',
       name: '30 Deku Sticks',
       skill: 0,
       time: 8,
       types: [Object] },
    synergy: 1.5 },
  { difficulty: 8,
    desiredTime: 4,
    types: { fountain: 1, selfsynergy: 0 },
    subtypes: { plant: 0.25, plant2: 1.5 },
    rowtypes: undefined,
    name: 'Golden Scale',
    id: 'golden-scale',
    time: 4,
    goal: 
     { difficulty: 8,
       id: 'golden-scale',
       jp: '金のウロコ',
       name: 'Golden Scale',
       skill: 0,
       subtypes: [Object],
       time: 4,
       types: [Object] },
    synergy: 1.25 },
  { difficulty: 19,
    desiredTime: 9.5,
    types: { beans: 10, selfsynergy: 0 },
    subtypes: { wallet: 0.5 },
    rowtypes: undefined,
    name: '8 Magic Beans',
    id: '8-magic-beans',
    time: 10.75,
    goal: 
     { difficulty: 21,
       id: '8-magic-beans',
       jp: '魔法のマメ8つ以上',
       name: '8 Magic Beans',
       skill: 0,
       subtypes: [Object],
       time: 10.75,
       types: [Object] },
    synergy: 1 },
  { difficulty: 6,
    desiredTime: 3,
    types: { dc: 3, dmc: 1, selfsynergy: 0 },
    subtypes: 
     { compass: 3.5,
       hearts: 1,
       map: 3,
       plant: 0.5,
       plant2: 1.5,
       wallet: 0.25 },
    rowtypes: undefined,
    name: 'Map & Compass in Dodongo\'s Cavern',
    id: 'map-compass-in-dodongo-s-cavern',
    time: 4,
    goal: 
     { difficulty: 8,
       id: 'map-compass-in-dodongo-s-cavern',
       jp: 'ドドンゴの洞窟のマップとコンパス',
       name: 'Map & Compass in Dodongo\'s Cavern',
       skill: 0,
       subtypes: [Object],
       time: 4,
       types: [Object] },
    synergy: 0.75 },
  { difficulty: 13,
    desiredTime: 6.5,
    types: 
     { endon: -0.5,
       field: 0.75,
       fortress: 2.5,
       selfsynergy: 0,
       spirit: 2.5 },
    subtypes: 
     { bosskey: 2,
       hearts: 0.75,
       map: 2,
       plant: 0.5,
       plant2: 1.5,
       songs: 3,
       wallet: 0.5 },
    rowtypes: undefined,
    name: 'Requiem of Spirit',
    id: 'requiem-of-spirit',
    time: 7.5,
    goal: 
     { difficulty: 15,
       id: 'requiem-of-spirit',
       jp: '魂のレクイエム',
       name: 'Requiem of Spirit',
       skill: 0,
       subtypes: [Object],
       time: 7.5,
       types: [Object] },
    synergy: 0 },
  { difficulty: 25,
    desiredTime: 12.5,
    types: { childtrade: 5, field: 0.75, saria: 3, selfsynergy: 0, zl: 6.75 },
    subtypes: { hearts: 2, hearts2: 2, plant: 0.5, wallet: 0.25 },
    rowtypes: undefined,
    name: 'Skull Mask',
    id: 'skull-mask',
    time: 12.5,
    goal: 
     { difficulty: 25,
       id: 'skull-mask',
       jp: 'ドクロのお面',
       name: 'Skull Mask',
       skill: 0,
       subtypes: [Object],
       time: 12.5,
       types: [Object] },
    synergy: 0 },
  { difficulty: 2,
    desiredTime: 1,
    types: { field: 0.75, selfsynergy: 0 },
    subtypes: { bottle: 1, songs: 0.25 },
    rowtypes: undefined,
    name: 'Fairy Ocarina',
    id: 'fairy-ocarina',
    time: 0.5,
    goal: 
     { difficulty: 1,
       id: 'fairy-ocarina',
       jp: '妖精のオカリナ',
       name: 'Fairy Ocarina',
       skill: 0,
       subtypes: [Object],
       time: 0.5,
       types: [Object] },
    synergy: 3 },
  { difficulty: 23,
    desiredTime: 11.5,
    types: { fountain: 2, jabu: 5, map: 14, selfsynergy: -3 },
    subtypes: 
     { bosskey2: 2,
       compass: 14,
       ganon: 2.5,
       hearts: 3,
       hearts2: 3,
       plant: 1,
       plant2: 1,
       wallet: 1 },
    rowtypes: undefined,
    name: '4 Maps',
    id: '4-maps',
    time: 11.25,
    goal: 
     { difficulty: 22,
       id: '4-maps',
       jp: 'マップ4つ',
       name: '4 Maps',
       skill: 0,
       subtypes: [Object],
       time: 11.25,
       types: [Object] },
    synergy: 0.25 },
  { difficulty: 5,
    desiredTime: 2.5,
    types: { bottle: 2, endbottle: -2.5, selfsynergy: 0 },
    subtypes: { plant: 0.5 },
    rowtypes: undefined,
    name: 'Bottled Poe',
    id: 'bottled-poe',
    time: 3,
    goal: 
     { difficulty: 6,
       id: 'bottled-poe',
       jp: 'ビン(ポウ)',
       name: 'Bottled Poe',
       skill: 0,
       subtypes: [Object],
       time: 3,
       types: [Object] },
    synergy: 2.75 },
  { difficulty: 17,
    desiredTime: 8.5,
    types: { bottle: 2, selfsynergy: -2, wallet: 8 },
    subtypes: { plant: 4.5, plant2: 2 },
    rowtypes: undefined,
    name: '15 Different Skulltulas',
    id: '15-different-skulltulas',
    time: 8,
    goal: 
     { difficulty: 16,
       id: '15-different-skulltulas',
       jp: 'スタルチュラのしるし15個(増殖禁止)',
       name: '15 Different Skulltulas',
       skill: 0,
       subtypes: [Object],
       time: 8,
       types: [Object] },
    synergy: 0.5 },
  { difficulty: 9,
    desiredTime: 4.5,
    types: { beans: 10, plant: 2.75, selfsynergy: -0.5 },
    subtypes: undefined,
    rowtypes: undefined,
    name: 'Plant 4 Magic Beans',
    id: 'plant-4-magic-beans',
    time: 3.75,
    goal: 
     { difficulty: 7,
       id: 'plant-4-magic-beans',
       jp: '魔法の豆を4ヶ所に埋める',
       name: 'Plant 4 Magic Beans',
       skill: 0,
       time: 3.75,
       types: [Object] },
    synergy: 1.75 },
  { difficulty: 11,
    desiredTime: 5.5,
    types: 
     { field: 0.75,
       fortress: 3,
       gtg: 1.5,
       ice: 1.5,
       irons: 1.5,
       selfsynergy: 0 },
    subtypes: { hearts: 0.75, plant2: 0.5 },
    rowtypes: undefined,
    name: 'Defeat a White Wolfos',
    id: 'defeat-a-white-wolfos',
    time: 5.5,
    goal: 
     { difficulty: 11,
       id: 'defeat-a-white-wolfos',
       jp: 'ホワイトウルフォス撃破',
       name: 'Defeat a White Wolfos',
       skill: 0,
       subtypes: [Object],
       time: 5.5,
       types: [Object] },
    synergy: 2.75 },
  { difficulty: 7,
    desiredTime: 3.5,
    types: { bottle: 2, endbottle: -2.5, selfsynergy: 0 },
    subtypes: undefined,
    rowtypes: undefined,
    name: 'Green Potion',
    id: 'green-potion',
    time: 2.5,
    goal: 
     { difficulty: 5,
       id: 'green-potion',
       jp: '緑のクスリ',
       name: 'Green Potion',
       skill: 0,
       time: 2.5,
       types: [Object] },
    synergy: 2.25 },
  { difficulty: 14,
    desiredTime: 7,
    types: { hearts: 5, hearts2: 1, selfsynergy: -2 },
    subtypes: { plant: 1, plant2: 1, wallet: 1 },
    rowtypes: undefined,
    name: '5 Hearts',
    id: '5-hearts',
    time: 6,
    goal: 
     { difficulty: 12,
       id: '5-hearts',
       jp: 'ハート5つ',
       name: '5 Hearts',
       skill: 0,
       subtypes: [Object],
       time: 6,
       types: [Object] },
    synergy: 1.75 },
  { difficulty: 21,
    desiredTime: 10.5,
    types: { selfsynergy: 0 },
    subtypes: { plant: 0.25 },
    rowtypes: undefined,
    name: 'Defeat a Skull Kid',
    id: 'defeat-a-skull-kid',
    time: 11.5,
    goal: 
     { difficulty: 23,
       id: 'defeat-a-skull-kid',
       jp: 'スタルキッド撃破',
       name: 'Defeat a Skull Kid',
       skill: 0,
       subtypes: [Object],
       time: 11.5,
       types: [Object] },
    synergy: 0 },
  { difficulty: 3,
    desiredTime: 1.5,
    types: { selfsynergy: 0 },
    subtypes: undefined,
    rowtypes: undefined,
    name: '99 Rupees',
    id: '99-rupees',
    time: 0.5,
    goal: 
     { difficulty: 1,
       id: '99-rupees',
       jp: '99ルピー',
       name: '99 Rupees',
       skill: 0,
       time: 0.5,
       types: [Object] },
    synergy: 1 },
  { difficulty: 20,
    desiredTime: 10,
    types: { dc: 2, deku: 3, dmc: 1, fountain: 2, jabu: 3, selfsynergy: -3.5 },
    subtypes: 
     { compass: 4,
       ganon: 2.5,
       map: 4,
       plant: 0.5,
       plant2: 1.5,
       ruto: 1,
       wallet: 3 },
    rowtypes: undefined,
    name: '1 Skulltula from each Child Dungeon',
    id: '1-skulltula-from-each-child-dungeon',
    time: 9.5,
    goal: 
     { difficulty: 19,
       id: '1-skulltula-from-each-child-dungeon',
       jp: '全ての子供ダンジョンからスタルチュラ最低1匹ずつ',
       name: '1 Skulltula from each Child Dungeon',
       skill: 0,
       subtypes: [Object],
       time: 9.5,
       types: [Object] },
    synergy: 0 },
  { difficulty: 1,
    desiredTime: 0.5,
    types: { selfsynergy: 0 },
    subtypes: { compass: 0.5, map: 0.5 },
    rowtypes: undefined,
    name: 'Map & Compass in Bottom of the Well',
    id: 'map-compass-in-bottom-of-the-well',
    time: 1,
    goal: 
     { difficulty: 2,
       id: 'map-compass-in-bottom-of-the-well',
       jp: '井戸の底のマップとコンパス',
       name: 'Map & Compass in Bottom of the Well',
       skill: 0,
       subtypes: [Object],
       time: 1,
       types: [Object] },
    synergy: 1.25 },
  { difficulty: 18,
    desiredTime: 9,
    types: { endon: -0.5, fountain: 2, jabu: 8, selfsynergy: 0 },
    subtypes: { compass: 6, hearts: 3, hearts2: 2, map: 6, ruto: 1, wallet: 1 },
    rowtypes: undefined,
    name: 'Defeat Barinade',
    id: 'defeat-barinade',
    time: 9.5,
    goal: 
     { difficulty: 19,
       id: 'defeat-barinade',
       jp: 'バリネード撃破',
       name: 'Defeat Barinade',
       skill: 0,
       subtypes: [Object],
       time: 9.5,
       types: [Object] },
    synergy: 2.5 },
  { difficulty: 10,
    desiredTime: 5,
    types: { deku: 3, selfsynergy: 0 },
    subtypes: 
     { compass: 4,
       ganon: 2.5,
       hearts: 3,
       map: 3.25,
       plant: 0.25,
       wallet: 0.5 },
    rowtypes: undefined,
    name: 'Map & Compass in Deku Tree',
    id: 'map-compass-in-deku-tree',
    time: 4.25,
    goal: 
     { difficulty: 8,
       id: 'map-compass-in-deku-tree',
       jp: 'デクの樹様の中のマップとコンパス',
       name: 'Map & Compass in Deku Tree',
       skill: 0,
       subtypes: [Object],
       time: 4.25,
       types: [Object] },
    synergy: 0.75 },
  { difficulty: 12,
    desiredTime: 6,
    types: { fortress: 2.5, selfsynergy: 0 },
    subtypes: { bosskey: 2, hearts: 1.75, kd: 2.5, plant2: 0.5 },
    rowtypes: undefined,
    name: '37th heart piece (Child Fortress)',
    id: '37th-heart-piece-child-fortress-',
    time: 6.25,
    goal: 
     { difficulty: 12,
       id: '37th-heart-piece-child-fortress-',
       jp: '37番目のハートのかけら(子供のゲルドの砦)',
       name: '37th heart piece (Child Fortress)',
       skill: 0,
       subtypes: [Object],
       time: 6.25,
       types: [Object] },
    synergy: 2.5 },
  { difficulty: 24,
    desiredTime: 12,
    types: { field: 0.75, fortress: 2.5, selfsynergy: 0 },
    subtypes: { bosskey: 2.5, hearts: 0.75, plant2: 0.5 },
    rowtypes: undefined,
    name: 'Gerudo\'s Card',
    id: 'gerudo-s-card',
    time: 11.5,
    goal: 
     { difficulty: 23,
       id: 'gerudo-s-card',
       jp: 'ゲルドの会員証',
       name: 'Gerudo\'s Card',
       skill: 0,
       subtypes: [Object],
       time: 11.5,
       types: [Object] },
    synergy: 0.5 },
  meta: { iterations: 2 } ]
