[ ,
  { difficulty: 10,
    desiredTime: 5,
    types: { dc: 3, dmc: 1, selfsynergy: 0 },
    subtypes: 
     { compass: 3.5,
       hearts: 1,
       map: 3,
       plant: 0.5,
       plant2: 1.5,
       wallet: 0.25 },
    rowtypes: undefined,
    name: 'Map & Compass in Dodongo\'s Cavern',
    id: 'map-compass-in-dodongo-s-cavern',
    time: 4,
    goal: 
     { difficulty: 8,
       id: 'map-compass-in-dodongo-s-cavern',
       jp: 'ドドンゴの洞窟のマップとコンパス',
       name: 'Map & Compass in Dodongo\'s Cavern',
       skill: 0,
       subtypes: [Object],
       time: 4,
       types: [Object] },
    synergy: 1.5 },
  { difficulty: 12,
    desiredTime: 6,
    types: { selfsynergy: -2, wallet: 6 },
    subtypes: { bottle: 1, plant: 4 },
    rowtypes: undefined,
    name: '200 Rupees',
    id: '200-rupees',
    time: 5.5,
    goal: 
     { difficulty: 11,
       id: '200-rupees',
       jp: '200ルピー',
       name: '200 Rupees',
       skill: 0,
       subtypes: [Object],
       time: 5.5,
       types: [Object] },
    synergy: 2.5 },
  { difficulty: 24,
    desiredTime: 12,
    types: { hearts: 8, hearts2: 4, selfsynergy: -2 },
    subtypes: { plant: 1, plant2: 1, wallet: 1 },
    rowtypes: undefined,
    name: '6 Hearts',
    id: '6-hearts',
    time: 11,
    goal: 
     { difficulty: 22,
       id: '6-hearts',
       jp: 'ハート6つ',
       name: '6 Hearts',
       skill: 0,
       subtypes: [Object],
       time: 11,
       types: [Object] },
    synergy: 1 },
  { difficulty: 1,
    desiredTime: 0.5,
    types: { field: 0.75, selfsynergy: 0 },
    subtypes: { bottle: 1, songs: 0.25 },
    rowtypes: undefined,
    name: 'Fairy Ocarina',
    id: 'fairy-ocarina',
    time: 0.5,
    goal: 
     { difficulty: 1,
       id: 'fairy-ocarina',
       jp: '妖精のオカリナ',
       name: 'Fairy Ocarina',
       skill: 0,
       subtypes: [Object],
       time: 0.5,
       types: [Object] },
    synergy: 2 },
  { difficulty: 18,
    desiredTime: 9,
    types: { beans: 10, selfsynergy: 0 },
    subtypes: { wallet: 0.25 },
    rowtypes: undefined,
    name: '7 Magic Beans',
    id: '7-magic-beans',
    time: 8,
    goal: 
     { difficulty: 16,
       id: '7-magic-beans',
       jp: '魔法のマメ7つ以上',
       name: '7 Magic Beans',
       skill: 0,
       subtypes: [Object],
       time: 8,
       types: [Object] },
    synergy: 2 },
  { difficulty: 4,
    desiredTime: 2,
    types: { bulletbag: 100, selfsynergy: 0 },
    subtypes: { plant: 0.25 },
    rowtypes: undefined,
    name: 'Bullet Bag (50)',
    id: 'bullet-bag-50-',
    time: 1.25,
    goal: 
     { difficulty: 2,
       id: 'bullet-bag-50-',
       jp: 'デクのタネ袋(50)',
       name: 'Bullet Bag (50)',
       skill: 0,
       subtypes: [Object],
       time: 1.25,
       types: [Object] },
    synergy: 2.75 },
  { difficulty: 16,
    desiredTime: 8,
    types: 
     { endon: -0.5,
       field: 0.75,
       fortress: 2.5,
       selfsynergy: 0,
       spirit: 2.5 },
    subtypes: 
     { bosskey: 2,
       hearts: 0.75,
       map: 2,
       plant: 0.5,
       plant2: 1.5,
       songs: 3,
       wallet: 0.5 },
    rowtypes: undefined,
    name: 'Requiem of Spirit',
    id: 'requiem-of-spirit',
    time: 7.5,
    goal: 
     { difficulty: 15,
       id: 'requiem-of-spirit',
       jp: '魂のレクイエム',
       name: 'Requiem of Spirit',
       skill: 0,
       subtypes: [Object],
       time: 7.5,
       types: [Object] },
    synergy: 2 },
  { difficulty: 8,
    desiredTime: 4,
    types: { deku: 3, selfsynergy: 0 },
    subtypes: 
     { compass: 4,
       ganon: 2.5,
       hearts: 3,
       map: 3.25,
       plant: 0.25,
       wallet: 0.5 },
    rowtypes: undefined,
    name: 'Map & Compass in Deku Tree',
    id: 'map-compass-in-deku-tree',
    time: 4.25,
    goal: 
     { difficulty: 8,
       id: 'map-compass-in-deku-tree',
       jp: 'デクの樹様の中のマップとコンパス',
       name: 'Map & Compass in Deku Tree',
       skill: 0,
       subtypes: [Object],
       time: 4.25,
       types: [Object] },
    synergy: 2.25 },
  { difficulty: 15,
    desiredTime: 7.5,
    types: { fountain: 2, jabu: 5, selfsynergy: 0 },
    subtypes: { compass: 8.5, hearts: 0.5, map: 7.5, ruto: 1, wallet: 1 },
    rowtypes: undefined,
    name: 'Map & Compass in Jabu-Jabu',
    id: 'map-compass-in-jabu-jabu',
    time: 8.5,
    goal: 
     { difficulty: 17,
       id: 'map-compass-in-jabu-jabu',
       jp: 'ジャブジャブ様のお腹のマップとコンパス',
       name: 'Map & Compass in Jabu-Jabu',
       skill: 0,
       subtypes: [Object],
       time: 8.5,
       types: [Object] },
    synergy: 0.5 },
  { difficulty: 22,
    desiredTime: 11,
    types: { field: 0.75, fortress: 2.5, selfsynergy: 0 },
    subtypes: { bosskey: 2.5, hearts: 0.75, plant2: 0.5 },
    rowtypes: undefined,
    name: 'Gerudo\'s Card',
    id: 'gerudo-s-card',
    time: 11.5,
    goal: 
     { difficulty: 23,
       id: 'gerudo-s-card',
       jp: 'ゲルドの会員証',
       name: 'Gerudo\'s Card',
       skill: 0,
       subtypes: [Object],
       time: 11.5,
       types: [Object] },
    synergy: 2.75 },
  { difficulty: 13,
    desiredTime: 6.5,
    types: 
     { endon: -0.5,
       field: 0.75,
       fortress: 3,
       gtg: 4,
       incgtgkey: 100,
       selfsynergy: 0 },
    subtypes: { bosskey: 3, hearts: 0.75, kd: 2.5, plant2: 0.5 },
    rowtypes: undefined,
    name: '5 unused keys in Gerudo Training Grounds',
    id: '5-unused-keys-in-gerudo-training-grounds',
    time: 7,
    goal: 
     { difficulty: 14,
       id: '5-unused-keys-in-gerudo-training-grounds',
       jp: 'ゲルドの修練場の未使用のカギ5つ',
       name: '5 unused keys in Gerudo Training Grounds',
       skill: 0,
       subtypes: [Object],
       time: 7,
       types: [Object] },
    synergy: 3 },
  { difficulty: 25,
    desiredTime: 12.5,
    types: { bottle: 2, dmc: 2.5, magic: 2, zl: 6.75 },
    subtypes: { hearts: 2, hearts2: 2 },
    rowtypes: undefined,
    name: 'Magic Bar',
    id: 'magic-bar',
    time: 12.5,
    goal: 
     { difficulty: 25,
       id: 'magic-bar',
       jp: '魔力メーター',
       name: 'Magic Bar',
       skill: 0,
       subtypes: [Object],
       time: 12.5,
       types: [Object] },
    synergy: 0 },
  { difficulty: 2,
    desiredTime: 1,
    types: { selfsynergy: 0 },
    subtypes: undefined,
    rowtypes: undefined,
    name: '99 Rupees',
    id: '99-rupees',
    time: 0.5,
    goal: 
     { difficulty: 1,
       id: '99-rupees',
       jp: '99ルピー',
       name: '99 Rupees',
       skill: 0,
       time: 0.5,
       types: [Object] },
    synergy: 0.5 },
  { difficulty: 19,
    desiredTime: 9.5,
    types: { bottle: 2, selfsynergy: 0 },
    subtypes: { jabu: 1, plant: 0.5, wallet: 4.5 },
    rowtypes: undefined,
    name: 'All 7 Child Kakariko area Skulltulas',
    id: 'all-7-child-kakariko-area-skulltulas',
    time: 9,
    goal: 
     { difficulty: 18,
       id: 'all-7-child-kakariko-area-skulltulas',
       jp: 'カカリコ村エリアの黄金のスタルチュラ8匹',
       name: 'All 7 Child Kakariko area Skulltulas',
       skill: 0,
       subtypes: [Object],
       time: 9,
       types: [Object] },
    synergy: 2 },
  { difficulty: 6,
    desiredTime: 3,
    types: { fountain: 1, selfsynergy: 0 },
    subtypes: { plant: 0.25, plant2: 1.5 },
    rowtypes: undefined,
    name: 'Golden Scale',
    id: 'golden-scale',
    time: 4,
    goal: 
     { difficulty: 8,
       id: 'golden-scale',
       jp: '金のウロコ',
       name: 'Golden Scale',
       skill: 0,
       subtypes: [Object],
       time: 4,
       types: [Object] },
    synergy: 1 },
  { difficulty: 17,
    desiredTime: 8.5,
    types: { bottle: 2, field: 0.75, lonlon: 4, selfsynergy: 0 },
    subtypes: { wallet: 0.5, zl: 1 },
    rowtypes: undefined,
    name: 'Epona\'s Song',
    id: 'epona-s-song',
    time: 8,
    goal: 
     { difficulty: 16,
       id: 'epona-s-song',
       jp: 'エポナの歌',
       name: 'Epona\'s Song',
       skill: 0,
       subtypes: [Object],
       time: 8,
       types: [Object] },
    synergy: 2 },
  { difficulty: 9,
    desiredTime: 4.5,
    types: 
     { endon: -0.5,
       field: 0.75,
       fortress: 3,
       gtg: 2,
       incgtgkey: 100,
       selfsynergy: 0 },
    subtypes: { hearts: 0.75, kd: 2.5, plant2: 0.5 },
    rowtypes: undefined,
    name: '2 unused keys in Gerudo Training Grounds',
    id: '2-unused-keys-in-gerudo-training-grounds',
    time: 5.25,
    goal: 
     { difficulty: 10,
       id: '2-unused-keys-in-gerudo-training-grounds',
       jp: 'ゲルドの修練場の未使用のカギ2つ',
       name: '2 unused keys in Gerudo Training Grounds',
       skill: 0,
       subtypes: [Object],
       time: 5.25,
       types: [Object] },
    synergy: 2.5 },
  { difficulty: 11,
    desiredTime: 5.5,
    types: { fountain: 2, gtg: 1, jabu: 3, selfsynergy: 0 },
    subtypes: { compass: 5, map: 5, ruto: 1, wallet: 0.75 },
    rowtypes: undefined,
    name: 'Defeat Big Octo',
    id: 'defeat-big-octo',
    time: 6.5,
    goal: 
     { difficulty: 13,
       id: 'defeat-big-octo',
       jp: '大オクタ撃破',
       name: 'Defeat Big Octo',
       skill: 0,
       subtypes: [Object],
       time: 6.5,
       types: [Object] },
    synergy: 1.25 },
  { difficulty: 23,
    desiredTime: 11.5,
    types: { selfsynergy: 0 },
    subtypes: { plant: 0.25 },
    rowtypes: undefined,
    name: 'Defeat a Skull Kid',
    id: 'defeat-a-skull-kid',
    time: 11.5,
    goal: 
     { difficulty: 23,
       id: 'defeat-a-skull-kid',
       jp: 'スタルキッド撃破',
       name: 'Defeat a Skull Kid',
       skill: 0,
       subtypes: [Object],
       time: 11.5,
       types: [Object] },
    synergy: 0 },
  { difficulty: 5,
    desiredTime: 2.5,
    types: { bottle: 2, saria: 0.25, selfsynergy: 0 },
    subtypes: { plant: 1.25, songs: 1, wallet: 1 },
    rowtypes: undefined,
    name: 'Both Child Lost Woods area Skulltulas',
    id: 'both-child-lost-woods-area-skulltulas',
    time: 3.5,
    goal: 
     { difficulty: 7,
       id: 'both-child-lost-woods-area-skulltulas',
       jp: '迷いの森エリアの黄金のスタルチュラ4匹',
       name: 'Both Child Lost Woods area Skulltulas',
       skill: 0,
       subtypes: [Object],
       time: 3.5,
       types: [Object] },
    synergy: 1.5 },
  { difficulty: 21,
    desiredTime: 10.5,
    types: { dc: 2, deku: 3, dmc: 1, fountain: 2, jabu: 3, selfsynergy: -3.5 },
    subtypes: 
     { compass: 4,
       ganon: 2.5,
       map: 4,
       plant: 0.5,
       plant2: 1.5,
       ruto: 1,
       wallet: 3 },
    rowtypes: undefined,
    name: '1 Skulltula from each Child Dungeon',
    id: '1-skulltula-from-each-child-dungeon',
    time: 9.5,
    goal: 
     { difficulty: 19,
       id: '1-skulltula-from-each-child-dungeon',
       jp: '全ての子供ダンジョンからスタルチュラ最低1匹ずつ',
       name: '1 Skulltula from each Child Dungeon',
       skill: 0,
       subtypes: [Object],
       time: 9.5,
       types: [Object] },
    synergy: 3 },
  { difficulty: 3,
    desiredTime: 1.5,
    types: { selfsynergy: 0, sticks: 100 },
    subtypes: undefined,
    rowtypes: undefined,
    name: '20 Deku Sticks',
    id: '20-deku-sticks',
    time: 1,
    goal: 
     { difficulty: 2,
       id: '20-deku-sticks',
       jp: 'デクの棒20本',
       name: '20 Deku Sticks',
       skill: 0,
       time: 1,
       types: [Object] },
    synergy: 3 },
  { difficulty: 20,
    desiredTime: 10,
    types: { beans: 10, selfsynergy: 0 },
    subtypes: { wallet: 0.5 },
    rowtypes: undefined,
    name: '8 Magic Beans',
    id: '8-magic-beans',
    time: 10.75,
    goal: 
     { difficulty: 21,
       id: '8-magic-beans',
       jp: '魔法のマメ8つ以上',
       name: '8 Magic Beans',
       skill: 0,
       subtypes: [Object],
       time: 10.75,
       types: [Object] },
    synergy: 1.75 },
  { difficulty: 7,
    desiredTime: 3.5,
    types: { field: 0.75, lonlon: 1.75, selfsynergy: 0 },
    subtypes: { hearts: 1, wallet: 0.5 },
    rowtypes: undefined,
    name: 'Lon Lon Ranch HP',
    id: 'lon-lon-ranch-hp',
    time: 3,
    goal: 
     { difficulty: 6,
       id: 'lon-lon-ranch-hp',
       jp: 'ロンロン牧場のハートのかけら',
       name: 'Lon Lon Ranch HP',
       skill: 0,
       subtypes: [Object],
       time: 3,
       types: [Object] },
    synergy: 2.75 },
  { difficulty: 14,
    desiredTime: 7,
    types: { fountain: 2, jabu: 5, selfsynergy: 0 },
    subtypes: { compass: 6, hearts: 1, hearts2: 2, map: 6, ruto: 1, wallet: 1.5 },
    rowtypes: undefined,
    name: 'Boomerang',
    id: 'boomerang',
    time: 7,
    goal: 
     { difficulty: 14,
       id: 'boomerang',
       jp: 'ブーメラン',
       name: 'Boomerang',
       skill: 0,
       subtypes: [Object],
       time: 7,
       types: [Object] },
    synergy: 2 },
  meta: { iterations: 1 } ]
