[ ,
  { difficulty: 5,
    desiredTime: 2.5,
    types: { selfsynergy: 0 },
    subtypes: { wallet: 1.75 },
    rowtypes: undefined,
    name: 'All 3 Skulltulas in Bottom of the Well',
    id: 'all-3-skulltulas-in-bottom-of-the-well',
    time: 3.25,
    goal: 
     { difficulty: 6,
       id: 'all-3-skulltulas-in-bottom-of-the-well',
       jp: '井戸の底の黄金のスタルチュラ3匹',
       name: 'All 3 Skulltulas in Bottom of the Well',
       skill: 0,
       subtypes: [Object],
       time: 3.25,
       types: [Object] },
    synergy: 0.75 },
  { difficulty: 7,
    desiredTime: 3.5,
    types: { fountain: 1, selfsynergy: 0 },
    subtypes: { plant: 0.25, plant2: 1.5 },
    rowtypes: undefined,
    name: 'Golden Scale',
    id: 'golden-scale',
    time: 4,
    goal: 
     { difficulty: 8,
       id: 'golden-scale',
       jp: '金のウロコ',
       name: 'Golden Scale',
       skill: 0,
       subtypes: [Object],
       time: 4,
       types: [Object] },
    synergy: 2.25 },
  { difficulty: 14,
    desiredTime: 7,
    types: { beans: 10, selfsynergy: 0 },
    subtypes: { wallet: 0.25 },
    rowtypes: undefined,
    name: '7 Magic Beans',
    id: '7-magic-beans',
    time: 8,
    goal: 
     { difficulty: 16,
       id: '7-magic-beans',
       jp: '魔法のマメ7つ以上',
       name: '7 Magic Beans',
       skill: 0,
       subtypes: [Object],
       time: 8,
       types: [Object] },
    synergy: 0 },
  { difficulty: 21,
    desiredTime: 10.5,
    types: { field: 0.75, saria: 3, selfsynergy: 0, zl: 6.75 },
    subtypes: { hearts: 2, hearts2: 2, plant: 0.5, wallet: 0.25 },
    rowtypes: undefined,
    name: 'Saria\'s Song',
    id: 'saria-s-song',
    time: 10.5,
    goal: 
     { difficulty: 21,
       id: 'saria-s-song',
       jp: 'サリアの歌',
       name: 'Saria\'s Song',
       skill: 0,
       subtypes: [Object],
       time: 10.5,
       types: [Object] },
    synergy: 1.75 },
  { difficulty: 18,
    desiredTime: 9,
    types: { bottle: 2, deku: 5, selfsynergy: 0 },
    subtypes: 
     { compass: 3.5,
       ganon: 5,
       hearts: 3,
       hearts2: 2,
       map: 3,
       plant: 0.25,
       wallet: 0.5,
       zl: 2.25 },
    rowtypes: undefined,
    name: 'Kokiri\'s Emerald',
    id: 'kokiri-s-emerald',
    time: 8.5,
    goal: 
     { difficulty: 17,
       id: 'kokiri-s-emerald',
       jp: 'コキリのヒスイ',
       name: 'Kokiri\'s Emerald',
       skill: 0,
       subtypes: [Object],
       time: 8.5,
       types: [Object] },
    synergy: 2.75 },
  { difficulty: 24,
    desiredTime: 12,
    types: { field: 0.75, fortress: 2.5, selfsynergy: 0, spirit: 6 },
    subtypes: 
     { bosskey: 2,
       compass: 1,
       hearts: 0.75,
       map: 2,
       plant: 0.5,
       plant2: 1.5,
       wallet: 0.5 },
    rowtypes: undefined,
    name: 'Get Bombchu chest in Spirit Temple',
    id: 'get-bombchu-chest-in-spirit-temple',
    time: 11.5,
    goal: 
     { difficulty: 23,
       id: 'get-bombchu-chest-in-spirit-temple',
       jp: '魂の神殿のボムチュウ取得',
       name: 'Get Bombchu chest in Spirit Temple',
       skill: 0,
       subtypes: [Object],
       time: 11.5,
       types: [Object] },
    synergy: 0.5 },
  { difficulty: 16,
    desiredTime: 8,
    types: { bottle: 2, endon: -0.5, ganon: 5, selfsynergy: 0 },
    subtypes: { bosskey: 4.25, hearts: 3, hearts2: 2, plant: 0.25, wallet: 0.5 },
    rowtypes: undefined,
    name: 'Ganon\'s Castle Boss Key',
    id: 'ganon-s-castle-boss-key',
    time: 7,
    goal: 
     { difficulty: 14,
       id: 'ganon-s-castle-boss-key',
       jp: 'ガノン城のボス部屋のカギ',
       name: 'Ganon\'s Castle Boss Key',
       skill: 0,
       subtypes: [Object],
       time: 7,
       types: [Object] },
    synergy: 2 },
  { difficulty: 3,
    desiredTime: 1.5,
    types: { bottle: 2, endbottle: -2.5, selfsynergy: 0 },
    subtypes: undefined,
    rowtypes: undefined,
    name: 'Green Potion',
    id: 'green-potion',
    time: 2.5,
    goal: 
     { difficulty: 5,
       id: 'green-potion',
       jp: '緑のクスリ',
       name: 'Green Potion',
       skill: 0,
       time: 2.5,
       types: [Object] },
    synergy: 3 },
  { difficulty: 10,
    desiredTime: 5,
    types: { ruto: 4.5, selfsynergy: 0 },
    subtypes: { plant2: 1.25 },
    rowtypes: undefined,
    name: 'Ruto\'s Letter',
    id: 'ruto-s-letter',
    time: 4.5,
    goal: 
     { difficulty: 9,
       id: 'ruto-s-letter',
       jp: 'ルトの手紙',
       name: 'Ruto\'s Letter',
       skill: 0,
       subtypes: [Object],
       time: 4.5,
       types: [Object] },
    synergy: 2.25 },
  { difficulty: 12,
    desiredTime: 6,
    types: { fountain: 2, jabu: 5, selfsynergy: 0 },
    subtypes: { compass: 6, hearts: 1, hearts2: 2, map: 6, ruto: 1, wallet: 1.5 },
    rowtypes: undefined,
    name: 'Boomerang',
    id: 'boomerang',
    time: 7,
    goal: 
     { difficulty: 14,
       id: 'boomerang',
       jp: 'ブーメラン',
       name: 'Boomerang',
       skill: 0,
       subtypes: [Object],
       time: 7,
       types: [Object] },
    synergy: 3 },
  { difficulty: 8,
    desiredTime: 4,
    types: { bottle: 2, selfsynergy: 0 },
    subtypes: { plant: 0.5, wallet: 1 },
    rowtypes: undefined,
    name: 'Both Child Kokiri Forest area Skulltulas',
    id: 'both-child-kokiri-forest-area-skulltulas',
    time: 4,
    goal: 
     { difficulty: 8,
       id: 'both-child-kokiri-forest-area-skulltulas',
       jp: 'コキリの森エリアの黄金のスタルチュラ３匹',
       name: 'Both Child Kokiri Forest area Skulltulas',
       skill: 0,
       subtypes: [Object],
       time: 4,
       types: [Object] },
    synergy: 2.75 },
  { difficulty: 15,
    desiredTime: 7.5,
    types: 
     { endon: -0.5,
       field: 0.75,
       fortress: 2.5,
       selfsynergy: 0,
       spirit: 2.5 },
    subtypes: 
     { bosskey: 2,
       hearts: 0.75,
       map: 2,
       plant: 0.5,
       plant2: 1.5,
       songs: 3,
       wallet: 0.5 },
    rowtypes: undefined,
    name: 'Requiem of Spirit',
    id: 'requiem-of-spirit',
    time: 7.5,
    goal: 
     { difficulty: 15,
       id: 'requiem-of-spirit',
       jp: '魂のレクイエム',
       name: 'Requiem of Spirit',
       skill: 0,
       subtypes: [Object],
       time: 7.5,
       types: [Object] },
    synergy: 2.5 },
  { difficulty: 22,
    desiredTime: 11,
    types: { fountain: 2, jabu: 8, selfsynergy: 0 },
    subtypes: { compass: 6, hearts: 3, hearts2: 2, map: 6, ruto: 1, wallet: 1 },
    rowtypes: undefined,
    name: 'Zora\'s Saphire',
    id: 'zora-s-saphire',
    time: 11,
    goal: 
     { difficulty: 22,
       id: 'zora-s-saphire',
       jp: 'ゾーラのサファイア',
       name: 'Zora\'s Saphire',
       skill: 0,
       subtypes: [Object],
       time: 11,
       types: [Object] },
    synergy: 0 },
  { difficulty: 19,
    desiredTime: 9.5,
    types: { dc: 4, dmc: 1, endon: -1, kd: 3, selfsynergy: 0 },
    subtypes: 
     { compass: 3,
       fortress: 3,
       hearts: 3,
       hearts2: 2,
       map: 2.75,
       plant: 0.5,
       plant2: 1.5,
       wallet: 1 },
    rowtypes: undefined,
    name: 'Beat Dodongo\'s Cavern',
    id: 'beat-dodongo-s-cavern',
    time: 10,
    goal: 
     { difficulty: 20,
       id: 'beat-dodongo-s-cavern',
       jp: 'ドドンゴの洞窟クリア',
       name: 'Beat Dodongo\'s Cavern',
       skill: 0,
       subtypes: [Object],
       time: 10,
       types: [Object] },
    synergy: 0.5 },
  { difficulty: 1,
    desiredTime: 0.5,
    types: { selfsynergy: 0 },
    subtypes: { plant: 0.5, songs: 0.5, wallet: 0.25 },
    rowtypes: undefined,
    name: '30 Deku Nuts',
    id: '30-deku-nuts',
    time: 1,
    goal: 
     { difficulty: 2,
       id: '30-deku-nuts',
       jp: 'デクの実30個以上',
       name: '30 Deku Nuts',
       skill: 0,
       subtypes: [Object],
       time: 1,
       types: [Object] },
    synergy: 1.5 },
  { difficulty: 17,
    desiredTime: 8.5,
    types: { selfsynergy: 0, sticks: 100 },
    subtypes: undefined,
    rowtypes: undefined,
    name: '30 Deku Sticks',
    id: '30-deku-sticks',
    time: 8,
    goal: 
     { difficulty: 16,
       id: '30-deku-sticks',
       jp: 'デクの棒30本',
       name: '30 Deku Sticks',
       skill: 0,
       time: 8,
       types: [Object] },
    synergy: 2.75 },
  { difficulty: 4,
    desiredTime: 2,
    types: { field: 0.75, selfsynergy: 0 },
    subtypes: { hearts: 1 },
    rowtypes: undefined,
    name: 'Lost Dog HP',
    id: 'lost-dog-hp',
    time: 1.25,
    goal: 
     { difficulty: 2,
       id: 'lost-dog-hp',
       jp: 'リチャードのハートのかけら',
       name: 'Lost Dog HP',
       skill: 0,
       subtypes: [Object],
       time: 1.25,
       types: [Object] },
    synergy: 2.75 },
  { difficulty: 6,
    desiredTime: 3,
    types: { field: 0.25, fountain: 1, ruto: 4, selfsynergy: 0 },
    subtypes: { bottle: 1, plant2: 0.75 },
    rowtypes: undefined,
    name: 'Silver Scale',
    id: 'silver-scale',
    time: 4,
    goal: 
     { difficulty: 8,
       id: 'silver-scale',
       jp: '銀のウロコ',
       name: 'Silver Scale',
       skill: 0,
       subtypes: [Object],
       time: 4,
       types: [Object] },
    synergy: 1.25 },
  { difficulty: 13,
    desiredTime: 6.5,
    types: { beans: 10, plant: 3.5, selfsynergy: -0.5 },
    subtypes: undefined,
    rowtypes: undefined,
    name: 'Plant 5 Magic Beans',
    id: 'plant-5-magic-beans',
    time: 6.5,
    goal: 
     { difficulty: 13,
       id: 'plant-5-magic-beans',
       jp: '魔法の豆を5ヶ所に埋める',
       name: 'Plant 5 Magic Beans',
       skill: 0,
       time: 6.5,
       types: [Object] },
    synergy: 1 },
  { difficulty: 25,
    desiredTime: 12.5,
    types: { field: 0.75, fortress: 2.5, selfsynergy: 0 },
    subtypes: { bosskey: 2.5, hearts: 0.75, plant2: 0.5 },
    rowtypes: undefined,
    name: 'Gerudo\'s Card',
    id: 'gerudo-s-card',
    time: 11.5,
    goal: 
     { difficulty: 23,
       id: 'gerudo-s-card',
       jp: 'ゲルドの会員証',
       name: 'Gerudo\'s Card',
       skill: 0,
       subtypes: [Object],
       time: 11.5,
       types: [Object] },
    synergy: 1 },
  { difficulty: 11,
    desiredTime: 5.5,
    types: 
     { endon: -0.5,
       field: 0.75,
       fortress: 3,
       gtg: 3,
       incgtgkey: 100,
       selfsynergy: 0 },
    subtypes: { bosskey: 3, hearts: 0.75, kd: 2.5, plant2: 0.5 },
    rowtypes: undefined,
    name: '4 unused keys in Gerudo Training Grounds',
    id: '4-unused-keys-in-gerudo-training-grounds',
    time: 6.25,
    goal: 
     { difficulty: 12,
       id: '4-unused-keys-in-gerudo-training-grounds',
       jp: 'ゲルドの修練場の未使用のカギ4つ',
       name: '4 unused keys in Gerudo Training Grounds',
       skill: 0,
       subtypes: [Object],
       time: 6.25,
       types: [Object] },
    synergy: 2.75 },
  { difficulty: 23,
    desiredTime: 11.5,
    types: { bottle: 2, dmc: 2.5, magic: 2, zl: 6.75 },
    subtypes: { hearts: 2, hearts2: 2 },
    rowtypes: undefined,
    name: 'Magic Bar',
    id: 'magic-bar',
    time: 12.5,
    goal: 
     { difficulty: 25,
       id: 'magic-bar',
       jp: '魔力メーター',
       name: 'Magic Bar',
       skill: 0,
       subtypes: [Object],
       time: 12.5,
       types: [Object] },
    synergy: 0 },
  { difficulty: 20,
    desiredTime: 10,
    types: { dc: 2, deku: 3, dmc: 1, fountain: 2, jabu: 3, selfsynergy: -3.5 },
    subtypes: 
     { compass: 4,
       ganon: 2.5,
       map: 4,
       plant: 0.5,
       plant2: 1.5,
       ruto: 1,
       wallet: 3 },
    rowtypes: undefined,
    name: '1 Skulltula from each Child Dungeon',
    id: '1-skulltula-from-each-child-dungeon',
    time: 9.5,
    goal: 
     { difficulty: 19,
       id: '1-skulltula-from-each-child-dungeon',
       jp: '全ての子供ダンジョンからスタルチュラ最低1匹ずつ',
       name: '1 Skulltula from each Child Dungeon',
       skill: 0,
       subtypes: [Object],
       time: 9.5,
       types: [Object] },
    synergy: 3 },
  { difficulty: 2,
    desiredTime: 1,
    types: { field: 0.75, selfsynergy: 0 },
    subtypes: { bottle: 1, songs: 0.25 },
    rowtypes: undefined,
    name: 'Fairy Ocarina',
    id: 'fairy-ocarina',
    time: 0.5,
    goal: 
     { difficulty: 1,
       id: 'fairy-ocarina',
       jp: '妖精のオカリナ',
       name: 'Fairy Ocarina',
       skill: 0,
       subtypes: [Object],
       time: 0.5,
       types: [Object] },
    synergy: 2 },
  { difficulty: 9,
    desiredTime: 4.5,
    types: { dc: 3, dmc: 1, selfsynergy: 0 },
    subtypes: 
     { compass: 3.5,
       hearts: 1,
       map: 3,
       plant: 0.5,
       plant2: 1.5,
       wallet: 0.25 },
    rowtypes: undefined,
    name: 'Map & Compass in Dodongo\'s Cavern',
    id: 'map-compass-in-dodongo-s-cavern',
    time: 4,
    goal: 
     { difficulty: 8,
       id: 'map-compass-in-dodongo-s-cavern',
       jp: 'ドドンゴの洞窟のマップとコンパス',
       name: 'Map & Compass in Dodongo\'s Cavern',
       skill: 0,
       subtypes: [Object],
       time: 4,
       types: [Object] },
    synergy: 1.5 },
  meta: { iterations: 1 } ]
