[ ,
  { difficulty: 20,
    desiredTime: 10,
    types: { fountain: 2, jabu: 8, selfsynergy: 0 },
    subtypes: { compass: 6, hearts: 3, hearts2: 2, map: 6, ruto: 1, wallet: 1 },
    rowtypes: undefined,
    name: 'Zora\'s Saphire',
    id: 'zora-s-saphire',
    time: 11,
    goal: 
     { difficulty: 22,
       id: 'zora-s-saphire',
       jp: 'ゾーラのサファイア',
       name: 'Zora\'s Saphire',
       skill: 0,
       subtypes: [Object],
       time: 11,
       types: [Object] },
    synergy: 0.25 },
  { difficulty: 12,
    desiredTime: 6,
    types: { bottle: 2, fountain: 2, ganon: 5, ice: 1.5, selfsynergy: 0 },
    subtypes: 
     { bosskey: 2.5,
       compass: 3.5,
       hearts: 3,
       hearts2: 2,
       map: 3,
       plant: 0.25,
       wallet: 0.75,
       zl: 2 },
    rowtypes: undefined,
    name: 'Blue Fire',
    id: 'blue-fire',
    time: 6,
    goal: 
     { difficulty: 12,
       id: 'blue-fire',
       jp: '青い炎',
       name: 'Blue Fire',
       skill: 0,
       subtypes: [Object],
       time: 6,
       types: [Object] },
    synergy: 1.75 },
  { difficulty: 9,
    desiredTime: 4.5,
    types: 
     { endon: -0.5,
       field: 0.75,
       fortress: 3,
       gtg: 2,
       incgtgkey: 100,
       selfsynergy: 0 },
    subtypes: { hearts: 0.75, kd: 2.5, plant2: 0.5 },
    rowtypes: undefined,
    name: '2 unused keys in Gerudo Training Grounds',
    id: '2-unused-keys-in-gerudo-training-grounds',
    time: 5.25,
    goal: 
     { difficulty: 10,
       id: '2-unused-keys-in-gerudo-training-grounds',
       jp: 'ゲルドの修練場の未使用のカギ2つ',
       name: '2 unused keys in Gerudo Training Grounds',
       skill: 0,
       subtypes: [Object],
       time: 5.25,
       types: [Object] },
    synergy: 1 },
  { difficulty: 1,
    desiredTime: 0.5,
    types: { selfsynergy: 0 },
    subtypes: { plant: 0.5, songs: 0.5, wallet: 0.25 },
    rowtypes: undefined,
    name: '30 Deku Nuts',
    id: '30-deku-nuts',
    time: 1,
    goal: 
     { difficulty: 2,
       id: '30-deku-nuts',
       jp: 'デクの実30個以上',
       name: '30 Deku Nuts',
       skill: 0,
       subtypes: [Object],
       time: 1,
       types: [Object] },
    synergy: 2.25 },
  { difficulty: 23,
    desiredTime: 11.5,
    types: { beans: 10, selfsynergy: 0 },
    subtypes: { wallet: 0.5 },
    rowtypes: undefined,
    name: '8 Magic Beans',
    id: '8-magic-beans',
    time: 10.75,
    goal: 
     { difficulty: 21,
       id: '8-magic-beans',
       jp: '魔法のマメ8つ以上',
       name: '8 Magic Beans',
       skill: 0,
       subtypes: [Object],
       time: 10.75,
       types: [Object] },
    synergy: 0.75 },
  { difficulty: 4,
    desiredTime: 2,
    types: { bulletbag: 100, selfsynergy: 0 },
    subtypes: { plant: 0.25 },
    rowtypes: undefined,
    name: 'Bullet Bag (50)',
    id: 'bullet-bag-50-',
    time: 1.25,
    goal: 
     { difficulty: 2,
       id: 'bullet-bag-50-',
       jp: 'デクのタネ袋(50)',
       name: 'Bullet Bag (50)',
       skill: 0,
       subtypes: [Object],
       time: 1.25,
       types: [Object] },
    synergy: 0 },
  { difficulty: 21,
    desiredTime: 10.5,
    types: { dc: 4, kd: 3, selfsynergy: 0 },
    subtypes: 
     { compass: 3,
       fortress: 3,
       hearts: 3,
       hearts2: 2,
       map: 2.75,
       plant: 0.5,
       plant2: 1.5,
       wallet: 1 },
    rowtypes: undefined,
    name: 'Win Bombchu Bowling Prize',
    id: 'win-bombchu-bowling-prize',
    time: 11,
    goal: 
     { difficulty: 22,
       id: 'win-bombchu-bowling-prize',
       jp: 'ボムチュウボウリングの景品',
       name: 'Win Bombchu Bowling Prize',
       skill: 0,
       subtypes: [Object],
       time: 11,
       types: [Object] },
    synergy: 0 },
  { difficulty: 18,
    desiredTime: 9,
    types: { dc: 2, deku: 3, dmc: 1, fountain: 2, jabu: 3, selfsynergy: -3.5 },
    subtypes: 
     { compass: 4,
       ganon: 2.5,
       map: 4,
       plant: 0.5,
       plant2: 1.5,
       ruto: 1,
       wallet: 3 },
    rowtypes: undefined,
    name: '1 Skulltula from each Child Dungeon',
    id: '1-skulltula-from-each-child-dungeon',
    time: 9.5,
    goal: 
     { difficulty: 19,
       id: '1-skulltula-from-each-child-dungeon',
       jp: '全ての子供ダンジョンからスタルチュラ最低1匹ずつ',
       name: '1 Skulltula from each Child Dungeon',
       skill: 0,
       subtypes: [Object],
       time: 9.5,
       types: [Object] },
    synergy: 0 },
  { difficulty: 15,
    desiredTime: 7.5,
    types: { bottle: 2, selfsynergy: -2, wallet: 8 },
    subtypes: { plant: 4.5, plant2: 2 },
    rowtypes: undefined,
    name: '15 Different Skulltulas',
    id: '15-different-skulltulas',
    time: 8,
    goal: 
     { difficulty: 16,
       id: '15-different-skulltulas',
       jp: 'スタルチュラのしるし15個(増殖禁止)',
       name: '15 Different Skulltulas',
       skill: 0,
       subtypes: [Object],
       time: 8,
       types: [Object] },
    synergy: 3 },
  { difficulty: 7,
    desiredTime: 3.5,
    types: { bottle: 2, selfsynergy: 0 },
    subtypes: undefined,
    rowtypes: undefined,
    name: 'Bottled Fairy',
    id: 'bottled-fairy',
    time: 2.5,
    goal: 
     { difficulty: 5,
       id: 'bottled-fairy',
       jp: 'ビン(妖精)',
       name: 'Bottled Fairy',
       skill: 0,
       time: 2.5,
       types: [Object] },
    synergy: 2.75 },
  { difficulty: 13,
    desiredTime: 6.5,
    types: { beans: 10, plant: 3.5, selfsynergy: -0.5 },
    subtypes: undefined,
    rowtypes: undefined,
    name: 'Plant 5 Magic Beans',
    id: 'plant-5-magic-beans',
    time: 6.5,
    goal: 
     { difficulty: 13,
       id: 'plant-5-magic-beans',
       jp: '魔法の豆を5ヶ所に埋める',
       name: 'Plant 5 Magic Beans',
       skill: 0,
       time: 6.5,
       types: [Object] },
    synergy: 2.75 },
  { difficulty: 10,
    desiredTime: 5,
    types: { fountain: 1, selfsynergy: 0 },
    subtypes: { plant: 0.25, plant2: 1.5 },
    rowtypes: undefined,
    name: 'Golden Scale',
    id: 'golden-scale',
    time: 4,
    goal: 
     { difficulty: 8,
       id: 'golden-scale',
       jp: '金のウロコ',
       name: 'Golden Scale',
       skill: 0,
       subtypes: [Object],
       time: 4,
       types: [Object] },
    synergy: 2.5 },
  { difficulty: 2,
    desiredTime: 1,
    types: { field: 0.75, selfsynergy: 0 },
    subtypes: { bottle: 1, songs: 0.25 },
    rowtypes: undefined,
    name: 'Fairy Ocarina',
    id: 'fairy-ocarina',
    time: 0.5,
    goal: 
     { difficulty: 1,
       id: 'fairy-ocarina',
       jp: '妖精のオカリナ',
       name: 'Fairy Ocarina',
       skill: 0,
       subtypes: [Object],
       time: 0.5,
       types: [Object] },
    synergy: 1.25 },
  { difficulty: 24,
    desiredTime: 12,
    types: { hearts: 8, hearts2: 4, selfsynergy: -2 },
    subtypes: { plant: 1, plant2: 1, wallet: 1 },
    rowtypes: undefined,
    name: '6 Hearts',
    id: '6-hearts',
    time: 11,
    goal: 
     { difficulty: 22,
       id: '6-hearts',
       jp: 'ハート6つ',
       name: '6 Hearts',
       skill: 0,
       subtypes: [Object],
       time: 11,
       types: [Object] },
    synergy: 1 },
  { difficulty: 16,
    desiredTime: 8,
    types: 
     { endon: -0.5,
       field: 0.75,
       fortress: 3,
       gtg: 5,
       incgtgkey: 100,
       selfsynergy: 0 },
    subtypes: { bosskey: 3, hearts: 0.75, kd: 2.5, plant2: 0.5 },
    rowtypes: undefined,
    name: '6 unused keys in Gerudo Training Grounds',
    id: '6-unused-keys-in-gerudo-training-grounds',
    time: 8,
    goal: 
     { difficulty: 16,
       id: '6-unused-keys-in-gerudo-training-grounds',
       jp: 'ゲルドの修練場の未使用のカギ6つ',
       name: '6 unused keys in Gerudo Training Grounds',
       skill: 0,
       subtypes: [Object],
       time: 8,
       types: [Object] },
    synergy: 1 },
  { difficulty: 22,
    desiredTime: 11,
    types: { field: 0.75, fortress: 2.5, selfsynergy: 0, spirit: 6 },
    subtypes: 
     { bosskey: 2,
       compass: 1,
       hearts: 0.75,
       map: 2,
       plant: 0.5,
       plant2: 1.5,
       wallet: 0.5 },
    rowtypes: undefined,
    name: 'Get Bombchu chest in Spirit Temple',
    id: 'get-bombchu-chest-in-spirit-temple',
    time: 11.5,
    goal: 
     { difficulty: 23,
       id: 'get-bombchu-chest-in-spirit-temple',
       jp: '魂の神殿のボムチュウ取得',
       name: 'Get Bombchu chest in Spirit Temple',
       skill: 0,
       subtypes: [Object],
       time: 11.5,
       types: [Object] },
    synergy: 0.25 },
  { difficulty: 19,
    desiredTime: 9.5,
    types: { field: 0.75, saria: 3, selfsynergy: 0, zl: 6.75 },
    subtypes: { hearts: 2, hearts2: 2, plant: 0.5, wallet: 0.25 },
    rowtypes: undefined,
    name: 'Saria\'s Song',
    id: 'saria-s-song',
    time: 10.5,
    goal: 
     { difficulty: 21,
       id: 'saria-s-song',
       jp: 'サリアの歌',
       name: 'Saria\'s Song',
       skill: 0,
       subtypes: [Object],
       time: 10.5,
       types: [Object] },
    synergy: 1.75 },
  { difficulty: 11,
    desiredTime: 5.5,
    types: { endbottle: -2.5, field: 0.75, lonlon: 4, selfsynergy: 0 },
    subtypes: { bottle: 2, wallet: 0.5, zl: 1 },
    rowtypes: undefined,
    name: 'Milk',
    id: 'milk',
    time: 5.75,
    goal: 
     { difficulty: 11,
       id: 'milk',
       jp: 'ロンロン牛乳',
       name: 'Milk',
       skill: 0,
       subtypes: [Object],
       time: 5.75,
       types: [Object] },
    synergy: 2.75 },
  { difficulty: 8,
    desiredTime: 4,
    types: { bulletbag: 100, deku: 3, selfsynergy: 0 },
    subtypes: 
     { compass: 3,
       ganon: 2.5,
       hearts: 2.5,
       map: 3,
       plant: 0.25,
       wallet: 0.25 },
    rowtypes: undefined,
    name: 'Bullet Bag (40)',
    id: 'bullet-bag-40-',
    time: 4.5,
    goal: 
     { difficulty: 9,
       id: 'bullet-bag-40-',
       jp: 'デクのタネ袋(40)',
       name: 'Bullet Bag (40)',
       skill: 0,
       subtypes: [Object],
       time: 4.5,
       types: [Object] },
    synergy: 1 },
  { difficulty: 5,
    desiredTime: 2.5,
    types: { dmc: 3, selfsynergy: 0 },
    subtypes: 
     { bosskey: 1,
       compass: 1,
       hearts: 2,
       map: 1,
       plant: 0.5,
       plant2: 1.5,
       songs: 1.5,
       wallet: 1 },
    rowtypes: undefined,
    name: 'Both heart pieces in Death Mountain Crater',
    id: 'both-heart-pieces-in-death-mountain-crater',
    time: 3.5,
    goal: 
     { difficulty: 7,
       id: 'both-heart-pieces-in-death-mountain-crater',
       jp: 'デスマウンテン火口のハートのかけら２つ',
       name: 'Both heart pieces in Death Mountain Crater',
       skill: 0,
       subtypes: [Object],
       time: 3.5,
       types: [Object] },
    synergy: 0.5 },
  { difficulty: 6,
    desiredTime: 3,
    types: { bottle: 2, saria: 0.25, selfsynergy: 0 },
    subtypes: { plant: 1.25, songs: 1, wallet: 1 },
    rowtypes: undefined,
    name: 'Both Child Lost Woods area Skulltulas',
    id: 'both-child-lost-woods-area-skulltulas',
    time: 3.5,
    goal: 
     { difficulty: 7,
       id: 'both-child-lost-woods-area-skulltulas',
       jp: '迷いの森エリアの黄金のスタルチュラ4匹',
       name: 'Both Child Lost Woods area Skulltulas',
       skill: 0,
       subtypes: [Object],
       time: 3.5,
       types: [Object] },
    synergy: 1.75 },
  { difficulty: 3,
    desiredTime: 1.5,
    types: { beans: 10, plant: 2, selfsynergy: -0.5 },
    subtypes: undefined,
    rowtypes: undefined,
    name: 'Plant 3 Magic Beans',
    id: 'plant-3-magic-beans',
    time: 2.25,
    goal: 
     { difficulty: 4,
       id: 'plant-3-magic-beans',
       jp: '魔法の豆を3ヶ所に埋める',
       name: 'Plant 3 Magic Beans',
       skill: 0,
       time: 2.25,
       types: [Object] },
    synergy: 2.75 },
  { difficulty: 25,
    desiredTime: 12.5,
    types: { childtrade: 5, field: 0.75, saria: 3, selfsynergy: 0, zl: 6.75 },
    subtypes: { hearts: 2, hearts2: 2, plant: 0.5, wallet: 0.25 },
    rowtypes: undefined,
    name: 'Skull Mask',
    id: 'skull-mask',
    time: 12.5,
    goal: 
     { difficulty: 25,
       id: 'skull-mask',
       jp: 'ドクロのお面',
       name: 'Skull Mask',
       skill: 0,
       subtypes: [Object],
       time: 12.5,
       types: [Object] },
    synergy: 0 },
  { difficulty: 17,
    desiredTime: 8.5,
    types: { bottle: 2, ruto: 4.5, selfsynergy: 0 },
    subtypes: { plant2: 1.25 },
    rowtypes: undefined,
    name: 'Fill all 4 Bottle Slots',
    id: 'fill-all-4-bottle-slots',
    time: 7.75,
    goal: 
     { difficulty: 15,
       id: 'fill-all-4-bottle-slots',
       jp: '4つの空きビンスロットを全て埋める',
       name: 'Fill all 4 Bottle Slots',
       skill: 0,
       subtypes: [Object],
       time: 7.75,
       types: [Object] },
    synergy: 2.5 },
  { difficulty: 14,
    desiredTime: 7,
    types: { field: 0.75, lonlon: 1.5, selfsynergy: 0 },
    subtypes: { hearts: 0.25, jabu: 2, wallet: 2.5 },
    rowtypes: undefined,
    name: 'All 4 Lon-Lon Ranch area Skulltulas',
    id: 'all-4-lon-lon-ranch-area-skulltulas',
    time: 8,
    goal: 
     { difficulty: 16,
       id: 'all-4-lon-lon-ranch-area-skulltulas',
       jp: 'ロンロン牧場エリアの黄金のスタルチュラ4匹',
       name: 'All 4 Lon-Lon Ranch area Skulltulas',
       skill: 0,
       subtypes: [Object],
       time: 8,
       types: [Object] },
    synergy: 0 },
  meta: { iterations: 1 } ]
