[ ,
  { difficulty: 25,
    desiredTime: 12.5,
    types: { bottle: 2, dmc: 2.5, magic: 2, zl: 6.75 },
    subtypes: { hearts: 2, hearts2: 2 },
    rowtypes: undefined,
    name: 'Magic Bar',
    id: 'magic-bar',
    time: 12.5,
    goal: 
     { difficulty: 25,
       id: 'magic-bar',
       jp: '魔力メーター',
       name: 'Magic Bar',
       skill: 0,
       subtypes: [Object],
       time: 12.5,
       types: [Object] },
    synergy: 0 },
  { difficulty: 17,
    desiredTime: 8.5,
    types: { deku: 3, endon: -0.5, selfsynergy: 0 },
    subtypes: 
     { compass: 3.75,
       ganon: 3,
       hearts: 3,
       jabu: 1,
       map: 3,
       plant: 0.25,
       wallet: 2.5 },
    rowtypes: undefined,
    name: 'All 4 Skulltulas in Deku Tree',
    id: 'all-4-skulltulas-in-deku-tree',
    time: 8.25,
    goal: 
     { difficulty: 16,
       id: 'all-4-skulltulas-in-deku-tree',
       jp: 'デクの樹様の中の黄金のスタルチュラ4匹',
       name: 'All 4 Skulltulas in Deku Tree',
       skill: 0,
       subtypes: [Object],
       time: 8.25,
       types: [Object] },
    synergy: 2.5 },
  { difficulty: 4,
    desiredTime: 2,
    types: { field: 0.75, lonlon: 1.75, selfsynergy: 0 },
    subtypes: { hearts: 1, wallet: 0.5 },
    rowtypes: undefined,
    name: 'Lon Lon Ranch HP',
    id: 'lon-lon-ranch-hp',
    time: 3,
    goal: 
     { difficulty: 6,
       id: 'lon-lon-ranch-hp',
       jp: 'ロンロン牧場のハートのかけら',
       name: 'Lon Lon Ranch HP',
       skill: 0,
       subtypes: [Object],
       time: 3,
       types: [Object] },
    synergy: 1.5 },
  { difficulty: 11,
    desiredTime: 5.5,
    types: { dmc: 1, selfsynergy: 0 },
    subtypes: { compass: 3, map: 2.75, plant: 0.5, plant2: 1.5, wallet: 1 },
    rowtypes: undefined,
    name: 'Bomb Bag (30)',
    id: 'bomb-bag-30-',
    time: 6.5,
    goal: 
     { difficulty: 13,
       id: 'bomb-bag-30-',
       jp: 'ボム袋(30)',
       name: 'Bomb Bag (30)',
       skill: 0,
       subtypes: [Object],
       time: 6.5,
       types: [Object] },
    synergy: 1.5 },
  { difficulty: 8,
    desiredTime: 4,
    types: { bottle: 2, saria: 0.25, selfsynergy: 0 },
    subtypes: { plant: 1.25, songs: 1, wallet: 1 },
    rowtypes: undefined,
    name: 'Both Child Lost Woods area Skulltulas',
    id: 'both-child-lost-woods-area-skulltulas',
    time: 3.5,
    goal: 
     { difficulty: 7,
       id: 'both-child-lost-woods-area-skulltulas',
       jp: '迷いの森エリアの黄金のスタルチュラ4匹',
       name: 'Both Child Lost Woods area Skulltulas',
       skill: 0,
       subtypes: [Object],
       time: 3.5,
       types: [Object] },
    synergy: 2.5 },
  { difficulty: 14,
    desiredTime: 7,
    types: { bottle: 2, selfsynergy: -2, wallet: 8 },
    subtypes: { plant: 4.5, plant2: 2 },
    rowtypes: undefined,
    name: '15 Different Skulltulas',
    id: '15-different-skulltulas',
    time: 8,
    goal: 
     { difficulty: 16,
       id: '15-different-skulltulas',
       jp: 'スタルチュラのしるし15個(増殖禁止)',
       name: '15 Different Skulltulas',
       skill: 0,
       subtypes: [Object],
       time: 8,
       types: [Object] },
    synergy: 2.5 },
  { difficulty: 6,
    desiredTime: 3,
    types: { field: 0.25, fountain: 1, ruto: 4, selfsynergy: 0 },
    subtypes: { bottle: 1, plant2: 0.75 },
    rowtypes: undefined,
    name: 'Silver Scale',
    id: 'silver-scale',
    time: 4,
    goal: 
     { difficulty: 8,
       id: 'silver-scale',
       jp: '銀のウロコ',
       name: 'Silver Scale',
       skill: 0,
       subtypes: [Object],
       time: 4,
       types: [Object] },
    synergy: 0 },
  { difficulty: 23,
    desiredTime: 11.5,
    types: { hearts: 8, hearts2: 4, selfsynergy: -2 },
    subtypes: { plant: 1, plant2: 1, wallet: 1 },
    rowtypes: undefined,
    name: '6 Hearts',
    id: '6-hearts',
    time: 11,
    goal: 
     { difficulty: 22,
       id: '6-hearts',
       jp: 'ハート6つ',
       name: '6 Hearts',
       skill: 0,
       subtypes: [Object],
       time: 11,
       types: [Object] },
    synergy: 0.5 },
  { difficulty: 20,
    desiredTime: 10,
    types: { dc: 4, dmc: 1, endon: -1, kd: 3, selfsynergy: 0 },
    subtypes: 
     { compass: 3,
       fortress: 3,
       hearts: 3,
       hearts2: 2,
       map: 2.75,
       plant: 0.5,
       plant2: 1.5,
       wallet: 1 },
    rowtypes: undefined,
    name: 'Beat Dodongo\'s Cavern',
    id: 'beat-dodongo-s-cavern',
    time: 10,
    goal: 
     { difficulty: 20,
       id: 'beat-dodongo-s-cavern',
       jp: 'ドドンゴの洞窟クリア',
       name: 'Beat Dodongo\'s Cavern',
       skill: 0,
       subtypes: [Object],
       time: 10,
       types: [Object] },
    synergy: 2.5 },
  { difficulty: 2,
    desiredTime: 1,
    types: { selfsynergy: 0, sticks: 100 },
    subtypes: undefined,
    rowtypes: undefined,
    name: '20 Deku Sticks',
    id: '20-deku-sticks',
    time: 1,
    goal: 
     { difficulty: 2,
       id: '20-deku-sticks',
       jp: 'デクの棒20本',
       name: '20 Deku Sticks',
       skill: 0,
       time: 1,
       types: [Object] },
    synergy: 2.5 },
  { difficulty: 18,
    desiredTime: 9,
    types: { fountain: 2, jabu: 5, selfsynergy: 0 },
    subtypes: { compass: 8.5, hearts: 0.5, map: 7.5, ruto: 1, wallet: 1 },
    rowtypes: undefined,
    name: 'Map & Compass in Jabu-Jabu',
    id: 'map-compass-in-jabu-jabu',
    time: 8.5,
    goal: 
     { difficulty: 17,
       id: 'map-compass-in-jabu-jabu',
       jp: 'ジャブジャブ様のお腹のマップとコンパス',
       name: 'Map & Compass in Jabu-Jabu',
       skill: 0,
       subtypes: [Object],
       time: 8.5,
       types: [Object] },
    synergy: 0.5 },
  { difficulty: 5,
    desiredTime: 2.5,
    types: { bottle: 2, endbottle: -2.5, selfsynergy: 0 },
    subtypes: undefined,
    rowtypes: undefined,
    name: 'Red Potion',
    id: 'red-potion',
    time: 2.5,
    goal: 
     { difficulty: 5,
       id: 'red-potion',
       jp: '赤いクスリ',
       name: 'Red Potion',
       skill: 0,
       time: 2.5,
       types: [Object] },
    synergy: 2.25 },
  { difficulty: 12,
    desiredTime: 6,
    types: { beans: 10, selfsynergy: 0 },
    subtypes: { wallet: 0.25 },
    rowtypes: undefined,
    name: '6 Magic Beans',
    id: '6-magic-beans',
    time: 6.25,
    goal: 
     { difficulty: 12,
       id: '6-magic-beans',
       jp: '魔法のマメ6つ以上',
       name: '6 Magic Beans',
       skill: 0,
       subtypes: [Object],
       time: 6.25,
       types: [Object] },
    synergy: 0 },
  { difficulty: 9,
    desiredTime: 4.5,
    types: { deku: 2.5, selfsynergy: 0 },
    subtypes: 
     { bulletbag: 100,
       compass: 2,
       ganon: 2.5,
       hearts: 2.5,
       map: 3,
       plant: 0.25,
       wallet: 0.25 },
    rowtypes: undefined,
    name: 'Fairy Slingshot',
    id: 'fairy-slingshot',
    time: 4,
    goal: 
     { difficulty: 8,
       id: 'fairy-slingshot',
       jp: '妖精のパチンコ',
       name: 'Fairy Slingshot',
       skill: 0,
       subtypes: [Object],
       time: 4,
       types: [Object] },
    synergy: 1.5 },
  { difficulty: 21,
    desiredTime: 10.5,
    types: { field: 0.75, saria: 3, selfsynergy: 0, zl: 6.75 },
    subtypes: { hearts: 2, hearts2: 2, plant: 0.5, wallet: 0.25 },
    rowtypes: undefined,
    name: 'Saria\'s Song',
    id: 'saria-s-song',
    time: 10.5,
    goal: 
     { difficulty: 21,
       id: 'saria-s-song',
       jp: 'サリアの歌',
       name: 'Saria\'s Song',
       skill: 0,
       subtypes: [Object],
       time: 10.5,
       types: [Object] },
    synergy: 2.5 },
  { difficulty: 7,
    desiredTime: 3.5,
    types: { bottle: 2, endbottle: -2.5, selfsynergy: 0 },
    subtypes: { plant: 0.5 },
    rowtypes: undefined,
    name: 'Bottled Poe',
    id: 'bottled-poe',
    time: 3,
    goal: 
     { difficulty: 6,
       id: 'bottled-poe',
       jp: 'ビン(ポウ)',
       name: 'Bottled Poe',
       skill: 0,
       subtypes: [Object],
       time: 3,
       types: [Object] },
    synergy: 3 },
  { difficulty: 24,
    desiredTime: 12,
    types: { childtrade: 5, field: 0.75, saria: 3, selfsynergy: 0, zl: 6.75 },
    subtypes: { hearts: 2, hearts2: 2, plant: 0.5, wallet: 0.25 },
    rowtypes: undefined,
    name: 'Skull Mask',
    id: 'skull-mask',
    time: 12.5,
    goal: 
     { difficulty: 25,
       id: 'skull-mask',
       jp: 'ドクロのお面',
       name: 'Skull Mask',
       skill: 0,
       subtypes: [Object],
       time: 12.5,
       types: [Object] },
    synergy: 0 },
  { difficulty: 16,
    desiredTime: 8,
    types: { endon: -0.5, fountain: 2, gtg: 1, jabu: 3, selfsynergy: 0 },
    subtypes: { compass: 5, hearts: 2, map: 5, ruto: 1, wallet: 2.5 },
    rowtypes: undefined,
    name: 'All 4 Skulltulas in Jabu-Jabu',
    id: 'all-4-skulltulas-in-jabu-jabu',
    time: 8,
    goal: 
     { difficulty: 16,
       id: 'all-4-skulltulas-in-jabu-jabu',
       jp: 'ジャブジャブ様のお腹の黄金のスタルチュラ4匹',
       name: 'All 4 Skulltulas in Jabu-Jabu',
       skill: 0,
       subtypes: [Object],
       time: 8,
       types: [Object] },
    synergy: 2.5 },
  { difficulty: 3,
    desiredTime: 1.5,
    types: { selfsynergy: 0 },
    subtypes: undefined,
    rowtypes: undefined,
    name: '99 Rupees',
    id: '99-rupees',
    time: 0.5,
    goal: 
     { difficulty: 1,
       id: '99-rupees',
       jp: '99ルピー',
       name: '99 Rupees',
       skill: 0,
       time: 0.5,
       types: [Object] },
    synergy: 1 },
  { difficulty: 15,
    desiredTime: 7.5,
    types: { beans: 10, plant: 3.5, selfsynergy: -0.5 },
    subtypes: undefined,
    rowtypes: undefined,
    name: 'Plant 5 Magic Beans',
    id: 'plant-5-magic-beans',
    time: 6.5,
    goal: 
     { difficulty: 13,
       id: 'plant-5-magic-beans',
       jp: '魔法の豆を5ヶ所に埋める',
       name: 'Plant 5 Magic Beans',
       skill: 0,
       time: 6.5,
       types: [Object] },
    synergy: 1.75 },
  { difficulty: 1,
    desiredTime: 0.5,
    types: { selfsynergy: 0 },
    subtypes: undefined,
    rowtypes: undefined,
    name: '2 Shields',
    id: '2-shields',
    time: 0.5,
    goal: 
     { difficulty: 1,
       id: '2-shields',
       jp: '盾2種',
       name: '2 Shields',
       skill: 0,
       time: 0.5,
       types: [Object] },
    synergy: 0 },
  { difficulty: 13,
    desiredTime: 6.5,
    types: { fountain: 2, selfsynergy: 0 },
    subtypes: 
     { compass: 2,
       hearts: 0.75,
       jabu: 0.5,
       map: 2,
       ruto: 1,
       wallet: 2.5 },
    rowtypes: undefined,
    name: 'All 4 Child Zora\'s Domain area Skulltulas',
    id: 'all-4-child-zora-s-domain-area-skulltulas',
    time: 6,
    goal: 
     { difficulty: 12,
       id: 'all-4-child-zora-s-domain-area-skulltulas',
       jp: 'ゾーラの里エリアの黄金のスタルチュラ8匹',
       name: 'All 4 Child Zora\'s Domain area Skulltulas',
       skill: 0,
       subtypes: [Object],
       time: 6,
       types: [Object] },
    synergy: 2.5 },
  { difficulty: 10,
    desiredTime: 5,
    types: 
     { endon: -0.5,
       field: 0.75,
       fortress: 3,
       gtg: 2,
       incgtgkey: 100,
       selfsynergy: 0 },
    subtypes: { hearts: 0.75, kd: 2.5, plant2: 0.5 },
    rowtypes: undefined,
    name: '2 unused keys in Gerudo Training Grounds',
    id: '2-unused-keys-in-gerudo-training-grounds',
    time: 5.25,
    goal: 
     { difficulty: 10,
       id: '2-unused-keys-in-gerudo-training-grounds',
       jp: 'ゲルドの修練場の未使用のカギ2つ',
       name: '2 unused keys in Gerudo Training Grounds',
       skill: 0,
       subtypes: [Object],
       time: 5.25,
       types: [Object] },
    synergy: 1.75 },
  { difficulty: 22,
    desiredTime: 11,
    types: { beans: 10, selfsynergy: 0 },
    subtypes: { wallet: 0.5 },
    rowtypes: undefined,
    name: '8 Magic Beans',
    id: '8-magic-beans',
    time: 10.75,
    goal: 
     { difficulty: 21,
       id: '8-magic-beans',
       jp: '魔法のマメ8つ以上',
       name: '8 Magic Beans',
       skill: 0,
       subtypes: [Object],
       time: 10.75,
       types: [Object] },
    synergy: 2 },
  { difficulty: 19,
    desiredTime: 9.5,
    types: { endon: -1, fountain: 2, jabu: 8, selfsynergy: 0 },
    subtypes: { compass: 6, hearts: 3, hearts2: 2, map: 6, ruto: 1, wallet: 1 },
    rowtypes: undefined,
    name: 'Beat Jabu-Jabu\'s Belly',
    id: 'beat-jabu-jabu-s-belly',
    time: 10,
    goal: 
     { difficulty: 20,
       id: 'beat-jabu-jabu-s-belly',
       jp: 'ジャブジャブ様のお腹クリア',
       name: 'Beat Jabu-Jabu\'s Belly',
       skill: 0,
       subtypes: [Object],
       time: 10,
       types: [Object] },
    synergy: 2.25 },
  meta: { iterations: 1 } ]
