[ ,
  { difficulty: 10,
    desiredTime: 5,
    types: 
     { field: 0.75,
       fortress: 3,
       gtg: 1.5,
       ice: 1.5,
       irons: 1.5,
       selfsynergy: 0 },
    subtypes: { hearts: 0.75, plant2: 0.5 },
    rowtypes: undefined,
    name: 'Defeat a White Wolfos',
    id: 'defeat-a-white-wolfos',
    time: 5.5,
    goal: 
     { difficulty: 11,
       id: 'defeat-a-white-wolfos',
       jp: 'ホワイトウルフォス撃破',
       name: 'Defeat a White Wolfos',
       skill: 0,
       subtypes: [Object],
       time: 5.5,
       types: [Object] },
    synergy: 0 },
  { difficulty: 12,
    desiredTime: 6,
    types: { bottle: 2, field: 0.75, fountain: 0.5, selfsynergy: 0 },
    subtypes: { plant: 0.5, plant2: 1.5, ruto: 2, wallet: 1.75 },
    rowtypes: undefined,
    name: 'All 3 Child Lake Hylia Skulltulas',
    id: 'all-3-child-lake-hylia-skulltulas',
    time: 7,
    goal: 
     { difficulty: 14,
       id: 'all-3-child-lake-hylia-skulltulas',
       jp: 'ハイリア湖畔エリアの黄金のスタルチュラ3匹以上',
       name: 'All 3 Child Lake Hylia Skulltulas',
       skill: 0,
       subtypes: [Object],
       time: 7,
       types: [Object] },
    synergy: 2.5 },
  { difficulty: 19,
    desiredTime: 9.5,
    types: 
     { childtrade: 2.75,
       dmc: 0.5,
       field: 0.75,
       selfsynergy: 0,
       zl: 6.75 },
    subtypes: { hearts: 2, hearts2: 2 },
    rowtypes: undefined,
    name: 'Keaton Mask',
    id: 'keaton-mask',
    time: 10.25,
    goal: 
     { difficulty: 20,
       id: 'keaton-mask',
       jp: 'キータンのお面',
       name: 'Keaton Mask',
       skill: 0,
       subtypes: [Object],
       time: 10.25,
       types: [Object] },
    synergy: 0 },
  { difficulty: 21,
    desiredTime: 10.5,
    types: { fountain: 2, jabu: 5, map: 14, selfsynergy: -3 },
    subtypes: 
     { bosskey2: 2,
       compass: 14,
       ganon: 2.5,
       hearts: 3,
       hearts2: 3,
       plant: 1,
       plant2: 1,
       wallet: 1 },
    rowtypes: undefined,
    name: '4 Maps',
    id: '4-maps',
    time: 11.25,
    goal: 
     { difficulty: 22,
       id: '4-maps',
       jp: 'マップ4つ',
       name: '4 Maps',
       skill: 0,
       subtypes: [Object],
       time: 11.25,
       types: [Object] },
    synergy: 2 },
  { difficulty: 3,
    desiredTime: 1.5,
    types: { selfsynergy: 0 },
    subtypes: { compass: 0.5, map: 0.5 },
    rowtypes: undefined,
    name: 'Map & Compass in Bottom of the Well',
    id: 'map-compass-in-bottom-of-the-well',
    time: 1,
    goal: 
     { difficulty: 2,
       id: 'map-compass-in-bottom-of-the-well',
       jp: '井戸の底のマップとコンパス',
       name: 'Map & Compass in Bottom of the Well',
       skill: 0,
       subtypes: [Object],
       time: 1,
       types: [Object] },
    synergy: 0.5 },
  { difficulty: 24,
    desiredTime: 12,
    types: { hearts: 8, hearts2: 4, selfsynergy: -2 },
    subtypes: { plant: 1, plant2: 1, wallet: 1 },
    rowtypes: undefined,
    name: '6 Hearts',
    id: '6-hearts',
    time: 11,
    goal: 
     { difficulty: 22,
       id: '6-hearts',
       jp: 'ハート6つ',
       name: '6 Hearts',
       skill: 0,
       subtypes: [Object],
       time: 11,
       types: [Object] },
    synergy: 1 },
  { difficulty: 1,
    desiredTime: 0.5,
    types: { selfsynergy: 0 },
    subtypes: undefined,
    rowtypes: undefined,
    name: '99 Rupees',
    id: '99-rupees',
    time: 0.5,
    goal: 
     { difficulty: 1,
       id: '99-rupees',
       jp: '99ルピー',
       name: '99 Rupees',
       skill: 0,
       time: 0.5,
       types: [Object] },
    synergy: 3 },
  { difficulty: 8,
    desiredTime: 4,
    types: { field: 0.75, fortress: 2, gtg: 1, jabu: 0.5, selfsynergy: 0 },
    subtypes: { bosskey: 1.5, hearts: 0.75, plant: 1, plant2: 1.5, wallet: 1.25 },
    rowtypes: undefined,
    name: 'Both Child Gerudo Valley area Skulltulas',
    id: 'both-child-gerudo-valley-area-skulltulas',
    time: 5,
    goal: 
     { difficulty: 10,
       id: 'both-child-gerudo-valley-area-skulltulas',
       jp: 'ゲルドの谷エリアの黄金のスタルチュラ4匹',
       name: 'Both Child Gerudo Valley area Skulltulas',
       skill: 0,
       subtypes: [Object],
       time: 5,
       types: [Object] },
    synergy: 2.75 },
  { difficulty: 15,
    desiredTime: 7.5,
    types: { bottle: 2, deku: 5, endon: -1, selfsynergy: 0 },
    subtypes: 
     { compass: 3.5,
       ganon: 5,
       hearts: 3,
       hearts2: 2,
       map: 3,
       plant: 0.25,
       wallet: 0.5,
       zl: 2.25 },
    rowtypes: undefined,
    name: 'Beat the Deku Tree',
    id: 'beat-the-deku-tree',
    time: 8.5,
    goal: 
     { difficulty: 17,
       id: 'beat-the-deku-tree',
       jp: 'デクの樹様の中クリア',
       name: 'Beat the Deku Tree',
       skill: 0,
       subtypes: [Object],
       time: 8.5,
       types: [Object] },
    synergy: 3 },
  { difficulty: 17,
    desiredTime: 8.5,
    types: { dc: 2, deku: 3, dmc: 1, fountain: 2, jabu: 3, selfsynergy: -3.5 },
    subtypes: 
     { compass: 4,
       ganon: 2.5,
       map: 4,
       plant: 0.5,
       plant2: 1.5,
       ruto: 1,
       wallet: 3 },
    rowtypes: undefined,
    name: '1 Skulltula from each Child Dungeon',
    id: '1-skulltula-from-each-child-dungeon',
    time: 9.5,
    goal: 
     { difficulty: 19,
       id: '1-skulltula-from-each-child-dungeon',
       jp: '全ての子供ダンジョンからスタルチュラ最低1匹ずつ',
       name: '1 Skulltula from each Child Dungeon',
       skill: 0,
       subtypes: [Object],
       time: 9.5,
       types: [Object] },
    synergy: 1.75 },
  { difficulty: 13,
    desiredTime: 6.5,
    types: { selfsynergy: -2, wallet: 6 },
    subtypes: { bottle: 1, plant: 4 },
    rowtypes: undefined,
    name: '200 Rupees',
    id: '200-rupees',
    time: 5.5,
    goal: 
     { difficulty: 11,
       id: '200-rupees',
       jp: '200ルピー',
       name: '200 Rupees',
       skill: 0,
       subtypes: [Object],
       time: 5.5,
       types: [Object] },
    synergy: 0 },
  { difficulty: 20,
    desiredTime: 10,
    types: { dc: 4, dmc: 1, endon: -0.5, kd: 3, selfsynergy: 0 },
    subtypes: 
     { compass: 3,
       hearts: 3,
       hearts2: 2,
       map: 2.75,
       plant: 0.5,
       plant2: 1.5,
       wallet: 1 },
    rowtypes: undefined,
    name: 'Goron\'s Ruby',
    id: 'goron-s-ruby',
    time: 9.5,
    goal: 
     { difficulty: 19,
       id: 'goron-s-ruby',
       jp: 'ゴロンのルビー',
       name: 'Goron\'s Ruby',
       skill: 0,
       subtypes: [Object],
       time: 9.5,
       types: [Object] },
    synergy: 2.25 },
  { difficulty: 22,
    desiredTime: 11,
    types: { selfsynergy: 0 },
    subtypes: { plant: 0.25 },
    rowtypes: undefined,
    name: 'Defeat a Skull Kid',
    id: 'defeat-a-skull-kid',
    time: 11.5,
    goal: 
     { difficulty: 23,
       id: 'defeat-a-skull-kid',
       jp: 'スタルキッド撃破',
       name: 'Defeat a Skull Kid',
       skill: 0,
       subtypes: [Object],
       time: 11.5,
       types: [Object] },
    synergy: 0 },
  { difficulty: 4,
    desiredTime: 2,
    types: { field: 0.75, selfsynergy: 0 },
    subtypes: { hearts: 1 },
    rowtypes: undefined,
    name: 'Lost Dog HP',
    id: 'lost-dog-hp',
    time: 1.25,
    goal: 
     { difficulty: 2,
       id: 'lost-dog-hp',
       jp: 'リチャードのハートのかけら',
       name: 'Lost Dog HP',
       skill: 0,
       subtypes: [Object],
       time: 1.25,
       types: [Object] },
    synergy: 0.75 },
  { difficulty: 6,
    desiredTime: 3,
    types: { deku: 2.5, selfsynergy: 0 },
    subtypes: 
     { bulletbag: 100,
       compass: 2,
       ganon: 2.5,
       hearts: 2.5,
       map: 3,
       plant: 0.25,
       wallet: 0.25 },
    rowtypes: undefined,
    name: 'Fairy Slingshot',
    id: 'fairy-slingshot',
    time: 4,
    goal: 
     { difficulty: 8,
       id: 'fairy-slingshot',
       jp: '妖精のパチンコ',
       name: 'Fairy Slingshot',
       skill: 0,
       subtypes: [Object],
       time: 4,
       types: [Object] },
    synergy: 0 },
  { difficulty: 2,
    desiredTime: 1,
    types: { selfsynergy: 0 },
    subtypes: undefined,
    rowtypes: undefined,
    name: '2 Shields',
    id: '2-shields',
    time: 0.5,
    goal: 
     { difficulty: 1,
       id: '2-shields',
       jp: '盾2種',
       name: '2 Shields',
       skill: 0,
       time: 0.5,
       types: [Object] },
    synergy: 0.75 },
  { difficulty: 9,
    desiredTime: 4.5,
    types: 
     { endon: -0.5,
       field: 0.75,
       fortress: 3,
       gtg: 2,
       incgtgkey: 100,
       selfsynergy: 0 },
    subtypes: { hearts: 0.75, kd: 2.5, plant2: 0.5 },
    rowtypes: undefined,
    name: '2 unused keys in Gerudo Training Grounds',
    id: '2-unused-keys-in-gerudo-training-grounds',
    time: 5.25,
    goal: 
     { difficulty: 10,
       id: '2-unused-keys-in-gerudo-training-grounds',
       jp: 'ゲルドの修練場の未使用のカギ2つ',
       name: '2 unused keys in Gerudo Training Grounds',
       skill: 0,
       subtypes: [Object],
       time: 5.25,
       types: [Object] },
    synergy: 0.25 },
  { difficulty: 11,
    desiredTime: 5.5,
    types: { hearts: 5, hearts2: 1, selfsynergy: -2 },
    subtypes: { plant: 1, plant2: 1, wallet: 1 },
    rowtypes: undefined,
    name: '5 Hearts',
    id: '5-hearts',
    time: 6,
    goal: 
     { difficulty: 12,
       id: '5-hearts',
       jp: 'ハート5つ',
       name: '5 Hearts',
       skill: 0,
       subtypes: [Object],
       time: 6,
       types: [Object] },
    synergy: 2 },
  { difficulty: 18,
    desiredTime: 9,
    types: { beans: 10, selfsynergy: 0 },
    subtypes: { wallet: 0.25 },
    rowtypes: undefined,
    name: '7 Magic Beans',
    id: '7-magic-beans',
    time: 8,
    goal: 
     { difficulty: 16,
       id: '7-magic-beans',
       jp: '魔法のマメ7つ以上',
       name: '7 Magic Beans',
       skill: 0,
       subtypes: [Object],
       time: 8,
       types: [Object] },
    synergy: 1 },
  { difficulty: 25,
    desiredTime: 12.5,
    types: { bottle: 2, dmc: 2.5, magic: 2, zl: 6.75 },
    subtypes: { hearts: 2, hearts2: 2 },
    rowtypes: undefined,
    name: 'Magic Bar',
    id: 'magic-bar',
    time: 12.5,
    goal: 
     { difficulty: 25,
       id: 'magic-bar',
       jp: '魔力メーター',
       name: 'Magic Bar',
       skill: 0,
       subtypes: [Object],
       time: 12.5,
       types: [Object] },
    synergy: 0 },
  { difficulty: 16,
    desiredTime: 8,
    types: { selfsynergy: 0, sticks: 100 },
    subtypes: undefined,
    rowtypes: undefined,
    name: '30 Deku Sticks',
    id: '30-deku-sticks',
    time: 8,
    goal: 
     { difficulty: 16,
       id: '30-deku-sticks',
       jp: 'デクの棒30本',
       name: '30 Deku Sticks',
       skill: 0,
       time: 8,
       types: [Object] },
    synergy: 0 },
  { difficulty: 23,
    desiredTime: 11.5,
    types: { fountain: 2, jabu: 8, selfsynergy: 0 },
    subtypes: { compass: 6, hearts: 3, hearts2: 2, map: 6, ruto: 1, wallet: 1 },
    rowtypes: undefined,
    name: 'Zora\'s Saphire',
    id: 'zora-s-saphire',
    time: 11,
    goal: 
     { difficulty: 22,
       id: 'zora-s-saphire',
       jp: 'ゾーラのサファイア',
       name: 'Zora\'s Saphire',
       skill: 0,
       subtypes: [Object],
       time: 11,
       types: [Object] },
    synergy: 0.5 },
  { difficulty: 5,
    desiredTime: 2.5,
    types: { dmc: 3, selfsynergy: 0 },
    subtypes: 
     { bosskey: 1,
       compass: 1,
       hearts: 2,
       map: 1,
       plant: 0.5,
       plant2: 1.5,
       songs: 1.5,
       wallet: 1 },
    rowtypes: undefined,
    name: 'Both heart pieces in Death Mountain Crater',
    id: 'both-heart-pieces-in-death-mountain-crater',
    time: 3.5,
    goal: 
     { difficulty: 7,
       id: 'both-heart-pieces-in-death-mountain-crater',
       jp: 'デスマウンテン火口のハートのかけら２つ',
       name: 'Both heart pieces in Death Mountain Crater',
       skill: 0,
       subtypes: [Object],
       time: 3.5,
       types: [Object] },
    synergy: 0 },
  { difficulty: 7,
    desiredTime: 3.5,
    types: { bottle: 2, saria: 0.25, selfsynergy: 0 },
    subtypes: { plant: 1.25, songs: 1, wallet: 1 },
    rowtypes: undefined,
    name: 'Both Child Lost Woods area Skulltulas',
    id: 'both-child-lost-woods-area-skulltulas',
    time: 3.5,
    goal: 
     { difficulty: 7,
       id: 'both-child-lost-woods-area-skulltulas',
       jp: '迷いの森エリアの黄金のスタルチュラ4匹',
       name: 'Both Child Lost Woods area Skulltulas',
       skill: 0,
       subtypes: [Object],
       time: 3.5,
       types: [Object] },
    synergy: 2.75 },
  { difficulty: 14,
    desiredTime: 7,
    types: { bottle: 2, selfsynergy: -2, wallet: 8 },
    subtypes: { plant: 4.5, plant2: 2 },
    rowtypes: undefined,
    name: '15 Different Skulltulas',
    id: '15-different-skulltulas',
    time: 8,
    goal: 
     { difficulty: 16,
       id: '15-different-skulltulas',
       jp: 'スタルチュラのしるし15個(増殖禁止)',
       name: '15 Different Skulltulas',
       skill: 0,
       subtypes: [Object],
       time: 8,
       types: [Object] },
    synergy: 0 },
  meta: { iterations: 1 } ]
