[ ,
  { difficulty: 5,
    desiredTime: 2.5,
    types: { field: 0.75, lonlon: 1.75, selfsynergy: 0 },
    subtypes: { hearts: 1, wallet: 0.5 },
    rowtypes: undefined,
    name: 'Lon Lon Ranch HP',
    id: 'lon-lon-ranch-hp',
    time: 3,
    goal: 
     { difficulty: 6,
       id: 'lon-lon-ranch-hp',
       jp: 'ロンロン牧場のハートのかけら',
       name: 'Lon Lon Ranch HP',
       skill: 0,
       subtypes: [Object],
       time: 3,
       types: [Object] },
    synergy: 2.25 },
  { difficulty: 7,
    desiredTime: 3.5,
    types: 
     { field: 0.75,
       fortress: 3,
       gtg: 1.5,
       ice: 1.5,
       irons: 1.5,
       selfsynergy: 0 },
    subtypes: { hearts: 0.75, plant2: 0.5 },
    rowtypes: undefined,
    name: 'Defeat a White Wolfos',
    id: 'defeat-a-white-wolfos',
    time: 5.5,
    goal: 
     { difficulty: 11,
       id: 'defeat-a-white-wolfos',
       jp: 'ホワイトウルフォス撃破',
       name: 'Defeat a White Wolfos',
       skill: 0,
       subtypes: [Object],
       time: 5.5,
       types: [Object] },
    synergy: 2.25 },
  { difficulty: 19,
    desiredTime: 9.5,
    types: { dc: 2, deku: 3, dmc: 1, fountain: 2, jabu: 3, selfsynergy: -3.5 },
    subtypes: 
     { compass: 4,
       ganon: 2.5,
       map: 4,
       plant: 0.5,
       plant2: 1.5,
       ruto: 1,
       wallet: 3 },
    rowtypes: undefined,
    name: '1 Skulltula from each Child Dungeon',
    id: '1-skulltula-from-each-child-dungeon',
    time: 9.5,
    goal: 
     { difficulty: 19,
       id: '1-skulltula-from-each-child-dungeon',
       jp: '全ての子供ダンジョンからスタルチュラ最低1匹ずつ',
       name: '1 Skulltula from each Child Dungeon',
       skill: 0,
       subtypes: [Object],
       time: 9.5,
       types: [Object] },
    synergy: 1.75 },
  { difficulty: 11,
    desiredTime: 5.5,
    types: { ruto: 4.5, selfsynergy: 0 },
    subtypes: { plant2: 1.25 },
    rowtypes: undefined,
    name: 'Ruto\'s Letter',
    id: 'ruto-s-letter',
    time: 4.5,
    goal: 
     { difficulty: 9,
       id: 'ruto-s-letter',
       jp: 'ルトの手紙',
       name: 'Ruto\'s Letter',
       skill: 0,
       subtypes: [Object],
       time: 4.5,
       types: [Object] },
    synergy: 1 },
  { difficulty: 23,
    desiredTime: 11.5,
    types: { dc: 4, kd: 3, selfsynergy: 0 },
    subtypes: 
     { compass: 3,
       fortress: 3,
       hearts: 3,
       hearts2: 2,
       map: 2.75,
       plant: 0.5,
       plant2: 1.5,
       wallet: 1 },
    rowtypes: undefined,
    name: 'Win Bombchu Bowling Prize',
    id: 'win-bombchu-bowling-prize',
    time: 11,
    goal: 
     { difficulty: 22,
       id: 'win-bombchu-bowling-prize',
       jp: 'ボムチュウボウリングの景品',
       name: 'Win Bombchu Bowling Prize',
       skill: 0,
       subtypes: [Object],
       time: 11,
       types: [Object] },
    synergy: 0.5 },
  { difficulty: 14,
    desiredTime: 7,
    types: 
     { endon: -0.5,
       field: 0.75,
       fortress: 2.5,
       selfsynergy: 0,
       spirit: 2.5 },
    subtypes: 
     { bosskey: 2,
       hearts: 0.75,
       map: 2,
       plant: 0.5,
       plant2: 1.5,
       songs: 3,
       wallet: 0.5 },
    rowtypes: undefined,
    name: 'Requiem of Spirit',
    id: 'requiem-of-spirit',
    time: 7.5,
    goal: 
     { difficulty: 15,
       id: 'requiem-of-spirit',
       jp: '魂のレクイエム',
       name: 'Requiem of Spirit',
       skill: 0,
       subtypes: [Object],
       time: 7.5,
       types: [Object] },
    synergy: 0 },
  { difficulty: 21,
    desiredTime: 10.5,
    types: { dc: 4, dmc: 1, endon: -0.5, kd: 3, selfsynergy: 0 },
    subtypes: 
     { compass: 3,
       hearts: 3,
       hearts2: 2,
       map: 2.75,
       plant: 0.5,
       plant2: 1.5,
       wallet: 1 },
    rowtypes: undefined,
    name: 'Goron\'s Ruby',
    id: 'goron-s-ruby',
    time: 9.5,
    goal: 
     { difficulty: 19,
       id: 'goron-s-ruby',
       jp: 'ゴロンのルビー',
       name: 'Goron\'s Ruby',
       skill: 0,
       subtypes: [Object],
       time: 9.5,
       types: [Object] },
    synergy: 3 },
  { difficulty: 3,
    desiredTime: 1.5,
    types: { bottle: 2, endbottle: -2.5, selfsynergy: 0 },
    subtypes: undefined,
    rowtypes: undefined,
    name: 'Red Potion',
    id: 'red-potion',
    time: 2.5,
    goal: 
     { difficulty: 5,
       id: 'red-potion',
       jp: '赤いクスリ',
       name: 'Red Potion',
       skill: 0,
       time: 2.5,
       types: [Object] },
    synergy: 1.25 },
  { difficulty: 10,
    desiredTime: 5,
    types: { fountain: 1, selfsynergy: 0 },
    subtypes: { plant: 0.25, plant2: 1.5 },
    rowtypes: undefined,
    name: 'Golden Scale',
    id: 'golden-scale',
    time: 4,
    goal: 
     { difficulty: 8,
       id: 'golden-scale',
       jp: '金のウロコ',
       name: 'Golden Scale',
       skill: 0,
       subtypes: [Object],
       time: 4,
       types: [Object] },
    synergy: 2.5 },
  { difficulty: 17,
    desiredTime: 8.5,
    types: { deku: 3, endon: -0.5, selfsynergy: 0 },
    subtypes: 
     { compass: 3.75,
       ganon: 3,
       hearts: 3,
       jabu: 1,
       map: 3,
       plant: 0.25,
       wallet: 2.5 },
    rowtypes: undefined,
    name: 'All 4 Skulltulas in Deku Tree',
    id: 'all-4-skulltulas-in-deku-tree',
    time: 8.25,
    goal: 
     { difficulty: 16,
       id: 'all-4-skulltulas-in-deku-tree',
       jp: 'デクの樹様の中の黄金のスタルチュラ4匹',
       name: 'All 4 Skulltulas in Deku Tree',
       skill: 0,
       subtypes: [Object],
       time: 8.25,
       types: [Object] },
    synergy: 1.75 },
  { difficulty: 8,
    desiredTime: 4,
    types: { field: 0.25, fountain: 1, ruto: 4, selfsynergy: 0 },
    subtypes: { bottle: 1, plant2: 0.75 },
    rowtypes: undefined,
    name: 'Silver Scale',
    id: 'silver-scale',
    time: 4,
    goal: 
     { difficulty: 8,
       id: 'silver-scale',
       jp: '銀のウロコ',
       name: 'Silver Scale',
       skill: 0,
       subtypes: [Object],
       time: 4,
       types: [Object] },
    synergy: 2.25 },
  { difficulty: 20,
    desiredTime: 10,
    types: { beans: 10, plant: 4.5, selfsynergy: -0.5 },
    subtypes: undefined,
    rowtypes: undefined,
    name: 'Plant 6 Magic Beans',
    id: 'plant-6-magic-beans',
    time: 11,
    goal: 
     { difficulty: 22,
       id: 'plant-6-magic-beans',
       jp: '魔法の豆を6ヶ所に埋める',
       name: 'Plant 6 Magic Beans',
       skill: 0,
       time: 11,
       types: [Object] },
    synergy: 2.25 },
  { difficulty: 12,
    desiredTime: 6,
    types: { map: 6, selfsynergy: 0 },
    subtypes: 
     { compass: 6,
       ganon: 2.5,
       hearts: 2,
       hearts2: 1.5,
       plant: 1,
       plant2: 1,
       wallet: 0.75 },
    rowtypes: undefined,
    name: '3 Maps',
    id: '3-maps',
    time: 6.75,
    goal: 
     { difficulty: 13,
       id: '3-maps',
       jp: 'マップ3つ',
       name: '3 Maps',
       skill: 0,
       subtypes: [Object],
       time: 6.75,
       types: [Object] },
    synergy: 2.5 },
  { difficulty: 24,
    desiredTime: 12,
    types: { hearts: 8, hearts2: 4, selfsynergy: -2 },
    subtypes: { plant: 1, plant2: 1, wallet: 1 },
    rowtypes: undefined,
    name: '6 Hearts',
    id: '6-hearts',
    time: 11,
    goal: 
     { difficulty: 22,
       id: '6-hearts',
       jp: 'ハート6つ',
       name: '6 Hearts',
       skill: 0,
       subtypes: [Object],
       time: 11,
       types: [Object] },
    synergy: 1 },
  { difficulty: 1,
    desiredTime: 0.5,
    types: { selfsynergy: 0 },
    subtypes: { compass: 0.5, map: 0.5 },
    rowtypes: undefined,
    name: 'Map & Compass in Bottom of the Well',
    id: 'map-compass-in-bottom-of-the-well',
    time: 1,
    goal: 
     { difficulty: 2,
       id: 'map-compass-in-bottom-of-the-well',
       jp: '井戸の底のマップとコンパス',
       name: 'Map & Compass in Bottom of the Well',
       skill: 0,
       subtypes: [Object],
       time: 1,
       types: [Object] },
    synergy: 2.25 },
  { difficulty: 22,
    desiredTime: 11,
    types: { fountain: 2, jabu: 8, selfsynergy: 0 },
    subtypes: { compass: 6, hearts: 3, hearts2: 2, map: 6, ruto: 1, wallet: 1 },
    rowtypes: undefined,
    name: 'Zora\'s Saphire',
    id: 'zora-s-saphire',
    time: 11,
    goal: 
     { difficulty: 22,
       id: 'zora-s-saphire',
       jp: 'ゾーラのサファイア',
       name: 'Zora\'s Saphire',
       skill: 0,
       subtypes: [Object],
       time: 11,
       types: [Object] },
    synergy: 0 },
  { difficulty: 4,
    desiredTime: 2,
    types: { bottle: 2, endbottle: -2.5, selfsynergy: 0 },
    subtypes: { plant: 0.5 },
    rowtypes: undefined,
    name: 'Bottled Poe',
    id: 'bottled-poe',
    time: 3,
    goal: 
     { difficulty: 6,
       id: 'bottled-poe',
       jp: 'ビン(ポウ)',
       name: 'Bottled Poe',
       skill: 0,
       subtypes: [Object],
       time: 3,
       types: [Object] },
    synergy: 1.5 },
  { difficulty: 6,
    desiredTime: 3,
    types: { bottle: 2, selfsynergy: 0 },
    subtypes: { plant: 0.5, wallet: 1 },
    rowtypes: undefined,
    name: 'Both Child Kokiri Forest area Skulltulas',
    id: 'both-child-kokiri-forest-area-skulltulas',
    time: 4,
    goal: 
     { difficulty: 8,
       id: 'both-child-kokiri-forest-area-skulltulas',
       jp: 'コキリの森エリアの黄金のスタルチュラ３匹',
       name: 'Both Child Kokiri Forest area Skulltulas',
       skill: 0,
       subtypes: [Object],
       time: 4,
       types: [Object] },
    synergy: 2.75 },
  { difficulty: 18,
    desiredTime: 9,
    types: { beans: 10, selfsynergy: 0 },
    subtypes: { wallet: 0.5 },
    rowtypes: undefined,
    name: '8 Magic Beans',
    id: '8-magic-beans',
    time: 10.75,
    goal: 
     { difficulty: 21,
       id: '8-magic-beans',
       jp: '魔法のマメ8つ以上',
       name: '8 Magic Beans',
       skill: 0,
       subtypes: [Object],
       time: 10.75,
       types: [Object] },
    synergy: 1 },
  { difficulty: 15,
    desiredTime: 7.5,
    types: { bottle: 2, field: 0.75, lonlon: 4, selfsynergy: 0 },
    subtypes: { wallet: 0.5, zl: 1 },
    rowtypes: undefined,
    name: 'Epona\'s Song',
    id: 'epona-s-song',
    time: 8,
    goal: 
     { difficulty: 16,
       id: 'epona-s-song',
       jp: 'エポナの歌',
       name: 'Epona\'s Song',
       skill: 0,
       subtypes: [Object],
       time: 8,
       types: [Object] },
    synergy: 2.75 },
  { difficulty: 16,
    desiredTime: 8,
    types: { beans: 10, selfsynergy: 0 },
    subtypes: { wallet: 0.25 },
    rowtypes: undefined,
    name: '7 Magic Beans',
    id: '7-magic-beans',
    time: 8,
    goal: 
     { difficulty: 16,
       id: '7-magic-beans',
       jp: '魔法のマメ7つ以上',
       name: '7 Magic Beans',
       skill: 0,
       subtypes: [Object],
       time: 8,
       types: [Object] },
    synergy: 1.5 },
  { difficulty: 13,
    desiredTime: 6.5,
    types: { hearts: 5, hearts2: 1, selfsynergy: -2 },
    subtypes: { plant: 1, plant2: 1, wallet: 1 },
    rowtypes: undefined,
    name: '5 Hearts',
    id: '5-hearts',
    time: 6,
    goal: 
     { difficulty: 12,
       id: '5-hearts',
       jp: 'ハート5つ',
       name: '5 Hearts',
       skill: 0,
       subtypes: [Object],
       time: 6,
       types: [Object] },
    synergy: 3 },
  { difficulty: 25,
    desiredTime: 12.5,
    types: { field: 0.75, fortress: 2.5, selfsynergy: 0, spirit: 6 },
    subtypes: 
     { bosskey: 2,
       compass: 1,
       hearts: 0.75,
       map: 2,
       plant: 0.5,
       plant2: 1.5,
       wallet: 0.5 },
    rowtypes: undefined,
    name: 'Get Bombchu chest in Spirit Temple',
    id: 'get-bombchu-chest-in-spirit-temple',
    time: 11.5,
    goal: 
     { difficulty: 23,
       id: 'get-bombchu-chest-in-spirit-temple',
       jp: '魂の神殿のボムチュウ取得',
       name: 'Get Bombchu chest in Spirit Temple',
       skill: 0,
       subtypes: [Object],
       time: 11.5,
       types: [Object] },
    synergy: 1 },
  { difficulty: 2,
    desiredTime: 1,
    types: { bulletbag: 100, selfsynergy: 0 },
    subtypes: { plant: 0.25 },
    rowtypes: undefined,
    name: 'Bullet Bag (50)',
    id: 'bullet-bag-50-',
    time: 1.25,
    goal: 
     { difficulty: 2,
       id: 'bullet-bag-50-',
       jp: 'デクのタネ袋(50)',
       name: 'Bullet Bag (50)',
       skill: 0,
       subtypes: [Object],
       time: 1.25,
       types: [Object] },
    synergy: 0 },
  { difficulty: 9,
    desiredTime: 4.5,
    types: { selfsynergy: -2, wallet: 6 },
    subtypes: { bottle: 1, plant: 4 },
    rowtypes: undefined,
    name: 'Adult\'s Wallet',
    id: 'adult-s-wallet',
    time: 5,
    goal: 
     { difficulty: 10,
       id: 'adult-s-wallet',
       jp: '大人のサイフ',
       name: 'Adult\'s Wallet',
       skill: 0,
       subtypes: [Object],
       time: 5,
       types: [Object] },
    synergy: 2.25 },
  meta: { iterations: 1 } ]
