[ ,
  { difficulty: 15,
    desiredTime: 7.5,
    types: { dc: 3, dmc: 1, endon: -0.5, selfsynergy: 0 },
    subtypes: 
     { compass: 3,
       hearts: 2,
       hearts2: 2,
       kd: 1.5,
       map: 2.75,
       plant: 0.5,
       plant2: 1.5,
       wallet: 3.25 },
    rowtypes: undefined,
    name: 'All 5 Skulltulas in Dodongo\'s Cavern',
    id: 'all-5-skulltulas-in-dodongo-s-cavern',
    time: 8.25,
    goal: 
     { difficulty: 16,
       id: 'all-5-skulltulas-in-dodongo-s-cavern',
       jp: 'ドドンゴの洞窟の黄金のスタルチュラ5匹',
       name: 'All 5 Skulltulas in Dodongo\'s Cavern',
       skill: 0,
       subtypes: [Object],
       time: 8.25,
       types: [Object] },
    synergy: 0 },
  { difficulty: 17,
    desiredTime: 8.5,
    types: { bottle: 2, field: 0.75, lonlon: 4, selfsynergy: 0 },
    subtypes: { wallet: 0.5, zl: 1 },
    rowtypes: undefined,
    name: 'Epona\'s Song',
    id: 'epona-s-song',
    time: 8,
    goal: 
     { difficulty: 16,
       id: 'epona-s-song',
       jp: 'エポナの歌',
       name: 'Epona\'s Song',
       skill: 0,
       subtypes: [Object],
       time: 8,
       types: [Object] },
    synergy: 1.5 },
  { difficulty: 4,
    desiredTime: 2,
    types: { selfsynergy: 0 },
    subtypes: { plant: 0.5, songs: 0.5, wallet: 0.25 },
    rowtypes: undefined,
    name: '30 Deku Nuts',
    id: '30-deku-nuts',
    time: 1,
    goal: 
     { difficulty: 2,
       id: '30-deku-nuts',
       jp: 'デクの実30個以上',
       name: '30 Deku Nuts',
       skill: 0,
       subtypes: [Object],
       time: 1,
       types: [Object] },
    synergy: 2.75 },
  { difficulty: 21,
    desiredTime: 10.5,
    types: { beans: 10, selfsynergy: 0 },
    subtypes: { wallet: 0.5 },
    rowtypes: undefined,
    name: '8 Magic Beans',
    id: '8-magic-beans',
    time: 10.75,
    goal: 
     { difficulty: 21,
       id: '8-magic-beans',
       jp: '魔法のマメ8つ以上',
       name: '8 Magic Beans',
       skill: 0,
       subtypes: [Object],
       time: 10.75,
       types: [Object] },
    synergy: 3 },
  { difficulty: 8,
    desiredTime: 4,
    types: { selfsynergy: -2, wallet: 6 },
    subtypes: { bottle: 1, plant: 4 },
    rowtypes: undefined,
    name: 'Adult\'s Wallet',
    id: 'adult-s-wallet',
    time: 5,
    goal: 
     { difficulty: 10,
       id: 'adult-s-wallet',
       jp: '大人のサイフ',
       name: 'Adult\'s Wallet',
       skill: 0,
       subtypes: [Object],
       time: 5,
       types: [Object] },
    synergy: 1.25 },
  { difficulty: 24,
    desiredTime: 12,
    types: { compass: 16, fountain: 2, jabu: 5, selfsynergy: -4 },
    subtypes: 
     { bosskey2: 2,
       ganon: 2.5,
       hearts: 3,
       hearts2: 4,
       map: 16,
       plant: 1,
       plant2: 1,
       wallet: 1 },
    rowtypes: undefined,
    name: '4 Compasses',
    id: '4-compasses',
    time: 12.5,
    goal: 
     { difficulty: 25,
       id: '4-compasses',
       jp: 'コンパス4つ',
       name: '4 Compasses',
       skill: 0,
       subtypes: [Object],
       time: 12.5,
       types: [Object] },
    synergy: 0 },
  { difficulty: 6,
    desiredTime: 3,
    types: { beans: 10, plant: 2.75, selfsynergy: -0.5 },
    subtypes: undefined,
    rowtypes: undefined,
    name: 'Plant 4 Magic Beans',
    id: 'plant-4-magic-beans',
    time: 3.75,
    goal: 
     { difficulty: 7,
       id: 'plant-4-magic-beans',
       jp: '魔法の豆を4ヶ所に埋める',
       name: 'Plant 4 Magic Beans',
       skill: 0,
       time: 3.75,
       types: [Object] },
    synergy: 3 },
  { difficulty: 13,
    desiredTime: 6.5,
    types: { fortress: 2.5, selfsynergy: 0 },
    subtypes: { bosskey: 2, hearts: 1.75, kd: 2.5, plant2: 0.5 },
    rowtypes: undefined,
    name: '37th heart piece (Child Fortress)',
    id: '37th-heart-piece-child-fortress-',
    time: 6.25,
    goal: 
     { difficulty: 12,
       id: '37th-heart-piece-child-fortress-',
       jp: '37番目のハートのかけら(子供のゲルドの砦)',
       name: '37th heart piece (Child Fortress)',
       skill: 0,
       subtypes: [Object],
       time: 6.25,
       types: [Object] },
    synergy: 2.75 },
  { difficulty: 20,
    desiredTime: 10,
    types: { dc: 4, kd: 3, selfsynergy: 0 },
    subtypes: 
     { compass: 3,
       fortress: 3,
       hearts: 3,
       hearts2: 2,
       map: 2.75,
       plant: 0.5,
       plant2: 1.5,
       wallet: 1 },
    rowtypes: undefined,
    name: 'Win Bombchu Bowling Prize',
    id: 'win-bombchu-bowling-prize',
    time: 11,
    goal: 
     { difficulty: 22,
       id: 'win-bombchu-bowling-prize',
       jp: 'ボムチュウボウリングの景品',
       name: 'Win Bombchu Bowling Prize',
       skill: 0,
       subtypes: [Object],
       time: 11,
       types: [Object] },
    synergy: 0.5 },
  { difficulty: 2,
    desiredTime: 1,
    types: { field: 0.75, selfsynergy: 0 },
    subtypes: { hearts: 1 },
    rowtypes: undefined,
    name: 'Lost Dog HP',
    id: 'lost-dog-hp',
    time: 1.25,
    goal: 
     { difficulty: 2,
       id: 'lost-dog-hp',
       jp: 'リチャードのハートのかけら',
       name: 'Lost Dog HP',
       skill: 0,
       subtypes: [Object],
       time: 1.25,
       types: [Object] },
    synergy: 0.25 },
  { difficulty: 18,
    desiredTime: 9,
    types: { field: 0.75, lonlon: 1.5, selfsynergy: 0 },
    subtypes: { hearts: 0.25, jabu: 2, wallet: 2.5 },
    rowtypes: undefined,
    name: 'All 4 Lon-Lon Ranch area Skulltulas',
    id: 'all-4-lon-lon-ranch-area-skulltulas',
    time: 8,
    goal: 
     { difficulty: 16,
       id: 'all-4-lon-lon-ranch-area-skulltulas',
       jp: 'ロンロン牧場エリアの黄金のスタルチュラ4匹',
       name: 'All 4 Lon-Lon Ranch area Skulltulas',
       skill: 0,
       subtypes: [Object],
       time: 8,
       types: [Object] },
    synergy: 2.25 },
  { difficulty: 5,
    desiredTime: 2.5,
    types: { bottle: 2, endbottle: -2.5, selfsynergy: 0 },
    subtypes: undefined,
    rowtypes: undefined,
    name: 'Red Potion',
    id: 'red-potion',
    time: 2.5,
    goal: 
     { difficulty: 5,
       id: 'red-potion',
       jp: '赤いクスリ',
       name: 'Red Potion',
       skill: 0,
       time: 2.5,
       types: [Object] },
    synergy: 3 },
  { difficulty: 22,
    desiredTime: 11,
    types: { field: 0.75, saria: 3, selfsynergy: 0, zl: 6.75 },
    subtypes: { hearts: 2, hearts2: 2, plant: 0.5, wallet: 0.25 },
    rowtypes: undefined,
    name: 'Saria\'s Song',
    id: 'saria-s-song',
    time: 10.5,
    goal: 
     { difficulty: 21,
       id: 'saria-s-song',
       jp: 'サリアの歌',
       name: 'Saria\'s Song',
       skill: 0,
       subtypes: [Object],
       time: 10.5,
       types: [Object] },
    synergy: 0.5 },
  { difficulty: 9,
    desiredTime: 4.5,
    types: 
     { endon: -0.5,
       field: 0.75,
       fortress: 3,
       gtg: 2,
       incgtgkey: 100,
       selfsynergy: 0 },
    subtypes: { bosskey: 3, hearts: 0.75, kd: 2.5, plant2: 0.5 },
    rowtypes: undefined,
    name: '3 unused keys in Gerudo Training Grounds',
    id: '3-unused-keys-in-gerudo-training-grounds',
    time: 5.25,
    goal: 
     { difficulty: 10,
       id: '3-unused-keys-in-gerudo-training-grounds',
       jp: 'ゲルドの修練場の未使用のカギ3つ',
       name: '3 unused keys in Gerudo Training Grounds',
       skill: 0,
       subtypes: [Object],
       time: 5.25,
       types: [Object] },
    synergy: 2.5 },
  { difficulty: 11,
    desiredTime: 5.5,
    types: { beans: 10, selfsynergy: 0 },
    subtypes: { wallet: 0.25 },
    rowtypes: undefined,
    name: '6 Magic Beans',
    id: '6-magic-beans',
    time: 6.25,
    goal: 
     { difficulty: 12,
       id: '6-magic-beans',
       jp: '魔法のマメ6つ以上',
       name: '6 Magic Beans',
       skill: 0,
       subtypes: [Object],
       time: 6.25,
       types: [Object] },
    synergy: 1.5 },
  { difficulty: 7,
    desiredTime: 3.5,
    types: { dmc: 3, selfsynergy: 0 },
    subtypes: 
     { bosskey: 1,
       compass: 1,
       hearts: 2,
       map: 1,
       plant: 0.5,
       plant2: 1.5,
       songs: 1.5,
       wallet: 1 },
    rowtypes: undefined,
    name: 'Both heart pieces in Death Mountain Crater',
    id: 'both-heart-pieces-in-death-mountain-crater',
    time: 3.5,
    goal: 
     { difficulty: 7,
       id: 'both-heart-pieces-in-death-mountain-crater',
       jp: 'デスマウンテン火口のハートのかけら２つ',
       name: 'Both heart pieces in Death Mountain Crater',
       skill: 0,
       subtypes: [Object],
       time: 3.5,
       types: [Object] },
    synergy: 2.75 },
  { difficulty: 14,
    desiredTime: 7,
    types: { fountain: 2, selfsynergy: 0 },
    subtypes: 
     { compass: 2,
       hearts: 0.75,
       jabu: 0.5,
       map: 2,
       ruto: 1,
       wallet: 2.5 },
    rowtypes: undefined,
    name: 'All 4 Child Zora\'s Domain area Skulltulas',
    id: 'all-4-child-zora-s-domain-area-skulltulas',
    time: 6,
    goal: 
     { difficulty: 12,
       id: 'all-4-child-zora-s-domain-area-skulltulas',
       jp: 'ゾーラの里エリアの黄金のスタルチュラ8匹',
       name: 'All 4 Child Zora\'s Domain area Skulltulas',
       skill: 0,
       subtypes: [Object],
       time: 6,
       types: [Object] },
    synergy: 2 },
  { difficulty: 16,
    desiredTime: 8,
    types: 
     { endon: -0.5,
       field: 0.75,
       fortress: 3,
       gtg: 5,
       incgtgkey: 100,
       selfsynergy: 0 },
    subtypes: { bosskey: 3, hearts: 0.75, kd: 2.5, plant2: 0.5 },
    rowtypes: undefined,
    name: '6 unused keys in Gerudo Training Grounds',
    id: '6-unused-keys-in-gerudo-training-grounds',
    time: 8,
    goal: 
     { difficulty: 16,
       id: '6-unused-keys-in-gerudo-training-grounds',
       jp: 'ゲルドの修練場の未使用のカギ6つ',
       name: '6 unused keys in Gerudo Training Grounds',
       skill: 0,
       subtypes: [Object],
       time: 8,
       types: [Object] },
    synergy: 3 },
  { difficulty: 3,
    desiredTime: 1.5,
    types: { field: 0.75, lonlon: 1.75, selfsynergy: 0 },
    subtypes: { hearts: 1, wallet: 0.5 },
    rowtypes: undefined,
    name: 'Lon Lon Ranch HP',
    id: 'lon-lon-ranch-hp',
    time: 3,
    goal: 
     { difficulty: 6,
       id: 'lon-lon-ranch-hp',
       jp: 'ロンロン牧場のハートのかけら',
       name: 'Lon Lon Ranch HP',
       skill: 0,
       subtypes: [Object],
       time: 3,
       types: [Object] },
    synergy: 2.25 },
  { difficulty: 25,
    desiredTime: 12.5,
    types: { selfsynergy: 0 },
    subtypes: { plant: 0.25 },
    rowtypes: undefined,
    name: 'Defeat a Skull Kid',
    id: 'defeat-a-skull-kid',
    time: 11.5,
    goal: 
     { difficulty: 23,
       id: 'defeat-a-skull-kid',
       jp: 'スタルキッド撃破',
       name: 'Defeat a Skull Kid',
       skill: 0,
       subtypes: [Object],
       time: 11.5,
       types: [Object] },
    synergy: 1 },
  { difficulty: 1,
    desiredTime: 0.5,
    types: { selfsynergy: 0 },
    subtypes: undefined,
    rowtypes: undefined,
    name: '2 Shields',
    id: '2-shields',
    time: 0.5,
    goal: 
     { difficulty: 1,
       id: '2-shields',
       jp: '盾2種',
       name: '2 Shields',
       skill: 0,
       time: 0.5,
       types: [Object] },
    synergy: 1 },
  { difficulty: 23,
    desiredTime: 11.5,
    types: { field: 0.75, fortress: 2.5, selfsynergy: 0 },
    subtypes: { bosskey: 2.5, hearts: 0.75, plant2: 0.5 },
    rowtypes: undefined,
    name: 'Gerudo\'s Card',
    id: 'gerudo-s-card',
    time: 11.5,
    goal: 
     { difficulty: 23,
       id: 'gerudo-s-card',
       jp: 'ゲルドの会員証',
       name: 'Gerudo\'s Card',
       skill: 0,
       subtypes: [Object],
       time: 11.5,
       types: [Object] },
    synergy: 0 },
  { difficulty: 10,
    desiredTime: 5,
    types: { selfsynergy: -2, wallet: 6 },
    subtypes: { bottle: 1, plant: 4 },
    rowtypes: undefined,
    name: '200 Rupees',
    id: '200-rupees',
    time: 5.5,
    goal: 
     { difficulty: 11,
       id: '200-rupees',
       jp: '200ルピー',
       name: '200 Rupees',
       skill: 0,
       subtypes: [Object],
       time: 5.5,
       types: [Object] },
    synergy: 0.5 },
  { difficulty: 12,
    desiredTime: 6,
    types: { dmc: 1, selfsynergy: 0 },
    subtypes: { compass: 3, map: 2.75, plant: 0.5, plant2: 1.5, wallet: 1 },
    rowtypes: undefined,
    name: 'Bomb Bag (30)',
    id: 'bomb-bag-30-',
    time: 6.5,
    goal: 
     { difficulty: 13,
       id: 'bomb-bag-30-',
       jp: 'ボム袋(30)',
       name: 'Bomb Bag (30)',
       skill: 0,
       subtypes: [Object],
       time: 6.5,
       types: [Object] },
    synergy: 0.5 },
  { difficulty: 19,
    desiredTime: 9.5,
    types: { bottle: 2, deku: 5, selfsynergy: 0 },
    subtypes: 
     { compass: 3.5,
       ganon: 5,
       hearts: 3,
       hearts2: 2,
       map: 3,
       plant: 0.25,
       wallet: 0.5,
       zl: 2.25 },
    rowtypes: undefined,
    name: 'Kokiri\'s Emerald',
    id: 'kokiri-s-emerald',
    time: 8.5,
    goal: 
     { difficulty: 17,
       id: 'kokiri-s-emerald',
       jp: 'コキリのヒスイ',
       name: 'Kokiri\'s Emerald',
       skill: 0,
       subtypes: [Object],
       time: 8.5,
       types: [Object] },
    synergy: 3 },
  meta: { iterations: 1 } ]
