[ ,
  { difficulty: 25,
    desiredTime: 12.5,
    types: { compass: 16, fountain: 2, jabu: 5, selfsynergy: -4 },
    subtypes: 
     { bosskey2: 2,
       ganon: 2.5,
       hearts: 3,
       hearts2: 4,
       map: 16,
       plant: 1,
       plant2: 1,
       wallet: 1 },
    rowtypes: undefined,
    name: '4 Compasses',
    id: '4-compasses',
    time: 12.5,
    goal: 
     { difficulty: 25,
       id: '4-compasses',
       jp: 'コンパス4つ',
       name: '4 Compasses',
       skill: 0,
       subtypes: [Object],
       time: 12.5,
       types: [Object] },
    synergy: 0 },
  { difficulty: 2,
    desiredTime: 1,
    types: { selfsynergy: 0 },
    subtypes: { plant: 0.5, songs: 0.5, wallet: 0.25 },
    rowtypes: undefined,
    name: '30 Deku Nuts',
    id: '30-deku-nuts',
    time: 1,
    goal: 
     { difficulty: 2,
       id: '30-deku-nuts',
       jp: 'デクの実30個以上',
       name: '30 Deku Nuts',
       skill: 0,
       subtypes: [Object],
       time: 1,
       types: [Object] },
    synergy: 1.75 },
  { difficulty: 9,
    desiredTime: 4.5,
    types: { beans: 10, selfsynergy: 0 },
    subtypes: { wallet: 0.25 },
    rowtypes: undefined,
    name: '5 Magic Beans',
    id: '5-magic-beans',
    time: 3.75,
    goal: 
     { difficulty: 7,
       id: '5-magic-beans',
       jp: '魔法のマメ5つ以上',
       name: '5 Magic Beans',
       skill: 0,
       subtypes: [Object],
       time: 3.75,
       types: [Object] },
    synergy: 2.75 },
  { difficulty: 16,
    desiredTime: 8,
    types: 
     { endon: -0.5,
       field: 0.75,
       fortress: 2.5,
       selfsynergy: 0,
       spirit: 2.5 },
    subtypes: 
     { bosskey: 2,
       hearts: 0.75,
       map: 2,
       plant: 0.5,
       plant2: 1.5,
       songs: 3,
       wallet: 0.5 },
    rowtypes: undefined,
    name: 'Requiem of Spirit',
    id: 'requiem-of-spirit',
    time: 7.5,
    goal: 
     { difficulty: 15,
       id: 'requiem-of-spirit',
       jp: '魂のレクイエム',
       name: 'Requiem of Spirit',
       skill: 0,
       subtypes: [Object],
       time: 7.5,
       types: [Object] },
    synergy: 2.5 },
  { difficulty: 13,
    desiredTime: 6.5,
    types: { dc: 4, dmc: 1, endon: -0.5, selfsynergy: 0 },
    subtypes: 
     { compass: 3,
       hearts: 2,
       map: 2.75,
       plant: 0.5,
       plant2: 1.5,
       wallet: 0.5 },
    rowtypes: undefined,
    name: 'Defeat all Lizalfos in Dodongo\'s Cavern',
    id: 'defeat-all-lizalfos-in-dodongo-s-cavern',
    time: 5.5,
    goal: 
     { difficulty: 11,
       id: 'defeat-all-lizalfos-in-dodongo-s-cavern',
       jp: 'ドドンゴの洞窟のリザルフォス全て撃破',
       name: 'Defeat all Lizalfos in Dodongo\'s Cavern',
       skill: 0,
       subtypes: [Object],
       time: 5.5,
       types: [Object] },
    synergy: 2 },
  { difficulty: 19,
    desiredTime: 9.5,
    types: { beans: 10, selfsynergy: 0 },
    subtypes: { wallet: 0.5 },
    rowtypes: undefined,
    name: '8 Magic Beans',
    id: '8-magic-beans',
    time: 10.75,
    goal: 
     { difficulty: 21,
       id: '8-magic-beans',
       jp: '魔法のマメ8つ以上',
       name: '8 Magic Beans',
       skill: 0,
       subtypes: [Object],
       time: 10.75,
       types: [Object] },
    synergy: 1 },
  { difficulty: 11,
    desiredTime: 5.5,
    types: 
     { field: 0.75,
       fortress: 3,
       gtg: 1.5,
       ice: 1.5,
       irons: 1.5,
       selfsynergy: 0 },
    subtypes: { hearts: 0.75, plant2: 0.5 },
    rowtypes: undefined,
    name: 'Defeat a White Wolfos',
    id: 'defeat-a-white-wolfos',
    time: 5.5,
    goal: 
     { difficulty: 11,
       id: 'defeat-a-white-wolfos',
       jp: 'ホワイトウルフォス撃破',
       name: 'Defeat a White Wolfos',
       skill: 0,
       subtypes: [Object],
       time: 5.5,
       types: [Object] },
    synergy: 3 },
  { difficulty: 23,
    desiredTime: 11.5,
    types: { dc: 4, kd: 3, selfsynergy: 0 },
    subtypes: 
     { compass: 3,
       fortress: 3,
       hearts: 3,
       hearts2: 2,
       map: 2.75,
       plant: 0.5,
       plant2: 1.5,
       wallet: 1 },
    rowtypes: undefined,
    name: 'Win Bombchu Bowling Prize',
    id: 'win-bombchu-bowling-prize',
    time: 11,
    goal: 
     { difficulty: 22,
       id: 'win-bombchu-bowling-prize',
       jp: 'ボムチュウボウリングの景品',
       name: 'Win Bombchu Bowling Prize',
       skill: 0,
       subtypes: [Object],
       time: 11,
       types: [Object] },
    synergy: 0.5 },
  { difficulty: 5,
    desiredTime: 2.5,
    types: { bottle: 2, endbottle: -2.5, selfsynergy: 0 },
    subtypes: { plant: 0.5 },
    rowtypes: undefined,
    name: 'Bottled Poe',
    id: 'bottled-poe',
    time: 3,
    goal: 
     { difficulty: 6,
       id: 'bottled-poe',
       jp: 'ビン(ポウ)',
       name: 'Bottled Poe',
       skill: 0,
       subtypes: [Object],
       time: 3,
       types: [Object] },
    synergy: 0.5 },
  { difficulty: 7,
    desiredTime: 3.5,
    types: { deku: 3, selfsynergy: 0 },
    subtypes: 
     { compass: 4,
       ganon: 2.5,
       hearts: 3,
       map: 3.25,
       plant: 0.25,
       wallet: 0.5 },
    rowtypes: undefined,
    name: 'Map & Compass in Deku Tree',
    id: 'map-compass-in-deku-tree',
    time: 4.25,
    goal: 
     { difficulty: 8,
       id: 'map-compass-in-deku-tree',
       jp: 'デクの樹様の中のマップとコンパス',
       name: 'Map & Compass in Deku Tree',
       skill: 0,
       subtypes: [Object],
       time: 4.25,
       types: [Object] },
    synergy: 2.25 },
  { difficulty: 3,
    desiredTime: 1.5,
    types: { selfsynergy: 0 },
    subtypes: { compass: 0.5, map: 0.5 },
    rowtypes: undefined,
    name: 'Map & Compass in Bottom of the Well',
    id: 'map-compass-in-bottom-of-the-well',
    time: 1,
    goal: 
     { difficulty: 2,
       id: 'map-compass-in-bottom-of-the-well',
       jp: '井戸の底のマップとコンパス',
       name: 'Map & Compass in Bottom of the Well',
       skill: 0,
       subtypes: [Object],
       time: 1,
       types: [Object] },
    synergy: 0 },
  { difficulty: 10,
    desiredTime: 5,
    types: { bottle: 2, fountain: 2, ganon: 5, ice: 1.5, selfsynergy: 0 },
    subtypes: 
     { bosskey: 2.5,
       compass: 3.5,
       hearts: 3,
       hearts2: 2,
       map: 3,
       plant: 0.25,
       wallet: 0.75,
       zl: 2 },
    rowtypes: undefined,
    name: 'Blue Fire',
    id: 'blue-fire',
    time: 6,
    goal: 
     { difficulty: 12,
       id: 'blue-fire',
       jp: '青い炎',
       name: 'Blue Fire',
       skill: 0,
       subtypes: [Object],
       time: 6,
       types: [Object] },
    synergy: 1 },
  { difficulty: 17,
    desiredTime: 8.5,
    types: { bottle: 2, selfsynergy: -2, wallet: 8 },
    subtypes: { plant: 4.5, plant2: 2 },
    rowtypes: undefined,
    name: '15 Different Skulltulas',
    id: '15-different-skulltulas',
    time: 8,
    goal: 
     { difficulty: 16,
       id: '15-different-skulltulas',
       jp: 'スタルチュラのしるし15個(増殖禁止)',
       name: '15 Different Skulltulas',
       skill: 0,
       subtypes: [Object],
       time: 8,
       types: [Object] },
    synergy: 0.5 },
  { difficulty: 14,
    desiredTime: 7,
    types: { beans: 10, selfsynergy: 0 },
    subtypes: { wallet: 0.25 },
    rowtypes: undefined,
    name: '7 Magic Beans',
    id: '7-magic-beans',
    time: 8,
    goal: 
     { difficulty: 16,
       id: '7-magic-beans',
       jp: '魔法のマメ7つ以上',
       name: '7 Magic Beans',
       skill: 0,
       subtypes: [Object],
       time: 8,
       types: [Object] },
    synergy: 2.25 },
  { difficulty: 21,
    desiredTime: 10.5,
    types: { field: 0.75, saria: 3, selfsynergy: 0, zl: 6.75 },
    subtypes: { hearts: 2, hearts2: 2, plant: 0.5, wallet: 0.25 },
    rowtypes: undefined,
    name: 'Saria\'s Song',
    id: 'saria-s-song',
    time: 10.5,
    goal: 
     { difficulty: 21,
       id: 'saria-s-song',
       jp: 'サリアの歌',
       name: 'Saria\'s Song',
       skill: 0,
       subtypes: [Object],
       time: 10.5,
       types: [Object] },
    synergy: 3 },
  { difficulty: 12,
    desiredTime: 6,
    types: { field: 0.75, fortress: 2, gtg: 1, jabu: 0.5, selfsynergy: 0 },
    subtypes: { bosskey: 1.5, hearts: 0.75, plant: 1, plant2: 1.5, wallet: 1.25 },
    rowtypes: undefined,
    name: 'Both Child Gerudo Valley area Skulltulas',
    id: 'both-child-gerudo-valley-area-skulltulas',
    time: 5,
    goal: 
     { difficulty: 10,
       id: 'both-child-gerudo-valley-area-skulltulas',
       jp: 'ゲルドの谷エリアの黄金のスタルチュラ4匹',
       name: 'Both Child Gerudo Valley area Skulltulas',
       skill: 0,
       subtypes: [Object],
       time: 5,
       types: [Object] },
    synergy: 3 },
  { difficulty: 24,
    desiredTime: 12,
    types: { selfsynergy: 0 },
    subtypes: { plant: 0.25 },
    rowtypes: undefined,
    name: 'Defeat a Skull Kid',
    id: 'defeat-a-skull-kid',
    time: 11.5,
    goal: 
     { difficulty: 23,
       id: 'defeat-a-skull-kid',
       jp: 'スタルキッド撃破',
       name: 'Defeat a Skull Kid',
       skill: 0,
       subtypes: [Object],
       time: 11.5,
       types: [Object] },
    synergy: 0.5 },
  { difficulty: 1,
    desiredTime: 0.5,
    types: { selfsynergy: 0 },
    subtypes: undefined,
    rowtypes: undefined,
    name: '2 Shields',
    id: '2-shields',
    time: 0.5,
    goal: 
     { difficulty: 1,
       id: '2-shields',
       jp: '盾2種',
       name: '2 Shields',
       skill: 0,
       time: 0.5,
       types: [Object] },
    synergy: 2.75 },
  { difficulty: 8,
    desiredTime: 4,
    types: { field: 0.75, fortress: 1.5, selfsynergy: 0 },
    subtypes: { bosskey: 1, hearts: 2, plant: 0.5, plant2: 1.5, wallet: 0.25 },
    rowtypes: undefined,
    name: 'Both Gerudo Valley HPs',
    id: 'both-gerudo-valley-hps',
    time: 4.25,
    goal: 
     { difficulty: 8,
       id: 'both-gerudo-valley-hps',
       jp: 'ゲルドの谷のハートのかけら2つ',
       name: 'Both Gerudo Valley HPs',
       skill: 0,
       subtypes: [Object],
       time: 4.25,
       types: [Object] },
    synergy: 0.25 },
  { difficulty: 20,
    desiredTime: 10,
    types: { fountain: 2, jabu: 8, selfsynergy: 0 },
    subtypes: { compass: 6, hearts: 3, hearts2: 2, map: 6, ruto: 1, wallet: 1 },
    rowtypes: undefined,
    name: 'Zora\'s Saphire',
    id: 'zora-s-saphire',
    time: 11,
    goal: 
     { difficulty: 22,
       id: 'zora-s-saphire',
       jp: 'ゾーラのサファイア',
       name: 'Zora\'s Saphire',
       skill: 0,
       subtypes: [Object],
       time: 11,
       types: [Object] },
    synergy: 0.25 },
  { difficulty: 6,
    desiredTime: 3,
    types: { deku: 2.5, selfsynergy: 0 },
    subtypes: 
     { bulletbag: 100,
       compass: 2,
       ganon: 2.5,
       hearts: 2.5,
       map: 3,
       plant: 0.25,
       wallet: 0.25 },
    rowtypes: undefined,
    name: 'Fairy Slingshot',
    id: 'fairy-slingshot',
    time: 4,
    goal: 
     { difficulty: 8,
       id: 'fairy-slingshot',
       jp: '妖精のパチンコ',
       name: 'Fairy Slingshot',
       skill: 0,
       subtypes: [Object],
       time: 4,
       types: [Object] },
    synergy: 1.25 },
  { difficulty: 18,
    desiredTime: 9,
    types: { dc: 3, dmc: 1, endon: -0.5, selfsynergy: 0 },
    subtypes: 
     { compass: 3,
       hearts: 2,
       hearts2: 2,
       kd: 1.5,
       map: 2.75,
       plant: 0.5,
       plant2: 1.5,
       wallet: 3.25 },
    rowtypes: undefined,
    name: 'All 5 Skulltulas in Dodongo\'s Cavern',
    id: 'all-5-skulltulas-in-dodongo-s-cavern',
    time: 8.25,
    goal: 
     { difficulty: 16,
       id: 'all-5-skulltulas-in-dodongo-s-cavern',
       jp: 'ドドンゴの洞窟の黄金のスタルチュラ5匹',
       name: 'All 5 Skulltulas in Dodongo\'s Cavern',
       skill: 0,
       subtypes: [Object],
       time: 8.25,
       types: [Object] },
    synergy: 1.75 },
  { difficulty: 15,
    desiredTime: 7.5,
    types: { bottle: 2, ruto: 4.5, selfsynergy: 0 },
    subtypes: { plant2: 1.25 },
    rowtypes: undefined,
    name: 'Fill all 4 Bottle Slots',
    id: 'fill-all-4-bottle-slots',
    time: 7.75,
    goal: 
     { difficulty: 15,
       id: 'fill-all-4-bottle-slots',
       jp: '4つの空きビンスロットを全て埋める',
       name: 'Fill all 4 Bottle Slots',
       skill: 0,
       subtypes: [Object],
       time: 7.75,
       types: [Object] },
    synergy: 1.75 },
  { difficulty: 22,
    desiredTime: 11,
    types: 
     { childtrade: 2.75,
       dmc: 0.5,
       field: 0.75,
       selfsynergy: 0,
       zl: 6.75 },
    subtypes: { hearts: 2, hearts2: 2 },
    rowtypes: undefined,
    name: 'Keaton Mask',
    id: 'keaton-mask',
    time: 10.25,
    goal: 
     { difficulty: 20,
       id: 'keaton-mask',
       jp: 'キータンのお面',
       name: 'Keaton Mask',
       skill: 0,
       subtypes: [Object],
       time: 10.25,
       types: [Object] },
    synergy: 0.75 },
  { difficulty: 4,
    desiredTime: 2,
    types: { beans: 10, plant: 2, selfsynergy: -0.5 },
    subtypes: undefined,
    rowtypes: undefined,
    name: 'Plant 3 Magic Beans',
    id: 'plant-3-magic-beans',
    time: 2.25,
    goal: 
     { difficulty: 4,
       id: 'plant-3-magic-beans',
       jp: '魔法の豆を3ヶ所に埋める',
       name: 'Plant 3 Magic Beans',
       skill: 0,
       time: 2.25,
       types: [Object] },
    synergy: 0.75 },
  meta: { iterations: 1 } ]
