[ ,
  { difficulty: 5,
    desiredTime: 2.5,
    types: { field: 0.75, lonlon: 1.75, selfsynergy: 0 },
    subtypes: { hearts: 1, wallet: 0.5 },
    rowtypes: undefined,
    name: 'Lon Lon Ranch HP',
    id: 'lon-lon-ranch-hp',
    time: 3,
    goal: 
     { difficulty: 6,
       id: 'lon-lon-ranch-hp',
       jp: 'ロンロン牧場のハートのかけら',
       name: 'Lon Lon Ranch HP',
       skill: 0,
       subtypes: [Object],
       time: 3,
       types: [Object] },
    synergy: 1.75 },
  { difficulty: 12,
    desiredTime: 6,
    types: { beans: 10, selfsynergy: 0 },
    subtypes: { wallet: 0.25 },
    rowtypes: undefined,
    name: '6 Magic Beans',
    id: '6-magic-beans',
    time: 6.25,
    goal: 
     { difficulty: 12,
       id: '6-magic-beans',
       jp: '魔法のマメ6つ以上',
       name: '6 Magic Beans',
       skill: 0,
       subtypes: [Object],
       time: 6.25,
       types: [Object] },
    synergy: 2.25 },
  { difficulty: 24,
    desiredTime: 12,
    types: { fountain: 2, jabu: 8, selfsynergy: 0 },
    subtypes: { compass: 6, hearts: 3, hearts2: 2, map: 6, ruto: 1, wallet: 1 },
    rowtypes: undefined,
    name: 'Zora\'s Saphire',
    id: 'zora-s-saphire',
    time: 11,
    goal: 
     { difficulty: 22,
       id: 'zora-s-saphire',
       jp: 'ゾーラのサファイア',
       name: 'Zora\'s Saphire',
       skill: 0,
       subtypes: [Object],
       time: 11,
       types: [Object] },
    synergy: 1 },
  { difficulty: 6,
    desiredTime: 3,
    types: { dc: 3, dmc: 1, selfsynergy: 0 },
    subtypes: 
     { compass: 3.5,
       hearts: 1,
       map: 3,
       plant: 0.5,
       plant2: 1.5,
       wallet: 0.25 },
    rowtypes: undefined,
    name: 'Map & Compass in Dodongo\'s Cavern',
    id: 'map-compass-in-dodongo-s-cavern',
    time: 4,
    goal: 
     { difficulty: 8,
       id: 'map-compass-in-dodongo-s-cavern',
       jp: 'ドドンゴの洞窟のマップとコンパス',
       name: 'Map & Compass in Dodongo\'s Cavern',
       skill: 0,
       subtypes: [Object],
       time: 4,
       types: [Object] },
    synergy: 0.25 },
  { difficulty: 18,
    desiredTime: 9,
    types: { bottle: 2, selfsynergy: -2, wallet: 8 },
    subtypes: { plant: 4.5, plant2: 2 },
    rowtypes: undefined,
    name: '15 Different Skulltulas',
    id: '15-different-skulltulas',
    time: 8,
    goal: 
     { difficulty: 16,
       id: '15-different-skulltulas',
       jp: 'スタルチュラのしるし15個(増殖禁止)',
       name: '15 Different Skulltulas',
       skill: 0,
       subtypes: [Object],
       time: 8,
       types: [Object] },
    synergy: 2 },
  { difficulty: 9,
    desiredTime: 4.5,
    types: { dmc: 3, selfsynergy: 0 },
    subtypes: 
     { bosskey: 1,
       compass: 1,
       hearts: 2,
       map: 1,
       plant: 0.5,
       plant2: 1.5,
       songs: 1.5,
       wallet: 1 },
    rowtypes: undefined,
    name: 'Both heart pieces in Death Mountain Crater',
    id: 'both-heart-pieces-in-death-mountain-crater',
    time: 3.5,
    goal: 
     { difficulty: 7,
       id: 'both-heart-pieces-in-death-mountain-crater',
       jp: 'デスマウンテン火口のハートのかけら２つ',
       name: 'Both heart pieces in Death Mountain Crater',
       skill: 0,
       subtypes: [Object],
       time: 3.5,
       types: [Object] },
    synergy: 0.25 },
  { difficulty: 16,
    desiredTime: 8,
    types: { deku: 3, endon: -0.5, selfsynergy: 0 },
    subtypes: 
     { compass: 3.75,
       ganon: 3,
       hearts: 3,
       jabu: 1,
       map: 3,
       plant: 0.25,
       wallet: 2.5 },
    rowtypes: undefined,
    name: 'All 4 Skulltulas in Deku Tree',
    id: 'all-4-skulltulas-in-deku-tree',
    time: 8.25,
    goal: 
     { difficulty: 16,
       id: 'all-4-skulltulas-in-deku-tree',
       jp: 'デクの樹様の中の黄金のスタルチュラ4匹',
       name: 'All 4 Skulltulas in Deku Tree',
       skill: 0,
       subtypes: [Object],
       time: 8.25,
       types: [Object] },
    synergy: 1.75 },
  { difficulty: 3,
    desiredTime: 1.5,
    types: { selfsynergy: 0 },
    subtypes: { wallet: 1.75 },
    rowtypes: undefined,
    name: 'All 3 Skulltulas in Bottom of the Well',
    id: 'all-3-skulltulas-in-bottom-of-the-well',
    time: 3.25,
    goal: 
     { difficulty: 6,
       id: 'all-3-skulltulas-in-bottom-of-the-well',
       jp: '井戸の底の黄金のスタルチュラ3匹',
       name: 'All 3 Skulltulas in Bottom of the Well',
       skill: 0,
       subtypes: [Object],
       time: 3.25,
       types: [Object] },
    synergy: 3 },
  { difficulty: 15,
    desiredTime: 7.5,
    types: 
     { endon: -0.5,
       field: 0.75,
       fortress: 2.5,
       selfsynergy: 0,
       spirit: 2.5 },
    subtypes: 
     { bosskey: 2,
       hearts: 0.75,
       map: 2,
       plant: 0.5,
       plant2: 1.5,
       songs: 3,
       wallet: 0.5 },
    rowtypes: undefined,
    name: 'Requiem of Spirit',
    id: 'requiem-of-spirit',
    time: 7.5,
    goal: 
     { difficulty: 15,
       id: 'requiem-of-spirit',
       jp: '魂のレクイエム',
       name: 'Requiem of Spirit',
       skill: 0,
       subtypes: [Object],
       time: 7.5,
       types: [Object] },
    synergy: 2.5 },
  { difficulty: 22,
    desiredTime: 11,
    types: 
     { childtrade: 2.75,
       dmc: 0.5,
       field: 0.75,
       selfsynergy: 0,
       zl: 6.75 },
    subtypes: { hearts: 2, hearts2: 2 },
    rowtypes: undefined,
    name: 'Keaton Mask',
    id: 'keaton-mask',
    time: 10.25,
    goal: 
     { difficulty: 20,
       id: 'keaton-mask',
       jp: 'キータンのお面',
       name: 'Keaton Mask',
       skill: 0,
       subtypes: [Object],
       time: 10.25,
       types: [Object] },
    synergy: 2.25 },
  { difficulty: 13,
    desiredTime: 6.5,
    types: { bottle: 2, field: 0.75, fountain: 0.5, selfsynergy: 0 },
    subtypes: { plant: 0.5, plant2: 1.5, ruto: 2, wallet: 1.75 },
    rowtypes: undefined,
    name: 'All 3 Child Lake Hylia Skulltulas',
    id: 'all-3-child-lake-hylia-skulltulas',
    time: 7,
    goal: 
     { difficulty: 14,
       id: 'all-3-child-lake-hylia-skulltulas',
       jp: 'ハイリア湖畔エリアの黄金のスタルチュラ3匹以上',
       name: 'All 3 Child Lake Hylia Skulltulas',
       skill: 0,
       subtypes: [Object],
       time: 7,
       types: [Object] },
    synergy: 0.5 },
  { difficulty: 25,
    desiredTime: 12.5,
    types: { compass: 16, fountain: 2, jabu: 5, selfsynergy: -4 },
    subtypes: 
     { bosskey2: 2,
       ganon: 2.5,
       hearts: 3,
       hearts2: 4,
       map: 16,
       plant: 1,
       plant2: 1,
       wallet: 1 },
    rowtypes: undefined,
    name: '4 Compasses',
    id: '4-compasses',
    time: 12.5,
    goal: 
     { difficulty: 25,
       id: '4-compasses',
       jp: 'コンパス4つ',
       name: '4 Compasses',
       skill: 0,
       subtypes: [Object],
       time: 12.5,
       types: [Object] },
    synergy: 0 },
  { difficulty: 7,
    desiredTime: 3.5,
    types: { bottle: 2, selfsynergy: 0 },
    subtypes: undefined,
    rowtypes: undefined,
    name: 'Bottled Fairy',
    id: 'bottled-fairy',
    time: 2.5,
    goal: 
     { difficulty: 5,
       id: 'bottled-fairy',
       jp: 'ビン(妖精)',
       name: 'Bottled Fairy',
       skill: 0,
       time: 2.5,
       types: [Object] },
    synergy: 2 },
  { difficulty: 19,
    desiredTime: 9.5,
    types: { bottle: 2, dmc: 3, selfsynergy: 0 },
    subtypes: 
     { childtrade: 1,
       compass: 1,
       hearts: 1.5,
       map: 1,
       plant: 0.5,
       plant2: 1.5,
       wallet: 3.25 },
    rowtypes: undefined,
    name: 'All 5 Child Death Mountain area Skulltulas',
    id: 'all-5-child-death-mountain-area-skulltulas',
    time: 8.5,
    goal: 
     { difficulty: 17,
       id: 'all-5-child-death-mountain-area-skulltulas',
       jp: 'デスマウンテンエリアの黄金のスタルチュラ8匹',
       name: 'All 5 Child Death Mountain area Skulltulas',
       skill: 0,
       subtypes: [Object],
       time: 8.5,
       types: [Object] },
    synergy: 3 },
  { difficulty: 1,
    desiredTime: 0.5,
    types: { selfsynergy: 0 },
    subtypes: { compass: 0.5, map: 0.5 },
    rowtypes: undefined,
    name: 'Map & Compass in Bottom of the Well',
    id: 'map-compass-in-bottom-of-the-well',
    time: 1,
    goal: 
     { difficulty: 2,
       id: 'map-compass-in-bottom-of-the-well',
       jp: '井戸の底のマップとコンパス',
       name: 'Map & Compass in Bottom of the Well',
       skill: 0,
       subtypes: [Object],
       time: 1,
       types: [Object] },
    synergy: 0 },
  { difficulty: 17,
    desiredTime: 8.5,
    types: 
     { bottle: 2,
       field: 0.75,
       fortress: 2.5,
       selfsynergy: 0,
       spirit: 2.5 },
    subtypes: 
     { bosskey: 2,
       bosskey2: 4,
       hearts: 0.75,
       map: 2,
       plant: 0.5,
       plant2: 1.5,
       songs: 3,
       wallet: 1.25 },
    rowtypes: undefined,
    name: 'Both Child Wasteland/ Colossus area Skulltulas',
    id: 'both-child-wasteland-colossus-area-skulltulas',
    time: 9,
    goal: 
     { difficulty: 18,
       id: 'both-child-wasteland-colossus-area-skulltulas',
       jp: '幻影の砂漠・巨大邪神像エリアの黄金のスタルチュラ4匹',
       name: 'Both Child Wasteland/ Colossus area Skulltulas',
       skill: 0,
       subtypes: [Object],
       time: 9,
       types: [Object] },
    synergy: 2.75 },
  { difficulty: 4,
    desiredTime: 2,
    types: { deku: 2.5, selfsynergy: 0 },
    subtypes: 
     { bulletbag: 100,
       compass: 2,
       ganon: 2.5,
       hearts: 2.5,
       map: 3,
       plant: 0.25,
       wallet: 0.25 },
    rowtypes: undefined,
    name: 'Fairy Slingshot',
    id: 'fairy-slingshot',
    time: 4,
    goal: 
     { difficulty: 8,
       id: 'fairy-slingshot',
       jp: '妖精のパチンコ',
       name: 'Fairy Slingshot',
       skill: 0,
       subtypes: [Object],
       time: 4,
       types: [Object] },
    synergy: 3 },
  { difficulty: 11,
    desiredTime: 5.5,
    types: { selfsynergy: -2, wallet: 6 },
    subtypes: { bottle: 1, plant: 4 },
    rowtypes: undefined,
    name: '200 Rupees',
    id: '200-rupees',
    time: 5.5,
    goal: 
     { difficulty: 11,
       id: '200-rupees',
       jp: '200ルピー',
       name: '200 Rupees',
       skill: 0,
       subtypes: [Object],
       time: 5.5,
       types: [Object] },
    synergy: 3 },
  { difficulty: 23,
    desiredTime: 11.5,
    types: { beans: 10, plant: 4.5, selfsynergy: -0.5 },
    subtypes: undefined,
    rowtypes: undefined,
    name: 'Plant 6 Magic Beans',
    id: 'plant-6-magic-beans',
    time: 11,
    goal: 
     { difficulty: 22,
       id: 'plant-6-magic-beans',
       jp: '魔法の豆を6ヶ所に埋める',
       name: 'Plant 6 Magic Beans',
       skill: 0,
       time: 11,
       types: [Object] },
    synergy: 0.5 },
  { difficulty: 10,
    desiredTime: 5,
    types: { dmc: 1, selfsynergy: 0 },
    subtypes: { compass: 3, map: 2.75, plant: 0.5, plant2: 1.5, wallet: 1 },
    rowtypes: undefined,
    name: 'Bomb Bag (30)',
    id: 'bomb-bag-30-',
    time: 6.5,
    goal: 
     { difficulty: 13,
       id: 'bomb-bag-30-',
       jp: 'ボム袋(30)',
       name: 'Bomb Bag (30)',
       skill: 0,
       subtypes: [Object],
       time: 6.5,
       types: [Object] },
    synergy: 2.75 },
  { difficulty: 21,
    desiredTime: 10.5,
    types: { beans: 10, selfsynergy: 0 },
    subtypes: { wallet: 0.5 },
    rowtypes: undefined,
    name: '8 Magic Beans',
    id: '8-magic-beans',
    time: 10.75,
    goal: 
     { difficulty: 21,
       id: '8-magic-beans',
       jp: '魔法のマメ8つ以上',
       name: '8 Magic Beans',
       skill: 0,
       subtypes: [Object],
       time: 10.75,
       types: [Object] },
    synergy: 2.75 },
  { difficulty: 8,
    desiredTime: 4,
    types: { field: 0.75, fortress: 2, gtg: 1, jabu: 0.5, selfsynergy: 0 },
    subtypes: { bosskey: 1.5, hearts: 0.75, plant: 1, plant2: 1.5, wallet: 1.25 },
    rowtypes: undefined,
    name: 'Both Child Gerudo Valley area Skulltulas',
    id: 'both-child-gerudo-valley-area-skulltulas',
    time: 5,
    goal: 
     { difficulty: 10,
       id: 'both-child-gerudo-valley-area-skulltulas',
       jp: 'ゲルドの谷エリアの黄金のスタルチュラ4匹',
       name: 'Both Child Gerudo Valley area Skulltulas',
       skill: 0,
       subtypes: [Object],
       time: 5,
       types: [Object] },
    synergy: 2.5 },
  { difficulty: 20,
    desiredTime: 10,
    types: { dc: 4, dmc: 1, endon: -1, kd: 3, selfsynergy: 0 },
    subtypes: 
     { compass: 3,
       fortress: 3,
       hearts: 3,
       hearts2: 2,
       map: 2.75,
       plant: 0.5,
       plant2: 1.5,
       wallet: 1 },
    rowtypes: undefined,
    name: 'Beat Dodongo\'s Cavern',
    id: 'beat-dodongo-s-cavern',
    time: 10,
    goal: 
     { difficulty: 20,
       id: 'beat-dodongo-s-cavern',
       jp: 'ドドンゴの洞窟クリア',
       name: 'Beat Dodongo\'s Cavern',
       skill: 0,
       subtypes: [Object],
       time: 10,
       types: [Object] },
    synergy: 2 },
  { difficulty: 2,
    desiredTime: 1,
    types: { selfsynergy: 0 },
    subtypes: undefined,
    rowtypes: undefined,
    name: '99 Rupees',
    id: '99-rupees',
    time: 0.5,
    goal: 
     { difficulty: 1,
       id: '99-rupees',
       jp: '99ルピー',
       name: '99 Rupees',
       skill: 0,
       time: 0.5,
       types: [Object] },
    synergy: 0.5 },
  { difficulty: 14,
    desiredTime: 7,
    types: { bottle: 2, ruto: 4.5, selfsynergy: 0 },
    subtypes: { plant2: 1.25 },
    rowtypes: undefined,
    name: 'Fill all 4 Bottle Slots',
    id: 'fill-all-4-bottle-slots',
    time: 7.75,
    goal: 
     { difficulty: 15,
       id: 'fill-all-4-bottle-slots',
       jp: '4つの空きビンスロットを全て埋める',
       name: 'Fill all 4 Bottle Slots',
       skill: 0,
       subtypes: [Object],
       time: 7.75,
       types: [Object] },
    synergy: 2.25 },
  meta: { iterations: 1 } ]
