[ ,
  { difficulty: 20,
    desiredTime: 10,
    types: { beans: 10, plant: 4.5, selfsynergy: -0.5 },
    subtypes: undefined,
    rowtypes: undefined,
    name: 'Plant 6 Magic Beans',
    id: 'plant-6-magic-beans',
    time: 11,
    goal: 
     { difficulty: 22,
       id: 'plant-6-magic-beans',
       jp: '魔法の豆を6ヶ所に埋める',
       name: 'Plant 6 Magic Beans',
       skill: 0,
       time: 11,
       types: [Object] },
    synergy: 1 },
  { difficulty: 7,
    desiredTime: 3.5,
    types: { ruto: 4.5, selfsynergy: 0 },
    subtypes: { plant2: 1.25 },
    rowtypes: undefined,
    name: 'Ruto\'s Letter',
    id: 'ruto-s-letter',
    time: 4.5,
    goal: 
     { difficulty: 9,
       id: 'ruto-s-letter',
       jp: 'ルトの手紙',
       name: 'Ruto\'s Letter',
       skill: 0,
       subtypes: [Object],
       time: 4.5,
       types: [Object] },
    synergy: 2.75 },
  { difficulty: 4,
    desiredTime: 2,
    types: { bottle: 2, endbottle: -2.5, selfsynergy: 0 },
    subtypes: { plant: 0.5 },
    rowtypes: undefined,
    name: 'Bottled Poe',
    id: 'bottled-poe',
    time: 3,
    goal: 
     { difficulty: 6,
       id: 'bottled-poe',
       jp: 'ビン(ポウ)',
       name: 'Bottled Poe',
       skill: 0,
       subtypes: [Object],
       time: 3,
       types: [Object] },
    synergy: 0 },
  { difficulty: 21,
    desiredTime: 10.5,
    types: { dc: 4, dmc: 1, endon: -0.5, kd: 3, selfsynergy: 0 },
    subtypes: 
     { compass: 3,
       hearts: 3,
       hearts2: 2,
       map: 2.75,
       plant: 0.5,
       plant2: 1.5,
       wallet: 1 },
    rowtypes: undefined,
    name: 'Goron\'s Ruby',
    id: 'goron-s-ruby',
    time: 9.5,
    goal: 
     { difficulty: 19,
       id: 'goron-s-ruby',
       jp: 'ゴロンのルビー',
       name: 'Goron\'s Ruby',
       skill: 0,
       subtypes: [Object],
       time: 9.5,
       types: [Object] },
    synergy: 2.5 },
  { difficulty: 13,
    desiredTime: 6.5,
    types: { dmc: 1, selfsynergy: 0 },
    subtypes: { compass: 3, map: 2.75, plant: 0.5, plant2: 1.5, wallet: 1 },
    rowtypes: undefined,
    name: 'Bomb Bag (30)',
    id: 'bomb-bag-30-',
    time: 6.5,
    goal: 
     { difficulty: 13,
       id: 'bomb-bag-30-',
       jp: 'ボム袋(30)',
       name: 'Bomb Bag (30)',
       skill: 0,
       subtypes: [Object],
       time: 6.5,
       types: [Object] },
    synergy: 1.5 },
  { difficulty: 24,
    desiredTime: 12,
    types: { hearts: 8, hearts2: 4, selfsynergy: -2 },
    subtypes: { plant: 1, plant2: 1, wallet: 1 },
    rowtypes: undefined,
    name: '6 Hearts',
    id: '6-hearts',
    time: 11,
    goal: 
     { difficulty: 22,
       id: '6-hearts',
       jp: 'ハート6つ',
       name: '6 Hearts',
       skill: 0,
       subtypes: [Object],
       time: 11,
       types: [Object] },
    synergy: 1 },
  { difficulty: 11,
    desiredTime: 5.5,
    types: { fountain: 2, selfsynergy: 0 },
    subtypes: 
     { compass: 2,
       hearts: 0.75,
       jabu: 0.5,
       map: 2,
       ruto: 1,
       wallet: 2.5 },
    rowtypes: undefined,
    name: 'All 4 Child Zora\'s Domain area Skulltulas',
    id: 'all-4-child-zora-s-domain-area-skulltulas',
    time: 6,
    goal: 
     { difficulty: 12,
       id: 'all-4-child-zora-s-domain-area-skulltulas',
       jp: 'ゾーラの里エリアの黄金のスタルチュラ8匹',
       name: 'All 4 Child Zora\'s Domain area Skulltulas',
       skill: 0,
       subtypes: [Object],
       time: 6,
       types: [Object] },
    synergy: 2.75 },
  { difficulty: 18,
    desiredTime: 9,
    types: { dc: 2, deku: 3, dmc: 1, fountain: 2, jabu: 3, selfsynergy: -3.5 },
    subtypes: 
     { compass: 4,
       ganon: 2.5,
       map: 4,
       plant: 0.5,
       plant2: 1.5,
       ruto: 1,
       wallet: 3 },
    rowtypes: undefined,
    name: '1 Skulltula from each Child Dungeon',
    id: '1-skulltula-from-each-child-dungeon',
    time: 9.5,
    goal: 
     { difficulty: 19,
       id: '1-skulltula-from-each-child-dungeon',
       jp: '全ての子供ダンジョンからスタルチュラ最低1匹ずつ',
       name: '1 Skulltula from each Child Dungeon',
       skill: 0,
       subtypes: [Object],
       time: 9.5,
       types: [Object] },
    synergy: 3 },
  { difficulty: 10,
    desiredTime: 5,
    types: { field: 0.75, fortress: 2, gtg: 1, jabu: 0.5, selfsynergy: 0 },
    subtypes: { bosskey: 1.5, hearts: 0.75, plant: 1, plant2: 1.5, wallet: 1.25 },
    rowtypes: undefined,
    name: 'Both Child Gerudo Valley area Skulltulas',
    id: 'both-child-gerudo-valley-area-skulltulas',
    time: 5,
    goal: 
     { difficulty: 10,
       id: 'both-child-gerudo-valley-area-skulltulas',
       jp: 'ゲルドの谷エリアの黄金のスタルチュラ4匹',
       name: 'Both Child Gerudo Valley area Skulltulas',
       skill: 0,
       subtypes: [Object],
       time: 5,
       types: [Object] },
    synergy: 1.5 },
  { difficulty: 2,
    desiredTime: 1,
    types: { selfsynergy: 0 },
    subtypes: undefined,
    rowtypes: undefined,
    name: '99 Rupees',
    id: '99-rupees',
    time: 0.5,
    goal: 
     { difficulty: 1,
       id: '99-rupees',
       jp: '99ルピー',
       name: '99 Rupees',
       skill: 0,
       time: 0.5,
       types: [Object] },
    synergy: 2 },
  { difficulty: 8,
    desiredTime: 4,
    types: { dc: 3, dmc: 1, selfsynergy: 0 },
    subtypes: 
     { compass: 3.5,
       hearts: 1,
       map: 3,
       plant: 0.5,
       plant2: 1.5,
       wallet: 0.25 },
    rowtypes: undefined,
    name: 'Map & Compass in Dodongo\'s Cavern',
    id: 'map-compass-in-dodongo-s-cavern',
    time: 4,
    goal: 
     { difficulty: 8,
       id: 'map-compass-in-dodongo-s-cavern',
       jp: 'ドドンゴの洞窟のマップとコンパス',
       name: 'Map & Compass in Dodongo\'s Cavern',
       skill: 0,
       subtypes: [Object],
       time: 4,
       types: [Object] },
    synergy: 1 },
  { difficulty: 5,
    desiredTime: 2.5,
    types: { dmc: 3, selfsynergy: 0 },
    subtypes: 
     { bosskey: 1,
       compass: 1,
       hearts: 2,
       map: 1,
       plant: 0.5,
       plant2: 1.5,
       songs: 1.5,
       wallet: 1 },
    rowtypes: undefined,
    name: 'Both heart pieces in Death Mountain Crater',
    id: 'both-heart-pieces-in-death-mountain-crater',
    time: 3.5,
    goal: 
     { difficulty: 7,
       id: 'both-heart-pieces-in-death-mountain-crater',
       jp: 'デスマウンテン火口のハートのかけら２つ',
       name: 'Both heart pieces in Death Mountain Crater',
       skill: 0,
       subtypes: [Object],
       time: 3.5,
       types: [Object] },
    synergy: 2.75 },
  { difficulty: 22,
    desiredTime: 11,
    types: { fountain: 2, jabu: 8, selfsynergy: 0 },
    subtypes: { compass: 6, hearts: 3, hearts2: 2, map: 6, ruto: 1, wallet: 1 },
    rowtypes: undefined,
    name: 'Zora\'s Saphire',
    id: 'zora-s-saphire',
    time: 11,
    goal: 
     { difficulty: 22,
       id: 'zora-s-saphire',
       jp: 'ゾーラのサファイア',
       name: 'Zora\'s Saphire',
       skill: 0,
       subtypes: [Object],
       time: 11,
       types: [Object] },
    synergy: 0 },
  { difficulty: 14,
    desiredTime: 7,
    types: { bottle: 2, fountain: 2, ganon: 5, ice: 1.5, selfsynergy: 0 },
    subtypes: 
     { bosskey: 2.5,
       compass: 3.5,
       hearts: 3,
       hearts2: 2,
       map: 3,
       plant: 0.25,
       wallet: 0.75,
       zl: 2 },
    rowtypes: undefined,
    name: 'Blue Fire',
    id: 'blue-fire',
    time: 6,
    goal: 
     { difficulty: 12,
       id: 'blue-fire',
       jp: '青い炎',
       name: 'Blue Fire',
       skill: 0,
       subtypes: [Object],
       time: 6,
       types: [Object] },
    synergy: 3 },
  { difficulty: 16,
    desiredTime: 8,
    types: 
     { endon: -0.5,
       field: 0.75,
       fortress: 3,
       gtg: 5,
       incgtgkey: 100,
       selfsynergy: 0 },
    subtypes: { bosskey: 3, hearts: 0.75, kd: 2.5, plant2: 0.5 },
    rowtypes: undefined,
    name: '6 unused keys in Gerudo Training Grounds',
    id: '6-unused-keys-in-gerudo-training-grounds',
    time: 8,
    goal: 
     { difficulty: 16,
       id: '6-unused-keys-in-gerudo-training-grounds',
       jp: 'ゲルドの修練場の未使用のカギ6つ',
       name: '6 unused keys in Gerudo Training Grounds',
       skill: 0,
       subtypes: [Object],
       time: 8,
       types: [Object] },
    synergy: 3 },
  { difficulty: 12,
    desiredTime: 6,
    types: 
     { endon: -0.5,
       field: 0.75,
       fortress: 3,
       gtg: 2,
       incgtgkey: 100,
       selfsynergy: 0 },
    subtypes: { hearts: 0.75, kd: 2.5, plant2: 0.5 },
    rowtypes: undefined,
    name: '2 unused keys in Gerudo Training Grounds',
    id: '2-unused-keys-in-gerudo-training-grounds',
    time: 5.25,
    goal: 
     { difficulty: 10,
       id: '2-unused-keys-in-gerudo-training-grounds',
       jp: 'ゲルドの修練場の未使用のカギ2つ',
       name: '2 unused keys in Gerudo Training Grounds',
       skill: 0,
       subtypes: [Object],
       time: 5.25,
       types: [Object] },
    synergy: 0 },
  { difficulty: 19,
    desiredTime: 9.5,
    types: { bottle: 2, selfsynergy: 0 },
    subtypes: { jabu: 1, plant: 0.5, wallet: 4.5 },
    rowtypes: undefined,
    name: 'All 7 Child Kakariko area Skulltulas',
    id: 'all-7-child-kakariko-area-skulltulas',
    time: 9,
    goal: 
     { difficulty: 18,
       id: 'all-7-child-kakariko-area-skulltulas',
       jp: 'カカリコ村エリアの黄金のスタルチュラ8匹',
       name: 'All 7 Child Kakariko area Skulltulas',
       skill: 0,
       subtypes: [Object],
       time: 9,
       types: [Object] },
    synergy: 1.5 },
  { difficulty: 6,
    desiredTime: 3,
    types: { deku: 2.5, selfsynergy: 0 },
    subtypes: 
     { bulletbag: 100,
       compass: 2,
       ganon: 2.5,
       hearts: 2.5,
       map: 3,
       plant: 0.25,
       wallet: 0.25 },
    rowtypes: undefined,
    name: 'Fairy Slingshot',
    id: 'fairy-slingshot',
    time: 4,
    goal: 
     { difficulty: 8,
       id: 'fairy-slingshot',
       jp: '妖精のパチンコ',
       name: 'Fairy Slingshot',
       skill: 0,
       subtypes: [Object],
       time: 4,
       types: [Object] },
    synergy: 0 },
  { difficulty: 3,
    desiredTime: 1.5,
    types: { selfsynergy: 0, sticks: 100 },
    subtypes: undefined,
    rowtypes: undefined,
    name: '20 Deku Sticks',
    id: '20-deku-sticks',
    time: 1,
    goal: 
     { difficulty: 2,
       id: '20-deku-sticks',
       jp: 'デクの棒20本',
       name: '20 Deku Sticks',
       skill: 0,
       time: 1,
       types: [Object] },
    synergy: 2.5 },
  { difficulty: 25,
    desiredTime: 12.5,
    types: { compass: 16, fountain: 2, jabu: 5, selfsynergy: -4 },
    subtypes: 
     { bosskey2: 2,
       ganon: 2.5,
       hearts: 3,
       hearts2: 4,
       map: 16,
       plant: 1,
       plant2: 1,
       wallet: 1 },
    rowtypes: undefined,
    name: '4 Compasses',
    id: '4-compasses',
    time: 12.5,
    goal: 
     { difficulty: 25,
       id: '4-compasses',
       jp: 'コンパス4つ',
       name: '4 Compasses',
       skill: 0,
       subtypes: [Object],
       time: 12.5,
       types: [Object] },
    synergy: 0 },
  { difficulty: 1,
    desiredTime: 0.5,
    types: { selfsynergy: 0 },
    subtypes: { compass: 0.5, map: 0.5 },
    rowtypes: undefined,
    name: 'Map & Compass in Bottom of the Well',
    id: 'map-compass-in-bottom-of-the-well',
    time: 1,
    goal: 
     { difficulty: 2,
       id: 'map-compass-in-bottom-of-the-well',
       jp: '井戸の底のマップとコンパス',
       name: 'Map & Compass in Bottom of the Well',
       skill: 0,
       subtypes: [Object],
       time: 1,
       types: [Object] },
    synergy: 1 },
  { difficulty: 23,
    desiredTime: 11.5,
    types: { fountain: 2, jabu: 5, map: 14, selfsynergy: -3 },
    subtypes: 
     { bosskey2: 2,
       compass: 14,
       ganon: 2.5,
       hearts: 3,
       hearts2: 3,
       plant: 1,
       plant2: 1,
       wallet: 1 },
    rowtypes: undefined,
    name: '4 Maps',
    id: '4-maps',
    time: 11.25,
    goal: 
     { difficulty: 22,
       id: '4-maps',
       jp: 'マップ4つ',
       name: '4 Maps',
       skill: 0,
       subtypes: [Object],
       time: 11.25,
       types: [Object] },
    synergy: 0.25 },
  { difficulty: 15,
    desiredTime: 7.5,
    types: { bottle: 2, field: 0.75, lonlon: 4, selfsynergy: 0 },
    subtypes: { wallet: 0.5, zl: 1 },
    rowtypes: undefined,
    name: 'Epona\'s Song',
    id: 'epona-s-song',
    time: 8,
    goal: 
     { difficulty: 16,
       id: 'epona-s-song',
       jp: 'エポナの歌',
       name: 'Epona\'s Song',
       skill: 0,
       subtypes: [Object],
       time: 8,
       types: [Object] },
    synergy: 0 },
  { difficulty: 17,
    desiredTime: 8.5,
    types: { beans: 10, selfsynergy: 0 },
    subtypes: { wallet: 0.25 },
    rowtypes: undefined,
    name: '7 Magic Beans',
    id: '7-magic-beans',
    time: 8,
    goal: 
     { difficulty: 16,
       id: '7-magic-beans',
       jp: '魔法のマメ7つ以上',
       name: '7 Magic Beans',
       skill: 0,
       subtypes: [Object],
       time: 8,
       types: [Object] },
    synergy: 3 },
  { difficulty: 9,
    desiredTime: 4.5,
    types: { field: 0.75, fortress: 1.5, selfsynergy: 0 },
    subtypes: { bosskey: 1, hearts: 2, plant: 0.5, plant2: 1.5, wallet: 0.25 },
    rowtypes: undefined,
    name: 'Both Gerudo Valley HPs',
    id: 'both-gerudo-valley-hps',
    time: 4.25,
    goal: 
     { difficulty: 8,
       id: 'both-gerudo-valley-hps',
       jp: 'ゲルドの谷のハートのかけら2つ',
       name: 'Both Gerudo Valley HPs',
       skill: 0,
       subtypes: [Object],
       time: 4.25,
       types: [Object] },
    synergy: 1.75 },
  meta: { iterations: 1 } ]
