[ ,
  { difficulty: 20,
    desiredTime: 10,
    types: { dc: 4, dmc: 1, endon: -0.5, kd: 3, selfsynergy: 0 },
    subtypes: 
     { compass: 3,
       hearts: 3,
       hearts2: 2,
       map: 2.75,
       plant: 0.5,
       plant2: 1.5,
       wallet: 1 },
    rowtypes: undefined,
    name: 'Goron\'s Ruby',
    id: 'goron-s-ruby',
    time: 9.5,
    goal: 
     { difficulty: 19,
       id: 'goron-s-ruby',
       jp: 'ゴロンのルビー',
       name: 'Goron\'s Ruby',
       skill: 0,
       subtypes: [Object],
       time: 9.5,
       types: [Object] },
    synergy: 1 },
  { difficulty: 12,
    desiredTime: 6,
    types: { dmc: 1, selfsynergy: 0 },
    subtypes: { compass: 3, map: 2.75, plant: 0.5, plant2: 1.5, wallet: 1 },
    rowtypes: undefined,
    name: 'Bomb Bag (30)',
    id: 'bomb-bag-30-',
    time: 6.5,
    goal: 
     { difficulty: 13,
       id: 'bomb-bag-30-',
       jp: 'ボム袋(30)',
       name: 'Bomb Bag (30)',
       skill: 0,
       subtypes: [Object],
       time: 6.5,
       types: [Object] },
    synergy: 1 },
  { difficulty: 4,
    desiredTime: 2,
    types: { bottle: 2, selfsynergy: 0 },
    subtypes: undefined,
    rowtypes: undefined,
    name: 'Bottled Fairy',
    id: 'bottled-fairy',
    time: 2.5,
    goal: 
     { difficulty: 5,
       id: 'bottled-fairy',
       jp: 'ビン(妖精)',
       name: 'Bottled Fairy',
       skill: 0,
       time: 2.5,
       types: [Object] },
    synergy: 2.5 },
  { difficulty: 6,
    desiredTime: 3,
    types: { beans: -1, dmc: 3, selfsynergy: 0 },
    subtypes: 
     { compass: 1,
       hearts: 1,
       map: 1,
       plant: 0.75,
       plant2: 1.5,
       wallet: 0.5 },
    rowtypes: undefined,
    name: 'Plant bean in Death Mountain Crater',
    id: 'plant-bean-in-death-mountain-crater',
    time: 3.5,
    goal: 
     { difficulty: 7,
       id: 'plant-bean-in-death-mountain-crater',
       jp: 'デスマウンテン火口の土にマメを植える',
       name: 'Plant bean in Death Mountain Crater',
       skill: 0,
       subtypes: [Object],
       time: 3.5,
       types: [Object] },
    synergy: 0.5 },
  { difficulty: 23,
    desiredTime: 11.5,
    types: { field: 0.75, fortress: 2.5, selfsynergy: 0, spirit: 6 },
    subtypes: 
     { bosskey: 2,
       compass: 1,
       hearts: 0.75,
       map: 2,
       plant: 0.5,
       plant2: 1.5,
       wallet: 0.5 },
    rowtypes: undefined,
    name: 'Get Bombchu chest in Spirit Temple',
    id: 'get-bombchu-chest-in-spirit-temple',
    time: 11.5,
    goal: 
     { difficulty: 23,
       id: 'get-bombchu-chest-in-spirit-temple',
       jp: '魂の神殿のボムチュウ取得',
       name: 'Get Bombchu chest in Spirit Temple',
       skill: 0,
       subtypes: [Object],
       time: 11.5,
       types: [Object] },
    synergy: 0 },
  { difficulty: 9,
    desiredTime: 4.5,
    types: { ruto: 4.5, selfsynergy: 0 },
    subtypes: { plant2: 1.25 },
    rowtypes: undefined,
    name: 'Ruto\'s Letter',
    id: 'ruto-s-letter',
    time: 4.5,
    goal: 
     { difficulty: 9,
       id: 'ruto-s-letter',
       jp: 'ルトの手紙',
       name: 'Ruto\'s Letter',
       skill: 0,
       subtypes: [Object],
       time: 4.5,
       types: [Object] },
    synergy: 0 },
  { difficulty: 21,
    desiredTime: 10.5,
    types: { fountain: 2, jabu: 8, selfsynergy: 0 },
    subtypes: { compass: 6, hearts: 3, hearts2: 2, map: 6, ruto: 1, wallet: 1 },
    rowtypes: undefined,
    name: 'Zora\'s Saphire',
    id: 'zora-s-saphire',
    time: 11,
    goal: 
     { difficulty: 22,
       id: 'zora-s-saphire',
       jp: 'ゾーラのサファイア',
       name: 'Zora\'s Saphire',
       skill: 0,
       subtypes: [Object],
       time: 11,
       types: [Object] },
    synergy: 0.5 },
  { difficulty: 18,
    desiredTime: 9,
    types: { beans: 10, selfsynergy: 0 },
    subtypes: { wallet: 0.5 },
    rowtypes: undefined,
    name: '8 Magic Beans',
    id: '8-magic-beans',
    time: 10.75,
    goal: 
     { difficulty: 21,
       id: '8-magic-beans',
       jp: '魔法のマメ8つ以上',
       name: '8 Magic Beans',
       skill: 0,
       subtypes: [Object],
       time: 10.75,
       types: [Object] },
    synergy: 0.75 },
  { difficulty: 15,
    desiredTime: 7.5,
    types: { bottle: 2, deku: 5, endon: -1, selfsynergy: 0 },
    subtypes: 
     { compass: 3.5,
       ganon: 5,
       hearts: 3,
       hearts2: 2,
       map: 3,
       plant: 0.25,
       wallet: 0.5,
       zl: 2.25 },
    rowtypes: undefined,
    name: 'Beat the Deku Tree',
    id: 'beat-the-deku-tree',
    time: 8.5,
    goal: 
     { difficulty: 17,
       id: 'beat-the-deku-tree',
       jp: 'デクの樹様の中クリア',
       name: 'Beat the Deku Tree',
       skill: 0,
       subtypes: [Object],
       time: 8.5,
       types: [Object] },
    synergy: 2.5 },
  { difficulty: 2,
    desiredTime: 1,
    types: { field: 0.75, selfsynergy: 0 },
    subtypes: { hearts: 1 },
    rowtypes: undefined,
    name: 'Lost Dog HP',
    id: 'lost-dog-hp',
    time: 1.25,
    goal: 
     { difficulty: 2,
       id: 'lost-dog-hp',
       jp: 'リチャードのハートのかけら',
       name: 'Lost Dog HP',
       skill: 0,
       subtypes: [Object],
       time: 1.25,
       types: [Object] },
    synergy: 1.5 },
  { difficulty: 13,
    desiredTime: 6.5,
    types: { map: 6, selfsynergy: 0 },
    subtypes: 
     { compass: 6,
       ganon: 2.5,
       hearts: 2,
       hearts2: 1.5,
       plant: 1,
       plant2: 1,
       wallet: 0.75 },
    rowtypes: undefined,
    name: '3 Maps',
    id: '3-maps',
    time: 6.75,
    goal: 
     { difficulty: 13,
       id: '3-maps',
       jp: 'マップ3つ',
       name: '3 Maps',
       skill: 0,
       subtypes: [Object],
       time: 6.75,
       types: [Object] },
    synergy: 2.5 },
  { difficulty: 5,
    desiredTime: 2.5,
    types: { field: 0.75, lonlon: 1.75, selfsynergy: 0 },
    subtypes: { hearts: 1, wallet: 0.5 },
    rowtypes: undefined,
    name: 'Lon Lon Ranch HP',
    id: 'lon-lon-ranch-hp',
    time: 3,
    goal: 
     { difficulty: 6,
       id: 'lon-lon-ranch-hp',
       jp: 'ロンロン牧場のハートのかけら',
       name: 'Lon Lon Ranch HP',
       skill: 0,
       subtypes: [Object],
       time: 3,
       types: [Object] },
    synergy: 1.5 },
  { difficulty: 7,
    desiredTime: 3.5,
    types: { bottle: 2, endbottle: -2.5, selfsynergy: 0 },
    subtypes: undefined,
    rowtypes: undefined,
    name: 'Red Potion',
    id: 'red-potion',
    time: 2.5,
    goal: 
     { difficulty: 5,
       id: 'red-potion',
       jp: '赤いクスリ',
       name: 'Red Potion',
       skill: 0,
       time: 2.5,
       types: [Object] },
    synergy: 1.5 },
  { difficulty: 24,
    desiredTime: 12,
    types: { field: 0.75, fortress: 2.5, selfsynergy: 0 },
    subtypes: { bosskey: 2.5, hearts: 0.75, plant2: 0.5 },
    rowtypes: undefined,
    name: 'Gerudo\'s Card',
    id: 'gerudo-s-card',
    time: 11.5,
    goal: 
     { difficulty: 23,
       id: 'gerudo-s-card',
       jp: 'ゲルドの会員証',
       name: 'Gerudo\'s Card',
       skill: 0,
       subtypes: [Object],
       time: 11.5,
       types: [Object] },
    synergy: 0.5 },
  { difficulty: 16,
    desiredTime: 8,
    types: { beans: 10, selfsynergy: 0 },
    subtypes: { wallet: 0.25 },
    rowtypes: undefined,
    name: '7 Magic Beans',
    id: '7-magic-beans',
    time: 8,
    goal: 
     { difficulty: 16,
       id: '7-magic-beans',
       jp: '魔法のマメ7つ以上',
       name: '7 Magic Beans',
       skill: 0,
       subtypes: [Object],
       time: 8,
       types: [Object] },
    synergy: 1.5 },
  { difficulty: 22,
    desiredTime: 11,
    types: { selfsynergy: 0 },
    subtypes: { plant: 0.25 },
    rowtypes: undefined,
    name: 'Defeat a Skull Kid',
    id: 'defeat-a-skull-kid',
    time: 11.5,
    goal: 
     { difficulty: 23,
       id: 'defeat-a-skull-kid',
       jp: 'スタルキッド撃破',
       name: 'Defeat a Skull Kid',
       skill: 0,
       subtypes: [Object],
       time: 11.5,
       types: [Object] },
    synergy: 2 },
  { difficulty: 19,
    desiredTime: 9.5,
    types: { dc: 4, dmc: 1, endon: -1, kd: 3, selfsynergy: 0 },
    subtypes: 
     { compass: 3,
       fortress: 3,
       hearts: 3,
       hearts2: 2,
       map: 2.75,
       plant: 0.5,
       plant2: 1.5,
       wallet: 1 },
    rowtypes: undefined,
    name: 'Beat Dodongo\'s Cavern',
    id: 'beat-dodongo-s-cavern',
    time: 10,
    goal: 
     { difficulty: 20,
       id: 'beat-dodongo-s-cavern',
       jp: 'ドドンゴの洞窟クリア',
       name: 'Beat Dodongo\'s Cavern',
       skill: 0,
       subtypes: [Object],
       time: 10,
       types: [Object] },
    synergy: 3 },
  { difficulty: 11,
    desiredTime: 5.5,
    types: { selfsynergy: -2, wallet: 6 },
    subtypes: { bottle: 1, plant: 4 },
    rowtypes: undefined,
    name: '200 Rupees',
    id: '200-rupees',
    time: 5.5,
    goal: 
     { difficulty: 11,
       id: '200-rupees',
       jp: '200ルピー',
       name: '200 Rupees',
       skill: 0,
       subtypes: [Object],
       time: 5.5,
       types: [Object] },
    synergy: 0.5 },
  { difficulty: 3,
    desiredTime: 1.5,
    types: { bottle: 2, endbottle: -2.5, selfsynergy: 0 },
    subtypes: undefined,
    rowtypes: undefined,
    name: 'Green Potion',
    id: 'green-potion',
    time: 2.5,
    goal: 
     { difficulty: 5,
       id: 'green-potion',
       jp: '緑のクスリ',
       name: 'Green Potion',
       skill: 0,
       time: 2.5,
       types: [Object] },
    synergy: 0 },
  { difficulty: 10,
    desiredTime: 5,
    types: { endbottle: -2.5, field: 0.75, lonlon: 4, selfsynergy: 0 },
    subtypes: { bottle: 2, wallet: 0.5, zl: 1 },
    rowtypes: undefined,
    name: 'Milk',
    id: 'milk',
    time: 5.75,
    goal: 
     { difficulty: 11,
       id: 'milk',
       jp: 'ロンロン牛乳',
       name: 'Milk',
       skill: 0,
       subtypes: [Object],
       time: 5.75,
       types: [Object] },
    synergy: 1 },
  { difficulty: 1,
    desiredTime: 0.5,
    types: { selfsynergy: 0, sticks: 100 },
    subtypes: undefined,
    rowtypes: undefined,
    name: '20 Deku Sticks',
    id: '20-deku-sticks',
    time: 1,
    goal: 
     { difficulty: 2,
       id: '20-deku-sticks',
       jp: 'デクの棒20本',
       name: '20 Deku Sticks',
       skill: 0,
       time: 1,
       types: [Object] },
    synergy: 2.5 },
  { difficulty: 8,
    desiredTime: 4,
    types: { dmc: 3, selfsynergy: 0 },
    subtypes: 
     { bosskey: 1,
       compass: 1,
       hearts: 2,
       map: 1,
       plant: 0.5,
       plant2: 1.5,
       songs: 1.5,
       wallet: 1 },
    rowtypes: undefined,
    name: 'Both heart pieces in Death Mountain Crater',
    id: 'both-heart-pieces-in-death-mountain-crater',
    time: 3.5,
    goal: 
     { difficulty: 7,
       id: 'both-heart-pieces-in-death-mountain-crater',
       jp: 'デスマウンテン火口のハートのかけら２つ',
       name: 'Both heart pieces in Death Mountain Crater',
       skill: 0,
       subtypes: [Object],
       time: 3.5,
       types: [Object] },
    synergy: 1 },
  { difficulty: 25,
    desiredTime: 12.5,
    types: { childtrade: 5, field: 0.75, saria: 3, selfsynergy: 0, zl: 6.75 },
    subtypes: { hearts: 2, hearts2: 2, plant: 0.5, wallet: 0.25 },
    rowtypes: undefined,
    name: 'Skull Mask',
    id: 'skull-mask',
    time: 12.5,
    goal: 
     { difficulty: 25,
       id: 'skull-mask',
       jp: 'ドクロのお面',
       name: 'Skull Mask',
       skill: 0,
       subtypes: [Object],
       time: 12.5,
       types: [Object] },
    synergy: 0 },
  { difficulty: 17,
    desiredTime: 8.5,
    types: { field: 0.75, lonlon: 1.5, selfsynergy: 0 },
    subtypes: { hearts: 0.25, jabu: 2, wallet: 2.5 },
    rowtypes: undefined,
    name: 'All 4 Lon-Lon Ranch area Skulltulas',
    id: 'all-4-lon-lon-ranch-area-skulltulas',
    time: 8,
    goal: 
     { difficulty: 16,
       id: 'all-4-lon-lon-ranch-area-skulltulas',
       jp: 'ロンロン牧場エリアの黄金のスタルチュラ4匹',
       name: 'All 4 Lon-Lon Ranch area Skulltulas',
       skill: 0,
       subtypes: [Object],
       time: 8,
       types: [Object] },
    synergy: 2.25 },
  { difficulty: 14,
    desiredTime: 7,
    types: { fountain: 2, selfsynergy: 0 },
    subtypes: 
     { compass: 2,
       hearts: 0.75,
       jabu: 0.5,
       map: 2,
       ruto: 1,
       wallet: 2.5 },
    rowtypes: undefined,
    name: 'All 4 Child Zora\'s Domain area Skulltulas',
    id: 'all-4-child-zora-s-domain-area-skulltulas',
    time: 6,
    goal: 
     { difficulty: 12,
       id: 'all-4-child-zora-s-domain-area-skulltulas',
       jp: 'ゾーラの里エリアの黄金のスタルチュラ8匹',
       name: 'All 4 Child Zora\'s Domain area Skulltulas',
       skill: 0,
       subtypes: [Object],
       time: 6,
       types: [Object] },
    synergy: 3 },
  meta: { iterations: 1 } ]
